... logging to /home/gzz/.ros/log/f1706870-a077-11f1-9e52-fdf66165d635/roslaunch-GZZ-818910.log
Checking log directory for disk usage. This may take a while.
Press Ctrl-C to interrupt
Done checking log file disk usage. Usage is <1GB.
]2;/home/gzz/Codes/wbc/remani_planner/src/REMANI-Planner/remani_planner/plan_manage/launch/remani_sim.launch
[1mstarted roslaunch server http://GZZ:38841/[0m

SUMMARY
========

PARAMETERS
 * /fake_mm/fake_mm/pub_urdf_joint_states: True
 * /fake_mm/fsm/init_gripper_close: False
 * /fake_mm/fsm/init_state: [-5.0, 0.0, 0.0, ...
 * /fake_mm/fsm/init_yaw: 0.0
 * /fake_mm/fsm/waypoint0: [0.0, 0.0, 0.0, 0...
 * /fake_mm/fsm/waypoint0_gripper_close: True
 * /fake_mm/fsm/waypoint0_yaw: 0.0
 * /fake_mm/fsm/waypoint1: [5.0, 0.0, 0.0, 0...
 * /fake_mm/fsm/waypoint1_gripper_close: False
 * /fake_mm/fsm/waypoint1_yaw: 0.0
 * /fake_mm/fsm/waypoint_num: 2
 * /fake_mm/map/map_type: 0
 * /fake_mm/mm/base_mani_fixed_joint_xyz_ypr: [0.2462, 0.0, 0.1...
 * /fake_mm/mm/ee_tcp_xyz_rpy: [0.0, 0.0, 0.0, 0...
 * /fake_mm/mm/manipulator_config: [0.1765, 0.607, 0...
 * /fake_mm/mm/manipulator_dof: 6
 * /fake_mm/mm/manipulator_max_acc: 1.57
 * /fake_mm/mm/manipulator_max_pos: [3.0, 1.5, 2.8, 3...
 * /fake_mm/mm/manipulator_max_vel: 0.8
 * /fake_mm/mm/manipulator_min_pos: [-3.0, -1.5, -2.8...
 * /fake_mm/mm/manipulator_self_thickness: 0.045
 * /fake_mm/mm/manipulator_thickness: 0.1
 * /fake_mm/mm/manipulator_type: cr10
 * /fake_mm/mm/mobile_base_check_radius: 0.1
 * /fake_mm/mm/mobile_base_dof: 2
 * /fake_mm/mm/mobile_base_height: 0.15
 * /fake_mm/mm/mobile_base_length: 1.1
 * /fake_mm/mm/mobile_base_max_wheel_alpha: 8.0
 * /fake_mm/mm/mobile_base_max_wheel_omega: 4.0
 * /fake_mm/mm/mobile_base_non_singul_vel: 0.05
 * /fake_mm/mm/mobile_base_wheel_base: 0.56
 * /fake_mm/mm/mobile_base_wheel_radius: 0.125
 * /fake_mm/mm/mobile_base_width: 0.9
 * /fsm/target_type: 1
 * /map_generator/bridges: [[0.0, 0.0, 1.0, ...
 * /map_generator/clear_centers: [[-5.0, 0.0], [-2...
 * /map_generator/clear_radius: 3.0
 * /map_generator/fsm/init_gripper_close: False
 * /map_generator/fsm/init_state: [-5.0, 0.0, 0.0, ...
 * /map_generator/fsm/init_yaw: 0.0
 * /map_generator/fsm/waypoint0: [0.0, 0.0, 0.0, 0...
 * /map_generator/fsm/waypoint0_gripper_close: True
 * /map_generator/fsm/waypoint0_yaw: 0.0
 * /map_generator/fsm/waypoint1: [5.0, 0.0, 0.0, 0...
 * /map_generator/fsm/waypoint1_gripper_close: False
 * /map_generator/fsm/waypoint1_yaw: 0.0
 * /map_generator/fsm/waypoint_num: 2
 * /map_generator/map/float_obs_num: 2
 * /map_generator/map/map_type: 0
 * /map_generator/map/obs_num: 4
 * /map_generator/map/resolution: 0.05
 * /map_generator/map/seed: 30
 * /map_generator/map/x_size: 16
 * /map_generator/map/y_size: 12
 * /map_generator/map/z_size: 3
 * /map_generator/min_distance: 2.5
 * /map_generator/mm/base_mani_fixed_joint_xyz_ypr: [0.2462, 0.0, 0.1...
 * /map_generator/mm/ee_tcp_xyz_rpy: [0.0, 0.0, 0.0, 0...
 * /map_generator/mm/manipulator_config: [0.1765, 0.607, 0...
 * /map_generator/mm/manipulator_dof: 6
 * /map_generator/mm/manipulator_max_acc: 1.57
 * /map_generator/mm/manipulator_max_pos: [3.0, 1.5, 2.8, 3...
 * /map_generator/mm/manipulator_max_vel: 0.8
 * /map_generator/mm/manipulator_min_pos: [-3.0, -1.5, -2.8...
 * /map_generator/mm/manipulator_self_thickness: 0.045
 * /map_generator/mm/manipulator_thickness: 0.1
 * /map_generator/mm/manipulator_type: cr10
 * /map_generator/mm/mobile_base_check_radius: 0.1
 * /map_generator/mm/mobile_base_dof: 2
 * /map_generator/mm/mobile_base_height: 0.15
 * /map_generator/mm/mobile_base_length: 1.1
 * /map_generator/mm/mobile_base_max_wheel_alpha: 8.0
 * /map_generator/mm/mobile_base_max_wheel_omega: 4.0
 * /map_generator/mm/mobile_base_non_singul_vel: 0.05
 * /map_generator/mm/mobile_base_wheel_base: 0.56
 * /map_generator/mm/mobile_base_wheel_radius: 0.125
 * /map_generator/mm/mobile_base_width: 0.9
 * /map_generator/pub_rate: 1.0
 * /mm_controller_node/fsm/ee_current_pose_topic: /ee_current_pose
 * /mm_controller_node/fsm/ee_goal_topic: /ee_goal
 * /mm_controller_node/fsm/ee_ik_b_accept_clearance: 0.2
 * /mm_controller_node/fsm/ee_ik_b_accept_joint_margin: 0.15
 * /mm_controller_node/fsm/ee_ik_b_accept_max_dq: 0.5
 * /mm_controller_node/fsm/ee_ik_b_accept_max_xy: 0.15
 * /mm_controller_node/fsm/ee_ik_b_accept_max_yaw_deg: 10.0
 * /mm_controller_node/fsm/ee_ik_b_max_iters: 60
 * /mm_controller_node/fsm/ee_ik_b_max_ms: 40.0
 * /mm_controller_node/fsm/ee_ik_b_weight_joint: 1.0
 * /mm_controller_node/fsm/ee_ik_b_weight_xy: 5.0
 * /mm_controller_node/fsm/ee_ik_b_weight_yaw: 2.0
 * /mm_controller_node/fsm/ee_ik_c_arm_iters: 40
 * /mm_controller_node/fsm/ee_ik_c_arm_max_ms: 5.0
 * /mm_controller_node/fsm/ee_ik_c_max_ms: 150.0
 * /mm_controller_node/fsm/ee_ik_c_radii: [0.5, 0.75, 1.0, ...
 * /mm_controller_node/fsm/ee_ik_c_yaw_bins: 12
 * /mm_controller_node/fsm/ee_ik_c_yaw_offsets_deg: [0.0, -15.0, 15.0]
 * /mm_controller_node/fsm/ee_ik_gap_ref: 0.2
 * /mm_controller_node/fsm/ee_ik_joint_margin_req: 0.087
 * /mm_controller_node/fsm/ee_ik_local_xy: 0.4
 * /mm_controller_node/fsm/ee_ik_local_yaw_deg: 20.0
 * /mm_controller_node/fsm/ee_ik_pos_tol: 0.01
 * /mm_controller_node/fsm/ee_ik_rot_tol_deg: 2.0
 * /mm_controller_node/fsm/ee_ik_w_gap: 2.0
 * /mm_controller_node/fsm/ee_ik_w_limit: 1.0
 * /mm_controller_node/fsm/ee_ik_w_q: 0.1
 * /mm_controller_node/fsm/ee_ik_w_xy: 1.0
 * /mm_controller_node/fsm/ee_ik_w_yaw: 0.3
 * /mm_controller_node/fsm/ee_reach_pos_tol: 0.02
 * /mm_controller_node/fsm/ee_reach_rot_tol_deg: 4.0
 * /mm_controller_node/fsm/emergency_time: 1.5
 * /mm_controller_node/fsm/global_plan: True
 * /mm_controller_node/fsm/init_gripper_close: False
 * /mm_controller_node/fsm/init_state: [-5.0, 0.0, 0.0, ...
 * /mm_controller_node/fsm/init_yaw: 0.0
 * /mm_controller_node/fsm/max_continuous_plan_failures: 20
 * /mm_controller_node/fsm/planning_horizon: 5.0
 * /mm_controller_node/fsm/replan_trajectory_time: 1.7
 * /mm_controller_node/fsm/target_type: 2
 * /mm_controller_node/fsm/thresh_replan_time: 2.5
 * /mm_controller_node/fsm/time_for_gripper: 0.05
 * /mm_controller_node/fsm/waypoint0: [0.0, 0.0, 0.0, 0...
 * /mm_controller_node/fsm/waypoint0_gripper_close: True
 * /mm_controller_node/fsm/waypoint0_yaw: 0.0
 * /mm_controller_node/fsm/waypoint1: [5.0, 0.0, 0.0, 0...
 * /mm_controller_node/fsm/waypoint1_gripper_close: False
 * /mm_controller_node/fsm/waypoint1_yaw: 0.0
 * /mm_controller_node/fsm/waypoint_num: 2
 * /mm_controller_node/grid_map/use_global_map: False
 * /mm_controller_node/grid_map/use_load_map: True
 * /mm_controller_node/map/map_type: 0
 * /mm_controller_node/mm/base_mani_fixed_joint_xyz_ypr: [0.2462, 0.0, 0.1...
 * /mm_controller_node/mm/ee_tcp_xyz_rpy: [0.0, 0.0, 0.0, 0...
 * /mm_controller_node/mm/manipulator_config: [0.1765, 0.607, 0...
 * /mm_controller_node/mm/manipulator_dof: 6
 * /mm_controller_node/mm/manipulator_max_acc: 1.57
 * /mm_controller_node/mm/manipulator_max_pos: [3.0, 1.5, 2.8, 3...
 * /mm_controller_node/mm/manipulator_max_vel: 0.8
 * /mm_controller_node/mm/manipulator_min_pos: [-3.0, -1.5, -2.8...
 * /mm_controller_node/mm/manipulator_self_thickness: 0.045
 * /mm_controller_node/mm/manipulator_thickness: 0.1
 * /mm_controller_node/mm/manipulator_type: cr10
 * /mm_controller_node/mm/mobile_base_check_radius: 0.1
 * /mm_controller_node/mm/mobile_base_dof: 2
 * /mm_controller_node/mm/mobile_base_height: 0.15
 * /mm_controller_node/mm/mobile_base_length: 1.1
 * /mm_controller_node/mm/mobile_base_max_wheel_alpha: 8.0
 * /mm_controller_node/mm/mobile_base_max_wheel_omega: 4.0
 * /mm_controller_node/mm/mobile_base_non_singul_vel: 0.05
 * /mm_controller_node/mm/mobile_base_wheel_base: 0.56
 * /mm_controller_node/mm/mobile_base_wheel_radius: 0.125
 * /mm_controller_node/mm/mobile_base_width: 0.9
 * /mm_controller_node/optimization/constrain_points_perPiece: 16
 * /mm_controller_node/optimization/dense_sample_resolution: 16
 * /mm_controller_node/optimization/enable_dynamic_time_scaling: True
 * /mm_controller_node/optimization/ground_safe_dis: 0.03
 * /mm_controller_node/optimization/ground_safe_margin: 0.03
 * /mm_controller_node/optimization/max_time_scale: 2.0
 * /mm_controller_node/optimization/max_time_scaling_attempts: 2
 * /mm_controller_node/optimization/mobile_base_opt_gear: True
 * /mm_controller_node/optimization/safe_margin: 0.1
 * /mm_controller_node/optimization/safe_margin_mani: 0.15
 * /mm_controller_node/optimization/self_safe_margin: 0.1
 * /mm_controller_node/optimization/weight_base_feasibility: 100.0
 * /mm_controller_node/optimization/weight_manipulator_feasibility: 100.0
 * /mm_controller_node/optimization/weight_manipulator_obstacle: 80000.0
 * /mm_controller_node/optimization/weight_manipulator_self: 1000.0
 * /mm_controller_node/optimization/weight_obstacle: 50000.0
 * /mm_controller_node/optimization/weight_time: 1.0
 * /mm_controller_node/optimization/wheel_limit_ratio: 0.95
 * /mm_controller_node/search/allocate_num: 100000
 * /mm_controller_node/search/check_num: 16
 * /mm_controller_node/search/curvatureDisCoe: 0.4
 * /mm_controller_node/search/dist_resolution: 0.6
 * /mm_controller_node/search/goal_rate: 0.4
 * /mm_controller_node/search/lambda_heu: 1
 * /mm_controller_node/search/max_arc: 0.4
 * /mm_controller_node/search/max_loop_num: 5000
 * /mm_controller_node/search/max_mani_search_time: 0.3
 * /mm_controller_node/search/max_sample_time: 1.5
 * /mm_controller_node/search/max_seach_time: 3.0
 * /mm_controller_node/search/min_turning_radius: 0.2
 * /mm_controller_node/search/oneshot_check_len: 0.02
 * /mm_controller_node/search/oneshot_range: 1.0
 * /mm_controller_node/search/sample_time: 0.1
 * /mm_controller_node/search/traj_back_penalty: 3.0
 * /mm_controller_node/search/traj_forward_penalty: 1.0
 * /mm_controller_node/search/traj_gear_switch_penalty: 10.0
 * /mm_controller_node/search/traj_steer_change_penalty: 2.0
 * /mm_controller_node/search/traj_steer_penalty: 5.0
 * /mm_controller_node/search/try_astar_times: 5
 * /mm_controller_node/search/yaw_resolution: 0.35
 * /mm_controller_node/visualization/enable_debug_vis: False
 * /mm_controller_node/visualization/enable_traj_mesh_vis: True
 * /mm_controller_node/visualization/his_traj_max_points: 500
 * /mm_controller_node/visualization/mesh_vis_stride: 3
 * /mm_controller_node/visualization/tf_rate_hz: 20.0
 * /mm_controller_node/visualization/vis_rate_hz: 15.0
 * /model_vis/fsm/ee_current_pose_topic: /ee_current_pose
 * /model_vis/fsm/ee_goal_topic: /ee_goal
 * /model_vis/fsm/ee_ik_b_accept_clearance: 0.2
 * /model_vis/fsm/ee_ik_b_accept_joint_margin: 0.15
 * /model_vis/fsm/ee_ik_b_accept_max_dq: 0.5
 * /model_vis/fsm/ee_ik_b_accept_max_xy: 0.15
 * /model_vis/fsm/ee_ik_b_accept_max_yaw_deg: 10.0
 * /model_vis/fsm/ee_ik_b_max_iters: 60
 * /model_vis/fsm/ee_ik_b_max_ms: 40.0
 * /model_vis/fsm/ee_ik_b_weight_joint: 1.0
 * /model_vis/fsm/ee_ik_b_weight_xy: 5.0
 * /model_vis/fsm/ee_ik_b_weight_yaw: 2.0
 * /model_vis/fsm/ee_ik_c_arm_iters: 40
 * /model_vis/fsm/ee_ik_c_arm_max_ms: 5.0
 * /model_vis/fsm/ee_ik_c_max_ms: 150.0
 * /model_vis/fsm/ee_ik_c_radii: [0.5, 0.75, 1.0, ...
 * /model_vis/fsm/ee_ik_c_yaw_bins: 12
 * /model_vis/fsm/ee_ik_c_yaw_offsets_deg: [0.0, -15.0, 15.0]
 * /model_vis/fsm/ee_ik_gap_ref: 0.2
 * /model_vis/fsm/ee_ik_joint_margin_req: 0.087
 * /model_vis/fsm/ee_ik_local_xy: 0.4
 * /model_vis/fsm/ee_ik_local_yaw_deg: 20.0
 * /model_vis/fsm/ee_ik_pos_tol: 0.01
 * /model_vis/fsm/ee_ik_rot_tol_deg: 2.0
 * /model_vis/fsm/ee_ik_w_gap: 2.0
 * /model_vis/fsm/ee_ik_w_limit: 1.0
 * /model_vis/fsm/ee_ik_w_q: 0.1
 * /model_vis/fsm/ee_ik_w_xy: 1.0
 * /model_vis/fsm/ee_ik_w_yaw: 0.3
 * /model_vis/fsm/ee_reach_pos_tol: 0.02
 * /model_vis/fsm/ee_reach_rot_tol_deg: 4.0
 * /model_vis/fsm/emergency_time: 1.5
 * /model_vis/fsm/global_plan: True
 * /model_vis/fsm/init_gripper_close: False
 * /model_vis/fsm/init_state: [-5.0, 0.0, 0.0, ...
 * /model_vis/fsm/init_yaw: 0.0
 * /model_vis/fsm/max_continuous_plan_failures: 20
 * /model_vis/fsm/planning_horizon: 5.0
 * /model_vis/fsm/replan_trajectory_time: 1.7
 * /model_vis/fsm/target_type: 2
 * /model_vis/fsm/thresh_replan_time: 2.5
 * /model_vis/fsm/time_for_gripper: 0.05
 * /model_vis/fsm/waypoint0: [0.0, 0.0, 0.0, 0...
 * /model_vis/fsm/waypoint0_gripper_close: True
 * /model_vis/fsm/waypoint0_yaw: 0.0
 * /model_vis/fsm/waypoint1: [5.0, 0.0, 0.0, 0...
 * /model_vis/fsm/waypoint1_gripper_close: False
 * /model_vis/fsm/waypoint1_yaw: 0.0
 * /model_vis/fsm/waypoint_num: 2
 * /model_vis/grid_map/use_global_map: False
 * /model_vis/grid_map/use_load_map: True
 * /model_vis/map/map_type: 0
 * /model_vis/mm/base_mani_fixed_joint_xyz_ypr: [0.2462, 0.0, 0.1...
 * /model_vis/mm/ee_tcp_xyz_rpy: [0.0, 0.0, 0.0, 0...
 * /model_vis/mm/manipulator_config: [0.1765, 0.607, 0...
 * /model_vis/mm/manipulator_dof: 6
 * /model_vis/mm/manipulator_max_acc: 1.57
 * /model_vis/mm/manipulator_max_pos: [3.0, 1.5, 2.8, 3...
 * /model_vis/mm/manipulator_max_vel: 0.8
 * /model_vis/mm/manipulator_min_pos: [-3.0, -1.5, -2.8...
 * /model_vis/mm/manipulator_self_thickness: 0.045
 * /model_vis/mm/manipulator_thickness: 0.1
 * /model_vis/mm/manipulator_type: cr10
 * /model_vis/mm/mobile_base_check_radius: 0.1
 * /model_vis/mm/mobile_base_dof: 2
 * /model_vis/mm/mobile_base_height: 0.15
 * /model_vis/mm/mobile_base_length: 1.1
 * /model_vis/mm/mobile_base_max_wheel_alpha: 8.0
 * /model_vis/mm/mobile_base_max_wheel_omega: 4.0
 * /model_vis/mm/mobile_base_non_singul_vel: 0.05
 * /model_vis/mm/mobile_base_wheel_base: 0.56
 * /model_vis/mm/mobile_base_wheel_radius: 0.125
 * /model_vis/mm/mobile_base_width: 0.9
 * /model_vis/optimization/constrain_points_perPiece: 16
 * /model_vis/optimization/dense_sample_resolution: 16
 * /model_vis/optimization/enable_dynamic_time_scaling: True
 * /model_vis/optimization/ground_safe_dis: 0.03
 * /model_vis/optimization/ground_safe_margin: 0.03
 * /model_vis/optimization/max_time_scale: 2.0
 * /model_vis/optimization/max_time_scaling_attempts: 2
 * /model_vis/optimization/mobile_base_opt_gear: True
 * /model_vis/optimization/safe_margin: 0.1
 * /model_vis/optimization/safe_margin_mani: 0.15
 * /model_vis/optimization/self_safe_margin: 0.1
 * /model_vis/optimization/weight_base_feasibility: 100.0
 * /model_vis/optimization/weight_manipulator_feasibility: 100.0
 * /model_vis/optimization/weight_manipulator_obstacle: 80000.0
 * /model_vis/optimization/weight_manipulator_self: 1000.0
 * /model_vis/optimization/weight_obstacle: 50000.0
 * /model_vis/optimization/weight_time: 1.0
 * /model_vis/optimization/wheel_limit_ratio: 0.95
 * /model_vis/search/allocate_num: 100000
 * /model_vis/search/check_num: 16
 * /model_vis/search/curvatureDisCoe: 0.4
 * /model_vis/search/dist_resolution: 0.6
 * /model_vis/search/goal_rate: 0.4
 * /model_vis/search/lambda_heu: 1
 * /model_vis/search/max_arc: 0.4
 * /model_vis/search/max_loop_num: 5000
 * /model_vis/search/max_mani_search_time: 0.3
 * /model_vis/search/max_sample_time: 1.5
 * /model_vis/search/max_seach_time: 3.0
 * /model_vis/search/min_turning_radius: 0.2
 * /model_vis/search/oneshot_check_len: 0.02
 * /model_vis/search/oneshot_range: 1.0
 * /model_vis/search/sample_time: 0.1
 * /model_vis/search/traj_back_penalty: 3.0
 * /model_vis/search/traj_forward_penalty: 1.0
 * /model_vis/search/traj_gear_switch_penalty: 10.0
 * /model_vis/search/traj_steer_change_penalty: 2.0
 * /model_vis/search/traj_steer_penalty: 5.0
 * /model_vis/search/try_astar_times: 5
 * /model_vis/search/yaw_resolution: 0.35
 * /model_vis/visualization/enable_debug_vis: False
 * /model_vis/visualization/enable_traj_mesh_vis: True
 * /model_vis/visualization/his_traj_max_points: 500
 * /model_vis/visualization/mesh_vis_stride: 3
 * /model_vis/visualization/tf_rate_hz: 20.0
 * /model_vis/visualization/vis_rate_hz: 15.0
 * /remani_planner_node/fsm/ee_current_pose_topic: /ee_current_pose
 * /remani_planner_node/fsm/ee_goal_topic: /ee_goal
 * /remani_planner_node/fsm/ee_ik_b_accept_clearance: 0.2
 * /remani_planner_node/fsm/ee_ik_b_accept_joint_margin: 0.15
 * /remani_planner_node/fsm/ee_ik_b_accept_max_dq: 0.5
 * /remani_planner_node/fsm/ee_ik_b_accept_max_xy: 0.15
 * /remani_planner_node/fsm/ee_ik_b_accept_max_yaw_deg: 10.0
 * /remani_planner_node/fsm/ee_ik_b_max_iters: 60
 * /remani_planner_node/fsm/ee_ik_b_max_ms: 40.0
 * /remani_planner_node/fsm/ee_ik_b_weight_joint: 1.0
 * /remani_planner_node/fsm/ee_ik_b_weight_xy: 5.0
 * /remani_planner_node/fsm/ee_ik_b_weight_yaw: 2.0
 * /remani_planner_node/fsm/ee_ik_c_arm_iters: 40
 * /remani_planner_node/fsm/ee_ik_c_arm_max_ms: 5.0
 * /remani_planner_node/fsm/ee_ik_c_max_ms: 150.0
 * /remani_planner_node/fsm/ee_ik_c_radii: [0.5, 0.75, 1.0, ...
 * /remani_planner_node/fsm/ee_ik_c_yaw_bins: 12
 * /remani_planner_node/fsm/ee_ik_c_yaw_offsets_deg: [0.0, -15.0, 15.0]
 * /remani_planner_node/fsm/ee_ik_gap_ref: 0.2
 * /remani_planner_node/fsm/ee_ik_joint_margin_req: 0.087
 * /remani_planner_node/fsm/ee_ik_local_xy: 0.4
 * /remani_planner_node/fsm/ee_ik_local_yaw_deg: 20.0
 * /remani_planner_node/fsm/ee_ik_pos_tol: 0.01
 * /remani_planner_node/fsm/ee_ik_rot_tol_deg: 2.0
 * /remani_planner_node/fsm/ee_ik_w_gap: 2.0
 * /remani_planner_node/fsm/ee_ik_w_limit: 1.0
 * /remani_planner_node/fsm/ee_ik_w_q: 0.1
 * /remani_planner_node/fsm/ee_ik_w_xy: 1.0
 * /remani_planner_node/fsm/ee_ik_w_yaw: 0.3
 * /remani_planner_node/fsm/ee_reach_pos_tol: 0.02
 * /remani_planner_node/fsm/ee_reach_rot_tol_deg: 4.0
 * /remani_planner_node/fsm/emergency_time: 1.5
 * /remani_planner_node/fsm/fail_safe: True
 * /remani_planner_node/fsm/global_plan: True
 * /remani_planner_node/fsm/init_gripper_close: False
 * /remani_planner_node/fsm/init_state: [-5.0, 0.0, 0.0, ...
 * /remani_planner_node/fsm/init_yaw: 0.0
 * /remani_planner_node/fsm/max_continuous_plan_failures: 20
 * /remani_planner_node/fsm/planning_horizon: 5.0
 * /remani_planner_node/fsm/replan_trajectory_time: 1.7
 * /remani_planner_node/fsm/target_type: 1
 * /remani_planner_node/fsm/thresh_no_replan_meter: 2.5
 * /remani_planner_node/fsm/thresh_replan_time: 2.5
 * /remani_planner_node/fsm/time_for_gripper: 0.05
 * /remani_planner_node/fsm/waypoint0: [0.0, 0.0, 0.0, 0...
 * /remani_planner_node/fsm/waypoint0_gripper_close: True
 * /remani_planner_node/fsm/waypoint0_yaw: 0.0
 * /remani_planner_node/fsm/waypoint1: [5.0, 0.0, 0.0, 0...
 * /remani_planner_node/fsm/waypoint1_gripper_close: False
 * /remani_planner_node/fsm/waypoint1_yaw: 0.0
 * /remani_planner_node/fsm/waypoint_num: 2
 * /remani_planner_node/grid_map/cx: 321.04638671875
 * /remani_planner_node/grid_map/cy: 243.44969177246094
 * /remani_planner_node/grid_map/depth_filter_margin: 2
 * /remani_planner_node/grid_map/depth_filter_maxdist: 5.0
 * /remani_planner_node/grid_map/depth_filter_mindist: 0.2
 * /remani_planner_node/grid_map/depth_filter_tolerance: 0.15
 * /remani_planner_node/grid_map/esdf_slice_height: -0.1
 * /remani_planner_node/grid_map/frame_id: world
 * /remani_planner_node/grid_map/fx: 387.229248046875
 * /remani_planner_node/grid_map/fy: 387.229248046875
 * /remani_planner_node/grid_map/ground_height: -0.01
 * /remani_planner_node/grid_map/k_depth_scaling_factor: 1000.0
 * /remani_planner_node/grid_map/local_bound_inflate: 0.0
 * /remani_planner_node/grid_map/local_map_margin: 15
 * /remani_planner_node/grid_map/local_update_range_x: 17
 * /remani_planner_node/grid_map/local_update_range_y: 17
 * /remani_planner_node/grid_map/local_update_range_z: 3.0
 * /remani_planner_node/grid_map/map_size_x: 16.0
 * /remani_planner_node/grid_map/map_size_y: 12.0
 * /remani_planner_node/grid_map/map_size_z: 3.0
 * /remani_planner_node/grid_map/max_ray_length: 4.5
 * /remani_planner_node/grid_map/min_ray_length: 0.1
 * /remani_planner_node/grid_map/obstacles_inflation: 0.08
 * /remani_planner_node/grid_map/p_hit: 0.65
 * /remani_planner_node/grid_map/p_max: 0.9
 * /remani_planner_node/grid_map/p_min: 0.12
 * /remani_planner_node/grid_map/p_miss: 0.35
 * /remani_planner_node/grid_map/p_occ: 0.8
 * /remani_planner_node/grid_map/pose_type: 1
 * /remani_planner_node/grid_map/resolution: 0.05
 * /remani_planner_node/grid_map/show_esdf_time: False
 * /remani_planner_node/grid_map/show_occ_time: False
 * /remani_planner_node/grid_map/skip_pixel: 2
 * /remani_planner_node/grid_map/use_depth_filter: True
 * /remani_planner_node/grid_map/use_global_map: False
 * /remani_planner_node/grid_map/use_load_map: True
 * /remani_planner_node/grid_map/virtual_ceil_height: 4.0
 * /remani_planner_node/grid_map/visualization_truncate_height: 2.8
 * /remani_planner_node/grid_map/z_length: 0.0
 * /remani_planner_node/manager/control_points_distance: 0.4
 * /remani_planner_node/manager/feasibility_tolerance: 0.05
 * /remani_planner_node/manager/polyTraj_piece_length: 2.0
 * /remani_planner_node/map/map_type: 0
 * /remani_planner_node/mm/base_mani_fixed_joint_xyz_ypr: [0.2462, 0.0, 0.1...
 * /remani_planner_node/mm/ee_tcp_xyz_rpy: [0.0, 0.0, 0.0, 0...
 * /remani_planner_node/mm/manipulator_config: [0.1765, 0.607, 0...
 * /remani_planner_node/mm/manipulator_dof: 6
 * /remani_planner_node/mm/manipulator_max_acc: 1.57
 * /remani_planner_node/mm/manipulator_max_pos: [3.0, 1.5, 2.8, 3...
 * /remani_planner_node/mm/manipulator_max_vel: 0.8
 * /remani_planner_node/mm/manipulator_min_pos: [-3.0, -1.5, -2.8...
 * /remani_planner_node/mm/manipulator_self_thickness: 0.045
 * /remani_planner_node/mm/manipulator_thickness: 0.1
 * /remani_planner_node/mm/manipulator_type: cr10
 * /remani_planner_node/mm/mobile_base_check_radius: 0.1
 * /remani_planner_node/mm/mobile_base_dof: 2
 * /remani_planner_node/mm/mobile_base_height: 0.15
 * /remani_planner_node/mm/mobile_base_length: 1.1
 * /remani_planner_node/mm/mobile_base_max_wheel_alpha: 8.0
 * /remani_planner_node/mm/mobile_base_max_wheel_omega: 4.0
 * /remani_planner_node/mm/mobile_base_non_singul_vel: 0.05
 * /remani_planner_node/mm/mobile_base_wheel_base: 0.56
 * /remani_planner_node/mm/mobile_base_wheel_radius: 0.125
 * /remani_planner_node/mm/mobile_base_width: 0.9
 * /remani_planner_node/optimization/constrain_points_perPiece: 16
 * /remani_planner_node/optimization/dense_sample_resolution: 16
 * /remani_planner_node/optimization/enable_dynamic_time_scaling: True
 * /remani_planner_node/optimization/ground_safe_dis: 0.03
 * /remani_planner_node/optimization/ground_safe_margin: 0.03
 * /remani_planner_node/optimization/max_time_scale: 2.0
 * /remani_planner_node/optimization/max_time_scaling_attempts: 2
 * /remani_planner_node/optimization/mobile_base_opt_gear: True
 * /remani_planner_node/optimization/safe_margin: 0.1
 * /remani_planner_node/optimization/safe_margin_mani: 0.15
 * /remani_planner_node/optimization/self_safe_margin: 0.1
 * /remani_planner_node/optimization/weight_base_feasibility: 100.0
 * /remani_planner_node/optimization/weight_manipulator_feasibility: 100.0
 * /remani_planner_node/optimization/weight_manipulator_obstacle: 80000.0
 * /remani_planner_node/optimization/weight_manipulator_self: 1000.0
 * /remani_planner_node/optimization/weight_obstacle: 50000.0
 * /remani_planner_node/optimization/weight_time: 1.0
 * /remani_planner_node/optimization/wheel_limit_ratio: 0.95
 * /remani_planner_node/search/allocate_num: 100000
 * /remani_planner_node/search/check_num: 16
 * /remani_planner_node/search/curvatureDisCoe: 0.4
 * /remani_planner_node/search/dist_resolution: 0.6
 * /remani_planner_node/search/goal_rate: 0.4
 * /remani_planner_node/search/lambda_heu: 1
 * /remani_planner_node/search/max_arc: 0.4
 * /remani_planner_node/search/max_loop_num: 5000
 * /remani_planner_node/search/max_mani_search_time: 0.3
 * /remani_planner_node/search/max_sample_time: 1.5
 * /remani_planner_node/search/max_seach_time: 3.0
 * /remani_planner_node/search/min_turning_radius: 0.5
 * /remani_planner_node/search/oneshot_check_len: 0.02
 * /remani_planner_node/search/oneshot_range: 1.0
 * /remani_planner_node/search/sample_time: 0.1
 * /remani_planner_node/search/traj_back_penalty: 3.0
 * /remani_planner_node/search/traj_forward_penalty: 1.0
 * /remani_planner_node/search/traj_gear_switch_penalty: 10.0
 * /remani_planner_node/search/traj_steer_change_penalty: 2.0
 * /remani_planner_node/search/traj_steer_penalty: 5.0
 * /remani_planner_node/search/try_astar_times: 5
 * /remani_planner_node/search/yaw_resolution: 0.35
 * /remani_planner_node/visualization/enable_debug_vis: False
 * /remani_planner_node/visualization/enable_traj_mesh_vis: True
 * /remani_planner_node/visualization/his_traj_max_points: 500
 * /remani_planner_node/visualization/mesh_vis_stride: 3
 * /remani_planner_node/visualization/tf_rate_hz: 20.0
 * /remani_planner_node/visualization/vis_rate_hz: 15.0
 * /robot_description: <?xml version='1....
 * /rosdistro: noetic
 * /rosversion: 1.17.4
 * /search/max_seach_time: 3.0
 * /search/min_turning_radius: 0.5

NODES
  /
    ee_goal_marker_node (remani_planner/ee_goal_marker_node)
    fake_mm (fake_mm/fake_mm)
    map_generator (map_generator/map_generator)
    mm_controller_node (mm_controller/mm_controller_node)
    model_vis (fake_mm/model_vis)
    remani_planner_node (remani_planner/remani_planner_node)
    robot_state_publisher (robot_state_publisher/robot_state_publisher)
    rviz (rviz/rviz)
[33m[WARN] [1787761497.382427887]: The root link base_link has an inertia specified in the URDF, but KDL does not support a root link with an inertia.  As a workaround, you can add an extra dummy link to your URDF.[0m
[33m[WARN] [1787761497.445695476]: Finished generate Cuboids Map [0m
[0m[INFO] [1787761497.517270660]: MMConfig: type=cr10 thickness=0.100 self_thickness=0.045[0m
[0m[INFO] [1787761497.531311756]: KinoAstar: max_seach_time=3.000 s min_turning_radius=0.500[0m
[FSM]: from INIT to WAIT_TARGET
[rospack] Error: failed to parse command-line options: too many positional options have been specified on the command line
[librospack]: error while executing command
[rospack] Error: failed to parse command-line options: too many positional options have been specified on the command line
[librospack]: error while executing command
[rospack] Error: failed to parse command-line options: too many positional options have been specified on the command line
[librospack]: error while executing command
[0m[INFO] [1787761507.025763542]: [EE GOAL] committed EE_POSE terminal (??xy=9.048 ??yaw=15.0deg)[0m
[FSM]: from WAIT_TARGET to GEN_NEW_TRAJ
[33m[WARN] [1787761508.589088210]: KinoAstar: frontend path not free (coll=0) at piece 0 idx 12; reject[0m
[47;30m
[replan 0]==============================================[0m
[0m[INFO] [1787761507.035970851]: continous_failures_count: 0[0m
[PLAN TIME] (frontend failed)
Hybrid A*       : 1128.85 ms
Manipulator     : 301.26 ms
Whole-body RRT  : skipped
Frontend check  : 0.37 ms
Initialization  : skipped
Optimization    : skipped
Safety check    : skipped
Time scaling    : skipped
Safety recheck  : skipped
Total           : 1553.18 ms
[PLAN TIME] (frontend failed)
Hybrid A*       : 1119.63 ms
Manipulator     : 300.55 ms
Whole-body RRT  : skipped
Frontend check  : 0.32 ms
Initialization  : skipped
Optimization    : skipped
Safety check    : skipped
Time scaling    : skipped
Safety recheck  : skipped
Total           : 1538.67 ms
[33m[WARN] [1787761511.644291967]: KinoAstar: frontend path not free (coll=0) at piece 0 idx 12; reject[0m
[47;30m
[replan 2]==============================================[0m
[0m[INFO] [1787761510.129301483]: continous_failures_count: 2[0m
[PLAN TIME] (frontend failed)
Hybrid A*       : 1116.63 ms
Manipulator     : 300.32 ms
Whole-body RRT  : skipped
Frontend check  : 0.37 ms
Initialization  : skipped
Optimization    : skipped
Safety check    : skipped
Time scaling    : skipped
Safety recheck  : skipped
Total           : 1516.49 ms
[PLAN TIME] (frontend failed)
Hybrid A*       : 1120.26 ms
Manipulator     : 301.31 ms
Whole-body RRT  : skipped
Frontend check  : 0.32 ms
Initialization  : skipped
Optimization    : skipped
Safety check    : skipped
Time scaling    : skipped
Safety recheck  : skipped
Total           : 1517.15 ms
[33m[WARN] [1787761514.719434307]: KinoAstar: frontend path not free (coll=0) at piece 0 idx 12; reject[0m
[47;30m
[replan 4]==============================================[0m
[0m[INFO] [1787761513.163177546]: continous_failures_count: 4[0m
[PLAN TIME] (frontend failed)
Hybrid A*       : 1129.49 ms
Manipulator     : 300.66 ms
Whole-body RRT  : skipped
Frontend check  : 0.37 ms
Initialization  : skipped
Optimization    : skipped
Safety check    : skipped
Time scaling    : skipped
Safety recheck  : skipped
Total           : 1557.96 ms
[33m[WARN] [1787761514.721333367]: KinoAstar: switching to whole-body RRT after 5 failures. start=(-5.00,0.00) goal=(3.77,-2.23)[0m
[RRT TIME] search = 47.8269 ms
[RRT TIME] reconstruction = 1453.37 ms
[RRT TIME] total = 1501.2 ms
[33m[WARN] [1787761518.274034593]: 4.000044 max left wheel omega is not feasible at relative time 4.620000! opt failed[0m
[33m[WARN] [1787761518.335055476]: car collision at time 29.120000![0m
[0m[INFO] [1787761518.262572474]: The optimization result is : Success: met stopping criteria (delta).[0m
[BACKEND COLLISION]
[BACKEND COLLISION] type = car
[BACKEND COLLISION] time = 29.12
[BACKEND COLLISION] traj duration = 29.9435 s
[BACKEND COLLISION] position base = 3.72848 -2.22415
[BACKEND COLLISION] arm q =    0.232106   0.0475794    -1.60396       2.848 -0.00434612     0.78003
[PLAN TIME] (opt/safety failed)
Hybrid A*       : skipped
Manipulator     : 0.47 ms
Whole-body RRT  : 1501.23 ms
Frontend check  : 0.54 ms
Initialization  : 0.029833 ms
Optimization    : 2038.59 ms
Safety check    : 72.4639 ms
Time scaling    : skipped
Safety recheck  : skipped
Total           : 3615.63 ms
[33m[WARN] [1787761518.337798316]: KinoAstar: switching to whole-body RRT after 6 failures. start=(-5.00,0.00) goal=(3.77,-2.23)[0m
[47;30m
[replan 6]==============================================[0m
[0m[INFO] [1787761518.337658872]: continous_failures_count: 6[0m
[RRT TIME] search = 112.329 ms
[RRT TIME] reconstruction = 1388.25 ms
[RRT TIME] total = 1500.58 ms
[33m[WARN] [1787761521.357007547]: car collision at time 29.310000![0m
[0m[INFO] [1787761521.284120310]: The optimization result is : Success: met stopping criteria (delta).[0m
[BACKEND COLLISION]
[BACKEND COLLISION] type = car
[BACKEND COLLISION] time = 29.31
[BACKEND COLLISION] traj duration = 30.1554 s
[BACKEND COLLISION] position base = 3.72721 -2.22405
[BACKEND COLLISION] arm q =    0.240777   0.0531342    -1.61651     2.85881 -0.00417693    0.770039
[PLAN TIME] (opt/safety failed)
Hybrid A*       : skipped
Manipulator     : 0.39 ms
Whole-body RRT  : 1500.60 ms
Frontend check  : 0.52 ms
Initialization  : 0.023234 ms
Optimization    : 1444.63 ms
Safety check    : 72.871 ms
Time scaling    : skipped
Safety recheck  : skipped
Total           : 3019.42 ms
[33m[WARN] [1787761521.359663222]: KinoAstar: switching to whole-body RRT after 7 failures. start=(-5.00,0.00) goal=(3.77,-2.23)[0m
[47;30m
[replan 7]==============================================[0m
[0m[INFO] [1787761521.359530214]: continous_failures_count: 7[0m
[RRT TIME] search = 117.178 ms
[RRT TIME] reconstruction = 1383.49 ms
[RRT TIME] total = 1500.67 ms
[33m[WARN] [1787761522.861337716]: KinoAstar: frontend path not free (coll=1) at piece 1 idx 1; reject[0m
[PLAN TIME] (frontend failed)
Hybrid A*       : skipped
Manipulator     : 0.37 ms
Whole-body RRT  : 1500.70 ms
Frontend check  : 0.60 ms
Initialization  : skipped
Optimization    : skipped
Safety check    : skipped
Time scaling    : skipped
Safety recheck  : skipped
Total           : 1501.86 ms
[RRT TIME] search = 58.61 ms
[RRT TIME] reconstruction = 1442.75 ms
[RRT TIME] total = 1501.36 ms
[33m[WARN] [1787761525.523832679]: The optimization result is : Line search reaches the maximum try number, assumptions not satisfied or precision not achievable. (candidate traj still checked)[0m
[33m[WARN] [1787761525.597067190]: car collision at time 29.560000![0m
[BACKEND COLLISION]
[BACKEND COLLISION] type = car
[BACKEND COLLISION] time = 29.56
[BACKEND COLLISION] traj duration = 32.5036 s
[BACKEND COLLISION] position base = 3.64563 -2.40361
[BACKEND COLLISION] arm q = 0.543811 0.472088 -1.28863  2.33743 0.328003 0.617901
[PLAN TIME] (opt/safety failed)
Hybrid A*       : skipped
Manipulator     : 0.36 ms
Whole-body RRT  : 1501.39 ms
Frontend check  : 0.54 ms
Initialization  : 0.023654 ms
Optimization    : 1159.86 ms
Safety check    : 73.2175 ms
Time scaling    : skipped
Safety recheck  : skipped
Total           : 2735.74 ms
[33m[WARN] [1787761525.600036415]: KinoAstar: switching to whole-body RRT after 9 failures. start=(-5.00,0.00) goal=(3.77,-2.23)[0m
[47;30m
[replan 9]==============================================[0m
[0m[INFO] [1787761525.599897039]: continous_failures_count: 9[0m
[RRT TIME] search = 150.001 ms
[RRT TIME] reconstruction = 1350.75 ms
[RRT TIME] total = 1500.75 ms
[33m[WARN] [1787761528.715517452]: The optimization result is : Line search reaches the maximum try number, assumptions not satisfied or precision not achievable. (candidate traj still checked)[0m
[33m[WARN] [1787761528.781068640]: car collision at time 26.400000![0m
[BACKEND COLLISION]
[BACKEND COLLISION] type = car
[BACKEND COLLISION] time = 26.4
[BACKEND COLLISION] traj duration = 30.0166 s
[BACKEND COLLISION] position base = 3.65246 -2.74392
[BACKEND COLLISION] arm q =  0.536491  0.215076  -1.80695   1.80652 -0.137926  0.625624
[PLAN TIME] (opt/safety failed)
Hybrid A*       : skipped
Manipulator     : 0.38 ms
Whole-body RRT  : 1500.78 ms
Frontend check  : 0.55 ms
Initialization  : 0.024291 ms
Optimization    : 1613.6 ms
Safety check    : 65.5378 ms
Time scaling    : skipped
Safety recheck  : skipped
Total           : 3181.24 ms
[33m[WARN] [1787761528.794096016]: KinoAstar: switching to whole-body RRT after 10 failures. start=(-5.00,0.00) goal=(3.77,-2.23)[0m
[0m[INFO] [1787761528.783622926]: [FSM]: stay in GEN_NEW_TRAJ (x2)[0m
[47;30m
[replan 10]==============================================[0m
[0m[INFO] [1787761528.793938440]: continous_failures_count: 10[0m
[RRT TIME] search = 139.222 ms
[RRT TIME] reconstruction = 1363.06 ms
[RRT TIME] total = 1502.28 ms
[33m[WARN] [1787761530.297329442]: KinoAstar: frontend path not free (coll=0) at piece 1 idx 14; reject[0m
[PLAN TIME] (frontend failed)
Hybrid A*       : skipped
Manipulator     : 0.40 ms
Whole-body RRT  : 1502.31 ms
Frontend check  : 0.52 ms
Initialization  : skipped
Optimization    : skipped
Safety check    : skipped
Time scaling    : skipped
Safety recheck  : skipped
Total           : 1503.45 ms
[RRT TIME] search = 98.7718 ms
[RRT TIME] reconstruction = 1402.13 ms
[RRT TIME] total = 1500.91 ms
[PLAN TIME] (frontend failed)
Hybrid A*       : skipped
Manipulator     : 0.37 ms
Whole-body RRT  : 1500.93 ms
Frontend check  : 0.40 ms
Initialization  : skipped
Optimization    : skipped
Safety check    : skipped
Time scaling    : skipped
Safety recheck  : skipped
Total           : 1501.87 ms
[33m[WARN] [1787761531.799430284]: KinoAstar: switching to whole-body RRT after 12 failures. start=(-5.00,0.00) goal=(3.77,-2.23)[0m
[47;30m
[replan 12]==============================================[0m
[0m[INFO] [1787761531.799276839]: continous_failures_count: 12[0m
[RRT TIME] search = 106.462 ms
[RRT TIME] reconstruction = 1394.85 ms
[RRT TIME] total = 1501.31 ms
[33m[WARN] [1787761533.301521473]: KinoAstar: frontend path not free (coll=0) at piece 0 idx 13; reject[0m
[PLAN TIME] (frontend failed)
Hybrid A*       : skipped
Manipulator     : 0.39 ms
Whole-body RRT  : 1501.34 ms
Frontend check  : 0.36 ms
Initialization  : skipped
Optimization    : skipped
Safety check    : skipped
Time scaling    : skipped
Safety recheck  : skipped
Total           : 1502.3 ms
[RRT TIME] search = 186.637 ms
[RRT TIME] reconstruction = 1314.55 ms
[RRT TIME] total = 1501.19 ms
[33m[WARN] [1787761536.307181658]: mani collision at time 25.850000![0m
[0m[INFO] [1787761536.242957574]: The optimization result is : Success: met stopping criteria (delta).[0m
[BACKEND COLLISION]
[BACKEND COLLISION] type = mani
[BACKEND COLLISION] time = 25.85
[BACKEND COLLISION] traj duration = 29.6977 s
[BACKEND COLLISION] position base = 3.79949 -2.92162
[BACKEND COLLISION] arm q =  0.284027 -0.356696  -1.40704   2.71822 -0.642695  0.876218
[PLAN TIME] (opt/safety failed)
Hybrid A*       : skipped
Manipulator     : 0.39 ms
Whole-body RRT  : 1501.22 ms
Frontend check  : 0.50 ms
Initialization  : 0.022703 ms
Optimization    : 1438.98 ms
Safety check    : 64.2137 ms
Time scaling    : skipped
Safety recheck  : skipped
Total           : 3005.68 ms
[33m[WARN] [1787761536.309710701]: KinoAstar: switching to whole-body RRT after 14 failures. start=(-5.00,0.00) goal=(3.77,-2.23)[0m
[47;30m
[replan 14]==============================================[0m
[0m[INFO] [1787761536.309572211]: continous_failures_count: 14[0m
[RRT TIME] search = 148.925 ms
[RRT TIME] reconstruction = 1352.22 ms
[RRT TIME] total = 1501.14 ms
[33m[WARN] [1787761537.811617989]: KinoAstar: frontend path not free (coll=0) at piece 0 idx 12; reject[0m
[PLAN TIME] (frontend failed)
Hybrid A*       : skipped
Manipulator     : 0.39 ms
Whole-body RRT  : 1501.17 ms
Frontend check  : 0.34 ms
Initialization  : skipped
Optimization    : skipped
Safety check    : skipped
Time scaling    : skipped
Safety recheck  : skipped
Total           : 1502.1 ms
[RRT TIME] search = 142.699 ms
[RRT TIME] reconstruction = 1358.63 ms
[RRT TIME] total = 1501.33 ms
[PLAN TIME] (frontend failed)
Hybrid A*       : skipped
Manipulator     : 0.36 ms
Whole-body RRT  : 1501.35 ms
Frontend check  : 0.53 ms
Initialization  : skipped
Optimization    : skipped
Safety check    : skipped
Time scaling    : skipped
Safety recheck  : skipped
Total           : 1502.42 ms
[33m[WARN] [1787761539.314265173]: KinoAstar: switching to whole-body RRT after 16 failures. start=(-5.00,0.00) goal=(3.77,-2.23)[0m
[47;30m
[replan 16]==============================================[0m
[0m[INFO] [1787761539.314117610]: continous_failures_count: 16[0m
[RRT TIME] search = 53.3842 ms
[RRT TIME] reconstruction = 1447.6 ms
[RRT TIME] total = 1500.98 ms
[33m[WARN] [1787761541.728878064]: 3.926717 max left wheel omega is not feasible at relative time 2.240000! opt failed[0m
[33m[WARN] [1787761541.793165966]: car collision at time 28.070000![0m
[0m[INFO] [1787761541.723350805]: The optimization result is : Success: met stopping criteria (delta).[0m
[BACKEND COLLISION]
[BACKEND COLLISION] type = car
[BACKEND COLLISION] time = 28.07
[BACKEND COLLISION] traj duration = 30.5105 s
[BACKEND COLLISION] position base = 3.66756 -2.38488
[BACKEND COLLISION] arm q = -0.344722  0.128219  -1.33753   2.86209  0.177014  0.997655
[PLAN TIME] (opt/safety failed)
Hybrid A*       : skipped
Manipulator     : 0.36 ms
Whole-body RRT  : 1501.01 ms
Frontend check  : 0.52 ms
Initialization  : 0.02353 ms
Optimization    : 907.027 ms
Safety check    : 69.8003 ms
Time scaling    : skipped
Safety recheck  : skipped
Total           : 2479.12 ms
[33m[WARN] [1787761541.795832101]: KinoAstar: switching to whole-body RRT after 17 failures. start=(-5.00,0.00) goal=(3.77,-2.23)[0m
[47;30m
[replan 17]==============================================[0m
[0m[INFO] [1787761541.795697809]: continous_failures_count: 17[0m
[RRT TIME] search = 133.251 ms
[RRT TIME] reconstruction = 1368.14 ms
[RRT TIME] total = 1501.39 ms
[33m[WARN] [1787761543.298239021]: KinoAstar: frontend path not free (coll=0) at piece 1 idx 18; reject[0m
[PLAN TIME] (frontend failed)
Hybrid A*       : skipped
Manipulator     : 0.39 ms
Whole-body RRT  : 1501.41 ms
Frontend check  : 0.59 ms
Initialization  : skipped
Optimization    : skipped
Safety check    : skipped
Time scaling    : skipped
Safety recheck  : skipped
Total           : 1502.59 ms
[RRT TIME] search = 181.976 ms
[RRT TIME] reconstruction = 1319.07 ms
[RRT TIME] total = 1501.05 ms
[33m[WARN] [1787761546.158749707]: The optimization result is : Line search reaches the maximum try number, assumptions not satisfied or precision not achievable. (candidate traj still checked)[0m
[33m[WARN] [1787761546.201271269]: 2.795433 max left wheel omega is not feasible at relative time 17.120000! opt failed[0m
[33m[WARN] [1787761546.201290308]: car collision at time 17.130000![0m
[BACKEND COLLISION]
[BACKEND COLLISION] type = car
[BACKEND COLLISION] time = 17.13
[BACKEND COLLISION] traj duration = 33.4133 s
[BACKEND COLLISION] position base = 1.35684 -3.90125
[BACKEND COLLISION] arm q = -0.529746  0.289907 -0.861755   1.14212   0.33985  0.316147
[PLAN TIME] (opt/safety failed)
Hybrid A*       : skipped
Manipulator     : 0.36 ms
Whole-body RRT  : 1501.08 ms
Frontend check  : 0.58 ms
Initialization  : 0.02624 ms
Optimization    : 1358.16 ms
Safety check    : 42.5233 ms
Time scaling    : skipped
Safety recheck  : skipped
Total           : 2903.06 ms
[33m[WARN] [1787761546.203527057]: KinoAstar: switching to whole-body RRT after 19 failures. start=(-5.00,0.00) goal=(3.77,-2.23)[0m
[47;30m
[replan 19]==============================================[0m
[0m[INFO] [1787761546.203387693]: continous_failures_count: 19[0m
[RRT TIME] search = 81.0071 ms
[RRT TIME] reconstruction = 1419.98 ms
[RRT TIME] total = 1500.98 ms
[33m[WARN] [1787761550.103011386]: The optimization result is : Line search reaches the maximum try number, assumptions not satisfied or precision not achievable. (candidate traj still checked)[0m
[33m[WARN] [1787761550.140836177]: 3.724747 max left wheel omega is not feasible at relative time 15.310000! opt failed[0m
[33m[WARN] [1787761550.178335812]: car collision at time 30.360000![0m
[BACKEND COLLISION]
[BACKEND COLLISION] type = car
[BACKEND COLLISION] time = 30.36
[BACKEND COLLISION] traj duration = 37.2184 s
[BACKEND COLLISION] position base = 3.94364 -3.24867
[BACKEND COLLISION] arm q =  0.936637  0.825001  -1.55559   2.06117 0.0473575   1.11791
[PLAN TIME] (opt/safety failed)
Hybrid A*       : skipped
Manipulator     : 0.36 ms
Whole-body RRT  : 1501.01 ms
Frontend check  : 0.53 ms
Initialization  : 0.02622 ms
Optimization    : 2397.4 ms
Safety check    : 75.3055 ms
Time scaling    : skipped
Safety recheck  : skipped
Total           : 3975.01 ms
[31m[ERROR] [1787761550.181388640]: [FSM] abort current goal after 20 consecutive planning failures[0m
[FSM]: from GEN_NEW_TRAJ to WAIT_TARGET
[0m[INFO] [1787761582.334337314]: [EE GOAL] committed EE_POSE terminal (??xy=9.597 ??yaw=0.0deg)[0m
[FSM]: from WAIT_TARGET to GEN_NEW_TRAJ
[33m[WARN] [1787761585.666473137]: 3.882366 max left wheel omega is not feasible at relative time 4.770000! opt failed[0m
[47;30m
[replan 20]==============================================[0m
[0m[INFO] [1787761582.344741902]: continous_failures_count: 0[0m
[0m[INFO] [1787761585.654713281]: The optimization result is : Success: met stopping criteria (delta).[0m
[TIME SCALE] dynamics-only violation detected
[TIME SCALE] peak wheel omega = 4.00083 rad/s
[TIME SCALE] wheel omega hard limit = 4 rad/s
[TIME SCALE] wheel omega target = 3.8 rad/s
[TIME SCALE] peak wheel alpha = 2.30424 rad/s^2
[TIME SCALE] wheel alpha hard limit = 8 rad/s^2
[TIME SCALE] wheel alpha target = 7.6 rad/s^2
[TIME SCALE] peak joint vel = 0.504715
[TIME SCALE] peak joint acc = 0.300219
[TIME SCALE] selected scale = 1.07391
[TIME SCALE] attempt = 1/2
[TIME SCALE] cumulative scale = 1.07391
[TIME SCALE] duration old = 32.3368 s
[TIME SCALE] duration new = 34.7266 s
[TIME SCALE] safety recheck passed
[TIME SCALE] peak wheel omega after scaling = 3.72549 rad/s
[TIME SCALE] peak wheel alpha after scaling = 1.99816 rad/s^2
[TIME SCALE] accepted
[34mtotal time: 3477.51, init: 1197.77, optimize: 2279.74, avg_time: 3477.51, count_success: 1[0m
[PLAN TIME]
Hybrid A*       : 736.29 ms
Manipulator     : 300.15 ms
Whole-body RRT  : skipped
Frontend check  : 0.61 ms
Initialization  : 0.026596 ms
Optimization    : 2112.23 ms
Safety check    : 80.6112 ms
Time scaling    : 0.04 ms
Safety recheck  : 86.78 ms
Total           : 3477.51 ms
[FSM]: from GEN_NEW_TRAJ to EXEC_TRAJ
[FSM]: from EXEC_TRAJ to WAIT_TARGET
[33m[WARN] [1787761857.284657220]: [EE GOAL] IK failed: pose_not_reached[0m
[0m[INFO] [1787761620.546112194]: [EE GOAL] reached[0m
[0m[INFO] [1787761932.780782085]: [EE GOAL] committed EE_POSE terminal (??xy=4.699 ??yaw=135.0deg)[0m
[FSM]: from WAIT_TARGET to GEN_NEW_TRAJ
[33m[WARN] [1787761935.792326507]: [Kino Astar]: NO_PATH. Exceeds maximum time 3.000 s[0m
[33m[WARN] [1787761935.792488977]: KinoAstar: Hybrid A* NO_PATH; refuse straight/RRT fallback (failures=0/5). start=(4.34,-2.20) goal=(-0.26,-3.15)[0m
[47;30m
[replan 21]==============================================[0m
[0m[INFO] [1787761932.792248559]: continous_failures_count: 0[0m
[PLAN TIME] (frontend failed)
Hybrid A*       : 3000.08 ms
Manipulator     : skipped
Whole-body RRT  : skipped
Frontend check  : skipped
Initialization  : skipped
Optimization    : skipped
Safety check    : skipped
Time scaling    : skipped
Safety recheck  : skipped
Total           : 3001.46 ms
[33m[WARN] [1787761938.795442260]: [Kino Astar]: NO_PATH. Exceeds maximum time 3.000 s[0m
[33m[WARN] [1787761938.795602265]: KinoAstar: Hybrid A* NO_PATH; refuse straight/RRT fallback (failures=1/5). start=(4.34,-2.20) goal=(-0.26,-3.15)[0m
[47;30m
[replan 22]==============================================[0m
[0m[INFO] [1787761935.795303403]: continous_failures_count: 1[0m
[PLAN TIME] (frontend failed)
Hybrid A*       : 3000.15 ms
Manipulator     : skipped
Whole-body RRT  : skipped
Frontend check  : skipped
Initialization  : skipped
Optimization    : skipped
Safety check    : skipped
Time scaling    : skipped
Safety recheck  : skipped
Total           : 3003.1 ms
[33m[WARN] [1787761941.798199832]: [Kino Astar]: NO_PATH. Exceeds maximum time 3.000 s[0m
[33m[WARN] [1787761941.798364011]: KinoAstar: Hybrid A* NO_PATH; refuse straight/RRT fallback (failures=2/5). start=(4.34,-2.20) goal=(-0.26,-3.15)[0m
[47;30m
[replan 23]==============================================[0m
[0m[INFO] [1787761938.798100673]: continous_failures_count: 2[0m
[PLAN TIME] (frontend failed)
Hybrid A*       : 3000.11 ms
Manipulator     : skipped
Whole-body RRT  : skipped
Frontend check  : skipped
Initialization  : skipped
Optimization    : skipped
Safety check    : skipped
Time scaling    : skipped
Safety recheck  : skipped
Total           : 3002.75 ms
[33m[WARN] [1787761944.800849250]: [Kino Astar]: NO_PATH. Exceeds maximum time 3.000 s[0m
[33m[WARN] [1787761944.801014226]: KinoAstar: Hybrid A* NO_PATH; refuse straight/RRT fallback (failures=3/5). start=(4.34,-2.20) goal=(-0.26,-3.15)[0m
[47;30m
[replan 24]==============================================[0m
[0m[INFO] [1787761941.800795574]: continous_failures_count: 3[0m
[PLAN TIME] (frontend failed)
Hybrid A*       : 3000.06 ms
Manipulator     : skipped
Whole-body RRT  : skipped
Frontend check  : skipped
Initialization  : skipped
Optimization    : skipped
Safety check    : skipped
Time scaling    : skipped
Safety recheck  : skipped
Total           : 3002.64 ms
[33m[WARN] [1787761947.803525293]: [Kino Astar]: NO_PATH. Exceeds maximum time 3.000 s[0m
[33m[WARN] [1787761947.803689801]: KinoAstar: Hybrid A* NO_PATH; refuse straight/RRT fallback (failures=4/5). start=(4.34,-2.20) goal=(-0.26,-3.15)[0m
[47;30m
[replan 25]==============================================[0m
[0m[INFO] [1787761944.803461618]: continous_failures_count: 4[0m
[PLAN TIME] (frontend failed)
Hybrid A*       : 3000.07 ms
Manipulator     : skipped
Whole-body RRT  : skipped
Frontend check  : skipped
Initialization  : skipped
Optimization    : skipped
Safety check    : skipped
Time scaling    : skipped
Safety recheck  : skipped
Total           : 3002.68 ms
[33m[WARN] [1787761947.806424253]: KinoAstar: switching to whole-body RRT after 5 failures. start=(4.34,-2.20) goal=(-0.26,-3.15)[0m
[47;30m
[replan 26]==============================================[0m
[0m[INFO] [1787761947.806280176]: continous_failures_count: 5[0m
[RRT TIME] search = 527.331 ms
[RRT TIME] reconstruction = 976.818 ms
[RRT TIME] total = 1504.15 ms
[33m[WARN] [1787761952.115115860]: -3.377496 max left wheel omega is not feasible at relative time 20.870000! opt failed[0m
[33m[WARN] [1787761952.195807295]: car collision at time 53.310000![0m
[0m[INFO] [1787761952.063245541]: The optimization result is : Success: met stopping criteria (delta).[0m
[BACKEND COLLISION]
[BACKEND COLLISION] type = car
[BACKEND COLLISION] time = 53.31
[BACKEND COLLISION] traj duration = 60.8212 s
[BACKEND COLLISION] position base = -1.35457 -0.846345
[BACKEND COLLISION] arm q = -0.0796614 -0.0727529  -0.840331   0.992821    1.37903    1.28454
[PLAN TIME] (opt/safety failed)
Hybrid A*       : skipped
Manipulator     : 0.55 ms
Whole-body RRT  : 1504.18 ms
Frontend check  : 1.03 ms
Initialization  : 0.040301 ms
Optimization    : 2750.42 ms
Safety check    : 132.546 ms
Time scaling    : skipped
Safety recheck  : skipped
Total           : 4392.12 ms
[33m[WARN] [1787761952.199830801]: KinoAstar: switching to whole-body RRT after 6 failures. start=(4.34,-2.20) goal=(-0.26,-3.15)[0m
[47;30m
[replan 27]==============================================[0m
[0m[INFO] [1787761952.199687418]: continous_failures_count: 6[0m
[RRT TIME] search = 91.4918 ms
[RRT TIME] reconstruction = 293.477 ms
[RRT TIME] total = 384.969 ms
[33m[WARN] [1787761952.585344665]: KinoAstar: frontend path not free (coll=0) at piece 0 idx 3; reject[0m
[PLAN TIME] (frontend failed)
Hybrid A*       : skipped
Manipulator     : 0.39 ms
Whole-body RRT  : 385.01 ms
Frontend check  : 0.10 ms
Initialization  : skipped
Optimization    : skipped
Safety check    : skipped
Time scaling    : skipped
Safety recheck  : skipped
Total           : 385.737 ms
[RRT TIME] search = 758.428 ms
[RRT TIME] reconstruction = 744.329 ms
[RRT TIME] total = 1502.76 ms
[0m[INFO] [1787761955.970190633]: The optimization result is : Success: met stopping criteria (delta).[0m
[34mtotal time: 3499.33, init: 1504.36, optimize: 1994.97, avg_time: 3488.42, count_success: 2[0m
[PLAN TIME]
Hybrid A*       : skipped
Manipulator     : 0.37 ms
Whole-body RRT  : 1502.79 ms
Frontend check  : 0.83 ms
Initialization  : 0.03352 ms
Optimization    : 1880.43 ms
Safety check    : 114.47 ms
Time scaling    : skipped
Safety recheck  : skipped
Total           : 3499.33 ms
[FSM]: from GEN_NEW_TRAJ to EXEC_TRAJ
[FSM]: from EXEC_TRAJ to WAIT_TARGET
[0m[INFO] [1787762001.759321494]: [EE GOAL] reached[0m
[0m[INFO] [1787762999.132909539]: [EE GOAL] committed EE_POSE terminal (??xy=4.327 ??yaw=45.0deg)[0m
[FSM]: from WAIT_TARGET to GEN_NEW_TRAJ
[33m[WARN] [1787763000.615404741]: 8.338549 max left wheel alpha is not feasible at relative time 0.050000! opt failed[0m
[33m[WARN] [1787763000.616766170]: 4.014400 max left wheel omega is not feasible at relative time 0.590000! opt failed[0m
[47;30m
[replan 29]==============================================[0m
[0m[INFO] [1787762999.143290406]: continous_failures_count: 0[0m
[0m[INFO] [1787763000.615311674]: The optimization result is : Success: met stopping criteria (delta).[0m
[TIME SCALE] dynamics-only violation detected
[TIME SCALE] peak wheel omega = 9.22208 rad/s
[TIME SCALE] wheel omega hard limit = 4 rad/s
[TIME SCALE] wheel omega target = 3.8 rad/s
[TIME SCALE] peak wheel alpha = 18.7204 rad/s^2
[TIME SCALE] wheel alpha hard limit = 8 rad/s^2
[TIME SCALE] wheel alpha target = 7.6 rad/s^2
[TIME SCALE] peak joint vel = 0.0973606
[TIME SCALE] peak joint acc = 0.204217
[TIME SCALE] selected scale = 2.4754
[TIME SCALE] required cumulative scale 2.4754 exceeds max_time_scale 2; reject
[PLAN TIME] (opt/safety failed)
Hybrid A*       : 477.82 ms
Manipulator     : 300.52 ms
Whole-body RRT  : skipped
Frontend check  : 0.39 ms
Initialization  : 0.021637 ms
Optimization    : 602.446 ms
Safety check    : 28.574 ms
Time scaling    : 0.00 ms
Safety recheck  : skipped
Total           : 1500.73 ms
[33m[WARN] [1787763002.110883778]: 8.338549 max left wheel alpha is not feasible at relative time 0.050000! opt failed[0m
[33m[WARN] [1787763002.112242672]: 4.014400 max left wheel omega is not feasible at relative time 0.590000! opt failed[0m
[0m[INFO] [1787763002.110800824]: The optimization result is : Success: met stopping criteria (delta).[0m
[TIME SCALE] dynamics-only violation detected
[TIME SCALE] peak wheel omega = 9.22208 rad/s
[TIME SCALE] wheel omega hard limit = 4 rad/s
[TIME SCALE] wheel omega target = 3.8 rad/s
[TIME SCALE] peak wheel alpha = 18.7204 rad/s^2
[TIME SCALE] wheel alpha hard limit = 8 rad/s^2
[TIME SCALE] wheel alpha target = 7.6 rad/s^2
[TIME SCALE] peak joint vel = 0.0973606
[TIME SCALE] peak joint acc = 0.204217
[TIME SCALE] selected scale = 2.4754
[TIME SCALE] required cumulative scale 2.4754 exceeds max_time_scale 2; reject
[PLAN TIME] (opt/safety failed)
Hybrid A*       : 471.70 ms
Manipulator     : 300.21 ms
Whole-body RRT  : skipped
Frontend check  : 0.38 ms
Initialization  : 0.021589 ms
Optimization    : 602.768 ms
Safety check    : 28.5554 ms
Time scaling    : 0.00 ms
Safety recheck  : skipped
Total           : 1495.02 ms
[33m[WARN] [1787763003.634401996]: 8.338549 max left wheel alpha is not feasible at relative time 0.050000! opt failed[0m
[33m[WARN] [1787763003.635763330]: 4.014400 max left wheel omega is not feasible at relative time 0.590000! opt failed[0m
[47;30m
[replan 31]==============================================[0m
[0m[INFO] [1787763002.140410313]: continous_failures_count: 2[0m
[0m[INFO] [1787763003.634314606]: The optimization result is : Success: met stopping criteria (delta).[0m
[TIME SCALE] dynamics-only violation detected
[TIME SCALE] peak wheel omega = 9.22208 rad/s
[TIME SCALE] wheel omega hard limit = 4 rad/s
[TIME SCALE] wheel omega target = 3.8 rad/s
[TIME SCALE] peak wheel alpha = 18.7204 rad/s^2
[TIME SCALE] wheel alpha hard limit = 8 rad/s^2
[TIME SCALE] wheel alpha target = 7.6 rad/s^2
[TIME SCALE] peak joint vel = 0.0973606
[TIME SCALE] peak joint acc = 0.204217
[TIME SCALE] selected scale = 2.4754
[TIME SCALE] required cumulative scale 2.4754 exceeds max_time_scale 2; reject
[PLAN TIME] (opt/safety failed)
Hybrid A*       : 470.73 ms
Manipulator     : 300.11 ms
Whole-body RRT  : skipped
Frontend check  : 0.38 ms
Initialization  : 0.023361 ms
Optimization    : 601.842 ms
Safety check    : 28.6343 ms
Time scaling    : 0.00 ms
Safety recheck  : skipped
Total           : 1523.17 ms
[33m[WARN] [1787763005.135067193]: 9.136359 max left wheel alpha is not feasible at relative time 0.050000! opt failed[0m
[33m[WARN] [1787763005.136432693]: 4.054538 max left wheel omega is not feasible at relative time 0.590000! opt failed[0m
[0m[INFO] [1787763005.134980924]: The optimization result is : Success: met stopping criteria (delta).[0m
[TIME SCALE] dynamics-only violation detected
[TIME SCALE] peak wheel omega = 9.27705 rad/s
[TIME SCALE] wheel omega hard limit = 4 rad/s
[TIME SCALE] wheel omega target = 3.8 rad/s
[TIME SCALE] peak wheel alpha = 21.4009 rad/s^2
[TIME SCALE] wheel alpha hard limit = 8 rad/s^2
[TIME SCALE] wheel alpha target = 7.6 rad/s^2
[TIME SCALE] peak joint vel = 0.0921516
[TIME SCALE] peak joint acc = 0.187833
[TIME SCALE] selected scale = 2.49015
[TIME SCALE] required cumulative scale 2.49015 exceeds max_time_scale 2; reject
[PLAN TIME] (opt/safety failed)
Hybrid A*       : 481.61 ms
Manipulator     : 301.04 ms
Whole-body RRT  : skipped
Frontend check  : 0.39 ms
Initialization  : 0.022276 ms
Optimization    : 567.935 ms
Safety check    : 28.6143 ms
Time scaling    : 0.00 ms
Safety recheck  : skipped
Total           : 1500.21 ms
[33m[WARN] [1787763006.638046090]: 8.338549 max left wheel alpha is not feasible at relative time 0.050000! opt failed[0m
[33m[WARN] [1787763006.639398261]: 4.014400 max left wheel omega is not feasible at relative time 0.590000! opt failed[0m
[47;30m
[replan 33]==============================================[0m
[0m[INFO] [1787763005.164692362]: continous_failures_count: 4[0m
[0m[INFO] [1787763006.637962602]: The optimization result is : Success: met stopping criteria (delta).[0m
[TIME SCALE] dynamics-only violation detected
[TIME SCALE] peak wheel omega = 9.22208 rad/s
[TIME SCALE] wheel omega hard limit = 4 rad/s
[TIME SCALE] wheel omega target = 3.8 rad/s
[TIME SCALE] peak wheel alpha = 18.7204 rad/s^2
[TIME SCALE] wheel alpha hard limit = 8 rad/s^2
[TIME SCALE] wheel alpha target = 7.6 rad/s^2
[TIME SCALE] peak joint vel = 0.0973606
[TIME SCALE] peak joint acc = 0.204217
[TIME SCALE] selected scale = 2.4754
[TIME SCALE] required cumulative scale 2.4754 exceeds max_time_scale 2; reject
[PLAN TIME] (opt/safety failed)
Hybrid A*       : 479.07 ms
Manipulator     : 300.78 ms
Whole-body RRT  : skipped
Frontend check  : 0.38 ms
Initialization  : 0.021553 ms
Optimization    : 602.338 ms
Safety check    : 28.6361 ms
Time scaling    : 0.00 ms
Safety recheck  : skipped
Total           : 1502.56 ms
[33m[WARN] [1787763006.667767503]: KinoAstar: switching to whole-body RRT after 5 failures. start=(-0.26,-3.15) goal=(-3.51,-0.30)[0m
[RRT TIME] search = 15.2541 ms
[RRT TIME] reconstruction = 159.003 ms
[RRT TIME] total = 174.257 ms
[33m[WARN] [1787763007.179957837]: 3.555277 max left wheel omega is not feasible at relative time 9.540000! opt failed[0m
[0m[INFO] [1787763007.156225782]: The optimization result is : Success: met stopping criteria (delta).[0m
[TIME SCALE] dynamics-only violation detected
[TIME SCALE] peak wheel omega = 4.00086 rad/s
[TIME SCALE] wheel omega hard limit = 4 rad/s
[TIME SCALE] wheel omega target = 3.8 rad/s
[TIME SCALE] peak wheel alpha = 7.95281 rad/s^2
[TIME SCALE] wheel alpha hard limit = 8 rad/s^2
[TIME SCALE] wheel alpha target = 7.6 rad/s^2
[TIME SCALE] peak joint vel = 0.0571939
[TIME SCALE] peak joint acc = 0.0523538
[TIME SCALE] selected scale = 1.07392
[TIME SCALE] attempt = 1/2
[TIME SCALE] cumulative scale = 1.07392
[TIME SCALE] duration old = 12.3642 s
[TIME SCALE] duration new = 13.2781 s
[TIME SCALE] safety recheck passed
[TIME SCALE] peak wheel omega after scaling = 3.72549 rad/s
[TIME SCALE] peak wheel alpha after scaling = 6.89567 rad/s^2
[TIME SCALE] accepted
[34mtotal time: 553.205, init: 175.815, optimize: 377.389, avg_time: 2510.01, count_success: 3[0m
[PLAN TIME]
Hybrid A*       : skipped
Manipulator     : 0.43 ms
Whole-body RRT  : 174.30 ms
Frontend check  : 0.20 ms
Initialization  : 0.015869 ms
Optimization    : 313.31 ms
Safety check    : 30.9206 ms
Time scaling    : 0.02 ms
Safety recheck  : 33.09 ms
Total           : 553.205 ms
[FSM]: from GEN_NEW_TRAJ to EXEC_TRAJ
[FSM]: from EXEC_TRAJ to WAIT_TARGET
[0m[INFO] [1787763020.490404220]: [EE GOAL] reached[0m
[0m[INFO] [1787763296.076186228]: [EE GOAL] committed EE_POSE terminal (??xy=8.762 ??yaw=135.0deg)[0m
[FSM]: from WAIT_TARGET to GEN_NEW_TRAJ
[33m[WARN] [1787763299.086669813]: [Kino Astar]: NO_PATH. Exceeds maximum time 3.000 s[0m
[33m[WARN] [1787763299.086839998]: KinoAstar: Hybrid A* NO_PATH; refuse straight/RRT fallback (failures=0/5). start=(-3.51,-0.30) goal=(5.11,1.25)[0m
[47;30m
[replan 35]==============================================[0m
[0m[INFO] [1787763296.086499277]: continous_failures_count: 0[0m
[PLAN TIME] (frontend failed)
Hybrid A*       : 3000.16 ms
Manipulator     : skipped
Whole-body RRT  : skipped
Frontend check  : skipped
Initialization  : skipped
Optimization    : skipped
Safety check    : skipped
Time scaling    : skipped
Safety recheck  : skipped
Total           : 3000.48 ms
[33m[WARN] [1787763302.090872522]: [Kino Astar]: NO_PATH. Exceeds maximum time 3.000 s[0m
[33m[WARN] [1787763302.091040636]: KinoAstar: Hybrid A* NO_PATH; refuse straight/RRT fallback (failures=1/5). start=(-3.51,-0.30) goal=(5.11,1.25)[0m
[47;30m
[replan 36]==============================================[0m
[0m[INFO] [1787763299.090804732]: continous_failures_count: 1[0m
[PLAN TIME] (frontend failed)
Hybrid A*       : 3000.08 ms
Manipulator     : skipped
Whole-body RRT  : skipped
Frontend check  : skipped
Initialization  : skipped
Optimization    : skipped
Safety check    : skipped
Time scaling    : skipped
Safety recheck  : skipped
Total           : 3004.19 ms
[33m[WARN] [1787763305.093814437]: [Kino Astar]: NO_PATH. Exceeds maximum time 3.000 s[0m
[33m[WARN] [1787763305.093983651]: KinoAstar: Hybrid A* NO_PATH; refuse straight/RRT fallback (failures=2/5). start=(-3.51,-0.30) goal=(5.11,1.25)[0m
[47;30m
[replan 37]==============================================[0m
[0m[INFO] [1787763302.093734402]: continous_failures_count: 2[0m
[PLAN TIME] (frontend failed)
Hybrid A*       : 3000.09 ms
Manipulator     : skipped
Whole-body RRT  : skipped
Frontend check  : skipped
Initialization  : skipped
Optimization    : skipped
Safety check    : skipped
Time scaling    : skipped
Safety recheck  : skipped
Total           : 3002.93 ms
[33m[WARN] [1787763308.096869916]: [Kino Astar]: NO_PATH. Exceeds maximum time 3.000 s[0m
[33m[WARN] [1787763308.097038003]: KinoAstar: Hybrid A* NO_PATH; refuse straight/RRT fallback (failures=3/5). start=(-3.51,-0.30) goal=(5.11,1.25)[0m
[47;30m
[replan 38]==============================================[0m
[0m[INFO] [1787763305.096823621]: continous_failures_count: 3[0m
[PLAN TIME] (frontend failed)
Hybrid A*       : 3000.05 ms
Manipulator     : skipped
Whole-body RRT  : skipped
Frontend check  : skipped
Initialization  : skipped
Optimization    : skipped
Safety check    : skipped
Time scaling    : skipped
Safety recheck  : skipped
Total           : 3003.04 ms
[33m[WARN] [1787763311.099974053]: [Kino Astar]: NO_PATH. Exceeds maximum time 3.000 s[0m
[33m[WARN] [1787763311.100142651]: KinoAstar: Hybrid A* NO_PATH; refuse straight/RRT fallback (failures=4/5). start=(-3.51,-0.30) goal=(5.11,1.25)[0m
[47;30m
[replan 39]==============================================[0m
[0m[INFO] [1787763308.099879700]: continous_failures_count: 4[0m
[PLAN TIME] (frontend failed)
Hybrid A*       : 3000.10 ms
Manipulator     : skipped
Whole-body RRT  : skipped
Frontend check  : skipped
Initialization  : skipped
Optimization    : skipped
Safety check    : skipped
Time scaling    : skipped
Safety recheck  : skipped
Total           : 3003.09 ms
[33m[WARN] [1787763311.103084962]: KinoAstar: switching to whole-body RRT after 5 failures. start=(-3.51,-0.30) goal=(5.11,1.25)[0m
[47;30m
[replan 40]==============================================[0m
[0m[INFO] [1787763311.102940703]: continous_failures_count: 5[0m
[RRT TIME] search = 210.398 ms
[RRT TIME] reconstruction = 1290.54 ms
[RRT TIME] total = 1500.94 ms
[33m[WARN] [1787763312.604575361]: KinoAstar: frontend path not free (coll=0) at piece 0 idx 5; reject[0m
[PLAN TIME] (frontend failed)
Hybrid A*       : skipped
Manipulator     : 0.37 ms
Whole-body RRT  : 1500.95 ms
Frontend check  : 0.15 ms
Initialization  : skipped
Optimization    : skipped
Safety check    : skipped
Time scaling    : skipped
Safety recheck  : skipped
Total           : 1504.43 ms
[RRT TIME] search = 54.5805 ms
[RRT TIME] reconstruction = 954.62 ms
[RRT TIME] total = 1009.2 ms
[PLAN TIME] (frontend failed)
Hybrid A*       : skipped
Manipulator     : 0.37 ms
Whole-body RRT  : 1009.23 ms
Frontend check  : 0.13 ms
Initialization  : skipped
Optimization    : skipped
Safety check    : skipped
Time scaling    : skipped
Safety recheck  : skipped
Total           : 1010 ms
[33m[WARN] [1787763313.614910824]: KinoAstar: switching to whole-body RRT after 7 failures. start=(-3.51,-0.30) goal=(5.11,1.25)[0m
[47;30m
[replan 42]==============================================[0m
[0m[INFO] [1787763313.614740385]: continous_failures_count: 7[0m
[RRT TIME] search = 86.6509 ms
[RRT TIME] reconstruction = 1293.98 ms
[RRT TIME] total = 1380.63 ms
[33m[WARN] [1787763315.510242675]: car collision at time 7.710000![0m
[0m[INFO] [1787763315.491106279]: The optimization result is : Success: met stopping criteria (delta).[0m
[BACKEND COLLISION]
[BACKEND COLLISION] type = car
[BACKEND COLLISION] time = 7.71
[BACKEND COLLISION] traj duration = 24.089 s
[BACKEND COLLISION] position base = -1.21559 1.40883
[BACKEND COLLISION] arm q =  0.103891 -0.240222  -0.10292  0.744616   1.56368  0.691963
[PLAN TIME] (opt/safety failed)
Hybrid A*       : skipped
Manipulator     : 0.37 ms
Whole-body RRT  : 1380.65 ms
Frontend check  : 0.41 ms
Initialization  : 0.020386 ms
Optimization    : 494.614 ms
Safety check    : 19.1254 ms
Time scaling    : skipped
Safety recheck  : skipped
Total           : 1895.66 ms
[RRT TIME] search = 113.953 ms
[RRT TIME] reconstruction = 1387.02 ms
[RRT TIME] total = 1500.97 ms
[33m[WARN] [1787763317.886474692]: car collision at time 16.160000![0m
[0m[INFO] [1787763317.846341912]: The optimization result is : Success: met stopping criteria (delta).[0m
[BACKEND COLLISION]
[BACKEND COLLISION] type = car
[BACKEND COLLISION] time = 16.16
[BACKEND COLLISION] traj duration = 34.6774 s
[BACKEND COLLISION] position base = -1.24921 1.42523
[BACKEND COLLISION] arm q =    -0.38894  -0.0116032    -0.19235 -0.00970935     1.85917    0.818591
[PLAN TIME] (opt/safety failed)
Hybrid A*       : skipped
Manipulator     : 0.39 ms
Whole-body RRT  : 1500.99 ms
Frontend check  : 0.60 ms
Initialization  : 0.026889 ms
Optimization    : 832.161 ms
Safety check    : 40.1196 ms
Time scaling    : skipped
Safety recheck  : skipped
Total           : 2374.71 ms
[33m[WARN] [1787763317.889068147]: KinoAstar: switching to whole-body RRT after 9 failures. start=(-3.51,-0.30) goal=(5.11,1.25)[0m
[47;30m
[replan 44]==============================================[0m
[0m[INFO] [1787763317.888918479]: continous_failures_count: 9[0m
[RRT TIME] search = 110.503 ms
[RRT TIME] reconstruction = 919.858 ms
[RRT TIME] total = 1030.36 ms
[33m[WARN] [1787763318.920009311]: KinoAstar: frontend path not free (coll=0) at piece 0 idx 5; reject[0m
[PLAN TIME] (frontend failed)
Hybrid A*       : skipped
Manipulator     : 0.38 ms
Whole-body RRT  : 1030.39 ms
Frontend check  : 0.15 ms
Initialization  : skipped
Optimization    : skipped
Safety check    : skipped
Time scaling    : skipped
Safety recheck  : skipped
Total           : 1031.23 ms
[0m[INFO] [1787763318.920036485]: [FSM]: stay in GEN_NEW_TRAJ (x2)[0m
[RRT TIME] search = 245.966 ms
[RRT TIME] reconstruction = 1255.84 ms
[RRT TIME] total = 1501.81 ms
[PLAN TIME] (frontend failed)
Hybrid A*       : skipped
Manipulator     : 0.39 ms
Whole-body RRT  : 1501.84 ms
Frontend check  : 0.25 ms
Initialization  : skipped
Optimization    : skipped
Safety check    : skipped
Time scaling    : skipped
Safety recheck  : skipped
Total           : 1502.76 ms
[33m[WARN] [1787763320.433220334]: KinoAstar: switching to whole-body RRT after 11 failures. start=(-3.51,-0.30) goal=(5.11,1.25)[0m
[47;30m
[replan 46]==============================================[0m
[0m[INFO] [1787763320.433053621]: continous_failures_count: 11[0m
[RRT TIME] search = 340.516 ms
[RRT TIME] reconstruction = 645.134 ms
[RRT TIME] total = 985.65 ms
[33m[WARN] [1787763321.419448067]: KinoAstar: frontend path not free (coll=0) at piece 0 idx 4; reject[0m
[PLAN TIME] (frontend failed)
Hybrid A*       : skipped
Manipulator     : 0.40 ms
Whole-body RRT  : 985.69 ms
Frontend check  : 0.14 ms
Initialization  : skipped
Optimization    : skipped
Safety check    : skipped
Time scaling    : skipped
Safety recheck  : skipped
Total           : 986.55 ms
[RRT TIME] search = 100.057 ms
[RRT TIME] reconstruction = 1326.92 ms
[RRT TIME] total = 1426.98 ms
[PLAN TIME] (frontend failed)
Hybrid A*       : skipped
Manipulator     : 0.37 ms
Whole-body RRT  : 1427.02 ms
Frontend check  : 0.13 ms
Initialization  : skipped
Optimization    : skipped
Safety check    : skipped
Time scaling    : skipped
Safety recheck  : skipped
Total           : 1427.8 ms
[33m[WARN] [1787763322.847573366]: KinoAstar: switching to whole-body RRT after 13 failures. start=(-3.51,-0.30) goal=(5.11,1.25)[0m
[47;30m
[replan 48]==============================================[0m
[0m[INFO] [1787763322.847406110]: continous_failures_count: 13[0m
[RRT TIME] search = 108.84 ms
[RRT TIME] reconstruction = 1295.97 ms
[RRT TIME] total = 1404.81 ms
[33m[WARN] [1787763324.252921007]: KinoAstar: frontend path not free (coll=0) at piece 0 idx 4; reject[0m
[PLAN TIME] (frontend failed)
Hybrid A*       : skipped
Manipulator     : 0.37 ms
Whole-body RRT  : 1404.84 ms
Frontend check  : 0.13 ms
Initialization  : skipped
Optimization    : skipped
Safety check    : skipped
Time scaling    : skipped
Safety recheck  : skipped
Total           : 1405.66 ms
[RRT TIME] search = 271.916 ms
[RRT TIME] reconstruction = 1229.11 ms
[RRT TIME] total = 1501.03 ms
[33m[WARN] [1787763326.826297072]: 4.000210 max left wheel omega is not feasible at relative time 2.720000! opt failed[0m
[0m[INFO] [1787763326.819593436]: The optimization result is : Success: met stopping criteria (delta).[0m
[TIME SCALE] dynamics-only violation detected
[TIME SCALE] peak wheel omega = 4.00039 rad/s
[TIME SCALE] wheel omega hard limit = 4 rad/s
[TIME SCALE] wheel omega target = 3.8 rad/s
[TIME SCALE] peak wheel alpha = 5.39599 rad/s^2
[TIME SCALE] wheel alpha hard limit = 8 rad/s^2
[TIME SCALE] wheel alpha target = 7.6 rad/s^2
[TIME SCALE] peak joint vel = 0.437994
[TIME SCALE] peak joint acc = 0.305946
[TIME SCALE] selected scale = 1.07379
[TIME SCALE] attempt = 1/2
[TIME SCALE] cumulative scale = 1.07379
[TIME SCALE] duration old = 35.9347 s
[TIME SCALE] duration new = 38.5863 s
[TIME SCALE] safety recheck passed
[TIME SCALE] peak wheel omega after scaling = 3.7255 rad/s
[TIME SCALE] peak wheel alpha after scaling = 4.68017 rad/s^2
[TIME SCALE] accepted
[34mtotal time: 2753.93, init: 1502.48, optimize: 1251.45, avg_time: 2570.99, count_success: 4[0m
[PLAN TIME]
Hybrid A*       : skipped
Manipulator     : 0.37 ms
Whole-body RRT  : 1501.06 ms
Frontend check  : 0.65 ms
Initialization  : 0.028846 ms
Optimization    : 1064.13 ms
Safety check    : 90.5837 ms
Time scaling    : 0.04 ms
Safety recheck  : 96.61 ms
Total           : 2753.93 ms
[FSM]: from GEN_NEW_TRAJ to EXEC_TRAJ
[FSM]: from EXEC_TRAJ to WAIT_TARGET
