... logging to /home/gzz/.ros/log/90d8b96c-954c-11f1-bbbd-e12b9177415c/roslaunch-GZZ-1060225.log
Checking log directory for disk usage. This may take a while.
Press Ctrl-C to interrupt
Done checking log file disk usage. Usage is <1GB.
]2;/home/gzz/Codes/wbc/remani_planner/src/REMANI-Planner/remani_planner/plan_manage/launch/remani_sim.launch
[1mstarted roslaunch server http://GZZ:40931/[0m

SUMMARY
========

PARAMETERS
 * /fake_mm/fake_mm/pub_urdf_joint_states: True
 * /fake_mm/fsm/init_gripper_close: False
 * /fake_mm/fsm/init_state: [-5.0, 0.0, 0.0, ...
 * /fake_mm/fsm/init_yaw: 0.0
 * /fake_mm/fsm/waypoint0: [0.0, 0.0, 0.0, 0...
 * /fake_mm/fsm/waypoint0_gripper_close: True
 * /fake_mm/fsm/waypoint0_yaw: 0.0
 * /fake_mm/fsm/waypoint1: [5.0, 0.0, 0.0, 0...
 * /fake_mm/fsm/waypoint1_gripper_close: False
 * /fake_mm/fsm/waypoint1_yaw: 0.0
 * /fake_mm/fsm/waypoint_num: 2
 * /fake_mm/map/map_type: 0
 * /fake_mm/mm/base_mani_fixed_joint_xyz_ypr: [0.2462, 0.0, 0.1...
 * /fake_mm/mm/manipulator_config: [0.1765, 0.607, 0...
 * /fake_mm/mm/manipulator_dof: 6
 * /fake_mm/mm/manipulator_max_acc: 1.57
 * /fake_mm/mm/manipulator_max_pos: [3.0, 1.5, 2.8, 3...
 * /fake_mm/mm/manipulator_max_vel: 0.8
 * /fake_mm/mm/manipulator_min_pos: [-3.0, -1.5, -2.8...
 * /fake_mm/mm/manipulator_self_thickness: 0.045
 * /fake_mm/mm/manipulator_thickness: 0.1
 * /fake_mm/mm/manipulator_type: cr10
 * /fake_mm/mm/mobile_base_check_radius: 0.1
 * /fake_mm/mm/mobile_base_dof: 2
 * /fake_mm/mm/mobile_base_height: 0.15
 * /fake_mm/mm/mobile_base_length: 1.1
 * /fake_mm/mm/mobile_base_max_wheel_alpha: 8.0
 * /fake_mm/mm/mobile_base_max_wheel_omega: 4.0
 * /fake_mm/mm/mobile_base_non_singul_vel: 0.05
 * /fake_mm/mm/mobile_base_wheel_base: 0.56
 * /fake_mm/mm/mobile_base_wheel_radius: 0.125
 * /fake_mm/mm/mobile_base_width: 0.9
 * /fsm/target_type: 1
 * /map_generator/bridges: [[0.0, 0.0, 1.0, ...
 * /map_generator/clear_centers: [[-5.0, 0.0], [-2...
 * /map_generator/clear_radius: 3.0
 * /map_generator/fsm/init_gripper_close: False
 * /map_generator/fsm/init_state: [-5.0, 0.0, 0.0, ...
 * /map_generator/fsm/init_yaw: 0.0
 * /map_generator/fsm/waypoint0: [0.0, 0.0, 0.0, 0...
 * /map_generator/fsm/waypoint0_gripper_close: True
 * /map_generator/fsm/waypoint0_yaw: 0.0
 * /map_generator/fsm/waypoint1: [5.0, 0.0, 0.0, 0...
 * /map_generator/fsm/waypoint1_gripper_close: False
 * /map_generator/fsm/waypoint1_yaw: 0.0
 * /map_generator/fsm/waypoint_num: 2
 * /map_generator/map/float_obs_num: 2
 * /map_generator/map/map_type: 0
 * /map_generator/map/obs_num: 4
 * /map_generator/map/resolution: 0.05
 * /map_generator/map/seed: 30
 * /map_generator/map/x_size: 16
 * /map_generator/map/y_size: 12
 * /map_generator/map/z_size: 3
 * /map_generator/min_distance: 2.5
 * /map_generator/mm/base_mani_fixed_joint_xyz_ypr: [0.2462, 0.0, 0.1...
 * /map_generator/mm/manipulator_config: [0.1765, 0.607, 0...
 * /map_generator/mm/manipulator_dof: 6
 * /map_generator/mm/manipulator_max_acc: 1.57
 * /map_generator/mm/manipulator_max_pos: [3.0, 1.5, 2.8, 3...
 * /map_generator/mm/manipulator_max_vel: 0.8
 * /map_generator/mm/manipulator_min_pos: [-3.0, -1.5, -2.8...
 * /map_generator/mm/manipulator_self_thickness: 0.045
 * /map_generator/mm/manipulator_thickness: 0.1
 * /map_generator/mm/manipulator_type: cr10
 * /map_generator/mm/mobile_base_check_radius: 0.1
 * /map_generator/mm/mobile_base_dof: 2
 * /map_generator/mm/mobile_base_height: 0.15
 * /map_generator/mm/mobile_base_length: 1.1
 * /map_generator/mm/mobile_base_max_wheel_alpha: 8.0
 * /map_generator/mm/mobile_base_max_wheel_omega: 4.0
 * /map_generator/mm/mobile_base_non_singul_vel: 0.05
 * /map_generator/mm/mobile_base_wheel_base: 0.56
 * /map_generator/mm/mobile_base_wheel_radius: 0.125
 * /map_generator/mm/mobile_base_width: 0.9
 * /map_generator/pub_rate: 1.0
 * /mm_controller_node/fsm/emergency_time: 1.5
 * /mm_controller_node/fsm/global_plan: True
 * /mm_controller_node/fsm/init_gripper_close: False
 * /mm_controller_node/fsm/init_state: [-5.0, 0.0, 0.0, ...
 * /mm_controller_node/fsm/init_yaw: 0.0
 * /mm_controller_node/fsm/planning_horizon: 5.0
 * /mm_controller_node/fsm/replan_trajectory_time: 1.7
 * /mm_controller_node/fsm/target_type: 2
 * /mm_controller_node/fsm/thresh_replan_time: 2.5
 * /mm_controller_node/fsm/time_for_gripper: 0.05
 * /mm_controller_node/fsm/waypoint0: [0.0, 0.0, 0.0, 0...
 * /mm_controller_node/fsm/waypoint0_gripper_close: True
 * /mm_controller_node/fsm/waypoint0_yaw: 0.0
 * /mm_controller_node/fsm/waypoint1: [5.0, 0.0, 0.0, 0...
 * /mm_controller_node/fsm/waypoint1_gripper_close: False
 * /mm_controller_node/fsm/waypoint1_yaw: 0.0
 * /mm_controller_node/fsm/waypoint_num: 2
 * /mm_controller_node/grid_map/use_global_map: False
 * /mm_controller_node/grid_map/use_load_map: True
 * /mm_controller_node/map/map_type: 0
 * /mm_controller_node/mm/base_mani_fixed_joint_xyz_ypr: [0.2462, 0.0, 0.1...
 * /mm_controller_node/mm/manipulator_config: [0.1765, 0.607, 0...
 * /mm_controller_node/mm/manipulator_dof: 6
 * /mm_controller_node/mm/manipulator_max_acc: 1.57
 * /mm_controller_node/mm/manipulator_max_pos: [3.0, 1.5, 2.8, 3...
 * /mm_controller_node/mm/manipulator_max_vel: 0.8
 * /mm_controller_node/mm/manipulator_min_pos: [-3.0, -1.5, -2.8...
 * /mm_controller_node/mm/manipulator_self_thickness: 0.045
 * /mm_controller_node/mm/manipulator_thickness: 0.1
 * /mm_controller_node/mm/manipulator_type: cr10
 * /mm_controller_node/mm/mobile_base_check_radius: 0.1
 * /mm_controller_node/mm/mobile_base_dof: 2
 * /mm_controller_node/mm/mobile_base_height: 0.15
 * /mm_controller_node/mm/mobile_base_length: 1.1
 * /mm_controller_node/mm/mobile_base_max_wheel_alpha: 8.0
 * /mm_controller_node/mm/mobile_base_max_wheel_omega: 4.0
 * /mm_controller_node/mm/mobile_base_non_singul_vel: 0.05
 * /mm_controller_node/mm/mobile_base_wheel_base: 0.56
 * /mm_controller_node/mm/mobile_base_wheel_radius: 0.125
 * /mm_controller_node/mm/mobile_base_width: 0.9
 * /mm_controller_node/optimization/constrain_points_perPiece: 16
 * /mm_controller_node/optimization/dense_sample_resolution: 16
 * /mm_controller_node/optimization/ground_safe_dis: 0.03
 * /mm_controller_node/optimization/ground_safe_margin: 0.03
 * /mm_controller_node/optimization/mobile_base_opt_gear: True
 * /mm_controller_node/optimization/safe_margin: 0.1
 * /mm_controller_node/optimization/safe_margin_mani: 0.15
 * /mm_controller_node/optimization/self_safe_margin: 0.1
 * /mm_controller_node/optimization/weight_base_feasibility: 100.0
 * /mm_controller_node/optimization/weight_manipulator_feasibility: 100.0
 * /mm_controller_node/optimization/weight_manipulator_obstacle: 80000.0
 * /mm_controller_node/optimization/weight_manipulator_self: 1000.0
 * /mm_controller_node/optimization/weight_obstacle: 50000.0
 * /mm_controller_node/optimization/weight_time: 1.0
 * /mm_controller_node/search/allocate_num: 100000
 * /mm_controller_node/search/check_num: 16
 * /mm_controller_node/search/curvatureDisCoe: 0.4
 * /mm_controller_node/search/dist_resolution: 0.6
 * /mm_controller_node/search/goal_rate: 0.4
 * /mm_controller_node/search/lambda_heu: 1
 * /mm_controller_node/search/max_arc: 0.4
 * /mm_controller_node/search/max_loop_num: 5000
 * /mm_controller_node/search/max_mani_search_time: 0.3
 * /mm_controller_node/search/max_sample_time: 1.5
 * /mm_controller_node/search/max_seach_time: 3.0
 * /mm_controller_node/search/min_turning_radius: 0.2
 * /mm_controller_node/search/oneshot_check_len: 0.02
 * /mm_controller_node/search/oneshot_range: 1.0
 * /mm_controller_node/search/sample_time: 0.1
 * /mm_controller_node/search/traj_back_penalty: 3.0
 * /mm_controller_node/search/traj_forward_penalty: 1.0
 * /mm_controller_node/search/traj_gear_switch_penalty: 10.0
 * /mm_controller_node/search/traj_steer_change_penalty: 2.0
 * /mm_controller_node/search/traj_steer_penalty: 5.0
 * /mm_controller_node/search/try_astar_times: 5
 * /mm_controller_node/search/yaw_resolution: 0.35
 * /mm_controller_node/visualization/enable_debug_vis: False
 * /mm_controller_node/visualization/enable_traj_mesh_vis: True
 * /mm_controller_node/visualization/his_traj_max_points: 500
 * /mm_controller_node/visualization/mesh_vis_stride: 3
 * /mm_controller_node/visualization/tf_rate_hz: 20.0
 * /mm_controller_node/visualization/vis_rate_hz: 15.0
 * /model_vis/fsm/emergency_time: 1.5
 * /model_vis/fsm/global_plan: True
 * /model_vis/fsm/init_gripper_close: False
 * /model_vis/fsm/init_state: [-5.0, 0.0, 0.0, ...
 * /model_vis/fsm/init_yaw: 0.0
 * /model_vis/fsm/planning_horizon: 5.0
 * /model_vis/fsm/replan_trajectory_time: 1.7
 * /model_vis/fsm/target_type: 2
 * /model_vis/fsm/thresh_replan_time: 2.5
 * /model_vis/fsm/time_for_gripper: 0.05
 * /model_vis/fsm/waypoint0: [0.0, 0.0, 0.0, 0...
 * /model_vis/fsm/waypoint0_gripper_close: True
 * /model_vis/fsm/waypoint0_yaw: 0.0
 * /model_vis/fsm/waypoint1: [5.0, 0.0, 0.0, 0...
 * /model_vis/fsm/waypoint1_gripper_close: False
 * /model_vis/fsm/waypoint1_yaw: 0.0
 * /model_vis/fsm/waypoint_num: 2
 * /model_vis/grid_map/use_global_map: False
 * /model_vis/grid_map/use_load_map: True
 * /model_vis/map/map_type: 0
 * /model_vis/mm/base_mani_fixed_joint_xyz_ypr: [0.2462, 0.0, 0.1...
 * /model_vis/mm/manipulator_config: [0.1765, 0.607, 0...
 * /model_vis/mm/manipulator_dof: 6
 * /model_vis/mm/manipulator_max_acc: 1.57
 * /model_vis/mm/manipulator_max_pos: [3.0, 1.5, 2.8, 3...
 * /model_vis/mm/manipulator_max_vel: 0.8
 * /model_vis/mm/manipulator_min_pos: [-3.0, -1.5, -2.8...
 * /model_vis/mm/manipulator_self_thickness: 0.045
 * /model_vis/mm/manipulator_thickness: 0.1
 * /model_vis/mm/manipulator_type: cr10
 * /model_vis/mm/mobile_base_check_radius: 0.1
 * /model_vis/mm/mobile_base_dof: 2
 * /model_vis/mm/mobile_base_height: 0.15
 * /model_vis/mm/mobile_base_length: 1.1
 * /model_vis/mm/mobile_base_max_wheel_alpha: 8.0
 * /model_vis/mm/mobile_base_max_wheel_omega: 4.0
 * /model_vis/mm/mobile_base_non_singul_vel: 0.05
 * /model_vis/mm/mobile_base_wheel_base: 0.56
 * /model_vis/mm/mobile_base_wheel_radius: 0.125
 * /model_vis/mm/mobile_base_width: 0.9
 * /model_vis/optimization/constrain_points_perPiece: 16
 * /model_vis/optimization/dense_sample_resolution: 16
 * /model_vis/optimization/ground_safe_dis: 0.03
 * /model_vis/optimization/ground_safe_margin: 0.03
 * /model_vis/optimization/mobile_base_opt_gear: True
 * /model_vis/optimization/safe_margin: 0.1
 * /model_vis/optimization/safe_margin_mani: 0.15
 * /model_vis/optimization/self_safe_margin: 0.1
 * /model_vis/optimization/weight_base_feasibility: 100.0
 * /model_vis/optimization/weight_manipulator_feasibility: 100.0
 * /model_vis/optimization/weight_manipulator_obstacle: 80000.0
 * /model_vis/optimization/weight_manipulator_self: 1000.0
 * /model_vis/optimization/weight_obstacle: 50000.0
 * /model_vis/optimization/weight_time: 1.0
 * /model_vis/search/allocate_num: 100000
 * /model_vis/search/check_num: 16
 * /model_vis/search/curvatureDisCoe: 0.4
 * /model_vis/search/dist_resolution: 0.6
 * /model_vis/search/goal_rate: 0.4
 * /model_vis/search/lambda_heu: 1
 * /model_vis/search/max_arc: 0.4
 * /model_vis/search/max_loop_num: 5000
 * /model_vis/search/max_mani_search_time: 0.3
 * /model_vis/search/max_sample_time: 1.5
 * /model_vis/search/max_seach_time: 3.0
 * /model_vis/search/min_turning_radius: 0.2
 * /model_vis/search/oneshot_check_len: 0.02
 * /model_vis/search/oneshot_range: 1.0
 * /model_vis/search/sample_time: 0.1
 * /model_vis/search/traj_back_penalty: 3.0
 * /model_vis/search/traj_forward_penalty: 1.0
 * /model_vis/search/traj_gear_switch_penalty: 10.0
 * /model_vis/search/traj_steer_change_penalty: 2.0
 * /model_vis/search/traj_steer_penalty: 5.0
 * /model_vis/search/try_astar_times: 5
 * /model_vis/search/yaw_resolution: 0.35
 * /model_vis/visualization/enable_debug_vis: False
 * /model_vis/visualization/enable_traj_mesh_vis: True
 * /model_vis/visualization/his_traj_max_points: 500
 * /model_vis/visualization/mesh_vis_stride: 3
 * /model_vis/visualization/tf_rate_hz: 20.0
 * /model_vis/visualization/vis_rate_hz: 15.0
 * /remani_planner_node/fsm/emergency_time: 1.5
 * /remani_planner_node/fsm/fail_safe: True
 * /remani_planner_node/fsm/global_plan: True
 * /remani_planner_node/fsm/init_gripper_close: False
 * /remani_planner_node/fsm/init_state: [-5.0, 0.0, 0.0, ...
 * /remani_planner_node/fsm/init_yaw: 0.0
 * /remani_planner_node/fsm/planning_horizon: 5.0
 * /remani_planner_node/fsm/replan_trajectory_time: 1.7
 * /remani_planner_node/fsm/target_type: 1
 * /remani_planner_node/fsm/thresh_no_replan_meter: 2.5
 * /remani_planner_node/fsm/thresh_replan_time: 2.5
 * /remani_planner_node/fsm/time_for_gripper: 0.05
 * /remani_planner_node/fsm/waypoint0: [0.0, 0.0, 0.0, 0...
 * /remani_planner_node/fsm/waypoint0_gripper_close: True
 * /remani_planner_node/fsm/waypoint0_yaw: 0.0
 * /remani_planner_node/fsm/waypoint1: [5.0, 0.0, 0.0, 0...
 * /remani_planner_node/fsm/waypoint1_gripper_close: False
 * /remani_planner_node/fsm/waypoint1_yaw: 0.0
 * /remani_planner_node/fsm/waypoint_num: 2
 * /remani_planner_node/grid_map/cx: 321.04638671875
 * /remani_planner_node/grid_map/cy: 243.44969177246094
 * /remani_planner_node/grid_map/depth_filter_margin: 2
 * /remani_planner_node/grid_map/depth_filter_maxdist: 5.0
 * /remani_planner_node/grid_map/depth_filter_mindist: 0.2
 * /remani_planner_node/grid_map/depth_filter_tolerance: 0.15
 * /remani_planner_node/grid_map/esdf_slice_height: -0.1
 * /remani_planner_node/grid_map/frame_id: world
 * /remani_planner_node/grid_map/fx: 387.229248046875
 * /remani_planner_node/grid_map/fy: 387.229248046875
 * /remani_planner_node/grid_map/ground_height: -0.01
 * /remani_planner_node/grid_map/k_depth_scaling_factor: 1000.0
 * /remani_planner_node/grid_map/local_bound_inflate: 0.0
 * /remani_planner_node/grid_map/local_map_margin: 15
 * /remani_planner_node/grid_map/local_update_range_x: 17
 * /remani_planner_node/grid_map/local_update_range_y: 17
 * /remani_planner_node/grid_map/local_update_range_z: 3.0
 * /remani_planner_node/grid_map/map_size_x: 20.0
 * /remani_planner_node/grid_map/map_size_y: 8.0
 * /remani_planner_node/grid_map/map_size_z: 3.0
 * /remani_planner_node/grid_map/max_ray_length: 4.5
 * /remani_planner_node/grid_map/min_ray_length: 0.1
 * /remani_planner_node/grid_map/obstacles_inflation: 0.08
 * /remani_planner_node/grid_map/p_hit: 0.65
 * /remani_planner_node/grid_map/p_max: 0.9
 * /remani_planner_node/grid_map/p_min: 0.12
 * /remani_planner_node/grid_map/p_miss: 0.35
 * /remani_planner_node/grid_map/p_occ: 0.8
 * /remani_planner_node/grid_map/pose_type: 1
 * /remani_planner_node/grid_map/resolution: 0.05
 * /remani_planner_node/grid_map/show_esdf_time: False
 * /remani_planner_node/grid_map/show_occ_time: False
 * /remani_planner_node/grid_map/skip_pixel: 2
 * /remani_planner_node/grid_map/use_depth_filter: True
 * /remani_planner_node/grid_map/use_global_map: False
 * /remani_planner_node/grid_map/use_load_map: True
 * /remani_planner_node/grid_map/virtual_ceil_height: 4.0
 * /remani_planner_node/grid_map/visualization_truncate_height: 2.8
 * /remani_planner_node/grid_map/z_length: 0.0
 * /remani_planner_node/manager/control_points_distance: 0.4
 * /remani_planner_node/manager/feasibility_tolerance: 0.05
 * /remani_planner_node/manager/polyTraj_piece_length: 2.0
 * /remani_planner_node/map/map_type: 0
 * /remani_planner_node/mm/base_mani_fixed_joint_xyz_ypr: [0.2462, 0.0, 0.1...
 * /remani_planner_node/mm/manipulator_config: [0.1765, 0.607, 0...
 * /remani_planner_node/mm/manipulator_dof: 6
 * /remani_planner_node/mm/manipulator_max_acc: 1.57
 * /remani_planner_node/mm/manipulator_max_pos: [3.0, 1.5, 2.8, 3...
 * /remani_planner_node/mm/manipulator_max_vel: 0.8
 * /remani_planner_node/mm/manipulator_min_pos: [-3.0, -1.5, -2.8...
 * /remani_planner_node/mm/manipulator_self_thickness: 0.045
 * /remani_planner_node/mm/manipulator_thickness: 0.1
 * /remani_planner_node/mm/manipulator_type: cr10
 * /remani_planner_node/mm/mobile_base_check_radius: 0.1
 * /remani_planner_node/mm/mobile_base_dof: 2
 * /remani_planner_node/mm/mobile_base_height: 0.15
 * /remani_planner_node/mm/mobile_base_length: 1.1
 * /remani_planner_node/mm/mobile_base_max_wheel_alpha: 8.0
 * /remani_planner_node/mm/mobile_base_max_wheel_omega: 4.0
 * /remani_planner_node/mm/mobile_base_non_singul_vel: 0.05
 * /remani_planner_node/mm/mobile_base_wheel_base: 0.56
 * /remani_planner_node/mm/mobile_base_wheel_radius: 0.125
 * /remani_planner_node/mm/mobile_base_width: 0.9
 * /remani_planner_node/optimization/constrain_points_perPiece: 16
 * /remani_planner_node/optimization/dense_sample_resolution: 16
 * /remani_planner_node/optimization/ground_safe_dis: 0.03
 * /remani_planner_node/optimization/ground_safe_margin: 0.03
 * /remani_planner_node/optimization/mobile_base_opt_gear: True
 * /remani_planner_node/optimization/safe_margin: 0.1
 * /remani_planner_node/optimization/safe_margin_mani: 0.15
 * /remani_planner_node/optimization/self_safe_margin: 0.1
 * /remani_planner_node/optimization/weight_base_feasibility: 100.0
 * /remani_planner_node/optimization/weight_manipulator_feasibility: 100.0
 * /remani_planner_node/optimization/weight_manipulator_obstacle: 80000.0
 * /remani_planner_node/optimization/weight_manipulator_self: 1000.0
 * /remani_planner_node/optimization/weight_obstacle: 50000.0
 * /remani_planner_node/optimization/weight_time: 1.0
 * /remani_planner_node/search/allocate_num: 100000
 * /remani_planner_node/search/check_num: 16
 * /remani_planner_node/search/curvatureDisCoe: 0.4
 * /remani_planner_node/search/dist_resolution: 0.6
 * /remani_planner_node/search/goal_rate: 0.4
 * /remani_planner_node/search/lambda_heu: 1
 * /remani_planner_node/search/max_arc: 0.4
 * /remani_planner_node/search/max_loop_num: 5000
 * /remani_planner_node/search/max_mani_search_time: 0.3
 * /remani_planner_node/search/max_sample_time: 1.5
 * /remani_planner_node/search/max_seach_time: 3.0
 * /remani_planner_node/search/min_turning_radius: 0.5
 * /remani_planner_node/search/oneshot_check_len: 0.02
 * /remani_planner_node/search/oneshot_range: 1.0
 * /remani_planner_node/search/sample_time: 0.1
 * /remani_planner_node/search/traj_back_penalty: 3.0
 * /remani_planner_node/search/traj_forward_penalty: 1.0
 * /remani_planner_node/search/traj_gear_switch_penalty: 10.0
 * /remani_planner_node/search/traj_steer_change_penalty: 2.0
 * /remani_planner_node/search/traj_steer_penalty: 5.0
 * /remani_planner_node/search/try_astar_times: 5
 * /remani_planner_node/search/yaw_resolution: 0.35
 * /remani_planner_node/visualization/enable_debug_vis: False
 * /remani_planner_node/visualization/enable_traj_mesh_vis: True
 * /remani_planner_node/visualization/his_traj_max_points: 500
 * /remani_planner_node/visualization/mesh_vis_stride: 3
 * /remani_planner_node/visualization/tf_rate_hz: 20.0
 * /remani_planner_node/visualization/vis_rate_hz: 15.0
 * /robot_description: <?xml version='1....
 * /rosdistro: noetic
 * /rosversion: 1.17.4
 * /search/max_seach_time: 3.0
 * /search/min_turning_radius: 0.5

NODES
  /
    fake_mm (fake_mm/fake_mm)
    map_generator (map_generator/map_generator)
    mm_controller_node (mm_controller/mm_controller_node)
    model_vis (fake_mm/model_vis)
    remani_planner_node (remani_planner/remani_planner_node)
    robot_state_publisher (robot_state_publisher/robot_state_publisher)
    rviz (rviz/rviz)
[33m[WARN] [1786429151.214951390]: The root link base_link has an inertia specified in the URDF, but KDL does not support a root link with an inertia.  As a workaround, you can add an extra dummy link to your URDF.[0m
[33m[WARN] [1786429151.281755451]: Finished generate Cuboids Map [0m
[0m[INFO] [1786429151.358083069]: MMConfig: type=cr10 thickness=0.100 self_thickness=0.045[0m
[0m[INFO] [1786429151.372119325]: KinoAstar: max_seach_time=3.000 s min_turning_radius=0.500[0m
[FSM]: from INIT to WAIT_TARGET
[rospack] Error: failed to parse command-line options: too many positional options have been specified on the command line
[librospack]: error while executing command
[rospack] Error: failed to parse command-line options: too many positional options have been specified on the command line
[librospack]: error while executing command
[rospack] Error: failed to parse command-line options: too many positional options have been specified on the command line
[librospack]: error while executing command
Triggered! traget type: 1
[0m[INFO] [1786429161.814082132]: FSM goal click: goal_xy=(7.086, -4.919) start_xy=(-5.000, 0.000) yaw=0.0 deg[0m
[FSM]: from WAIT_TARGET to GEN_NEW_TRAJ
[33m[WARN] [1786429164.830689460]: [Kino Astar]: NO_PATH. Exceeds maximum time 3.000 s[0m
[33m[WARN] [1786429164.830818431]: KinoAstar: Hybrid A* NO_PATH; refuse straight/RRT fallback (failures=0/5). start=(-5.00,0.00) goal=(7.09,-4.92)[0m
[47;30m
[replan 0]==============================================[0m
[0m[INFO] [1786429161.830607872]: continous_failures_count: 0[0m
[PLAN TIME] (frontend failed)
Hybrid A*       : 3000.07 ms
Manipulator     : skipped
Whole-body RRT  : skipped
Frontend check  : skipped
Initialization  : skipped
Optimization    : skipped
Safety check    : skipped
Total           : 3000.28 ms
[33m[WARN] [1786429167.836922790]: [Kino Astar]: NO_PATH. Exceeds maximum time 3.000 s[0m
[33m[WARN] [1786429167.837032394]: KinoAstar: Hybrid A* NO_PATH; refuse straight/RRT fallback (failures=1/5). start=(-5.00,0.00) goal=(7.09,-4.92)[0m
[47;30m
[replan 1]==============================================[0m
[0m[INFO] [1786429164.836863628]: continous_failures_count: 1[0m
[PLAN TIME] (frontend failed)
Hybrid A*       : 3000.06 ms
Manipulator     : skipped
Whole-body RRT  : skipped
Frontend check  : skipped
Initialization  : skipped
Optimization    : skipped
Safety check    : skipped
Total           : 3006.19 ms
[33m[WARN] [1786429170.840212982]: [Kino Astar]: NO_PATH. Exceeds maximum time 3.000 s[0m
[33m[WARN] [1786429170.840324213]: KinoAstar: Hybrid A* NO_PATH; refuse straight/RRT fallback (failures=2/5). start=(-5.00,0.00) goal=(7.09,-4.92)[0m
[47;30m
[replan 2]==============================================[0m
[0m[INFO] [1786429167.840107955]: continous_failures_count: 2[0m
[PLAN TIME] (frontend failed)
Hybrid A*       : 3000.12 ms
Manipulator     : skipped
Whole-body RRT  : skipped
Frontend check  : skipped
Initialization  : skipped
Optimization    : skipped
Safety check    : skipped
Total           : 3003.28 ms
[33m[WARN] [1786429173.843554364]: [Kino Astar]: NO_PATH. Exceeds maximum time 3.000 s[0m
[33m[WARN] [1786429173.843661108]: KinoAstar: Hybrid A* NO_PATH; refuse straight/RRT fallback (failures=3/5). start=(-5.00,0.00) goal=(7.09,-4.92)[0m
[47;30m
[replan 3]==============================================[0m
[0m[INFO] [1786429170.843402399]: continous_failures_count: 3[0m
[PLAN TIME] (frontend failed)
Hybrid A*       : 3000.16 ms
Manipulator     : skipped
Whole-body RRT  : skipped
Frontend check  : skipped
Initialization  : skipped
Optimization    : skipped
Safety check    : skipped
Total           : 3003.33 ms
[33m[WARN] [1786429176.846647682]: [Kino Astar]: NO_PATH. Exceeds maximum time 3.000 s[0m
[33m[WARN] [1786429176.846753266]: KinoAstar: Hybrid A* NO_PATH; refuse straight/RRT fallback (failures=4/5). start=(-5.00,0.00) goal=(7.09,-4.92)[0m
[47;30m
[replan 4]==============================================[0m
[0m[INFO] [1786429173.846510034]: continous_failures_count: 4[0m
[PLAN TIME] (frontend failed)
Hybrid A*       : 3000.15 ms
Manipulator     : skipped
Whole-body RRT  : skipped
Frontend check  : skipped
Initialization  : skipped
Optimization    : skipped
Safety check    : skipped
Total           : 3003.08 ms
[33m[WARN] [1786429176.849835019]: KinoAstar: switching to whole-body RRT after 5 failures. start=(-5.00,0.00) goal=(7.09,-4.92)[0m
[33m[WARN] [1786429178.349992648]: KinoAstar: whole-body RRT failed. start=(-5.00,0.00) goal=(7.09,-4.92)[0m
[47;30m
[replan 5]==============================================[0m
[0m[INFO] [1786429176.849736277]: continous_failures_count: 5[0m
[PLAN TIME] (frontend failed)
Hybrid A*       : skipped
Manipulator     : 0.09 ms
Whole-body RRT  : 1500.01 ms
Frontend check  : skipped
Initialization  : skipped
Optimization    : skipped
Safety check    : skipped
Total           : 1503.24 ms
[PLAN TIME] (frontend failed)
Hybrid A*       : skipped
Manipulator     : 0.07 ms
Whole-body RRT  : 1500.00 ms
Frontend check  : skipped
Initialization  : skipped
Optimization    : skipped
Safety check    : skipped
Total           : 1500.28 ms
[33m[WARN] [1786429179.850495199]: KinoAstar: switching to whole-body RRT after 7 failures. start=(-5.00,0.00) goal=(7.09,-4.92)[0m
[33m[WARN] [1786429181.350592955]: KinoAstar: whole-body RRT failed. start=(-5.00,0.00) goal=(7.09,-4.92)[0m
[47;30m
[replan 7]==============================================[0m
[0m[INFO] [1786429179.850398640]: continous_failures_count: 7[0m
[PLAN TIME] (frontend failed)
Hybrid A*       : skipped
Manipulator     : 0.07 ms
Whole-body RRT  : 1500.00 ms
Frontend check  : skipped
Initialization  : skipped
Optimization    : skipped
Safety check    : skipped
Total           : 1500.3 ms
[PLAN TIME] (frontend failed)
Hybrid A*       : skipped
Manipulator     : 0.06 ms
Whole-body RRT  : 1500.00 ms
Frontend check  : skipped
Initialization  : skipped
Optimization    : skipped
Safety check    : skipped
Total           : 1500.24 ms
[33m[WARN] [1786429182.851062532]: KinoAstar: switching to whole-body RRT after 9 failures. start=(-5.00,0.00) goal=(7.09,-4.92)[0m
[33m[WARN] [1786429184.351170821]: KinoAstar: whole-body RRT failed. start=(-5.00,0.00) goal=(7.09,-4.92)[0m
[47;30m
[replan 9]==============================================[0m
[0m[INFO] [1786429182.850962818]: continous_failures_count: 9[0m
[PLAN TIME] (frontend failed)
Hybrid A*       : skipped
Manipulator     : 0.07 ms
Whole-body RRT  : 1500.00 ms
Frontend check  : skipped
Initialization  : skipped
Optimization    : skipped
Safety check    : skipped
Total           : 1500.32 ms
[0m[INFO] [1786429184.351208812]: [FSM]: stay in GEN_NEW_TRAJ (x2)[0m
[PLAN TIME] (frontend failed)
Hybrid A*       : skipped
Manipulator     : 0.07 ms
Whole-body RRT  : 1500.00 ms
Frontend check  : skipped
Initialization  : skipped
Optimization    : skipped
Safety check    : skipped
Total           : 1500.28 ms
[33m[WARN] [1786429185.861899076]: KinoAstar: switching to whole-body RRT after 11 failures. start=(-5.00,0.00) goal=(7.09,-4.92)[0m
[33m[WARN] [1786429187.362064908]: KinoAstar: whole-body RRT failed. start=(-5.00,0.00) goal=(7.09,-4.92)[0m
[47;30m
[replan 11]==============================================[0m
[0m[INFO] [1786429185.861795065]: continous_failures_count: 11[0m
[PLAN TIME] (frontend failed)
Hybrid A*       : skipped
Manipulator     : 0.07 ms
Whole-body RRT  : 1500.01 ms
Frontend check  : skipped
Initialization  : skipped
Optimization    : skipped
Safety check    : skipped
Total           : 1500.74 ms
[PLAN TIME] (frontend failed)
Hybrid A*       : skipped
Manipulator     : 0.18 ms
Whole-body RRT  : 1500.01 ms
Frontend check  : skipped
Initialization  : skipped
Optimization    : skipped
Safety check    : skipped
Total           : 1500.65 ms
[33m[WARN] [1786429188.863640741]: KinoAstar: switching to whole-body RRT after 13 failures. start=(-5.00,0.00) goal=(7.09,-4.92)[0m
[33m[WARN] [1786429190.363757746]: KinoAstar: whole-body RRT failed. start=(-5.00,0.00) goal=(7.09,-4.92)[0m
[47;30m
[replan 13]==============================================[0m
[0m[INFO] [1786429188.863539032]: continous_failures_count: 13[0m
[PLAN TIME] (frontend failed)
Hybrid A*       : skipped
Manipulator     : 0.07 ms
Whole-body RRT  : 1500.00 ms
Frontend check  : skipped
Initialization  : skipped
Optimization    : skipped
Safety check    : skipped
Total           : 1500.35 ms
[PLAN TIME] (frontend failed)
Hybrid A*       : skipped
Manipulator     : 0.07 ms
Whole-body RRT  : 1500.00 ms
Frontend check  : skipped
Initialization  : skipped
Optimization    : skipped
Safety check    : skipped
Total           : 1500.25 ms
[33m[WARN] [1786429191.864276716]: KinoAstar: switching to whole-body RRT after 15 failures. start=(-5.00,0.00) goal=(7.09,-4.92)[0m
[33m[WARN] [1786429193.364389128]: KinoAstar: whole-body RRT failed. start=(-5.00,0.00) goal=(7.09,-4.92)[0m
[47;30m
[replan 15]==============================================[0m
[0m[INFO] [1786429191.864173105]: continous_failures_count: 15[0m
[PLAN TIME] (frontend failed)
Hybrid A*       : skipped
Manipulator     : 0.07 ms
Whole-body RRT  : 1500.00 ms
Frontend check  : skipped
Initialization  : skipped
Optimization    : skipped
Safety check    : skipped
Total           : 1500.35 ms
[PLAN TIME] (frontend failed)
Hybrid A*       : skipped
Manipulator     : 0.07 ms
Whole-body RRT  : 1500.00 ms
Frontend check  : skipped
Initialization  : skipped
Optimization    : skipped
Safety check    : skipped
Total           : 1500.27 ms
[33m[WARN] [1786429194.865026939]: KinoAstar: switching to whole-body RRT after 17 failures. start=(-5.00,0.00) goal=(7.09,-4.92)[0m
[33m[WARN] [1786429196.365167592]: KinoAstar: whole-body RRT failed. start=(-5.00,0.00) goal=(7.09,-4.92)[0m
[47;30m
[replan 17]==============================================[0m
[0m[INFO] [1786429194.864875448]: continous_failures_count: 17[0m
[PLAN TIME] (frontend failed)
Hybrid A*       : skipped
Manipulator     : 0.09 ms
Whole-body RRT  : 1500.01 ms
Frontend check  : skipped
Initialization  : skipped
Optimization    : skipped
Safety check    : skipped
Total           : 1500.47 ms
[PLAN TIME] (frontend failed)
Hybrid A*       : skipped
Manipulator     : 0.07 ms
Whole-body RRT  : 1500.00 ms
Frontend check  : skipped
Initialization  : skipped
Optimization    : skipped
Safety check    : skipped
Total           : 1500.26 ms
[33m[WARN] [1786429197.865659152]: KinoAstar: switching to whole-body RRT after 19 failures. start=(-5.00,0.00) goal=(7.09,-4.92)[0m
[33m[WARN] [1786429199.365775250]: KinoAstar: whole-body RRT failed. start=(-5.00,0.00) goal=(7.09,-4.92)[0m
[47;30m
[replan 19]==============================================[0m
[0m[INFO] [1786429197.865560835]: continous_failures_count: 19[0m
[PLAN TIME] (frontend failed)
Hybrid A*       : skipped
Manipulator     : 0.07 ms
Whole-body RRT  : 1500.00 ms
Frontend check  : skipped
Initialization  : skipped
Optimization    : skipped
Safety check    : skipped
Total           : 1500.32 ms
[0m[INFO] [1786429199.365810262]: [FSM]: stay in GEN_NEW_TRAJ (x3)[0m
[PLAN TIME] (frontend failed)
Hybrid A*       : skipped
Manipulator     : 0.07 ms
Whole-body RRT  : 1500.00 ms
Frontend check  : skipped
Initialization  : skipped
Optimization    : skipped
Safety check    : skipped
Total           : 1500.28 ms
[33m[WARN] [1786429200.876517314]: KinoAstar: switching to whole-body RRT after 21 failures. start=(-5.00,0.00) goal=(7.09,-4.92)[0m
[33m[WARN] [1786429202.376640246]: KinoAstar: whole-body RRT failed. start=(-5.00,0.00) goal=(7.09,-4.92)[0m
[47;30m
[replan 21]==============================================[0m
[0m[INFO] [1786429200.876415002]: continous_failures_count: 21[0m
[PLAN TIME] (frontend failed)
Hybrid A*       : skipped
Manipulator     : 0.08 ms
Whole-body RRT  : 1500.00 ms
Frontend check  : skipped
Initialization  : skipped
Optimization    : skipped
Safety check    : skipped
Total           : 1500.34 ms
[PLAN TIME] (frontend failed)
Hybrid A*       : skipped
Manipulator     : 0.07 ms
Whole-body RRT  : 1500.00 ms
Frontend check  : skipped
Initialization  : skipped
Optimization    : skipped
Safety check    : skipped
Total           : 1500.24 ms
[33m[WARN] [1786429203.877104328]: KinoAstar: switching to whole-body RRT after 23 failures. start=(-5.00,0.00) goal=(7.09,-4.92)[0m
[33m[WARN] [1786429205.377223379]: KinoAstar: whole-body RRT failed. start=(-5.00,0.00) goal=(7.09,-4.92)[0m
[47;30m
[replan 23]==============================================[0m
[0m[INFO] [1786429203.877005033]: continous_failures_count: 23[0m
[PLAN TIME] (frontend failed)
Hybrid A*       : skipped
Manipulator     : 0.08 ms
Whole-body RRT  : 1500.00 ms
Frontend check  : skipped
Initialization  : skipped
Optimization    : skipped
Safety check    : skipped
Total           : 1500.32 ms
[PLAN TIME] (frontend failed)
Hybrid A*       : skipped
Manipulator     : 0.07 ms
Whole-body RRT  : 1500.00 ms
Frontend check  : skipped
Initialization  : skipped
Optimization    : skipped
Safety check    : skipped
Total           : 1500.27 ms
[33m[WARN] [1786429206.877779196]: KinoAstar: switching to whole-body RRT after 25 failures. start=(-5.00,0.00) goal=(7.09,-4.92)[0m
[33m[WARN] [1786429208.377910397]: KinoAstar: whole-body RRT failed. start=(-5.00,0.00) goal=(7.09,-4.92)[0m
[47;30m
[replan 25]==============================================[0m
[0m[INFO] [1786429206.877666186]: continous_failures_count: 25[0m
[PLAN TIME] (frontend failed)
Hybrid A*       : skipped
Manipulator     : 0.07 ms
Whole-body RRT  : 1500.00 ms
Frontend check  : skipped
Initialization  : skipped
Optimization    : skipped
Safety check    : skipped
Total           : 1500.39 ms
[PLAN TIME] (frontend failed)
Hybrid A*       : skipped
Manipulator     : 0.07 ms
Whole-body RRT  : 1500.00 ms
Frontend check  : skipped
Initialization  : skipped
Optimization    : skipped
Safety check    : skipped
Total           : 1500.28 ms
[33m[WARN] [1786429209.878680503]: KinoAstar: switching to whole-body RRT after 27 failures. start=(-5.00,0.00) goal=(7.09,-4.92)[0m
[33m[WARN] [1786429211.378861526]: KinoAstar: whole-body RRT failed. start=(-5.00,0.00) goal=(7.09,-4.92)[0m
[47;30m
[replan 27]==============================================[0m
[0m[INFO] [1786429209.878519587]: continous_failures_count: 27[0m
[PLAN TIME] (frontend failed)
Hybrid A*       : skipped
Manipulator     : 0.10 ms
Whole-body RRT  : 1500.01 ms
Frontend check  : skipped
Initialization  : skipped
Optimization    : skipped
Safety check    : skipped
Total           : 1500.61 ms
[PLAN TIME] (frontend failed)
Hybrid A*       : skipped
Manipulator     : 0.09 ms
Whole-body RRT  : 1500.01 ms
Frontend check  : skipped
Initialization  : skipped
Optimization    : skipped
Safety check    : skipped
Total           : 1500.42 ms
[33m[WARN] [1786429212.879632889]: KinoAstar: switching to whole-body RRT after 29 failures. start=(-5.00,0.00) goal=(7.09,-4.92)[0m
[33m[WARN] [1786429214.379778734]: KinoAstar: whole-body RRT failed. start=(-5.00,0.00) goal=(7.09,-4.92)[0m
[47;30m
[replan 29]==============================================[0m
[0m[INFO] [1786429212.879504320]: continous_failures_count: 29[0m
[PLAN TIME] (frontend failed)
Hybrid A*       : skipped
Manipulator     : 0.08 ms
Whole-body RRT  : 1500.01 ms
Frontend check  : skipped
Initialization  : skipped
Optimization    : skipped
Safety check    : skipped
Total           : 1500.45 ms
[0m[INFO] [1786429214.379819880]: [FSM]: stay in GEN_NEW_TRAJ (x4)[0m
[PLAN TIME] (frontend failed)
Hybrid A*       : skipped
Manipulator     : 0.09 ms
Whole-body RRT  : 1500.01 ms
Frontend check  : skipped
Initialization  : skipped
Optimization    : skipped
Safety check    : skipped
Total           : 1500.36 ms
[33m[WARN] [1786429215.890773505]: KinoAstar: switching to whole-body RRT after 31 failures. start=(-5.00,0.00) goal=(7.09,-4.92)[0m
[33m[WARN] [1786429217.390946629]: KinoAstar: whole-body RRT failed. start=(-5.00,0.00) goal=(7.09,-4.92)[0m
[47;30m
[replan 31]==============================================[0m
[0m[INFO] [1786429215.890613105]: continous_failures_count: 31[0m
[PLAN TIME] (frontend failed)
Hybrid A*       : skipped
Manipulator     : 0.10 ms
Whole-body RRT  : 1500.01 ms
Frontend check  : skipped
Initialization  : skipped
Optimization    : skipped
Safety check    : skipped
Total           : 1500.56 ms
[PLAN TIME] (frontend failed)
Hybrid A*       : skipped
Manipulator     : 0.09 ms
Whole-body RRT  : 1500.01 ms
Frontend check  : skipped
Initialization  : skipped
Optimization    : skipped
Safety check    : skipped
Total           : 1500.37 ms
[33m[WARN] [1786429218.891633838]: KinoAstar: switching to whole-body RRT after 33 failures. start=(-5.00,0.00) goal=(7.09,-4.92)[0m
[33m[WARN] [1786429220.391776230]: KinoAstar: whole-body RRT failed. start=(-5.00,0.00) goal=(7.09,-4.92)[0m
[47;30m
[replan 33]==============================================[0m
[0m[INFO] [1786429218.891506479]: continous_failures_count: 33[0m
[PLAN TIME] (frontend failed)
Hybrid A*       : skipped
Manipulator     : 0.08 ms
Whole-body RRT  : 1500.01 ms
Frontend check  : skipped
Initialization  : skipped
Optimization    : skipped
Safety check    : skipped
Total           : 1500.42 ms
[PLAN TIME] (frontend failed)
Hybrid A*       : skipped
Manipulator     : 0.09 ms
Whole-body RRT  : 1500.01 ms
Frontend check  : skipped
Initialization  : skipped
Optimization    : skipped
Safety check    : skipped
Total           : 1500.31 ms
[33m[WARN] [1786429221.892438368]: KinoAstar: switching to whole-body RRT after 35 failures. start=(-5.00,0.00) goal=(7.09,-4.92)[0m
[33m[WARN] [1786429223.392597453]: KinoAstar: whole-body RRT failed. start=(-5.00,0.00) goal=(7.09,-4.92)[0m
[47;30m
[replan 35]==============================================[0m
[0m[INFO] [1786429221.892279102]: continous_failures_count: 35[0m
[PLAN TIME] (frontend failed)
Hybrid A*       : skipped
Manipulator     : 0.10 ms
Whole-body RRT  : 1500.00 ms
Frontend check  : skipped
Initialization  : skipped
Optimization    : skipped
Safety check    : skipped
Total           : 1500.47 ms
[PLAN TIME] (frontend failed)
Hybrid A*       : skipped
Manipulator     : 0.08 ms
Whole-body RRT  : 1500.00 ms
Frontend check  : skipped
Initialization  : skipped
Optimization    : skipped
Safety check    : skipped
Total           : 1500.35 ms
[33m[WARN] [1786429224.893433890]: KinoAstar: switching to whole-body RRT after 37 failures. start=(-5.00,0.00) goal=(7.09,-4.92)[0m
[33m[WARN] [1786429226.393629402]: KinoAstar: whole-body RRT failed. start=(-5.00,0.00) goal=(7.09,-4.92)[0m
[47;30m
[replan 37]==============================================[0m
[0m[INFO] [1786429224.893249463]: continous_failures_count: 37[0m
[PLAN TIME] (frontend failed)
Hybrid A*       : skipped
Manipulator     : 0.12 ms
Whole-body RRT  : 1500.00 ms
Frontend check  : skipped
Initialization  : skipped
Optimization    : skipped
Safety check    : skipped
Total           : 1500.63 ms
[PLAN TIME] (frontend failed)
Hybrid A*       : skipped
Manipulator     : 0.08 ms
Whole-body RRT  : 1500.00 ms
Frontend check  : skipped
Initialization  : skipped
Optimization    : skipped
Safety check    : skipped
Total           : 1500.31 ms
[33m[WARN] [1786429227.894270139]: KinoAstar: switching to whole-body RRT after 39 failures. start=(-5.00,0.00) goal=(7.09,-4.92)[0m
[33m[WARN] [1786429229.394401570]: KinoAstar: whole-body RRT failed. start=(-5.00,0.00) goal=(7.09,-4.92)[0m
[47;30m
[replan 39]==============================================[0m
[0m[INFO] [1786429227.894143161]: continous_failures_count: 39[0m
[PLAN TIME] (frontend failed)
Hybrid A*       : skipped
Manipulator     : 0.08 ms
Whole-body RRT  : 1500.00 ms
Frontend check  : skipped
Initialization  : skipped
Optimization    : skipped
Safety check    : skipped
Total           : 1500.42 ms
[0m[INFO] [1786429229.394443728]: [FSM]: stay in GEN_NEW_TRAJ (x5)[0m
[PLAN TIME] (frontend failed)
Hybrid A*       : skipped
Manipulator     : 0.17 ms
Whole-body RRT  : 1500.00 ms
Frontend check  : skipped
Initialization  : skipped
Optimization    : skipped
Safety check    : skipped
Total           : 1500.51 ms
[33m[WARN] [1786429230.905380150]: KinoAstar: switching to whole-body RRT after 41 failures. start=(-5.00,0.00) goal=(7.09,-4.92)[0m
[33m[WARN] [1786429232.405525783]: KinoAstar: whole-body RRT failed. start=(-5.00,0.00) goal=(7.09,-4.92)[0m
[47;30m
[replan 41]==============================================[0m
[0m[INFO] [1786429230.905254291]: continous_failures_count: 41[0m
[PLAN TIME] (frontend failed)
Hybrid A*       : skipped
Manipulator     : 0.08 ms
Whole-body RRT  : 1500.01 ms
Frontend check  : skipped
Initialization  : skipped
Optimization    : skipped
Safety check    : skipped
Total           : 1500.42 ms
[PLAN TIME] (frontend failed)
Hybrid A*       : skipped
Manipulator     : 0.08 ms
Whole-body RRT  : 1500.00 ms
Frontend check  : skipped
Initialization  : skipped
Optimization    : skipped
Safety check    : skipped
Total           : 1500.32 ms
[33m[WARN] [1786429233.906176934]: KinoAstar: switching to whole-body RRT after 43 failures. start=(-5.00,0.00) goal=(7.09,-4.92)[0m
[33m[WARN] [1786429235.406319471]: KinoAstar: whole-body RRT failed. start=(-5.00,0.00) goal=(7.09,-4.92)[0m
[47;30m
[replan 43]==============================================[0m
[0m[INFO] [1786429233.906050959]: continous_failures_count: 43[0m
[PLAN TIME] (frontend failed)
Hybrid A*       : skipped
Manipulator     : 0.08 ms
Whole-body RRT  : 1500.01 ms
Frontend check  : skipped
Initialization  : skipped
Optimization    : skipped
Safety check    : skipped
Total           : 1500.43 ms
[PLAN TIME] (frontend failed)
Hybrid A*       : skipped
Manipulator     : 0.09 ms
Whole-body RRT  : 1500.00 ms
Frontend check  : skipped
Initialization  : skipped
Optimization    : skipped
Safety check    : skipped
Total           : 1500.3 ms
[33m[WARN] [1786429236.906909788]: KinoAstar: switching to whole-body RRT after 45 failures. start=(-5.00,0.00) goal=(7.09,-4.92)[0m
[33m[WARN] [1786429238.407046612]: KinoAstar: whole-body RRT failed. start=(-5.00,0.00) goal=(7.09,-4.92)[0m
[47;30m
[replan 45]==============================================[0m
[0m[INFO] [1786429236.906791258]: continous_failures_count: 45[0m
[PLAN TIME] (frontend failed)
Hybrid A*       : skipped
Manipulator     : 0.08 ms
Whole-body RRT  : 1500.00 ms
Frontend check  : skipped
Initialization  : skipped
Optimization    : skipped
Safety check    : skipped
Total           : 1500.39 ms
[PLAN TIME] (frontend failed)
Hybrid A*       : skipped
Manipulator     : 0.07 ms
Whole-body RRT  : 1500.00 ms
Frontend check  : skipped
Initialization  : skipped
Optimization    : skipped
Safety check    : skipped
Total           : 1500.27 ms
[33m[WARN] [1786429239.907642091]: KinoAstar: switching to whole-body RRT after 47 failures. start=(-5.00,0.00) goal=(7.09,-4.92)[0m
[33m[WARN] [1786429241.407790760]: KinoAstar: whole-body RRT failed. start=(-5.00,0.00) goal=(7.09,-4.92)[0m
[47;30m
[replan 47]==============================================[0m
[0m[INFO] [1786429239.907516132]: continous_failures_count: 47[0m
[PLAN TIME] (frontend failed)
Hybrid A*       : skipped
Manipulator     : 0.08 ms
Whole-body RRT  : 1500.00 ms
Frontend check  : skipped
Initialization  : skipped
Optimization    : skipped
Safety check    : skipped
Total           : 1500.43 ms
[PLAN TIME] (frontend failed)
Hybrid A*       : skipped
Manipulator     : 0.08 ms
Whole-body RRT  : 1500.01 ms
Frontend check  : skipped
Initialization  : skipped
Optimization    : skipped
Safety check    : skipped
Total           : 1500.29 ms
[33m[WARN] [1786429242.908396072]: KinoAstar: switching to whole-body RRT after 49 failures. start=(-5.00,0.00) goal=(7.09,-4.92)[0m
[33m[WARN] [1786429244.408519935]: KinoAstar: whole-body RRT failed. start=(-5.00,0.00) goal=(7.09,-4.92)[0m
[47;30m
[replan 49]==============================================[0m
[0m[INFO] [1786429242.908284366]: continous_failures_count: 49[0m
[PLAN TIME] (frontend failed)
Hybrid A*       : skipped
Manipulator     : 0.07 ms
Whole-body RRT  : 1500.01 ms
Frontend check  : skipped
Initialization  : skipped
Optimization    : skipped
Safety check    : skipped
Total           : 1500.4 ms
[0m[INFO] [1786429244.408559611]: [FSM]: stay in GEN_NEW_TRAJ (x6)[0m
[PLAN TIME] (frontend failed)
Hybrid A*       : skipped
Manipulator     : 0.07 ms
Whole-body RRT  : 1500.00 ms
Frontend check  : skipped
Initialization  : skipped
Optimization    : skipped
Safety check    : skipped
Total           : 1500.26 ms
[33m[WARN] [1786429245.919346082]: KinoAstar: switching to whole-body RRT after 51 failures. start=(-5.00,0.00) goal=(7.09,-4.92)[0m
[33m[WARN] [1786429247.419461775]: KinoAstar: whole-body RRT failed. start=(-5.00,0.00) goal=(7.09,-4.92)[0m
[47;30m
[replan 51]==============================================[0m
[0m[INFO] [1786429245.919244368]: continous_failures_count: 51[0m
[PLAN TIME] (frontend failed)
Hybrid A*       : skipped
Manipulator     : 0.07 ms
Whole-body RRT  : 1500.01 ms
Frontend check  : skipped
Initialization  : skipped
Optimization    : skipped
Safety check    : skipped
Total           : 1500.35 ms
[PLAN TIME] (frontend failed)
Hybrid A*       : skipped
Manipulator     : 0.07 ms
Whole-body RRT  : 1500.00 ms
Frontend check  : skipped
Initialization  : skipped
Optimization    : skipped
Safety check    : skipped
Total           : 1500.26 ms
[33m[WARN] [1786429248.919995309]: KinoAstar: switching to whole-body RRT after 53 failures. start=(-5.00,0.00) goal=(7.09,-4.92)[0m
[33m[WARN] [1786429250.420137720]: KinoAstar: whole-body RRT failed. start=(-5.00,0.00) goal=(7.09,-4.92)[0m
[47;30m
[replan 53]==============================================[0m
[0m[INFO] [1786429248.919891624]: continous_failures_count: 53[0m
[PLAN TIME] (frontend failed)
Hybrid A*       : skipped
Manipulator     : 0.09 ms
Whole-body RRT  : 1500.01 ms
Frontend check  : skipped
Initialization  : skipped
Optimization    : skipped
Safety check    : skipped
Total           : 1500.38 ms
[PLAN TIME] (frontend failed)
Hybrid A*       : skipped
Manipulator     : 0.07 ms
Whole-body RRT  : 1500.00 ms
Frontend check  : skipped
Initialization  : skipped
Optimization    : skipped
Safety check    : skipped
Total           : 1500.26 ms
[33m[WARN] [1786429251.920673781]: KinoAstar: switching to whole-body RRT after 55 failures. start=(-5.00,0.00) goal=(7.09,-4.92)[0m
[33m[WARN] [1786429253.420794386]: KinoAstar: whole-body RRT failed. start=(-5.00,0.00) goal=(7.09,-4.92)[0m
[47;30m
[replan 55]==============================================[0m
[0m[INFO] [1786429251.920568816]: continous_failures_count: 55[0m
[PLAN TIME] (frontend failed)
Hybrid A*       : skipped
Manipulator     : 0.08 ms
Whole-body RRT  : 1500.00 ms
Frontend check  : skipped
Initialization  : skipped
Optimization    : skipped
Safety check    : skipped
Total           : 1500.35 ms
[PLAN TIME] (frontend failed)
Hybrid A*       : skipped
Manipulator     : 0.07 ms
Whole-body RRT  : 1500.00 ms
Frontend check  : skipped
Initialization  : skipped
Optimization    : skipped
Safety check    : skipped
Total           : 1500.25 ms
[33m[WARN] [1786429254.921348447]: KinoAstar: switching to whole-body RRT after 57 failures. start=(-5.00,0.00) goal=(7.09,-4.92)[0m
[33m[WARN] [1786429256.421487297]: KinoAstar: whole-body RRT failed. start=(-5.00,0.00) goal=(7.09,-4.92)[0m
[47;30m
[replan 57]==============================================[0m
[0m[INFO] [1786429254.921222309]: continous_failures_count: 57[0m
[PLAN TIME] (frontend failed)
Hybrid A*       : skipped
Manipulator     : 0.08 ms
Whole-body RRT  : 1500.00 ms
Frontend check  : skipped
Initialization  : skipped
Optimization    : skipped
Safety check    : skipped
Total           : 1500.41 ms
[PLAN TIME] (frontend failed)
Hybrid A*       : skipped
Manipulator     : 0.07 ms
Whole-body RRT  : 1500.00 ms
Frontend check  : skipped
Initialization  : skipped
Optimization    : skipped
Safety check    : skipped
Total           : 1500.25 ms
[33m[WARN] [1786429257.921984736]: KinoAstar: switching to whole-body RRT after 59 failures. start=(-5.00,0.00) goal=(7.09,-4.92)[0m
[33m[WARN] [1786429259.422095130]: KinoAstar: whole-body RRT failed. start=(-5.00,0.00) goal=(7.09,-4.92)[0m
[47;30m
[replan 59]==============================================[0m
[0m[INFO] [1786429257.921884107]: continous_failures_count: 59[0m
[PLAN TIME] (frontend failed)
Hybrid A*       : skipped
Manipulator     : 0.06 ms
Whole-body RRT  : 1500.00 ms
Frontend check  : skipped
Initialization  : skipped
Optimization    : skipped
Safety check    : skipped
Total           : 1500.32 ms
[0m[INFO] [1786429259.422131675]: [FSM]: stay in GEN_NEW_TRAJ (x7)[0m
[PLAN TIME] (frontend failed)
Hybrid A*       : skipped
Manipulator     : 0.07 ms
Whole-body RRT  : 1500.00 ms
Frontend check  : skipped
Initialization  : skipped
Optimization    : skipped
Safety check    : skipped
Total           : 1500.24 ms
[33m[WARN] [1786429260.932801902]: KinoAstar: switching to whole-body RRT after 61 failures. start=(-5.00,0.00) goal=(7.09,-4.92)[0m
[33m[WARN] [1786429262.432921865]: KinoAstar: whole-body RRT failed. start=(-5.00,0.00) goal=(7.09,-4.92)[0m
[47;30m
[replan 61]==============================================[0m
[0m[INFO] [1786429260.932698624]: continous_failures_count: 61[0m
[PLAN TIME] (frontend failed)
Hybrid A*       : skipped
Manipulator     : 0.07 ms
Whole-body RRT  : 1500.00 ms
Frontend check  : skipped
Initialization  : skipped
Optimization    : skipped
Safety check    : skipped
Total           : 1500.34 ms
[PLAN TIME] (frontend failed)
Hybrid A*       : skipped
Manipulator     : 0.07 ms
Whole-body RRT  : 1500.01 ms
Frontend check  : skipped
Initialization  : skipped
Optimization    : skipped
Safety check    : skipped
Total           : 1500.28 ms
[33m[WARN] [1786429263.933472415]: KinoAstar: switching to whole-body RRT after 63 failures. start=(-5.00,0.00) goal=(7.09,-4.92)[0m
[33m[WARN] [1786429265.433578710]: KinoAstar: whole-body RRT failed. start=(-5.00,0.00) goal=(7.09,-4.92)[0m
[47;30m
[replan 63]==============================================[0m
[0m[INFO] [1786429263.933371202]: continous_failures_count: 63[0m
[PLAN TIME] (frontend failed)
Hybrid A*       : skipped
Manipulator     : 0.07 ms
Whole-body RRT  : 1500.00 ms
Frontend check  : skipped
Initialization  : skipped
Optimization    : skipped
Safety check    : skipped
Total           : 1500.34 ms
[PLAN TIME] (frontend failed)
Hybrid A*       : skipped
Manipulator     : 0.07 ms
Whole-body RRT  : 1500.00 ms
Frontend check  : skipped
Initialization  : skipped
Optimization    : skipped
Safety check    : skipped
Total           : 1500.26 ms
[33m[WARN] [1786429266.934102773]: KinoAstar: switching to whole-body RRT after 65 failures. start=(-5.00,0.00) goal=(7.09,-4.92)[0m
[33m[WARN] [1786429268.434224641]: KinoAstar: whole-body RRT failed. start=(-5.00,0.00) goal=(7.09,-4.92)[0m
[47;30m
[replan 65]==============================================[0m
[0m[INFO] [1786429266.933999419]: continous_failures_count: 65[0m
[PLAN TIME] (frontend failed)
Hybrid A*       : skipped
Manipulator     : 0.07 ms
Whole-body RRT  : 1500.00 ms
Frontend check  : skipped
Initialization  : skipped
Optimization    : skipped
Safety check    : skipped
Total           : 1500.35 ms
[PLAN TIME] (frontend failed)
Hybrid A*       : skipped
Manipulator     : 0.07 ms
Whole-body RRT  : 1500.00 ms
Frontend check  : skipped
Initialization  : skipped
Optimization    : skipped
Safety check    : skipped
Total           : 1500.26 ms
[33m[WARN] [1786429269.934746901]: KinoAstar: switching to whole-body RRT after 67 failures. start=(-5.00,0.00) goal=(7.09,-4.92)[0m
[33m[WARN] [1786429271.434853901]: KinoAstar: whole-body RRT failed. start=(-5.00,0.00) goal=(7.09,-4.92)[0m
[47;30m
[replan 67]==============================================[0m
[0m[INFO] [1786429269.934644434]: continous_failures_count: 67[0m
[PLAN TIME] (frontend failed)
Hybrid A*       : skipped
Manipulator     : 0.07 ms
Whole-body RRT  : 1500.00 ms
Frontend check  : skipped
Initialization  : skipped
Optimization    : skipped
Safety check    : skipped
Total           : 1500.33 ms
[PLAN TIME] (frontend failed)
Hybrid A*       : skipped
Manipulator     : 0.06 ms
Whole-body RRT  : 1500.00 ms
Frontend check  : skipped
Initialization  : skipped
Optimization    : skipped
Safety check    : skipped
Total           : 1500.24 ms
[33m[WARN] [1786429272.935314394]: KinoAstar: switching to whole-body RRT after 69 failures. start=(-5.00,0.00) goal=(7.09,-4.92)[0m
[33m[WARN] [1786429274.435413454]: KinoAstar: whole-body RRT failed. start=(-5.00,0.00) goal=(7.09,-4.92)[0m
[47;30m
[replan 69]==============================================[0m
[0m[INFO] [1786429272.935215739]: continous_failures_count: 69[0m
[PLAN TIME] (frontend failed)
Hybrid A*       : skipped
Manipulator     : 0.06 ms
Whole-body RRT  : 1500.00 ms
Frontend check  : skipped
Initialization  : skipped
Optimization    : skipped
Safety check    : skipped
Total           : 1500.3 ms
[0m[INFO] [1786429274.435442239]: [FSM]: stay in GEN_NEW_TRAJ (x8)[0m
Triggered! traget type: 1
[33m[WARN] [1786429277.253222444]: car collision at time 14.240000![0m
[0m[INFO] [1786429274.435897287]: FSM goal click: goal_xy=(4.964, -2.305) start_xy=(-5.000, 0.000) yaw=0.0 deg[0m
[0m[INFO] [1786429277.217916097]: The optimization result is : Success: met stopping criteria (delta).[0m
[PLAN TIME] (opt/safety failed)
Hybrid A*       : skipped
Manipulator     : 0.07 ms
Whole-body RRT  : 1647.26 ms
Frontend check  : 0.72 ms
Initialization  : 0.054766 ms
Optimization    : 1122.88 ms
Safety check    : 35.2953 ms
Total           : 2807.18 ms
[33m[WARN] [1786429277.255385071]: KinoAstar: switching to whole-body RRT after 71 failures. start=(-5.00,0.00) goal=(4.96,-2.30)[0m
[33m[WARN] [1786429281.182790624]: car collision at time 16.180000![0m
[47;30m
[replan 71]==============================================[0m
[0m[INFO] [1786429277.255294830]: continous_failures_count: 71[0m
[0m[INFO] [1786429281.142693314]: The optimization result is : Success: met stopping criteria (delta).[0m
[PLAN TIME] (opt/safety failed)
Hybrid A*       : skipped
Manipulator     : 0.06 ms
Whole-body RRT  : 2917.79 ms
Frontend check  : 0.53 ms
Initialization  : 0.022803 ms
Optimization    : 968.752 ms
Safety check    : 40.0868 ms
Total           : 3927.61 ms
[33m[WARN] [1786429281.185331889]: KinoAstar: switching to whole-body RRT after 72 failures. start=(-5.00,0.00) goal=(4.96,-2.30)[0m
[33m[WARN] [1786429287.404342709]: car collision at time 16.920000![0m
[47;30m
[replan 72]==============================================[0m
[0m[INFO] [1786429281.185240157]: continous_failures_count: 72[0m
[0m[INFO] [1786429287.362254144]: The optimization result is : Success: met stopping criteria (delta).[0m
[PLAN TIME] (opt/safety failed)
Hybrid A*       : skipped
Manipulator     : 0.07 ms
Whole-body RRT  : 5370.72 ms
Frontend check  : 0.52 ms
Initialization  : 0.022863 ms
Optimization    : 805.459 ms
Safety check    : 42.0829 ms
Total           : 6219.22 ms
[33m[WARN] [1786429287.406908059]: KinoAstar: switching to whole-body RRT after 73 failures. start=(-5.00,0.00) goal=(4.96,-2.30)[0m
[33m[WARN] [1786429291.615422185]: car collision at time 20.820000![0m
[47;30m
[replan 73]==============================================[0m
[0m[INFO] [1786429287.406815542]: continous_failures_count: 73[0m
[0m[INFO] [1786429291.563826595]: The optimization result is : Success: met stopping criteria (delta).[0m
[PLAN TIME] (opt/safety failed)
Hybrid A*       : skipped
Manipulator     : 0.08 ms
Whole-body RRT  : 2664.16 ms
Frontend check  : 0.52 ms
Initialization  : 0.023881 ms
Optimization    : 1492 ms
Safety check    : 51.5862 ms
Total           : 4208.72 ms
[33m[WARN] [1786429291.617915112]: KinoAstar: switching to whole-body RRT after 74 failures. start=(-5.00,0.00) goal=(4.96,-2.30)[0m
[47;30m
[replan 74]==============================================[0m
[0m[INFO] [1786429291.617821376]: continous_failures_count: 74[0m
[0m[INFO] [1786429296.339775609]: The optimization result is : Success: met stopping criteria (delta).[0m
[34mtotal time: 4795.16, init: 2916.34, optimize: 1878.82, avg_time: 4795.16, count_success: 1[0m
[PLAN TIME]
Hybrid A*       : skipped
Manipulator     : 0.06 ms
Whole-body RRT  : 2915.42 ms
Frontend check  : 0.52 ms
Initialization  : 0.023932 ms
Optimization    : 1805.69 ms
Safety check    : 73.0809 ms
Total           : 4795.16 ms
[FSM]: from GEN_NEW_TRAJ to EXEC_TRAJ
[TRIG]: from EXEC_TRAJ to GEN_NEW_TRAJ
Triggered! traget type: 1
[0m[INFO] [1786429296.470200023]: FSM goal click: goal_xy=(3.554, 0.028) start_xy=(-4.998, -0.000) yaw=-0.0 deg[0m
[47;30m
[replan 75]==============================================[0m
[0m[INFO] [1786429296.470351628]: continous_failures_count: 0[0m
[0m[INFO] [1786429298.437691572]: The optimization result is : Success: met stopping criteria (delta).[0m
[34mtotal time: 2017, init: 383.014, optimize: 1633.99, avg_time: 3406.08, count_success: 2[0m
[PLAN TIME]
Hybrid A*       : 5.35 ms
Manipulator     : 300.21 ms
Whole-body RRT  : skipped
Frontend check  : 0.41 ms
Initialization  : 0.021238 ms
Optimization    : 1584.4 ms
Safety check    : 49.5471 ms
Total           : 2017 ms
[FSM]: from GEN_NEW_TRAJ to EXEC_TRAJ
[TRIG]: from EXEC_TRAJ to GEN_NEW_TRAJ
[33m[WARN] [1786429302.086076470]: mani collision at time 8.750000![0m
[47;30m
[replan 76]==============================================[0m
[0m[INFO] [1786429298.523362846]: continous_failures_count: 0[0m
[0m[INFO] [1786429302.064431392]: The optimization result is : Success: met stopping criteria (delta).[0m
[PLAN TIME] (opt/safety failed)
Hybrid A*       : 5.16 ms
Manipulator     : 300.51 ms
Whole-body RRT  : skipped
Frontend check  : 0.41 ms
Initialization  : 0.020898 ms
Optimization    : 3154.37 ms
Safety check    : 21.621 ms
Total           : 3562.84 ms
[47;30m
[replan 77]==============================================[0m
[0m[INFO] [1786429302.087563722]: continous_failures_count: 1[0m
[0m[INFO] [1786429303.302818543]: The optimization result is : Success: met stopping criteria (delta).[0m
[34mtotal time: 1267.33, init: 405.609, optimize: 861.721, avg_time: 2693.17, count_success: 3[0m
[PLAN TIME]
Hybrid A*       : 5.23 ms
Manipulator     : 300.30 ms
Whole-body RRT  : skipped
Frontend check  : 0.42 ms
Initialization  : 0.020381 ms
Optimization    : 809.712 ms
Safety check    : 51.965 ms
Total           : 1267.33 ms
[FSM]: from GEN_NEW_TRAJ to EXEC_TRAJ
reach goal
[FSM]: from EXEC_TRAJ to WAIT_TARGET
