... logging to /home/gzz/.ros/log/5f282cba-9a04-11f1-9425-970b7208096f/roslaunch-GZZ-59727.log
Checking log directory for disk usage. This may take a while.
Press Ctrl-C to interrupt
Done checking log file disk usage. Usage is <1GB.
]2;/home/gzz/Codes/wbc/remani_planner/src/REMANI-Planner/remani_planner/plan_manage/launch/remani_sim.launch
[1mstarted roslaunch server http://GZZ:36363/[0m

SUMMARY
========

PARAMETERS
 * /fake_mm/fake_mm/pub_urdf_joint_states: True
 * /fake_mm/fsm/init_gripper_close: False
 * /fake_mm/fsm/init_state: [-5.0, 0.0, 0.0, ...
 * /fake_mm/fsm/init_yaw: 0.0
 * /fake_mm/fsm/waypoint0: [0.0, 0.0, 0.0, 0...
 * /fake_mm/fsm/waypoint0_gripper_close: True
 * /fake_mm/fsm/waypoint0_yaw: 0.0
 * /fake_mm/fsm/waypoint1: [5.0, 0.0, 0.0, 0...
 * /fake_mm/fsm/waypoint1_gripper_close: False
 * /fake_mm/fsm/waypoint1_yaw: 0.0
 * /fake_mm/fsm/waypoint_num: 2
 * /fake_mm/map/map_type: 0
 * /fake_mm/mm/base_mani_fixed_joint_xyz_ypr: [0.2462, 0.0, 0.1...
 * /fake_mm/mm/manipulator_config: [0.1765, 0.607, 0...
 * /fake_mm/mm/manipulator_dof: 6
 * /fake_mm/mm/manipulator_max_acc: 1.57
 * /fake_mm/mm/manipulator_max_pos: [3.0, 1.5, 2.8, 3...
 * /fake_mm/mm/manipulator_max_vel: 0.8
 * /fake_mm/mm/manipulator_min_pos: [-3.0, -1.5, -2.8...
 * /fake_mm/mm/manipulator_self_thickness: 0.045
 * /fake_mm/mm/manipulator_thickness: 0.1
 * /fake_mm/mm/manipulator_type: cr10
 * /fake_mm/mm/mobile_base_check_radius: 0.1
 * /fake_mm/mm/mobile_base_dof: 2
 * /fake_mm/mm/mobile_base_height: 0.15
 * /fake_mm/mm/mobile_base_length: 1.1
 * /fake_mm/mm/mobile_base_max_wheel_alpha: 8.0
 * /fake_mm/mm/mobile_base_max_wheel_omega: 4.0
 * /fake_mm/mm/mobile_base_non_singul_vel: 0.05
 * /fake_mm/mm/mobile_base_wheel_base: 0.56
 * /fake_mm/mm/mobile_base_wheel_radius: 0.125
 * /fake_mm/mm/mobile_base_width: 0.9
 * /fsm/target_type: 1
 * /map_generator/bridges: [[0.0, 0.0, 1.0, ...
 * /map_generator/clear_centers: [[-5.0, 0.0], [-2...
 * /map_generator/clear_radius: 3.0
 * /map_generator/fsm/init_gripper_close: False
 * /map_generator/fsm/init_state: [-5.0, 0.0, 0.0, ...
 * /map_generator/fsm/init_yaw: 0.0
 * /map_generator/fsm/waypoint0: [0.0, 0.0, 0.0, 0...
 * /map_generator/fsm/waypoint0_gripper_close: True
 * /map_generator/fsm/waypoint0_yaw: 0.0
 * /map_generator/fsm/waypoint1: [5.0, 0.0, 0.0, 0...
 * /map_generator/fsm/waypoint1_gripper_close: False
 * /map_generator/fsm/waypoint1_yaw: 0.0
 * /map_generator/fsm/waypoint_num: 2
 * /map_generator/map/float_obs_num: 2
 * /map_generator/map/map_type: 0
 * /map_generator/map/obs_num: 4
 * /map_generator/map/resolution: 0.05
 * /map_generator/map/seed: 30
 * /map_generator/map/x_size: 16
 * /map_generator/map/y_size: 12
 * /map_generator/map/z_size: 3
 * /map_generator/min_distance: 2.5
 * /map_generator/mm/base_mani_fixed_joint_xyz_ypr: [0.2462, 0.0, 0.1...
 * /map_generator/mm/manipulator_config: [0.1765, 0.607, 0...
 * /map_generator/mm/manipulator_dof: 6
 * /map_generator/mm/manipulator_max_acc: 1.57
 * /map_generator/mm/manipulator_max_pos: [3.0, 1.5, 2.8, 3...
 * /map_generator/mm/manipulator_max_vel: 0.8
 * /map_generator/mm/manipulator_min_pos: [-3.0, -1.5, -2.8...
 * /map_generator/mm/manipulator_self_thickness: 0.045
 * /map_generator/mm/manipulator_thickness: 0.1
 * /map_generator/mm/manipulator_type: cr10
 * /map_generator/mm/mobile_base_check_radius: 0.1
 * /map_generator/mm/mobile_base_dof: 2
 * /map_generator/mm/mobile_base_height: 0.15
 * /map_generator/mm/mobile_base_length: 1.1
 * /map_generator/mm/mobile_base_max_wheel_alpha: 8.0
 * /map_generator/mm/mobile_base_max_wheel_omega: 4.0
 * /map_generator/mm/mobile_base_non_singul_vel: 0.05
 * /map_generator/mm/mobile_base_wheel_base: 0.56
 * /map_generator/mm/mobile_base_wheel_radius: 0.125
 * /map_generator/mm/mobile_base_width: 0.9
 * /map_generator/pub_rate: 1.0
 * /mm_controller_node/fsm/emergency_time: 1.5
 * /mm_controller_node/fsm/global_plan: True
 * /mm_controller_node/fsm/init_gripper_close: False
 * /mm_controller_node/fsm/init_state: [-5.0, 0.0, 0.0, ...
 * /mm_controller_node/fsm/init_yaw: 0.0
 * /mm_controller_node/fsm/planning_horizon: 5.0
 * /mm_controller_node/fsm/replan_trajectory_time: 1.7
 * /mm_controller_node/fsm/target_type: 2
 * /mm_controller_node/fsm/thresh_replan_time: 2.5
 * /mm_controller_node/fsm/time_for_gripper: 0.05
 * /mm_controller_node/fsm/waypoint0: [0.0, 0.0, 0.0, 0...
 * /mm_controller_node/fsm/waypoint0_gripper_close: True
 * /mm_controller_node/fsm/waypoint0_yaw: 0.0
 * /mm_controller_node/fsm/waypoint1: [5.0, 0.0, 0.0, 0...
 * /mm_controller_node/fsm/waypoint1_gripper_close: False
 * /mm_controller_node/fsm/waypoint1_yaw: 0.0
 * /mm_controller_node/fsm/waypoint_num: 2
 * /mm_controller_node/grid_map/use_global_map: False
 * /mm_controller_node/grid_map/use_load_map: True
 * /mm_controller_node/map/map_type: 0
 * /mm_controller_node/mm/base_mani_fixed_joint_xyz_ypr: [0.2462, 0.0, 0.1...
 * /mm_controller_node/mm/manipulator_config: [0.1765, 0.607, 0...
 * /mm_controller_node/mm/manipulator_dof: 6
 * /mm_controller_node/mm/manipulator_max_acc: 1.57
 * /mm_controller_node/mm/manipulator_max_pos: [3.0, 1.5, 2.8, 3...
 * /mm_controller_node/mm/manipulator_max_vel: 0.8
 * /mm_controller_node/mm/manipulator_min_pos: [-3.0, -1.5, -2.8...
 * /mm_controller_node/mm/manipulator_self_thickness: 0.045
 * /mm_controller_node/mm/manipulator_thickness: 0.1
 * /mm_controller_node/mm/manipulator_type: cr10
 * /mm_controller_node/mm/mobile_base_check_radius: 0.1
 * /mm_controller_node/mm/mobile_base_dof: 2
 * /mm_controller_node/mm/mobile_base_height: 0.15
 * /mm_controller_node/mm/mobile_base_length: 1.1
 * /mm_controller_node/mm/mobile_base_max_wheel_alpha: 8.0
 * /mm_controller_node/mm/mobile_base_max_wheel_omega: 4.0
 * /mm_controller_node/mm/mobile_base_non_singul_vel: 0.05
 * /mm_controller_node/mm/mobile_base_wheel_base: 0.56
 * /mm_controller_node/mm/mobile_base_wheel_radius: 0.125
 * /mm_controller_node/mm/mobile_base_width: 0.9
 * /mm_controller_node/optimization/constrain_points_perPiece: 16
 * /mm_controller_node/optimization/dense_sample_resolution: 16
 * /mm_controller_node/optimization/enable_dynamic_time_scaling: True
 * /mm_controller_node/optimization/ground_safe_dis: 0.03
 * /mm_controller_node/optimization/ground_safe_margin: 0.03
 * /mm_controller_node/optimization/max_time_scale: 2.0
 * /mm_controller_node/optimization/max_time_scaling_attempts: 2
 * /mm_controller_node/optimization/mobile_base_opt_gear: True
 * /mm_controller_node/optimization/safe_margin: 0.1
 * /mm_controller_node/optimization/safe_margin_mani: 0.15
 * /mm_controller_node/optimization/self_safe_margin: 0.1
 * /mm_controller_node/optimization/weight_base_feasibility: 100.0
 * /mm_controller_node/optimization/weight_manipulator_feasibility: 100.0
 * /mm_controller_node/optimization/weight_manipulator_obstacle: 80000.0
 * /mm_controller_node/optimization/weight_manipulator_self: 1000.0
 * /mm_controller_node/optimization/weight_obstacle: 50000.0
 * /mm_controller_node/optimization/weight_time: 1.0
 * /mm_controller_node/optimization/wheel_limit_ratio: 0.95
 * /mm_controller_node/search/allocate_num: 100000
 * /mm_controller_node/search/check_num: 16
 * /mm_controller_node/search/curvatureDisCoe: 0.4
 * /mm_controller_node/search/dist_resolution: 0.6
 * /mm_controller_node/search/goal_rate: 0.4
 * /mm_controller_node/search/lambda_heu: 1
 * /mm_controller_node/search/max_arc: 0.4
 * /mm_controller_node/search/max_loop_num: 5000
 * /mm_controller_node/search/max_mani_search_time: 0.3
 * /mm_controller_node/search/max_sample_time: 1.5
 * /mm_controller_node/search/max_seach_time: 3.0
 * /mm_controller_node/search/min_turning_radius: 0.2
 * /mm_controller_node/search/oneshot_check_len: 0.02
 * /mm_controller_node/search/oneshot_range: 1.0
 * /mm_controller_node/search/sample_time: 0.1
 * /mm_controller_node/search/traj_back_penalty: 3.0
 * /mm_controller_node/search/traj_forward_penalty: 1.0
 * /mm_controller_node/search/traj_gear_switch_penalty: 10.0
 * /mm_controller_node/search/traj_steer_change_penalty: 2.0
 * /mm_controller_node/search/traj_steer_penalty: 5.0
 * /mm_controller_node/search/try_astar_times: 5
 * /mm_controller_node/search/yaw_resolution: 0.35
 * /mm_controller_node/visualization/enable_debug_vis: False
 * /mm_controller_node/visualization/enable_traj_mesh_vis: True
 * /mm_controller_node/visualization/his_traj_max_points: 500
 * /mm_controller_node/visualization/mesh_vis_stride: 3
 * /mm_controller_node/visualization/tf_rate_hz: 20.0
 * /mm_controller_node/visualization/vis_rate_hz: 15.0
 * /model_vis/fsm/emergency_time: 1.5
 * /model_vis/fsm/global_plan: True
 * /model_vis/fsm/init_gripper_close: False
 * /model_vis/fsm/init_state: [-5.0, 0.0, 0.0, ...
 * /model_vis/fsm/init_yaw: 0.0
 * /model_vis/fsm/planning_horizon: 5.0
 * /model_vis/fsm/replan_trajectory_time: 1.7
 * /model_vis/fsm/target_type: 2
 * /model_vis/fsm/thresh_replan_time: 2.5
 * /model_vis/fsm/time_for_gripper: 0.05
 * /model_vis/fsm/waypoint0: [0.0, 0.0, 0.0, 0...
 * /model_vis/fsm/waypoint0_gripper_close: True
 * /model_vis/fsm/waypoint0_yaw: 0.0
 * /model_vis/fsm/waypoint1: [5.0, 0.0, 0.0, 0...
 * /model_vis/fsm/waypoint1_gripper_close: False
 * /model_vis/fsm/waypoint1_yaw: 0.0
 * /model_vis/fsm/waypoint_num: 2
 * /model_vis/grid_map/use_global_map: False
 * /model_vis/grid_map/use_load_map: True
 * /model_vis/map/map_type: 0
 * /model_vis/mm/base_mani_fixed_joint_xyz_ypr: [0.2462, 0.0, 0.1...
 * /model_vis/mm/manipulator_config: [0.1765, 0.607, 0...
 * /model_vis/mm/manipulator_dof: 6
 * /model_vis/mm/manipulator_max_acc: 1.57
 * /model_vis/mm/manipulator_max_pos: [3.0, 1.5, 2.8, 3...
 * /model_vis/mm/manipulator_max_vel: 0.8
 * /model_vis/mm/manipulator_min_pos: [-3.0, -1.5, -2.8...
 * /model_vis/mm/manipulator_self_thickness: 0.045
 * /model_vis/mm/manipulator_thickness: 0.1
 * /model_vis/mm/manipulator_type: cr10
 * /model_vis/mm/mobile_base_check_radius: 0.1
 * /model_vis/mm/mobile_base_dof: 2
 * /model_vis/mm/mobile_base_height: 0.15
 * /model_vis/mm/mobile_base_length: 1.1
 * /model_vis/mm/mobile_base_max_wheel_alpha: 8.0
 * /model_vis/mm/mobile_base_max_wheel_omega: 4.0
 * /model_vis/mm/mobile_base_non_singul_vel: 0.05
 * /model_vis/mm/mobile_base_wheel_base: 0.56
 * /model_vis/mm/mobile_base_wheel_radius: 0.125
 * /model_vis/mm/mobile_base_width: 0.9
 * /model_vis/optimization/constrain_points_perPiece: 16
 * /model_vis/optimization/dense_sample_resolution: 16
 * /model_vis/optimization/enable_dynamic_time_scaling: True
 * /model_vis/optimization/ground_safe_dis: 0.03
 * /model_vis/optimization/ground_safe_margin: 0.03
 * /model_vis/optimization/max_time_scale: 2.0
 * /model_vis/optimization/max_time_scaling_attempts: 2
 * /model_vis/optimization/mobile_base_opt_gear: True
 * /model_vis/optimization/safe_margin: 0.1
 * /model_vis/optimization/safe_margin_mani: 0.15
 * /model_vis/optimization/self_safe_margin: 0.1
 * /model_vis/optimization/weight_base_feasibility: 100.0
 * /model_vis/optimization/weight_manipulator_feasibility: 100.0
 * /model_vis/optimization/weight_manipulator_obstacle: 80000.0
 * /model_vis/optimization/weight_manipulator_self: 1000.0
 * /model_vis/optimization/weight_obstacle: 50000.0
 * /model_vis/optimization/weight_time: 1.0
 * /model_vis/optimization/wheel_limit_ratio: 0.95
 * /model_vis/search/allocate_num: 100000
 * /model_vis/search/check_num: 16
 * /model_vis/search/curvatureDisCoe: 0.4
 * /model_vis/search/dist_resolution: 0.6
 * /model_vis/search/goal_rate: 0.4
 * /model_vis/search/lambda_heu: 1
 * /model_vis/search/max_arc: 0.4
 * /model_vis/search/max_loop_num: 5000
 * /model_vis/search/max_mani_search_time: 0.3
 * /model_vis/search/max_sample_time: 1.5
 * /model_vis/search/max_seach_time: 3.0
 * /model_vis/search/min_turning_radius: 0.2
 * /model_vis/search/oneshot_check_len: 0.02
 * /model_vis/search/oneshot_range: 1.0
 * /model_vis/search/sample_time: 0.1
 * /model_vis/search/traj_back_penalty: 3.0
 * /model_vis/search/traj_forward_penalty: 1.0
 * /model_vis/search/traj_gear_switch_penalty: 10.0
 * /model_vis/search/traj_steer_change_penalty: 2.0
 * /model_vis/search/traj_steer_penalty: 5.0
 * /model_vis/search/try_astar_times: 5
 * /model_vis/search/yaw_resolution: 0.35
 * /model_vis/visualization/enable_debug_vis: False
 * /model_vis/visualization/enable_traj_mesh_vis: True
 * /model_vis/visualization/his_traj_max_points: 500
 * /model_vis/visualization/mesh_vis_stride: 3
 * /model_vis/visualization/tf_rate_hz: 20.0
 * /model_vis/visualization/vis_rate_hz: 15.0
 * /remani_planner_node/fsm/emergency_time: 1.5
 * /remani_planner_node/fsm/fail_safe: True
 * /remani_planner_node/fsm/global_plan: True
 * /remani_planner_node/fsm/init_gripper_close: False
 * /remani_planner_node/fsm/init_state: [-5.0, 0.0, 0.0, ...
 * /remani_planner_node/fsm/init_yaw: 0.0
 * /remani_planner_node/fsm/planning_horizon: 5.0
 * /remani_planner_node/fsm/replan_trajectory_time: 1.7
 * /remani_planner_node/fsm/target_type: 1
 * /remani_planner_node/fsm/thresh_no_replan_meter: 2.5
 * /remani_planner_node/fsm/thresh_replan_time: 2.5
 * /remani_planner_node/fsm/time_for_gripper: 0.05
 * /remani_planner_node/fsm/waypoint0: [0.0, 0.0, 0.0, 0...
 * /remani_planner_node/fsm/waypoint0_gripper_close: True
 * /remani_planner_node/fsm/waypoint0_yaw: 0.0
 * /remani_planner_node/fsm/waypoint1: [5.0, 0.0, 0.0, 0...
 * /remani_planner_node/fsm/waypoint1_gripper_close: False
 * /remani_planner_node/fsm/waypoint1_yaw: 0.0
 * /remani_planner_node/fsm/waypoint_num: 2
 * /remani_planner_node/grid_map/cx: 321.04638671875
 * /remani_planner_node/grid_map/cy: 243.44969177246094
 * /remani_planner_node/grid_map/depth_filter_margin: 2
 * /remani_planner_node/grid_map/depth_filter_maxdist: 5.0
 * /remani_planner_node/grid_map/depth_filter_mindist: 0.2
 * /remani_planner_node/grid_map/depth_filter_tolerance: 0.15
 * /remani_planner_node/grid_map/esdf_slice_height: -0.1
 * /remani_planner_node/grid_map/frame_id: world
 * /remani_planner_node/grid_map/fx: 387.229248046875
 * /remani_planner_node/grid_map/fy: 387.229248046875
 * /remani_planner_node/grid_map/ground_height: -0.01
 * /remani_planner_node/grid_map/k_depth_scaling_factor: 1000.0
 * /remani_planner_node/grid_map/local_bound_inflate: 0.0
 * /remani_planner_node/grid_map/local_map_margin: 15
 * /remani_planner_node/grid_map/local_update_range_x: 17
 * /remani_planner_node/grid_map/local_update_range_y: 17
 * /remani_planner_node/grid_map/local_update_range_z: 3.0
 * /remani_planner_node/grid_map/map_size_x: 16.0
 * /remani_planner_node/grid_map/map_size_y: 12.0
 * /remani_planner_node/grid_map/map_size_z: 3.0
 * /remani_planner_node/grid_map/max_ray_length: 4.5
 * /remani_planner_node/grid_map/min_ray_length: 0.1
 * /remani_planner_node/grid_map/obstacles_inflation: 0.08
 * /remani_planner_node/grid_map/p_hit: 0.65
 * /remani_planner_node/grid_map/p_max: 0.9
 * /remani_planner_node/grid_map/p_min: 0.12
 * /remani_planner_node/grid_map/p_miss: 0.35
 * /remani_planner_node/grid_map/p_occ: 0.8
 * /remani_planner_node/grid_map/pose_type: 1
 * /remani_planner_node/grid_map/resolution: 0.05
 * /remani_planner_node/grid_map/show_esdf_time: False
 * /remani_planner_node/grid_map/show_occ_time: False
 * /remani_planner_node/grid_map/skip_pixel: 2
 * /remani_planner_node/grid_map/use_depth_filter: True
 * /remani_planner_node/grid_map/use_global_map: False
 * /remani_planner_node/grid_map/use_load_map: True
 * /remani_planner_node/grid_map/virtual_ceil_height: 4.0
 * /remani_planner_node/grid_map/visualization_truncate_height: 2.8
 * /remani_planner_node/grid_map/z_length: 0.0
 * /remani_planner_node/manager/control_points_distance: 0.4
 * /remani_planner_node/manager/feasibility_tolerance: 0.05
 * /remani_planner_node/manager/polyTraj_piece_length: 2.0
 * /remani_planner_node/map/map_type: 0
 * /remani_planner_node/mm/base_mani_fixed_joint_xyz_ypr: [0.2462, 0.0, 0.1...
 * /remani_planner_node/mm/manipulator_config: [0.1765, 0.607, 0...
 * /remani_planner_node/mm/manipulator_dof: 6
 * /remani_planner_node/mm/manipulator_max_acc: 1.57
 * /remani_planner_node/mm/manipulator_max_pos: [3.0, 1.5, 2.8, 3...
 * /remani_planner_node/mm/manipulator_max_vel: 0.8
 * /remani_planner_node/mm/manipulator_min_pos: [-3.0, -1.5, -2.8...
 * /remani_planner_node/mm/manipulator_self_thickness: 0.045
 * /remani_planner_node/mm/manipulator_thickness: 0.1
 * /remani_planner_node/mm/manipulator_type: cr10
 * /remani_planner_node/mm/mobile_base_check_radius: 0.1
 * /remani_planner_node/mm/mobile_base_dof: 2
 * /remani_planner_node/mm/mobile_base_height: 0.15
 * /remani_planner_node/mm/mobile_base_length: 1.1
 * /remani_planner_node/mm/mobile_base_max_wheel_alpha: 8.0
 * /remani_planner_node/mm/mobile_base_max_wheel_omega: 4.0
 * /remani_planner_node/mm/mobile_base_non_singul_vel: 0.05
 * /remani_planner_node/mm/mobile_base_wheel_base: 0.56
 * /remani_planner_node/mm/mobile_base_wheel_radius: 0.125
 * /remani_planner_node/mm/mobile_base_width: 0.9
 * /remani_planner_node/optimization/constrain_points_perPiece: 16
 * /remani_planner_node/optimization/dense_sample_resolution: 16
 * /remani_planner_node/optimization/enable_dynamic_time_scaling: True
 * /remani_planner_node/optimization/ground_safe_dis: 0.03
 * /remani_planner_node/optimization/ground_safe_margin: 0.03
 * /remani_planner_node/optimization/max_time_scale: 2.0
 * /remani_planner_node/optimization/max_time_scaling_attempts: 2
 * /remani_planner_node/optimization/mobile_base_opt_gear: True
 * /remani_planner_node/optimization/safe_margin: 0.1
 * /remani_planner_node/optimization/safe_margin_mani: 0.15
 * /remani_planner_node/optimization/self_safe_margin: 0.1
 * /remani_planner_node/optimization/weight_base_feasibility: 100.0
 * /remani_planner_node/optimization/weight_manipulator_feasibility: 100.0
 * /remani_planner_node/optimization/weight_manipulator_obstacle: 80000.0
 * /remani_planner_node/optimization/weight_manipulator_self: 1000.0
 * /remani_planner_node/optimization/weight_obstacle: 50000.0
 * /remani_planner_node/optimization/weight_time: 1.0
 * /remani_planner_node/optimization/wheel_limit_ratio: 0.95
 * /remani_planner_node/search/allocate_num: 100000
 * /remani_planner_node/search/check_num: 16
 * /remani_planner_node/search/curvatureDisCoe: 0.4
 * /remani_planner_node/search/dist_resolution: 0.6
 * /remani_planner_node/search/goal_rate: 0.4
 * /remani_planner_node/search/lambda_heu: 1
 * /remani_planner_node/search/max_arc: 0.4
 * /remani_planner_node/search/max_loop_num: 5000
 * /remani_planner_node/search/max_mani_search_time: 0.3
 * /remani_planner_node/search/max_sample_time: 1.5
 * /remani_planner_node/search/max_seach_time: 3.0
 * /remani_planner_node/search/min_turning_radius: 0.5
 * /remani_planner_node/search/oneshot_check_len: 0.02
 * /remani_planner_node/search/oneshot_range: 1.0
 * /remani_planner_node/search/sample_time: 0.1
 * /remani_planner_node/search/traj_back_penalty: 3.0
 * /remani_planner_node/search/traj_forward_penalty: 1.0
 * /remani_planner_node/search/traj_gear_switch_penalty: 10.0
 * /remani_planner_node/search/traj_steer_change_penalty: 2.0
 * /remani_planner_node/search/traj_steer_penalty: 5.0
 * /remani_planner_node/search/try_astar_times: 5
 * /remani_planner_node/search/yaw_resolution: 0.35
 * /remani_planner_node/visualization/enable_debug_vis: False
 * /remani_planner_node/visualization/enable_traj_mesh_vis: True
 * /remani_planner_node/visualization/his_traj_max_points: 500
 * /remani_planner_node/visualization/mesh_vis_stride: 3
 * /remani_planner_node/visualization/tf_rate_hz: 20.0
 * /remani_planner_node/visualization/vis_rate_hz: 15.0
 * /robot_description: <?xml version='1....
 * /rosdistro: noetic
 * /rosversion: 1.17.4
 * /search/max_seach_time: 3.0
 * /search/min_turning_radius: 0.5

NODES
  /
    fake_mm (fake_mm/fake_mm)
    map_generator (map_generator/map_generator)
    mm_controller_node (mm_controller/mm_controller_node)
    model_vis (fake_mm/model_vis)
    remani_planner_node (remani_planner/remani_planner_node)
    robot_state_publisher (robot_state_publisher/robot_state_publisher)
    rviz (rviz/rviz)
[33m[WARN] [1786947899.897889101]: The root link base_link has an inertia specified in the URDF, but KDL does not support a root link with an inertia.  As a workaround, you can add an extra dummy link to your URDF.[0m
[33m[WARN] [1786947899.966590699]: Finished generate Cuboids Map [0m
[0m[INFO] [1786947900.083268857]: MMConfig: type=cr10 thickness=0.100 self_thickness=0.045[0m
[0m[INFO] [1786947900.103171068]: KinoAstar: max_seach_time=3.000 s min_turning_radius=0.500[0m
[FSM]: from INIT to WAIT_TARGET
[rospack] Error: failed to parse command-line options: too many positional options have been specified on the command line
[librospack]: error while executing command
[rospack] Error: failed to parse command-line options: too many positional options have been specified on the command line
[librospack]: error while executing command
[rospack] Error: failed to parse command-line options: too many positional options have been specified on the command line
[librospack]: error while executing command
Triggered! traget type: 1
[0m[INFO] [1786947906.309908805]: FSM new goal: reset continous_failures_count to 0[0m
[0m[INFO] [1786947906.309941144]: FSM goal click: goal_xy=(4.788, 0.610) start_xy=(-5.000, 0.000) yaw=0.0 deg[0m
[FSM]: from WAIT_TARGET to GEN_NEW_TRAJ
[33m[WARN] [1786947908.285323614]: mani collision at time 12.600000![0m
[47;30m
[replan 0]==============================================[0m
[0m[INFO] [1786947906.324255298]: continous_failures_count: 0[0m
[0m[INFO] [1786947908.252013830]: The optimization result is : Success: met stopping criteria (delta).[0m
[PLAN TIME] (opt/safety failed)
Hybrid A*       : 6.14 ms
Manipulator     : 300.15 ms
Whole-body RRT  : skipped
Frontend check  : 0.49 ms
Initialization  : 0.028806 ms
Optimization    : 1508.25 ms
Safety check    : 33.2998 ms
Time scaling    : skipped
Safety recheck  : skipped
Total           : 1961.16 ms
[0m[INFO] [1786947910.213068162]: The optimization result is : Success: met stopping criteria (delta).[0m
[PLAN TIME] (opt/safety failed)
Hybrid A*       : 6.24 ms
Manipulator     : 300.19 ms
Whole-body RRT  : skipped
Frontend check  : 0.55 ms
Initialization  : 0.025743 ms
Optimization    : 1472.09 ms
Safety check    : 26.8968 ms
Time scaling    : skipped
Safety recheck  : skipped
Total           : 1952.56 ms
[33m[WARN] [1786947912.586128127]: mani collision at time 11.460000![0m
[47;30m
[replan 2]==============================================[0m
[0m[INFO] [1786947910.241897433]: continous_failures_count: 2[0m
[0m[INFO] [1786947912.555573734]: The optimization result is : Success: met stopping criteria (delta).[0m
[PLAN TIME] (opt/safety failed)
Hybrid A*       : 6.24 ms
Manipulator     : 300.40 ms
Whole-body RRT  : skipped
Frontend check  : 0.59 ms
Initialization  : 0.026731 ms
Optimization    : 1985.24 ms
Safety check    : 30.5453 ms
Time scaling    : skipped
Safety recheck  : skipped
Total           : 2344.28 ms
[33m[WARN] [1786947915.780131147]: mani collision at time 10.950000![0m
[47;30m
[replan 3]==============================================[0m
[0m[INFO] [1786947912.588167892]: continous_failures_count: 3[0m
[0m[INFO] [1786947915.750090583]: The optimization result is : Success: met stopping criteria (delta).[0m
[PLAN TIME] (opt/safety failed)
Hybrid A*       : 6.10 ms
Manipulator     : 300.27 ms
Whole-body RRT  : skipped
Frontend check  : 0.58 ms
Initialization  : 0.031971 ms
Optimization    : 2840.34 ms
Safety check    : 30.0275 ms
Time scaling    : skipped
Safety recheck  : skipped
Total           : 3192.01 ms
[33m[WARN] [1786947918.819697220]: mani collision at time 6.950000![0m
[47;30m
[replan 4]==============================================[0m
[0m[INFO] [1786947915.782084865]: continous_failures_count: 4[0m
[0m[INFO] [1786947918.801484563]: The optimization result is : Success: met stopping criteria (delta).[0m
[PLAN TIME] (opt/safety failed)
Hybrid A*       : 6.21 ms
Manipulator     : 300.62 ms
Whole-body RRT  : skipped
Frontend check  : 0.56 ms
Initialization  : 0.025731 ms
Optimization    : 2569.98 ms
Safety check    : 18.1999 ms
Time scaling    : skipped
Safety recheck  : skipped
Total           : 3037.65 ms
[33m[WARN] [1786947918.821630474]: KinoAstar: switching to whole-body RRT after 5 failures. start=(-5.00,0.00) goal=(4.79,0.61)[0m
[33m[WARN] [1786947921.549057205]: mani collision at time 9.020000![0m
[47;30m
[replan 5]==============================================[0m
[0m[INFO] [1786947918.821508137]: continous_failures_count: 5[0m
[0m[INFO] [1786947921.525166111]: The optimization result is : Success: met stopping criteria (delta).[0m
[PLAN TIME] (opt/safety failed)
Hybrid A*       : skipped
Manipulator     : 0.53 ms
Whole-body RRT  : 1758.22 ms
Frontend check  : 0.57 ms
Initialization  : 0.026368 ms
Optimization    : 943.699 ms
Safety check    : 23.8806 ms
Time scaling    : skipped
Safety recheck  : skipped
Total           : 2727.6 ms
[33m[WARN] [1786947921.551002113]: KinoAstar: switching to whole-body RRT after 6 failures. start=(-5.00,0.00) goal=(4.79,0.61)[0m
[33m[WARN] [1786947925.854595174]: KinoAstar: frontend path not free (coll=0) at piece 0 idx 7; reject[0m
[47;30m
[replan 6]==============================================[0m
[0m[INFO] [1786947921.550890118]: continous_failures_count: 6[0m
[PLAN TIME] (frontend failed)
Hybrid A*       : skipped
Manipulator     : 0.39 ms
Whole-body RRT  : 4302.94 ms
Frontend check  : 0.26 ms
Initialization  : skipped
Optimization    : skipped
Safety check    : skipped
Time scaling    : skipped
Safety recheck  : skipped
Total           : 4303.73 ms
[33m[WARN] [1786947925.854761649]: KinoAstar: switching to whole-body RRT after 7 failures. start=(-5.00,0.00) goal=(4.79,0.61)[0m
[33m[WARN] [1786947928.571660779]: car collision at time 9.470000![0m
[47;30m
[replan 7]==============================================[0m
[0m[INFO] [1786947925.854638084]: continous_failures_count: 7[0m
[0m[INFO] [1786947928.546873357]: The optimization result is : Success: met stopping criteria (delta).[0m
[PLAN TIME] (opt/safety failed)
Hybrid A*       : skipped
Manipulator     : 0.42 ms
Whole-body RRT  : 1423.58 ms
Frontend check  : 0.57 ms
Initialization  : 0.02939 ms
Optimization    : 1267.28 ms
Safety check    : 24.7787 ms
Time scaling    : skipped
Safety recheck  : skipped
Total           : 2717.06 ms
[33m[WARN] [1786947928.573642541]: KinoAstar: switching to whole-body RRT after 8 failures. start=(-5.00,0.00) goal=(4.79,0.61)[0m
[33m[WARN] [1786947932.226353155]: car collision at time 9.570000![0m
[47;30m
[replan 8]==============================================[0m
[0m[INFO] [1786947928.573509825]: continous_failures_count: 8[0m
[0m[INFO] [1786947932.199737787]: The optimization result is : Success: met stopping criteria (delta).[0m
[PLAN TIME] (opt/safety failed)
Hybrid A*       : skipped
Manipulator     : 0.41 ms
Whole-body RRT  : 2247.32 ms
Frontend check  : 0.66 ms
Initialization  : 0.030055 ms
Optimization    : 1377.48 ms
Safety check    : 26.5991 ms
Time scaling    : skipped
Safety recheck  : skipped
Total           : 3652.88 ms
[33m[WARN] [1786947932.228361266]: KinoAstar: switching to whole-body RRT after 9 failures. start=(-5.00,0.00) goal=(4.79,0.61)[0m
[33m[WARN] [1786947934.319091198]: car collision at time 9.430000![0m
[47;30m
[replan 9]==============================================[0m
[0m[INFO] [1786947932.228244525]: continous_failures_count: 9[0m
[0m[INFO] [1786947934.294463508]: The optimization result is : Success: met stopping criteria (delta).[0m
[PLAN TIME] (opt/safety failed)
Hybrid A*       : skipped
Manipulator     : 0.42 ms
Whole-body RRT  : 1367.83 ms
Frontend check  : 0.55 ms
Initialization  : 0.025707 ms
Optimization    : 697.088 ms
Safety check    : 24.6154 ms
Time scaling    : skipped
Safety recheck  : skipped
Total           : 2090.88 ms
[33m[WARN] [1786947934.331983140]: KinoAstar: switching to whole-body RRT after 10 failures. start=(-5.00,0.00) goal=(4.79,0.61)[0m
[33m[WARN] [1786947940.064784737]: car collision at time 9.790000![0m
[0m[INFO] [1786947934.320899621]: [FSM]: stay in GEN_NEW_TRAJ (x2)[0m
[47;30m
[replan 10]==============================================[0m
[0m[INFO] [1786947934.331824657]: continous_failures_count: 10[0m
[0m[INFO] [1786947940.038392043]: The optimization result is : Success: met stopping criteria (delta).[0m
[PLAN TIME] (opt/safety failed)
Hybrid A*       : skipped
Manipulator     : 0.46 ms
Whole-body RRT  : 3406.79 ms
Frontend check  : 0.60 ms
Initialization  : 0.025303 ms
Optimization    : 2298.37 ms
Safety check    : 26.3815 ms
Time scaling    : skipped
Safety recheck  : skipped
Total           : 5733.01 ms
[33m[WARN] [1786947940.067336368]: KinoAstar: switching to whole-body RRT after 11 failures. start=(-5.00,0.00) goal=(4.79,0.61)[0m
[33m[WARN] [1786947945.409419914]: car collision at time 17.150000![0m
[47;30m
[replan 11]==============================================[0m
[0m[INFO] [1786947940.067220389]: continous_failures_count: 11[0m
[0m[INFO] [1786947945.361366958]: The optimization result is : Success: met stopping criteria (delta).[0m
[PLAN TIME] (opt/safety failed)
Hybrid A*       : skipped
Manipulator     : 0.40 ms
Whole-body RRT  : 4473.89 ms
Frontend check  : 0.73 ms
Initialization  : 0.033912 ms
Optimization    : 818.731 ms
Safety check    : 48.0325 ms
Time scaling    : skipped
Safety recheck  : skipped
Total           : 5342.24 ms
[33m[WARN] [1786947945.413235111]: KinoAstar: switching to whole-body RRT after 12 failures. start=(-5.00,0.00) goal=(4.79,0.61)[0m
[33m[WARN] [1786947950.053146864]: car collision at time 9.660000![0m
[47;30m
[replan 12]==============================================[0m
[0m[INFO] [1786947945.413108350]: continous_failures_count: 12[0m
[0m[INFO] [1786947950.026463384]: The optimization result is : Success: met stopping criteria (delta).[0m
[PLAN TIME] (opt/safety failed)
Hybrid A*       : skipped
Manipulator     : 0.43 ms
Whole-body RRT  : 2334.31 ms
Frontend check  : 0.50 ms
Initialization  : 0.023479 ms
Optimization    : 2277.82 ms
Safety check    : 26.6651 ms
Time scaling    : skipped
Safety recheck  : skipped
Total           : 4640.07 ms
[33m[WARN] [1786947950.055144583]: KinoAstar: switching to whole-body RRT after 13 failures. start=(-5.00,0.00) goal=(4.79,0.61)[0m
[33m[WARN] [1786947952.685212593]: mani collision at time 9.920000![0m
[47;30m
[replan 13]==============================================[0m
[0m[INFO] [1786947950.055030490]: continous_failures_count: 13[0m
[0m[INFO] [1786947952.658612638]: The optimization result is : Success: met stopping criteria (delta).[0m
[PLAN TIME] (opt/safety failed)
Hybrid A*       : skipped
Manipulator     : 0.42 ms
Whole-body RRT  : 1804.51 ms
Frontend check  : 0.59 ms
Initialization  : 0.026839 ms
Optimization    : 797.773 ms
Safety check    : 26.5915 ms
Time scaling    : skipped
Safety recheck  : skipped
Total           : 2630.21 ms
[33m[WARN] [1786947952.687190253]: KinoAstar: switching to whole-body RRT after 14 failures. start=(-5.00,0.00) goal=(4.79,0.61)[0m
[33m[WARN] [1786947959.938012555]: car collision at time 16.280000![0m
[47;30m
[replan 14]==============================================[0m
[0m[INFO] [1786947952.687074267]: continous_failures_count: 14[0m
[0m[INFO] [1786947959.895313132]: The optimization result is : Success: met stopping criteria (delta).[0m
[PLAN TIME] (opt/safety failed)
Hybrid A*       : skipped
Manipulator     : 0.42 ms
Whole-body RRT  : 4696.59 ms
Frontend check  : 1.28 ms
Initialization  : 0.049262 ms
Optimization    : 2509.54 ms
Safety check    : 42.6941 ms
Time scaling    : skipped
Safety recheck  : skipped
Total           : 7250.98 ms
[33m[WARN] [1786947959.941610596]: KinoAstar: switching to whole-body RRT after 15 failures. start=(-5.00,0.00) goal=(4.79,0.61)[0m
[33m[WARN] [1786947962.739265059]: mani collision at time 9.380000![0m
[47;30m
[replan 15]==============================================[0m
[0m[INFO] [1786947959.941499173]: continous_failures_count: 15[0m
[0m[INFO] [1786947962.713896446]: The optimization result is : Success: met stopping criteria (delta).[0m
[PLAN TIME] (opt/safety failed)
Hybrid A*       : skipped
Manipulator     : 0.37 ms
Whole-body RRT  : 1795.76 ms
Frontend check  : 0.52 ms
Initialization  : 0.024459 ms
Optimization    : 975.395 ms
Safety check    : 25.3565 ms
Time scaling    : skipped
Safety recheck  : skipped
Total           : 2797.79 ms
[33m[WARN] [1786947962.741267015]: KinoAstar: switching to whole-body RRT after 16 failures. start=(-5.00,0.00) goal=(4.79,0.61)[0m
[47;30m
[replan 16]==============================================[0m
[0m[INFO] [1786947962.741149996]: continous_failures_count: 16[0m
[0m[INFO] [1786947966.119227869]: The optimization result is : Success: met stopping criteria (delta).[0m
[34mtotal time: 3444.03, init: 1550.34, optimize: 1893.69, avg_time: 3444.03, count_success: 1[0m
[PLAN TIME]
Hybrid A*       : skipped
Manipulator     : 0.39 ms
Whole-body RRT  : 1548.91 ms
Frontend check  : 0.70 ms
Initialization  : 0.034282 ms
Optimization    : 1827.7 ms
Safety check    : 65.9121 ms
Time scaling    : skipped
Safety recheck  : skipped
Total           : 3444.03 ms
[FSM]: from GEN_NEW_TRAJ to EXEC_TRAJ
