... logging to /home/gzz/.ros/log/f1706870-a077-11f1-9e52-fdf66165d635/roslaunch-GZZ-812372.log
Checking log directory for disk usage. This may take a while.
Press Ctrl-C to interrupt
Done checking log file disk usage. Usage is <1GB.
]2;/home/gzz/Codes/wbc/remani_planner/src/REMANI-Planner/remani_planner/plan_manage/launch/remani_sim.launch
[1mstarted roslaunch server http://GZZ:36353/[0m

SUMMARY
========

PARAMETERS
 * /fake_mm/fake_mm/pub_urdf_joint_states: True
 * /fake_mm/fsm/init_gripper_close: False
 * /fake_mm/fsm/init_state: [-5.0, 0.0, 0.0, ...
 * /fake_mm/fsm/init_yaw: 0.0
 * /fake_mm/fsm/waypoint0: [0.0, 0.0, 0.0, 0...
 * /fake_mm/fsm/waypoint0_gripper_close: True
 * /fake_mm/fsm/waypoint0_yaw: 0.0
 * /fake_mm/fsm/waypoint1: [5.0, 0.0, 0.0, 0...
 * /fake_mm/fsm/waypoint1_gripper_close: False
 * /fake_mm/fsm/waypoint1_yaw: 0.0
 * /fake_mm/fsm/waypoint_num: 2
 * /fake_mm/map/map_type: 0
 * /fake_mm/mm/base_mani_fixed_joint_xyz_ypr: [0.2462, 0.0, 0.1...
 * /fake_mm/mm/ee_tcp_xyz_rpy: [0.0, 0.0, 0.0, 0...
 * /fake_mm/mm/manipulator_config: [0.1765, 0.607, 0...
 * /fake_mm/mm/manipulator_dof: 6
 * /fake_mm/mm/manipulator_max_acc: 1.57
 * /fake_mm/mm/manipulator_max_pos: [3.0, 1.5, 2.8, 3...
 * /fake_mm/mm/manipulator_max_vel: 0.8
 * /fake_mm/mm/manipulator_min_pos: [-3.0, -1.5, -2.8...
 * /fake_mm/mm/manipulator_self_thickness: 0.045
 * /fake_mm/mm/manipulator_thickness: 0.1
 * /fake_mm/mm/manipulator_type: cr10
 * /fake_mm/mm/mobile_base_check_radius: 0.1
 * /fake_mm/mm/mobile_base_dof: 2
 * /fake_mm/mm/mobile_base_height: 0.15
 * /fake_mm/mm/mobile_base_length: 1.1
 * /fake_mm/mm/mobile_base_max_wheel_alpha: 8.0
 * /fake_mm/mm/mobile_base_max_wheel_omega: 4.0
 * /fake_mm/mm/mobile_base_non_singul_vel: 0.05
 * /fake_mm/mm/mobile_base_wheel_base: 0.56
 * /fake_mm/mm/mobile_base_wheel_radius: 0.125
 * /fake_mm/mm/mobile_base_width: 0.9
 * /fsm/target_type: 1
 * /map_generator/bridges: [[0.0, 0.0, 1.0, ...
 * /map_generator/clear_centers: [[-5.0, 0.0], [-2...
 * /map_generator/clear_radius: 3.0
 * /map_generator/fsm/init_gripper_close: False
 * /map_generator/fsm/init_state: [-5.0, 0.0, 0.0, ...
 * /map_generator/fsm/init_yaw: 0.0
 * /map_generator/fsm/waypoint0: [0.0, 0.0, 0.0, 0...
 * /map_generator/fsm/waypoint0_gripper_close: True
 * /map_generator/fsm/waypoint0_yaw: 0.0
 * /map_generator/fsm/waypoint1: [5.0, 0.0, 0.0, 0...
 * /map_generator/fsm/waypoint1_gripper_close: False
 * /map_generator/fsm/waypoint1_yaw: 0.0
 * /map_generator/fsm/waypoint_num: 2
 * /map_generator/map/float_obs_num: 2
 * /map_generator/map/map_type: 0
 * /map_generator/map/obs_num: 4
 * /map_generator/map/resolution: 0.05
 * /map_generator/map/seed: 30
 * /map_generator/map/x_size: 16
 * /map_generator/map/y_size: 12
 * /map_generator/map/z_size: 3
 * /map_generator/min_distance: 2.5
 * /map_generator/mm/base_mani_fixed_joint_xyz_ypr: [0.2462, 0.0, 0.1...
 * /map_generator/mm/ee_tcp_xyz_rpy: [0.0, 0.0, 0.0, 0...
 * /map_generator/mm/manipulator_config: [0.1765, 0.607, 0...
 * /map_generator/mm/manipulator_dof: 6
 * /map_generator/mm/manipulator_max_acc: 1.57
 * /map_generator/mm/manipulator_max_pos: [3.0, 1.5, 2.8, 3...
 * /map_generator/mm/manipulator_max_vel: 0.8
 * /map_generator/mm/manipulator_min_pos: [-3.0, -1.5, -2.8...
 * /map_generator/mm/manipulator_self_thickness: 0.045
 * /map_generator/mm/manipulator_thickness: 0.1
 * /map_generator/mm/manipulator_type: cr10
 * /map_generator/mm/mobile_base_check_radius: 0.1
 * /map_generator/mm/mobile_base_dof: 2
 * /map_generator/mm/mobile_base_height: 0.15
 * /map_generator/mm/mobile_base_length: 1.1
 * /map_generator/mm/mobile_base_max_wheel_alpha: 8.0
 * /map_generator/mm/mobile_base_max_wheel_omega: 4.0
 * /map_generator/mm/mobile_base_non_singul_vel: 0.05
 * /map_generator/mm/mobile_base_wheel_base: 0.56
 * /map_generator/mm/mobile_base_wheel_radius: 0.125
 * /map_generator/mm/mobile_base_width: 0.9
 * /map_generator/pub_rate: 1.0
 * /mm_controller_node/fsm/ee_current_pose_topic: /ee_current_pose
 * /mm_controller_node/fsm/ee_goal_topic: /ee_goal
 * /mm_controller_node/fsm/ee_ik_b_accept_clearance: 0.2
 * /mm_controller_node/fsm/ee_ik_b_accept_joint_margin: 0.15
 * /mm_controller_node/fsm/ee_ik_b_accept_max_dq: 0.5
 * /mm_controller_node/fsm/ee_ik_b_accept_max_xy: 0.15
 * /mm_controller_node/fsm/ee_ik_b_accept_max_yaw_deg: 10.0
 * /mm_controller_node/fsm/ee_ik_b_max_iters: 60
 * /mm_controller_node/fsm/ee_ik_b_max_ms: 40.0
 * /mm_controller_node/fsm/ee_ik_b_weight_joint: 1.0
 * /mm_controller_node/fsm/ee_ik_b_weight_xy: 5.0
 * /mm_controller_node/fsm/ee_ik_b_weight_yaw: 2.0
 * /mm_controller_node/fsm/ee_ik_c_arm_iters: 40
 * /mm_controller_node/fsm/ee_ik_c_arm_max_ms: 5.0
 * /mm_controller_node/fsm/ee_ik_c_max_ms: 150.0
 * /mm_controller_node/fsm/ee_ik_c_radii: [0.5, 0.75, 1.0, ...
 * /mm_controller_node/fsm/ee_ik_c_yaw_bins: 12
 * /mm_controller_node/fsm/ee_ik_c_yaw_offsets_deg: [0.0, -15.0, 15.0]
 * /mm_controller_node/fsm/ee_ik_gap_ref: 0.2
 * /mm_controller_node/fsm/ee_ik_joint_margin_req: 0.087
 * /mm_controller_node/fsm/ee_ik_local_xy: 0.4
 * /mm_controller_node/fsm/ee_ik_local_yaw_deg: 20.0
 * /mm_controller_node/fsm/ee_ik_pos_tol: 0.01
 * /mm_controller_node/fsm/ee_ik_rot_tol_deg: 2.0
 * /mm_controller_node/fsm/ee_ik_w_gap: 2.0
 * /mm_controller_node/fsm/ee_ik_w_limit: 1.0
 * /mm_controller_node/fsm/ee_ik_w_q: 0.1
 * /mm_controller_node/fsm/ee_ik_w_xy: 1.0
 * /mm_controller_node/fsm/ee_ik_w_yaw: 0.3
 * /mm_controller_node/fsm/ee_reach_pos_tol: 0.02
 * /mm_controller_node/fsm/ee_reach_rot_tol_deg: 4.0
 * /mm_controller_node/fsm/emergency_time: 1.5
 * /mm_controller_node/fsm/global_plan: True
 * /mm_controller_node/fsm/init_gripper_close: False
 * /mm_controller_node/fsm/init_state: [-5.0, 0.0, 0.0, ...
 * /mm_controller_node/fsm/init_yaw: 0.0
 * /mm_controller_node/fsm/max_continuous_plan_failures: 20
 * /mm_controller_node/fsm/planning_horizon: 5.0
 * /mm_controller_node/fsm/replan_trajectory_time: 1.7
 * /mm_controller_node/fsm/target_type: 2
 * /mm_controller_node/fsm/thresh_replan_time: 2.5
 * /mm_controller_node/fsm/time_for_gripper: 0.05
 * /mm_controller_node/fsm/waypoint0: [0.0, 0.0, 0.0, 0...
 * /mm_controller_node/fsm/waypoint0_gripper_close: True
 * /mm_controller_node/fsm/waypoint0_yaw: 0.0
 * /mm_controller_node/fsm/waypoint1: [5.0, 0.0, 0.0, 0...
 * /mm_controller_node/fsm/waypoint1_gripper_close: False
 * /mm_controller_node/fsm/waypoint1_yaw: 0.0
 * /mm_controller_node/fsm/waypoint_num: 2
 * /mm_controller_node/grid_map/use_global_map: False
 * /mm_controller_node/grid_map/use_load_map: True
 * /mm_controller_node/map/map_type: 0
 * /mm_controller_node/mm/base_mani_fixed_joint_xyz_ypr: [0.2462, 0.0, 0.1...
 * /mm_controller_node/mm/ee_tcp_xyz_rpy: [0.0, 0.0, 0.0, 0...
 * /mm_controller_node/mm/manipulator_config: [0.1765, 0.607, 0...
 * /mm_controller_node/mm/manipulator_dof: 6
 * /mm_controller_node/mm/manipulator_max_acc: 1.57
 * /mm_controller_node/mm/manipulator_max_pos: [3.0, 1.5, 2.8, 3...
 * /mm_controller_node/mm/manipulator_max_vel: 0.8
 * /mm_controller_node/mm/manipulator_min_pos: [-3.0, -1.5, -2.8...
 * /mm_controller_node/mm/manipulator_self_thickness: 0.045
 * /mm_controller_node/mm/manipulator_thickness: 0.1
 * /mm_controller_node/mm/manipulator_type: cr10
 * /mm_controller_node/mm/mobile_base_check_radius: 0.1
 * /mm_controller_node/mm/mobile_base_dof: 2
 * /mm_controller_node/mm/mobile_base_height: 0.15
 * /mm_controller_node/mm/mobile_base_length: 1.1
 * /mm_controller_node/mm/mobile_base_max_wheel_alpha: 8.0
 * /mm_controller_node/mm/mobile_base_max_wheel_omega: 4.0
 * /mm_controller_node/mm/mobile_base_non_singul_vel: 0.05
 * /mm_controller_node/mm/mobile_base_wheel_base: 0.56
 * /mm_controller_node/mm/mobile_base_wheel_radius: 0.125
 * /mm_controller_node/mm/mobile_base_width: 0.9
 * /mm_controller_node/optimization/constrain_points_perPiece: 16
 * /mm_controller_node/optimization/dense_sample_resolution: 16
 * /mm_controller_node/optimization/enable_dynamic_time_scaling: True
 * /mm_controller_node/optimization/ground_safe_dis: 0.03
 * /mm_controller_node/optimization/ground_safe_margin: 0.03
 * /mm_controller_node/optimization/max_time_scale: 2.0
 * /mm_controller_node/optimization/max_time_scaling_attempts: 2
 * /mm_controller_node/optimization/mobile_base_opt_gear: True
 * /mm_controller_node/optimization/safe_margin: 0.1
 * /mm_controller_node/optimization/safe_margin_mani: 0.15
 * /mm_controller_node/optimization/self_safe_margin: 0.1
 * /mm_controller_node/optimization/weight_base_feasibility: 100.0
 * /mm_controller_node/optimization/weight_manipulator_feasibility: 100.0
 * /mm_controller_node/optimization/weight_manipulator_obstacle: 80000.0
 * /mm_controller_node/optimization/weight_manipulator_self: 1000.0
 * /mm_controller_node/optimization/weight_obstacle: 50000.0
 * /mm_controller_node/optimization/weight_time: 1.0
 * /mm_controller_node/optimization/wheel_limit_ratio: 0.95
 * /mm_controller_node/search/allocate_num: 100000
 * /mm_controller_node/search/check_num: 16
 * /mm_controller_node/search/curvatureDisCoe: 0.4
 * /mm_controller_node/search/dist_resolution: 0.6
 * /mm_controller_node/search/goal_rate: 0.4
 * /mm_controller_node/search/lambda_heu: 1
 * /mm_controller_node/search/max_arc: 0.4
 * /mm_controller_node/search/max_loop_num: 5000
 * /mm_controller_node/search/max_mani_search_time: 0.3
 * /mm_controller_node/search/max_sample_time: 1.5
 * /mm_controller_node/search/max_seach_time: 3.0
 * /mm_controller_node/search/min_turning_radius: 0.2
 * /mm_controller_node/search/oneshot_check_len: 0.02
 * /mm_controller_node/search/oneshot_range: 1.0
 * /mm_controller_node/search/sample_time: 0.1
 * /mm_controller_node/search/traj_back_penalty: 3.0
 * /mm_controller_node/search/traj_forward_penalty: 1.0
 * /mm_controller_node/search/traj_gear_switch_penalty: 10.0
 * /mm_controller_node/search/traj_steer_change_penalty: 2.0
 * /mm_controller_node/search/traj_steer_penalty: 5.0
 * /mm_controller_node/search/try_astar_times: 5
 * /mm_controller_node/search/yaw_resolution: 0.35
 * /mm_controller_node/visualization/enable_debug_vis: False
 * /mm_controller_node/visualization/enable_traj_mesh_vis: True
 * /mm_controller_node/visualization/his_traj_max_points: 500
 * /mm_controller_node/visualization/mesh_vis_stride: 3
 * /mm_controller_node/visualization/tf_rate_hz: 20.0
 * /mm_controller_node/visualization/vis_rate_hz: 15.0
 * /model_vis/fsm/ee_current_pose_topic: /ee_current_pose
 * /model_vis/fsm/ee_goal_topic: /ee_goal
 * /model_vis/fsm/ee_ik_b_accept_clearance: 0.2
 * /model_vis/fsm/ee_ik_b_accept_joint_margin: 0.15
 * /model_vis/fsm/ee_ik_b_accept_max_dq: 0.5
 * /model_vis/fsm/ee_ik_b_accept_max_xy: 0.15
 * /model_vis/fsm/ee_ik_b_accept_max_yaw_deg: 10.0
 * /model_vis/fsm/ee_ik_b_max_iters: 60
 * /model_vis/fsm/ee_ik_b_max_ms: 40.0
 * /model_vis/fsm/ee_ik_b_weight_joint: 1.0
 * /model_vis/fsm/ee_ik_b_weight_xy: 5.0
 * /model_vis/fsm/ee_ik_b_weight_yaw: 2.0
 * /model_vis/fsm/ee_ik_c_arm_iters: 40
 * /model_vis/fsm/ee_ik_c_arm_max_ms: 5.0
 * /model_vis/fsm/ee_ik_c_max_ms: 150.0
 * /model_vis/fsm/ee_ik_c_radii: [0.5, 0.75, 1.0, ...
 * /model_vis/fsm/ee_ik_c_yaw_bins: 12
 * /model_vis/fsm/ee_ik_c_yaw_offsets_deg: [0.0, -15.0, 15.0]
 * /model_vis/fsm/ee_ik_gap_ref: 0.2
 * /model_vis/fsm/ee_ik_joint_margin_req: 0.087
 * /model_vis/fsm/ee_ik_local_xy: 0.4
 * /model_vis/fsm/ee_ik_local_yaw_deg: 20.0
 * /model_vis/fsm/ee_ik_pos_tol: 0.01
 * /model_vis/fsm/ee_ik_rot_tol_deg: 2.0
 * /model_vis/fsm/ee_ik_w_gap: 2.0
 * /model_vis/fsm/ee_ik_w_limit: 1.0
 * /model_vis/fsm/ee_ik_w_q: 0.1
 * /model_vis/fsm/ee_ik_w_xy: 1.0
 * /model_vis/fsm/ee_ik_w_yaw: 0.3
 * /model_vis/fsm/ee_reach_pos_tol: 0.02
 * /model_vis/fsm/ee_reach_rot_tol_deg: 4.0
 * /model_vis/fsm/emergency_time: 1.5
 * /model_vis/fsm/global_plan: True
 * /model_vis/fsm/init_gripper_close: False
 * /model_vis/fsm/init_state: [-5.0, 0.0, 0.0, ...
 * /model_vis/fsm/init_yaw: 0.0
 * /model_vis/fsm/max_continuous_plan_failures: 20
 * /model_vis/fsm/planning_horizon: 5.0
 * /model_vis/fsm/replan_trajectory_time: 1.7
 * /model_vis/fsm/target_type: 2
 * /model_vis/fsm/thresh_replan_time: 2.5
 * /model_vis/fsm/time_for_gripper: 0.05
 * /model_vis/fsm/waypoint0: [0.0, 0.0, 0.0, 0...
 * /model_vis/fsm/waypoint0_gripper_close: True
 * /model_vis/fsm/waypoint0_yaw: 0.0
 * /model_vis/fsm/waypoint1: [5.0, 0.0, 0.0, 0...
 * /model_vis/fsm/waypoint1_gripper_close: False
 * /model_vis/fsm/waypoint1_yaw: 0.0
 * /model_vis/fsm/waypoint_num: 2
 * /model_vis/grid_map/use_global_map: False
 * /model_vis/grid_map/use_load_map: True
 * /model_vis/map/map_type: 0
 * /model_vis/mm/base_mani_fixed_joint_xyz_ypr: [0.2462, 0.0, 0.1...
 * /model_vis/mm/ee_tcp_xyz_rpy: [0.0, 0.0, 0.0, 0...
 * /model_vis/mm/manipulator_config: [0.1765, 0.607, 0...
 * /model_vis/mm/manipulator_dof: 6
 * /model_vis/mm/manipulator_max_acc: 1.57
 * /model_vis/mm/manipulator_max_pos: [3.0, 1.5, 2.8, 3...
 * /model_vis/mm/manipulator_max_vel: 0.8
 * /model_vis/mm/manipulator_min_pos: [-3.0, -1.5, -2.8...
 * /model_vis/mm/manipulator_self_thickness: 0.045
 * /model_vis/mm/manipulator_thickness: 0.1
 * /model_vis/mm/manipulator_type: cr10
 * /model_vis/mm/mobile_base_check_radius: 0.1
 * /model_vis/mm/mobile_base_dof: 2
 * /model_vis/mm/mobile_base_height: 0.15
 * /model_vis/mm/mobile_base_length: 1.1
 * /model_vis/mm/mobile_base_max_wheel_alpha: 8.0
 * /model_vis/mm/mobile_base_max_wheel_omega: 4.0
 * /model_vis/mm/mobile_base_non_singul_vel: 0.05
 * /model_vis/mm/mobile_base_wheel_base: 0.56
 * /model_vis/mm/mobile_base_wheel_radius: 0.125
 * /model_vis/mm/mobile_base_width: 0.9
 * /model_vis/optimization/constrain_points_perPiece: 16
 * /model_vis/optimization/dense_sample_resolution: 16
 * /model_vis/optimization/enable_dynamic_time_scaling: True
 * /model_vis/optimization/ground_safe_dis: 0.03
 * /model_vis/optimization/ground_safe_margin: 0.03
 * /model_vis/optimization/max_time_scale: 2.0
 * /model_vis/optimization/max_time_scaling_attempts: 2
 * /model_vis/optimization/mobile_base_opt_gear: True
 * /model_vis/optimization/safe_margin: 0.1
 * /model_vis/optimization/safe_margin_mani: 0.15
 * /model_vis/optimization/self_safe_margin: 0.1
 * /model_vis/optimization/weight_base_feasibility: 100.0
 * /model_vis/optimization/weight_manipulator_feasibility: 100.0
 * /model_vis/optimization/weight_manipulator_obstacle: 80000.0
 * /model_vis/optimization/weight_manipulator_self: 1000.0
 * /model_vis/optimization/weight_obstacle: 50000.0
 * /model_vis/optimization/weight_time: 1.0
 * /model_vis/optimization/wheel_limit_ratio: 0.95
 * /model_vis/search/allocate_num: 100000
 * /model_vis/search/check_num: 16
 * /model_vis/search/curvatureDisCoe: 0.4
 * /model_vis/search/dist_resolution: 0.6
 * /model_vis/search/goal_rate: 0.4
 * /model_vis/search/lambda_heu: 1
 * /model_vis/search/max_arc: 0.4
 * /model_vis/search/max_loop_num: 5000
 * /model_vis/search/max_mani_search_time: 0.3
 * /model_vis/search/max_sample_time: 1.5
 * /model_vis/search/max_seach_time: 3.0
 * /model_vis/search/min_turning_radius: 0.2
 * /model_vis/search/oneshot_check_len: 0.02
 * /model_vis/search/oneshot_range: 1.0
 * /model_vis/search/sample_time: 0.1
 * /model_vis/search/traj_back_penalty: 3.0
 * /model_vis/search/traj_forward_penalty: 1.0
 * /model_vis/search/traj_gear_switch_penalty: 10.0
 * /model_vis/search/traj_steer_change_penalty: 2.0
 * /model_vis/search/traj_steer_penalty: 5.0
 * /model_vis/search/try_astar_times: 5
 * /model_vis/search/yaw_resolution: 0.35
 * /model_vis/visualization/enable_debug_vis: False
 * /model_vis/visualization/enable_traj_mesh_vis: True
 * /model_vis/visualization/his_traj_max_points: 500
 * /model_vis/visualization/mesh_vis_stride: 3
 * /model_vis/visualization/tf_rate_hz: 20.0
 * /model_vis/visualization/vis_rate_hz: 15.0
 * /remani_planner_node/fsm/ee_current_pose_topic: /ee_current_pose
 * /remani_planner_node/fsm/ee_goal_topic: /ee_goal
 * /remani_planner_node/fsm/ee_ik_b_accept_clearance: 0.2
 * /remani_planner_node/fsm/ee_ik_b_accept_joint_margin: 0.15
 * /remani_planner_node/fsm/ee_ik_b_accept_max_dq: 0.5
 * /remani_planner_node/fsm/ee_ik_b_accept_max_xy: 0.15
 * /remani_planner_node/fsm/ee_ik_b_accept_max_yaw_deg: 10.0
 * /remani_planner_node/fsm/ee_ik_b_max_iters: 60
 * /remani_planner_node/fsm/ee_ik_b_max_ms: 40.0
 * /remani_planner_node/fsm/ee_ik_b_weight_joint: 1.0
 * /remani_planner_node/fsm/ee_ik_b_weight_xy: 5.0
 * /remani_planner_node/fsm/ee_ik_b_weight_yaw: 2.0
 * /remani_planner_node/fsm/ee_ik_c_arm_iters: 40
 * /remani_planner_node/fsm/ee_ik_c_arm_max_ms: 5.0
 * /remani_planner_node/fsm/ee_ik_c_max_ms: 150.0
 * /remani_planner_node/fsm/ee_ik_c_radii: [0.5, 0.75, 1.0, ...
 * /remani_planner_node/fsm/ee_ik_c_yaw_bins: 12
 * /remani_planner_node/fsm/ee_ik_c_yaw_offsets_deg: [0.0, -15.0, 15.0]
 * /remani_planner_node/fsm/ee_ik_gap_ref: 0.2
 * /remani_planner_node/fsm/ee_ik_joint_margin_req: 0.087
 * /remani_planner_node/fsm/ee_ik_local_xy: 0.4
 * /remani_planner_node/fsm/ee_ik_local_yaw_deg: 20.0
 * /remani_planner_node/fsm/ee_ik_pos_tol: 0.01
 * /remani_planner_node/fsm/ee_ik_rot_tol_deg: 2.0
 * /remani_planner_node/fsm/ee_ik_w_gap: 2.0
 * /remani_planner_node/fsm/ee_ik_w_limit: 1.0
 * /remani_planner_node/fsm/ee_ik_w_q: 0.1
 * /remani_planner_node/fsm/ee_ik_w_xy: 1.0
 * /remani_planner_node/fsm/ee_ik_w_yaw: 0.3
 * /remani_planner_node/fsm/ee_reach_pos_tol: 0.02
 * /remani_planner_node/fsm/ee_reach_rot_tol_deg: 4.0
 * /remani_planner_node/fsm/emergency_time: 1.5
 * /remani_planner_node/fsm/fail_safe: True
 * /remani_planner_node/fsm/global_plan: True
 * /remani_planner_node/fsm/init_gripper_close: False
 * /remani_planner_node/fsm/init_state: [-5.0, 0.0, 0.0, ...
 * /remani_planner_node/fsm/init_yaw: 0.0
 * /remani_planner_node/fsm/max_continuous_plan_failures: 20
 * /remani_planner_node/fsm/planning_horizon: 5.0
 * /remani_planner_node/fsm/replan_trajectory_time: 1.7
 * /remani_planner_node/fsm/target_type: 1
 * /remani_planner_node/fsm/thresh_no_replan_meter: 2.5
 * /remani_planner_node/fsm/thresh_replan_time: 2.5
 * /remani_planner_node/fsm/time_for_gripper: 0.05
 * /remani_planner_node/fsm/waypoint0: [0.0, 0.0, 0.0, 0...
 * /remani_planner_node/fsm/waypoint0_gripper_close: True
 * /remani_planner_node/fsm/waypoint0_yaw: 0.0
 * /remani_planner_node/fsm/waypoint1: [5.0, 0.0, 0.0, 0...
 * /remani_planner_node/fsm/waypoint1_gripper_close: False
 * /remani_planner_node/fsm/waypoint1_yaw: 0.0
 * /remani_planner_node/fsm/waypoint_num: 2
 * /remani_planner_node/grid_map/cx: 321.04638671875
 * /remani_planner_node/grid_map/cy: 243.44969177246094
 * /remani_planner_node/grid_map/depth_filter_margin: 2
 * /remani_planner_node/grid_map/depth_filter_maxdist: 5.0
 * /remani_planner_node/grid_map/depth_filter_mindist: 0.2
 * /remani_planner_node/grid_map/depth_filter_tolerance: 0.15
 * /remani_planner_node/grid_map/esdf_slice_height: -0.1
 * /remani_planner_node/grid_map/frame_id: world
 * /remani_planner_node/grid_map/fx: 387.229248046875
 * /remani_planner_node/grid_map/fy: 387.229248046875
 * /remani_planner_node/grid_map/ground_height: -0.01
 * /remani_planner_node/grid_map/k_depth_scaling_factor: 1000.0
 * /remani_planner_node/grid_map/local_bound_inflate: 0.0
 * /remani_planner_node/grid_map/local_map_margin: 15
 * /remani_planner_node/grid_map/local_update_range_x: 17
 * /remani_planner_node/grid_map/local_update_range_y: 17
 * /remani_planner_node/grid_map/local_update_range_z: 3.0
 * /remani_planner_node/grid_map/map_size_x: 16.0
 * /remani_planner_node/grid_map/map_size_y: 12.0
 * /remani_planner_node/grid_map/map_size_z: 3.0
 * /remani_planner_node/grid_map/max_ray_length: 4.5
 * /remani_planner_node/grid_map/min_ray_length: 0.1
 * /remani_planner_node/grid_map/obstacles_inflation: 0.08
 * /remani_planner_node/grid_map/p_hit: 0.65
 * /remani_planner_node/grid_map/p_max: 0.9
 * /remani_planner_node/grid_map/p_min: 0.12
 * /remani_planner_node/grid_map/p_miss: 0.35
 * /remani_planner_node/grid_map/p_occ: 0.8
 * /remani_planner_node/grid_map/pose_type: 1
 * /remani_planner_node/grid_map/resolution: 0.05
 * /remani_planner_node/grid_map/show_esdf_time: False
 * /remani_planner_node/grid_map/show_occ_time: False
 * /remani_planner_node/grid_map/skip_pixel: 2
 * /remani_planner_node/grid_map/use_depth_filter: True
 * /remani_planner_node/grid_map/use_global_map: False
 * /remani_planner_node/grid_map/use_load_map: True
 * /remani_planner_node/grid_map/virtual_ceil_height: 4.0
 * /remani_planner_node/grid_map/visualization_truncate_height: 2.8
 * /remani_planner_node/grid_map/z_length: 0.0
 * /remani_planner_node/manager/control_points_distance: 0.4
 * /remani_planner_node/manager/feasibility_tolerance: 0.05
 * /remani_planner_node/manager/polyTraj_piece_length: 2.0
 * /remani_planner_node/map/map_type: 0
 * /remani_planner_node/mm/base_mani_fixed_joint_xyz_ypr: [0.2462, 0.0, 0.1...
 * /remani_planner_node/mm/ee_tcp_xyz_rpy: [0.0, 0.0, 0.0, 0...
 * /remani_planner_node/mm/manipulator_config: [0.1765, 0.607, 0...
 * /remani_planner_node/mm/manipulator_dof: 6
 * /remani_planner_node/mm/manipulator_max_acc: 1.57
 * /remani_planner_node/mm/manipulator_max_pos: [3.0, 1.5, 2.8, 3...
 * /remani_planner_node/mm/manipulator_max_vel: 0.8
 * /remani_planner_node/mm/manipulator_min_pos: [-3.0, -1.5, -2.8...
 * /remani_planner_node/mm/manipulator_self_thickness: 0.045
 * /remani_planner_node/mm/manipulator_thickness: 0.1
 * /remani_planner_node/mm/manipulator_type: cr10
 * /remani_planner_node/mm/mobile_base_check_radius: 0.1
 * /remani_planner_node/mm/mobile_base_dof: 2
 * /remani_planner_node/mm/mobile_base_height: 0.15
 * /remani_planner_node/mm/mobile_base_length: 1.1
 * /remani_planner_node/mm/mobile_base_max_wheel_alpha: 8.0
 * /remani_planner_node/mm/mobile_base_max_wheel_omega: 4.0
 * /remani_planner_node/mm/mobile_base_non_singul_vel: 0.05
 * /remani_planner_node/mm/mobile_base_wheel_base: 0.56
 * /remani_planner_node/mm/mobile_base_wheel_radius: 0.125
 * /remani_planner_node/mm/mobile_base_width: 0.9
 * /remani_planner_node/optimization/constrain_points_perPiece: 16
 * /remani_planner_node/optimization/dense_sample_resolution: 16
 * /remani_planner_node/optimization/enable_dynamic_time_scaling: True
 * /remani_planner_node/optimization/ground_safe_dis: 0.03
 * /remani_planner_node/optimization/ground_safe_margin: 0.03
 * /remani_planner_node/optimization/max_time_scale: 2.0
 * /remani_planner_node/optimization/max_time_scaling_attempts: 2
 * /remani_planner_node/optimization/mobile_base_opt_gear: True
 * /remani_planner_node/optimization/safe_margin: 0.1
 * /remani_planner_node/optimization/safe_margin_mani: 0.15
 * /remani_planner_node/optimization/self_safe_margin: 0.1
 * /remani_planner_node/optimization/weight_base_feasibility: 100.0
 * /remani_planner_node/optimization/weight_manipulator_feasibility: 100.0
 * /remani_planner_node/optimization/weight_manipulator_obstacle: 80000.0
 * /remani_planner_node/optimization/weight_manipulator_self: 1000.0
 * /remani_planner_node/optimization/weight_obstacle: 50000.0
 * /remani_planner_node/optimization/weight_time: 1.0
 * /remani_planner_node/optimization/wheel_limit_ratio: 0.95
 * /remani_planner_node/search/allocate_num: 100000
 * /remani_planner_node/search/check_num: 16
 * /remani_planner_node/search/curvatureDisCoe: 0.4
 * /remani_planner_node/search/dist_resolution: 0.6
 * /remani_planner_node/search/goal_rate: 0.4
 * /remani_planner_node/search/lambda_heu: 1
 * /remani_planner_node/search/max_arc: 0.4
 * /remani_planner_node/search/max_loop_num: 5000
 * /remani_planner_node/search/max_mani_search_time: 0.3
 * /remani_planner_node/search/max_sample_time: 1.5
 * /remani_planner_node/search/max_seach_time: 3.0
 * /remani_planner_node/search/min_turning_radius: 0.5
 * /remani_planner_node/search/oneshot_check_len: 0.02
 * /remani_planner_node/search/oneshot_range: 1.0
 * /remani_planner_node/search/sample_time: 0.1
 * /remani_planner_node/search/traj_back_penalty: 3.0
 * /remani_planner_node/search/traj_forward_penalty: 1.0
 * /remani_planner_node/search/traj_gear_switch_penalty: 10.0
 * /remani_planner_node/search/traj_steer_change_penalty: 2.0
 * /remani_planner_node/search/traj_steer_penalty: 5.0
 * /remani_planner_node/search/try_astar_times: 5
 * /remani_planner_node/search/yaw_resolution: 0.35
 * /remani_planner_node/visualization/enable_debug_vis: False
 * /remani_planner_node/visualization/enable_traj_mesh_vis: True
 * /remani_planner_node/visualization/his_traj_max_points: 500
 * /remani_planner_node/visualization/mesh_vis_stride: 3
 * /remani_planner_node/visualization/tf_rate_hz: 20.0
 * /remani_planner_node/visualization/vis_rate_hz: 15.0
 * /robot_description: <?xml version='1....
 * /rosdistro: noetic
 * /rosversion: 1.17.4
 * /search/max_seach_time: 3.0
 * /search/min_turning_radius: 0.5

NODES
  /
    ee_goal_marker_node (remani_planner/ee_goal_marker_node)
    fake_mm (fake_mm/fake_mm)
    map_generator (map_generator/map_generator)
    mm_controller_node (mm_controller/mm_controller_node)
    model_vis (fake_mm/model_vis)
    remani_planner_node (remani_planner/remani_planner_node)
    robot_state_publisher (robot_state_publisher/robot_state_publisher)
    rviz (rviz/rviz)
[33m[WARN] [1787760164.802794314]: The root link base_link has an inertia specified in the URDF, but KDL does not support a root link with an inertia.  As a workaround, you can add an extra dummy link to your URDF.[0m
[33m[WARN] [1787760164.856416016]: Finished generate Cuboids Map [0m
[0m[INFO] [1787760164.939512218]: MMConfig: type=cr10 thickness=0.100 self_thickness=0.045[0m
[0m[INFO] [1787760164.953567460]: KinoAstar: max_seach_time=3.000 s min_turning_radius=0.500[0m
[FSM]: from INIT to WAIT_TARGET
[rospack] Error: failed to parse command-line options: too many positional options have been specified on the command line
[librospack]: error while executing command
[rospack] Error: failed to parse command-line options: too many positional options have been specified on the command line
[librospack]: error while executing command
[rospack] Error: failed to parse command-line options: too many positional options have been specified on the command line
[librospack]: error while executing command
[33m[WARN] [1787760184.550070791]: [EE GOAL] IK failed: pose_not_reached[0m
[0m[INFO] [1787760191.395647854]: [EE GOAL] committed EE_POSE terminal (??xy=8.334 ??yaw=0.0deg)[0m
[FSM]: from WAIT_TARGET to GEN_NEW_TRAJ
[33m[WARN] [1787760193.016850848]: car collision at time 14.560000![0m
[47;30m
[replan 0]==============================================[0m
[0m[INFO] [1787760191.405957609]: continous_failures_count: 0[0m
[0m[INFO] [1787760192.980752258]: The optimization result is : Success: met stopping criteria (delta).[0m
[BACKEND COLLISION]
[BACKEND COLLISION] type = car
[BACKEND COLLISION] time = 14.56
[BACKEND COLLISION] traj duration = 23.0813 s
[BACKEND COLLISION] position base = -0.0567848 -0.0697055
[BACKEND COLLISION] arm q =   0.414964   0.560541   -2.12162  -0.949109 -0.0238313    0.12283
[PLAN TIME] (opt/safety failed)
Hybrid A*       : 5.16 ms
Manipulator     : 300.77 ms
Whole-body RRT  : skipped
Frontend check  : 0.43 ms
Initialization  : 0.027105 ms
Optimization    : 1186.51 ms
Safety check    : 36.0872 ms
Time scaling    : skipped
Safety recheck  : skipped
Total           : 1610.98 ms
[33m[WARN] [1787760194.431420020]: mani collision at time 12.940000![0m
[0m[INFO] [1787760194.399329476]: The optimization result is : Success: met stopping criteria (delta).[0m
[BACKEND COLLISION]
[BACKEND COLLISION] type = mani
[BACKEND COLLISION] time = 12.94
[BACKEND COLLISION] traj duration = 23.2304 s
[BACKEND COLLISION] position base = -0.592462 -0.0226959
[BACKEND COLLISION] arm q = 0.173272 -0.62431 -1.06504   1.4151 0.566559 0.778634
[PLAN TIME] (opt/safety failed)
Hybrid A*       : 4.91 ms
Manipulator     : 300.52 ms
Whole-body RRT  : skipped
Frontend check  : 0.41 ms
Initialization  : 0.021698 ms
Optimization    : 1058.44 ms
Safety check    : 32.0785 ms
Time scaling    : skipped
Safety recheck  : skipped
Total           : 1413.01 ms
[47;30m
[replan 2]==============================================[0m
[0m[INFO] [1787760194.433058699]: continous_failures_count: 2[0m
[0m[INFO] [1787760196.178690028]: The optimization result is : Success: met stopping criteria (delta).[0m
[BACKEND COLLISION]
[BACKEND COLLISION] type = mani
[BACKEND COLLISION] time = 10.61
[BACKEND COLLISION] traj duration = 23.5715 s
[BACKEND COLLISION] position base = -1.69833 0.0402114
[BACKEND COLLISION] arm q = 0.0664574 -0.495405  -1.24414   1.21896  0.481103  0.455323
[PLAN TIME] (opt/safety failed)
Hybrid A*       : 4.78 ms
Manipulator     : 300.85 ms
Whole-body RRT  : skipped
Frontend check  : 0.46 ms
Initialization  : 0.025824 ms
Optimization    : 1418.96 ms
Safety check    : 26.313 ms
Time scaling    : skipped
Safety recheck  : skipped
Total           : 1772.02 ms
[33m[WARN] [1787760197.198396258]: 4.000421 max left wheel omega is not feasible at relative time 16.080000! opt failed[0m
[33m[WARN] [1787760197.198895230]: mani acc 1.583499 is not feasible at relative time 16.270000! opt failed[0m
[33m[WARN] [1787760197.200093088]: mani vel 0.815765 is not feasible at relative time 16.750000! opt failed[0m
[0m[INFO] [1787760197.158501535]: The optimization result is : Success: met stopping criteria (delta).[0m
[TIME SCALE] dynamics-only violation detected
[TIME SCALE] peak wheel omega = 4.07951 rad/s
[TIME SCALE] wheel omega hard limit = 4 rad/s
[TIME SCALE] wheel omega target = 3.8 rad/s
[TIME SCALE] peak wheel alpha = 7.71457 rad/s^2
[TIME SCALE] wheel alpha hard limit = 8 rad/s^2
[TIME SCALE] wheel alpha target = 7.6 rad/s^2
[TIME SCALE] peak joint vel = 1.8256
[TIME SCALE] peak joint acc = 4.45996
[TIME SCALE] selected scale = 2.45015
[TIME SCALE] required cumulative scale 2.45015 exceeds max_time_scale 2; reject
[PLAN TIME] (opt/safety failed)
Hybrid A*       : 4.84 ms
Manipulator     : 300.31 ms
Whole-body RRT  : skipped
Frontend check  : 0.41 ms
Initialization  : 0.021315 ms
Optimization    : 516.766 ms
Safety check    : 48.3457 ms
Time scaling    : 0.00 ms
Safety recheck  : skipped
Total           : 1000.27 ms
[33m[WARN] [1787760198.761504861]: mani collision at time 9.520000![0m
[47;30m
[replan 4]==============================================[0m
[0m[INFO] [1787760197.208213059]: continous_failures_count: 4[0m
[0m[INFO] [1787760198.738026267]: The optimization result is : Success: met stopping criteria (delta).[0m
[BACKEND COLLISION]
[BACKEND COLLISION] type = mani
[BACKEND COLLISION] time = 9.52
[BACKEND COLLISION] traj duration = 23.6851 s
[BACKEND COLLISION] position base = -2.0028 0.0871536
[BACKEND COLLISION] arm q =  0.546288 -0.777937 -0.870759   2.08271  0.365264  0.220627
[PLAN TIME] (opt/safety failed)
Hybrid A*       : 4.88 ms
Manipulator     : 300.65 ms
Whole-body RRT  : skipped
Frontend check  : 0.41 ms
Initialization  : 0.02209 ms
Optimization    : 1205.82 ms
Safety check    : 23.4654 ms
Time scaling    : skipped
Safety recheck  : skipped
Total           : 1553.35 ms
[33m[WARN] [1787760198.763295549]: KinoAstar: switching to whole-body RRT after 5 failures. start=(-5.00,0.00) goal=(3.32,0.49)[0m
[RRT TIME] search = 124.02 ms
[RRT TIME] reconstruction = 889.939 ms
[RRT TIME] total = 1013.96 ms
[33m[WARN] [1787760201.132903447]: 4.000702 max left wheel omega is not feasible at relative time 9.860000! opt failed[0m
[33m[WARN] [1787760201.137743325]: mani collision at time 11.810000![0m
[0m[INFO] [1787760201.108432368]: The optimization result is : Success: met stopping criteria (delta).[0m
[BACKEND COLLISION]
[BACKEND COLLISION] type = mani
[BACKEND COLLISION] time = 11.81
[BACKEND COLLISION] traj duration = 24.2974 s
[BACKEND COLLISION] position base = -1.03841 1.5731
[BACKEND COLLISION] arm q =   0.0504504   -0.302345    0.446229     1.43246 -0.00445592   -0.259662
[PLAN TIME] (opt/safety failed)
Hybrid A*       : skipped
Manipulator     : 0.49 ms
Whole-body RRT  : 1013.98 ms
Frontend check  : 0.39 ms
Initialization  : 0.020841 ms
Optimization    : 1329.86 ms
Safety check    : 29.2968 ms
Time scaling    : skipped
Safety recheck  : skipped
Total           : 2374.64 ms
[33m[WARN] [1787760201.139514352]: KinoAstar: switching to whole-body RRT after 6 failures. start=(-5.00,0.00) goal=(3.32,0.49)[0m
[47;30m
[replan 6]==============================================[0m
[0m[INFO] [1787760201.139375399]: continous_failures_count: 6[0m
[RRT TIME] search = 141.032 ms
[RRT TIME] reconstruction = 881.626 ms
[RRT TIME] total = 1022.66 ms
[33m[WARN] [1787760203.496575860]: mani collision at time 11.890000![0m
[0m[INFO] [1787760203.467092979]: The optimization result is : Success: met stopping criteria (delta).[0m
[BACKEND COLLISION]
[BACKEND COLLISION] type = mani
[BACKEND COLLISION] time = 11.89
[BACKEND COLLISION] traj duration = 26.9462 s
[BACKEND COLLISION] position base = -1.82014 1.30316
[BACKEND COLLISION] arm q = -0.0440943  -0.420674  -0.333297   0.982416   0.801383   0.505927
[PLAN TIME] (opt/safety failed)
Hybrid A*       : skipped
Manipulator     : 0.36 ms
Whole-body RRT  : 1022.68 ms
Frontend check  : 0.40 ms
Initialization  : 0.020969 ms
Optimization    : 1303.99 ms
Safety check    : 29.4711 ms
Time scaling    : skipped
Safety recheck  : skipped
Total           : 2357.29 ms
[33m[WARN] [1787760203.498507830]: KinoAstar: switching to whole-body RRT after 7 failures. start=(-5.00,0.00) goal=(3.32,0.49)[0m
[47;30m
[replan 7]==============================================[0m
[0m[INFO] [1787760203.498367324]: continous_failures_count: 7[0m
[RRT TIME] search = 167.342 ms
[RRT TIME] reconstruction = 868.706 ms
[RRT TIME] total = 1036.05 ms
[33m[WARN] [1787760205.876814697]: car collision at time 17.490000![0m
[0m[INFO] [1787760205.833512349]: The optimization result is : Success: met stopping criteria (delta).[0m
[BACKEND COLLISION]
[BACKEND COLLISION] type = car
[BACKEND COLLISION] time = 17.49
[BACKEND COLLISION] traj duration = 26.5122 s
[BACKEND COLLISION] position base = 0.338966 1.59045
[BACKEND COLLISION] arm q =  0.207632  -0.60611 0.0740914  0.444993  0.362234  0.639237
[PLAN TIME] (opt/safety failed)
Hybrid A*       : skipped
Manipulator     : 0.38 ms
Whole-body RRT  : 1036.07 ms
Frontend check  : 0.39 ms
Initialization  : 0.020626 ms
Optimization    : 1298.03 ms
Safety check    : 43.2929 ms
Time scaling    : skipped
Safety recheck  : skipped
Total           : 2378.5 ms
[33m[WARN] [1787760205.878693998]: KinoAstar: switching to whole-body RRT after 8 failures. start=(-5.00,0.00) goal=(3.32,0.49)[0m
[47;30m
[replan 8]==============================================[0m
[0m[INFO] [1787760205.878556932]: continous_failures_count: 8[0m
[RRT TIME] search = 103.626 ms
[RRT TIME] reconstruction = 791.947 ms
[RRT TIME] total = 895.573 ms
[0m[INFO] [1787760207.417457416]: The optimization result is : Success: met stopping criteria (delta).[0m
[BACKEND COLLISION]
[BACKEND COLLISION] type = car
[BACKEND COLLISION] time = 10.33
[BACKEND COLLISION] traj duration = 21.2328 s
[BACKEND COLLISION] position base = -1.22962 1.40783
[BACKEND COLLISION] arm q =   0.346918 -0.0944334  -0.626207    1.23689  -0.091245   0.507343
[PLAN TIME] (opt/safety failed)
Hybrid A*       : skipped
Manipulator     : 0.38 ms
Whole-body RRT  : 895.60 ms
Frontend check  : 0.40 ms
Initialization  : 0.020877 ms
Optimization    : 642.245 ms
Safety check    : 25.6131 ms
Time scaling    : skipped
Safety recheck  : skipped
Total           : 1564.57 ms
[RRT TIME] search = 112.556 ms
[RRT TIME] reconstruction = 929.478 ms
[RRT TIME] total = 1042.03 ms
[33m[WARN] [1787760209.771195057]: car collision at time 11.810000![0m
[0m[INFO] [1787760209.741866431]: The optimization result is : Success: met stopping criteria (delta).[0m
[BACKEND COLLISION]
[BACKEND COLLISION] type = car
[BACKEND COLLISION] time = 11.81
[BACKEND COLLISION] traj duration = 23.0668 s
[BACKEND COLLISION] position base = -1.10798 1.43813
[BACKEND COLLISION] arm q = -0.279668  0.106527  0.268546  0.081464 -0.314991 -0.161451
[PLAN TIME] (opt/safety failed)
Hybrid A*       : skipped
Manipulator     : 0.36 ms
Whole-body RRT  : 1042.06 ms
Frontend check  : 0.36 ms
Initialization  : 0.022348 ms
Optimization    : 1254.35 ms
Safety check    : 29.3168 ms
Time scaling    : skipped
Safety recheck  : skipped
Total           : 2326.76 ms
[33m[WARN] [1787760209.783025654]: KinoAstar: switching to whole-body RRT after 10 failures. start=(-5.00,0.00) goal=(3.32,0.49)[0m
[0m[INFO] [1787760209.772622765]: [FSM]: stay in GEN_NEW_TRAJ (x2)[0m
[47;30m
[replan 10]==============================================[0m
[0m[INFO] [1787760209.782862422]: continous_failures_count: 10[0m
[RRT TIME] search = 108.062 ms
[RRT TIME] reconstruction = 792.241 ms
[RRT TIME] total = 900.304 ms
[0m[INFO] [1787760211.693222707]: The optimization result is : Success: met stopping criteria (delta).[0m
[BACKEND COLLISION]
[BACKEND COLLISION] type = car
[BACKEND COLLISION] time = 11.21
[BACKEND COLLISION] traj duration = 23.628 s
[BACKEND COLLISION] position base = -1.33925 1.26672
[BACKEND COLLISION] arm q = -0.716391  0.373297   0.37399  0.896942 -0.093453  0.557339
[PLAN TIME] (opt/safety failed)
Hybrid A*       : skipped
Manipulator     : 0.39 ms
Whole-body RRT  : 900.33 ms
Frontend check  : 0.39 ms
Initialization  : 0.021467 ms
Optimization    : 1008.94 ms
Safety check    : 27.7247 ms
Time scaling    : skipped
Safety recheck  : skipped
Total           : 1938.16 ms
[RRT TIME] search = 204.953 ms
[RRT TIME] reconstruction = 1295.82 ms
[RRT TIME] total = 1500.77 ms
[33m[WARN] [1787760213.224043757]: KinoAstar: frontend path not free (coll=0) at piece 1 idx 9; reject[0m
[PLAN TIME] (frontend failed)
Hybrid A*       : skipped
Manipulator     : 0.36 ms
Whole-body RRT  : 1500.80 ms
Frontend check  : 0.33 ms
Initialization  : skipped
Optimization    : skipped
Safety check    : skipped
Time scaling    : skipped
Safety recheck  : skipped
Total           : 1501.64 ms
[33m[WARN] [1787760213.224224935]: KinoAstar: switching to whole-body RRT after 12 failures. start=(-5.00,0.00) goal=(3.32,0.49)[0m
[47;30m
[replan 12]==============================================[0m
[0m[INFO] [1787760213.224078185]: continous_failures_count: 12[0m
[RRT TIME] search = 128.605 ms
[RRT TIME] reconstruction = 1009.95 ms
[RRT TIME] total = 1138.55 ms
[33m[WARN] [1787760215.612997172]: car collision at time 11.840000![0m
[0m[INFO] [1787760215.583615182]: The optimization result is : Success: met stopping criteria (delta).[0m
[BACKEND COLLISION]
[BACKEND COLLISION] type = car
[BACKEND COLLISION] time = 11.84
[BACKEND COLLISION] traj duration = 24.1391 s
[BACKEND COLLISION] position base = -1.19224 1.51189
[BACKEND COLLISION] arm q =  0.118029  0.169125 -0.252328   1.65491  0.619848   1.21518
[PLAN TIME] (opt/safety failed)
Hybrid A*       : skipped
Manipulator     : 0.36 ms
Whole-body RRT  : 1138.58 ms
Frontend check  : 0.39 ms
Initialization  : 0.019775 ms
Optimization    : 1219.92 ms
Safety check    : 29.3707 ms
Time scaling    : skipped
Safety recheck  : skipped
Total           : 2388.96 ms
[33m[WARN] [1787760215.614611565]: KinoAstar: switching to whole-body RRT after 13 failures. start=(-5.00,0.00) goal=(3.32,0.49)[0m
[47;30m
[replan 13]==============================================[0m
[0m[INFO] [1787760215.614474149]: continous_failures_count: 13[0m
[RRT TIME] search = 125.09 ms
[RRT TIME] reconstruction = 860.758 ms
[RRT TIME] total = 985.848 ms
[33m[WARN] [1787760217.753083464]: mani collision at time 13.400000![0m
[0m[INFO] [1787760217.719910412]: The optimization result is : Success: met stopping criteria (delta).[0m
[BACKEND COLLISION]
[BACKEND COLLISION] type = mani
[BACKEND COLLISION] time = 13.4
[BACKEND COLLISION] traj duration = 26.6052 s
[BACKEND COLLISION] position base = -1.3127 1.42724
[BACKEND COLLISION] arm q =   0.161256 -0.0355163  -0.234432    1.07752  0.0183815   0.637041
[PLAN TIME] (opt/safety failed)
Hybrid A*       : skipped
Manipulator     : 0.39 ms
Whole-body RRT  : 985.87 ms
Frontend check  : 0.40 ms
Initialization  : 0.020183 ms
Optimization    : 1118.51 ms
Safety check    : 33.1627 ms
Time scaling    : skipped
Safety recheck  : skipped
Total           : 2138.65 ms
[33m[WARN] [1787760217.754840592]: KinoAstar: switching to whole-body RRT after 14 failures. start=(-5.00,0.00) goal=(3.32,0.49)[0m
[47;30m
[replan 14]==============================================[0m
[0m[INFO] [1787760217.754704645]: continous_failures_count: 14[0m
[RRT TIME] search = 87.3737 ms
[RRT TIME] reconstruction = 1413.43 ms
[RRT TIME] total = 1500.8 ms
[33m[WARN] [1787760219.256414745]: KinoAstar: frontend path not free (coll=0) at piece 1 idx 10; reject[0m
[PLAN TIME] (frontend failed)
Hybrid A*       : skipped
Manipulator     : 0.40 ms
Whole-body RRT  : 1500.83 ms
Frontend check  : 0.34 ms
Initialization  : skipped
Optimization    : skipped
Safety check    : skipped
Time scaling    : skipped
Safety recheck  : skipped
Total           : 1501.74 ms
[RRT TIME] search = 186.442 ms
[RRT TIME] reconstruction = 751.729 ms
[RRT TIME] total = 938.171 ms
[33m[WARN] [1787760221.652042019]: mani collision at time 12.770000![0m
[0m[INFO] [1787760221.620339778]: The optimization result is : Success: met stopping criteria (delta).[0m
[BACKEND COLLISION]
[BACKEND COLLISION] type = mani
[BACKEND COLLISION] time = 12.77
[BACKEND COLLISION] traj duration = 24.8257 s
[BACKEND COLLISION] position base = -1.34156 1.49074
[BACKEND COLLISION] arm q =  0.106544 -0.316775 -0.599184    1.4784  0.118235  0.661091
[PLAN TIME] (opt/safety failed)
Hybrid A*       : skipped
Manipulator     : 0.36 ms
Whole-body RRT  : 938.20 ms
Frontend check  : 0.38 ms
Initialization  : 0.019989 ms
Optimization    : 1424.67 ms
Safety check    : 31.6897 ms
Time scaling    : skipped
Safety recheck  : skipped
Total           : 2395.64 ms
[33m[WARN] [1787760221.653695651]: KinoAstar: switching to whole-body RRT after 16 failures. start=(-5.00,0.00) goal=(3.32,0.49)[0m
[47;30m
[replan 16]==============================================[0m
[0m[INFO] [1787760221.653555638]: continous_failures_count: 16[0m
[RRT TIME] search = 163.373 ms
[RRT TIME] reconstruction = 821.358 ms
[RRT TIME] total = 984.732 ms
[33m[WARN] [1787760224.055416403]: 4.000493 max left wheel omega is not feasible at relative time 8.260000! opt failed[0m
[33m[WARN] [1787760224.059038868]: mani collision at time 9.720000![0m
[0m[INFO] [1787760224.034967573]: The optimization result is : Success: met stopping criteria (delta).[0m
[BACKEND COLLISION]
[BACKEND COLLISION] type = mani
[BACKEND COLLISION] time = 9.72
[BACKEND COLLISION] traj duration = 22.678 s
[BACKEND COLLISION] position base = -1.53912 1.36229
[BACKEND COLLISION] arm q =  0.151718 -0.348009 -0.303154   1.18527  0.632331 0.0808042
[PLAN TIME] (opt/safety failed)
Hybrid A*       : skipped
Manipulator     : 0.39 ms
Whole-body RRT  : 984.76 ms
Frontend check  : 0.40 ms
Initialization  : 0.020765 ms
Optimization    : 1395.58 ms
Safety check    : 24.0581 ms
Time scaling    : skipped
Safety recheck  : skipped
Total           : 2405.53 ms
[33m[WARN] [1787760224.060644087]: KinoAstar: switching to whole-body RRT after 17 failures. start=(-5.00,0.00) goal=(3.32,0.49)[0m
[47;30m
[replan 17]==============================================[0m
[0m[INFO] [1787760224.060508728]: continous_failures_count: 17[0m
[RRT TIME] search = 139.536 ms
[RRT TIME] reconstruction = 844.341 ms
[RRT TIME] total = 983.878 ms
[33m[WARN] [1787760226.755765755]: car collision at time 17.240000![0m
[0m[INFO] [1787760226.713081469]: The optimization result is : Success: met stopping criteria (delta).[0m
[BACKEND COLLISION]
[BACKEND COLLISION] type = car
[BACKEND COLLISION] time = 17.24
[BACKEND COLLISION] traj duration = 26.5634 s
[BACKEND COLLISION] position base = 0.190329 1.69493
[BACKEND COLLISION] arm q =  0.058697 -0.571224 -0.407066  0.702522  0.395809 -0.198297
[PLAN TIME] (opt/safety failed)
Hybrid A*       : skipped
Manipulator     : 0.36 ms
Whole-body RRT  : 983.90 ms
Frontend check  : 0.40 ms
Initialization  : 0.020097 ms
Optimization    : 1667.63 ms
Safety check    : 42.6724 ms
Time scaling    : skipped
Safety recheck  : skipped
Total           : 2695.3 ms
[33m[WARN] [1787760226.757659564]: KinoAstar: switching to whole-body RRT after 18 failures. start=(-5.00,0.00) goal=(3.32,0.49)[0m
[47;30m
[replan 18]==============================================[0m
[0m[INFO] [1787760226.757521972]: continous_failures_count: 18[0m
[RRT TIME] search = 141.985 ms
[RRT TIME] reconstruction = 1127.73 ms
[RRT TIME] total = 1269.71 ms
[33m[WARN] [1787760229.225808063]: mani collision at time 12.100000![0m
[0m[INFO] [1787760229.195876385]: The optimization result is : Success: met stopping criteria (delta).[0m
[BACKEND COLLISION]
[BACKEND COLLISION] type = mani
[BACKEND COLLISION] time = 12.1
[BACKEND COLLISION] traj duration = 25.7062 s
[BACKEND COLLISION] position base = -1.7844 1.19348
[BACKEND COLLISION] arm q =  0.323065 -0.123479 -0.840453  0.792335  0.347086  0.483563
[PLAN TIME] (opt/safety failed)
Hybrid A*       : skipped
Manipulator     : 0.40 ms
Whole-body RRT  : 1269.74 ms
Frontend check  : 0.41 ms
Initialization  : 0.020715 ms
Optimization    : 1167.53 ms
Safety check    : 29.923 ms
Time scaling    : skipped
Safety recheck  : skipped
Total           : 2468.33 ms
[33m[WARN] [1787760229.227617358]: KinoAstar: switching to whole-body RRT after 19 failures. start=(-5.00,0.00) goal=(3.32,0.49)[0m
[47;30m
[replan 19]==============================================[0m
[0m[INFO] [1787760229.227478999]: continous_failures_count: 19[0m
[RRT TIME] search = 72.4924 ms
[RRT TIME] reconstruction = 1428.32 ms
[RRT TIME] total = 1500.81 ms
[33m[WARN] [1787760230.729036610]: KinoAstar: frontend path not free (coll=0) at piece 0 idx 7; reject[0m
[PLAN TIME] (frontend failed)
Hybrid A*       : skipped
Manipulator     : 0.37 ms
Whole-body RRT  : 1500.84 ms
Frontend check  : 0.20 ms
Initialization  : skipped
Optimization    : skipped
Safety check    : skipped
Time scaling    : skipped
Safety recheck  : skipped
Total           : 1501.58 ms
[31m[ERROR] [1787760230.729067221]: [FSM] abort current goal after 20 consecutive planning failures[0m
[FSM]: from GEN_NEW_TRAJ to WAIT_TARGET
