... logging to /home/gzz/.ros/log/f1706870-a077-11f1-9e52-fdf66165d635/roslaunch-GZZ-780240.log
Checking log directory for disk usage. This may take a while.
Press Ctrl-C to interrupt
Done checking log file disk usage. Usage is <1GB.
]2;/home/gzz/Codes/wbc/remani_planner/src/REMANI-Planner/remani_planner/plan_manage/launch/remani_sim.launch
[1mstarted roslaunch server http://GZZ:41907/[0m

SUMMARY
========

PARAMETERS
 * /fake_mm/fake_mm/pub_urdf_joint_states: True
 * /fake_mm/fsm/init_gripper_close: False
 * /fake_mm/fsm/init_state: [-5.0, 0.0, 0.0, ...
 * /fake_mm/fsm/init_yaw: 0.0
 * /fake_mm/fsm/waypoint0: [0.0, 0.0, 0.0, 0...
 * /fake_mm/fsm/waypoint0_gripper_close: True
 * /fake_mm/fsm/waypoint0_yaw: 0.0
 * /fake_mm/fsm/waypoint1: [5.0, 0.0, 0.0, 0...
 * /fake_mm/fsm/waypoint1_gripper_close: False
 * /fake_mm/fsm/waypoint1_yaw: 0.0
 * /fake_mm/fsm/waypoint_num: 2
 * /fake_mm/map/map_type: 0
 * /fake_mm/mm/base_mani_fixed_joint_xyz_ypr: [0.2462, 0.0, 0.1...
 * /fake_mm/mm/ee_tcp_xyz_rpy: [0.0, 0.0, 0.0, 0...
 * /fake_mm/mm/manipulator_config: [0.1765, 0.607, 0...
 * /fake_mm/mm/manipulator_dof: 6
 * /fake_mm/mm/manipulator_max_acc: 1.57
 * /fake_mm/mm/manipulator_max_pos: [3.0, 1.5, 2.8, 3...
 * /fake_mm/mm/manipulator_max_vel: 0.8
 * /fake_mm/mm/manipulator_min_pos: [-3.0, -1.5, -2.8...
 * /fake_mm/mm/manipulator_self_thickness: 0.045
 * /fake_mm/mm/manipulator_thickness: 0.1
 * /fake_mm/mm/manipulator_type: cr10
 * /fake_mm/mm/mobile_base_check_radius: 0.1
 * /fake_mm/mm/mobile_base_dof: 2
 * /fake_mm/mm/mobile_base_height: 0.15
 * /fake_mm/mm/mobile_base_length: 1.1
 * /fake_mm/mm/mobile_base_max_wheel_alpha: 8.0
 * /fake_mm/mm/mobile_base_max_wheel_omega: 4.0
 * /fake_mm/mm/mobile_base_non_singul_vel: 0.05
 * /fake_mm/mm/mobile_base_wheel_base: 0.56
 * /fake_mm/mm/mobile_base_wheel_radius: 0.125
 * /fake_mm/mm/mobile_base_width: 0.9
 * /fsm/target_type: 1
 * /map_generator/bridges: [[0.0, 0.0, 1.0, ...
 * /map_generator/clear_centers: [[-5.0, 0.0], [-2...
 * /map_generator/clear_radius: 3.0
 * /map_generator/fsm/init_gripper_close: False
 * /map_generator/fsm/init_state: [-5.0, 0.0, 0.0, ...
 * /map_generator/fsm/init_yaw: 0.0
 * /map_generator/fsm/waypoint0: [0.0, 0.0, 0.0, 0...
 * /map_generator/fsm/waypoint0_gripper_close: True
 * /map_generator/fsm/waypoint0_yaw: 0.0
 * /map_generator/fsm/waypoint1: [5.0, 0.0, 0.0, 0...
 * /map_generator/fsm/waypoint1_gripper_close: False
 * /map_generator/fsm/waypoint1_yaw: 0.0
 * /map_generator/fsm/waypoint_num: 2
 * /map_generator/map/float_obs_num: 2
 * /map_generator/map/map_type: 0
 * /map_generator/map/obs_num: 4
 * /map_generator/map/resolution: 0.05
 * /map_generator/map/seed: 30
 * /map_generator/map/x_size: 16
 * /map_generator/map/y_size: 12
 * /map_generator/map/z_size: 3
 * /map_generator/min_distance: 2.5
 * /map_generator/mm/base_mani_fixed_joint_xyz_ypr: [0.2462, 0.0, 0.1...
 * /map_generator/mm/ee_tcp_xyz_rpy: [0.0, 0.0, 0.0, 0...
 * /map_generator/mm/manipulator_config: [0.1765, 0.607, 0...
 * /map_generator/mm/manipulator_dof: 6
 * /map_generator/mm/manipulator_max_acc: 1.57
 * /map_generator/mm/manipulator_max_pos: [3.0, 1.5, 2.8, 3...
 * /map_generator/mm/manipulator_max_vel: 0.8
 * /map_generator/mm/manipulator_min_pos: [-3.0, -1.5, -2.8...
 * /map_generator/mm/manipulator_self_thickness: 0.045
 * /map_generator/mm/manipulator_thickness: 0.1
 * /map_generator/mm/manipulator_type: cr10
 * /map_generator/mm/mobile_base_check_radius: 0.1
 * /map_generator/mm/mobile_base_dof: 2
 * /map_generator/mm/mobile_base_height: 0.15
 * /map_generator/mm/mobile_base_length: 1.1
 * /map_generator/mm/mobile_base_max_wheel_alpha: 8.0
 * /map_generator/mm/mobile_base_max_wheel_omega: 4.0
 * /map_generator/mm/mobile_base_non_singul_vel: 0.05
 * /map_generator/mm/mobile_base_wheel_base: 0.56
 * /map_generator/mm/mobile_base_wheel_radius: 0.125
 * /map_generator/mm/mobile_base_width: 0.9
 * /map_generator/pub_rate: 1.0
 * /mm_controller_node/fsm/ee_current_pose_topic: /ee_current_pose
 * /mm_controller_node/fsm/ee_goal_topic: /ee_goal
 * /mm_controller_node/fsm/ee_ik_b_accept_clearance: 0.2
 * /mm_controller_node/fsm/ee_ik_b_accept_joint_margin: 0.15
 * /mm_controller_node/fsm/ee_ik_b_accept_max_dq: 0.5
 * /mm_controller_node/fsm/ee_ik_b_accept_max_xy: 0.15
 * /mm_controller_node/fsm/ee_ik_b_accept_max_yaw_deg: 10.0
 * /mm_controller_node/fsm/ee_ik_b_max_iters: 60
 * /mm_controller_node/fsm/ee_ik_b_max_ms: 40.0
 * /mm_controller_node/fsm/ee_ik_b_weight_joint: 1.0
 * /mm_controller_node/fsm/ee_ik_b_weight_xy: 5.0
 * /mm_controller_node/fsm/ee_ik_b_weight_yaw: 2.0
 * /mm_controller_node/fsm/ee_ik_c_arm_iters: 40
 * /mm_controller_node/fsm/ee_ik_c_arm_max_ms: 5.0
 * /mm_controller_node/fsm/ee_ik_c_max_ms: 150.0
 * /mm_controller_node/fsm/ee_ik_c_radii: [0.5, 0.75, 1.0, ...
 * /mm_controller_node/fsm/ee_ik_c_yaw_bins: 12
 * /mm_controller_node/fsm/ee_ik_c_yaw_offsets_deg: [0.0, -15.0, 15.0]
 * /mm_controller_node/fsm/ee_ik_gap_ref: 0.2
 * /mm_controller_node/fsm/ee_ik_joint_margin_req: 0.087
 * /mm_controller_node/fsm/ee_ik_local_xy: 0.4
 * /mm_controller_node/fsm/ee_ik_local_yaw_deg: 20.0
 * /mm_controller_node/fsm/ee_ik_pos_tol: 0.01
 * /mm_controller_node/fsm/ee_ik_rot_tol_deg: 2.0
 * /mm_controller_node/fsm/ee_ik_w_gap: 2.0
 * /mm_controller_node/fsm/ee_ik_w_limit: 1.0
 * /mm_controller_node/fsm/ee_ik_w_q: 0.1
 * /mm_controller_node/fsm/ee_ik_w_xy: 1.0
 * /mm_controller_node/fsm/ee_ik_w_yaw: 0.3
 * /mm_controller_node/fsm/ee_reach_pos_tol: 0.02
 * /mm_controller_node/fsm/ee_reach_rot_tol_deg: 4.0
 * /mm_controller_node/fsm/emergency_time: 1.5
 * /mm_controller_node/fsm/global_plan: True
 * /mm_controller_node/fsm/init_gripper_close: False
 * /mm_controller_node/fsm/init_state: [-5.0, 0.0, 0.0, ...
 * /mm_controller_node/fsm/init_yaw: 0.0
 * /mm_controller_node/fsm/max_continuous_plan_failures: 20
 * /mm_controller_node/fsm/planning_horizon: 5.0
 * /mm_controller_node/fsm/replan_trajectory_time: 1.7
 * /mm_controller_node/fsm/target_type: 2
 * /mm_controller_node/fsm/thresh_replan_time: 2.5
 * /mm_controller_node/fsm/time_for_gripper: 0.05
 * /mm_controller_node/fsm/waypoint0: [0.0, 0.0, 0.0, 0...
 * /mm_controller_node/fsm/waypoint0_gripper_close: True
 * /mm_controller_node/fsm/waypoint0_yaw: 0.0
 * /mm_controller_node/fsm/waypoint1: [5.0, 0.0, 0.0, 0...
 * /mm_controller_node/fsm/waypoint1_gripper_close: False
 * /mm_controller_node/fsm/waypoint1_yaw: 0.0
 * /mm_controller_node/fsm/waypoint_num: 2
 * /mm_controller_node/grid_map/use_global_map: False
 * /mm_controller_node/grid_map/use_load_map: True
 * /mm_controller_node/map/map_type: 0
 * /mm_controller_node/mm/base_mani_fixed_joint_xyz_ypr: [0.2462, 0.0, 0.1...
 * /mm_controller_node/mm/ee_tcp_xyz_rpy: [0.0, 0.0, 0.0, 0...
 * /mm_controller_node/mm/manipulator_config: [0.1765, 0.607, 0...
 * /mm_controller_node/mm/manipulator_dof: 6
 * /mm_controller_node/mm/manipulator_max_acc: 1.57
 * /mm_controller_node/mm/manipulator_max_pos: [3.0, 1.5, 2.8, 3...
 * /mm_controller_node/mm/manipulator_max_vel: 0.8
 * /mm_controller_node/mm/manipulator_min_pos: [-3.0, -1.5, -2.8...
 * /mm_controller_node/mm/manipulator_self_thickness: 0.045
 * /mm_controller_node/mm/manipulator_thickness: 0.1
 * /mm_controller_node/mm/manipulator_type: cr10
 * /mm_controller_node/mm/mobile_base_check_radius: 0.1
 * /mm_controller_node/mm/mobile_base_dof: 2
 * /mm_controller_node/mm/mobile_base_height: 0.15
 * /mm_controller_node/mm/mobile_base_length: 1.1
 * /mm_controller_node/mm/mobile_base_max_wheel_alpha: 8.0
 * /mm_controller_node/mm/mobile_base_max_wheel_omega: 4.0
 * /mm_controller_node/mm/mobile_base_non_singul_vel: 0.05
 * /mm_controller_node/mm/mobile_base_wheel_base: 0.56
 * /mm_controller_node/mm/mobile_base_wheel_radius: 0.125
 * /mm_controller_node/mm/mobile_base_width: 0.9
 * /mm_controller_node/optimization/constrain_points_perPiece: 16
 * /mm_controller_node/optimization/dense_sample_resolution: 16
 * /mm_controller_node/optimization/enable_dynamic_time_scaling: True
 * /mm_controller_node/optimization/ground_safe_dis: 0.03
 * /mm_controller_node/optimization/ground_safe_margin: 0.03
 * /mm_controller_node/optimization/max_time_scale: 2.0
 * /mm_controller_node/optimization/max_time_scaling_attempts: 2
 * /mm_controller_node/optimization/mobile_base_opt_gear: True
 * /mm_controller_node/optimization/safe_margin: 0.1
 * /mm_controller_node/optimization/safe_margin_mani: 0.15
 * /mm_controller_node/optimization/self_safe_margin: 0.1
 * /mm_controller_node/optimization/weight_base_feasibility: 100.0
 * /mm_controller_node/optimization/weight_manipulator_feasibility: 100.0
 * /mm_controller_node/optimization/weight_manipulator_obstacle: 80000.0
 * /mm_controller_node/optimization/weight_manipulator_self: 1000.0
 * /mm_controller_node/optimization/weight_obstacle: 50000.0
 * /mm_controller_node/optimization/weight_time: 1.0
 * /mm_controller_node/optimization/wheel_limit_ratio: 0.95
 * /mm_controller_node/search/allocate_num: 100000
 * /mm_controller_node/search/check_num: 16
 * /mm_controller_node/search/curvatureDisCoe: 0.4
 * /mm_controller_node/search/dist_resolution: 0.6
 * /mm_controller_node/search/goal_rate: 0.4
 * /mm_controller_node/search/lambda_heu: 1
 * /mm_controller_node/search/max_arc: 0.4
 * /mm_controller_node/search/max_loop_num: 5000
 * /mm_controller_node/search/max_mani_search_time: 0.3
 * /mm_controller_node/search/max_sample_time: 1.5
 * /mm_controller_node/search/max_seach_time: 3.0
 * /mm_controller_node/search/min_turning_radius: 0.2
 * /mm_controller_node/search/oneshot_check_len: 0.02
 * /mm_controller_node/search/oneshot_range: 1.0
 * /mm_controller_node/search/sample_time: 0.1
 * /mm_controller_node/search/traj_back_penalty: 3.0
 * /mm_controller_node/search/traj_forward_penalty: 1.0
 * /mm_controller_node/search/traj_gear_switch_penalty: 10.0
 * /mm_controller_node/search/traj_steer_change_penalty: 2.0
 * /mm_controller_node/search/traj_steer_penalty: 5.0
 * /mm_controller_node/search/try_astar_times: 5
 * /mm_controller_node/search/yaw_resolution: 0.35
 * /mm_controller_node/visualization/enable_debug_vis: False
 * /mm_controller_node/visualization/enable_traj_mesh_vis: True
 * /mm_controller_node/visualization/his_traj_max_points: 500
 * /mm_controller_node/visualization/mesh_vis_stride: 3
 * /mm_controller_node/visualization/tf_rate_hz: 20.0
 * /mm_controller_node/visualization/vis_rate_hz: 15.0
 * /model_vis/fsm/ee_current_pose_topic: /ee_current_pose
 * /model_vis/fsm/ee_goal_topic: /ee_goal
 * /model_vis/fsm/ee_ik_b_accept_clearance: 0.2
 * /model_vis/fsm/ee_ik_b_accept_joint_margin: 0.15
 * /model_vis/fsm/ee_ik_b_accept_max_dq: 0.5
 * /model_vis/fsm/ee_ik_b_accept_max_xy: 0.15
 * /model_vis/fsm/ee_ik_b_accept_max_yaw_deg: 10.0
 * /model_vis/fsm/ee_ik_b_max_iters: 60
 * /model_vis/fsm/ee_ik_b_max_ms: 40.0
 * /model_vis/fsm/ee_ik_b_weight_joint: 1.0
 * /model_vis/fsm/ee_ik_b_weight_xy: 5.0
 * /model_vis/fsm/ee_ik_b_weight_yaw: 2.0
 * /model_vis/fsm/ee_ik_c_arm_iters: 40
 * /model_vis/fsm/ee_ik_c_arm_max_ms: 5.0
 * /model_vis/fsm/ee_ik_c_max_ms: 150.0
 * /model_vis/fsm/ee_ik_c_radii: [0.5, 0.75, 1.0, ...
 * /model_vis/fsm/ee_ik_c_yaw_bins: 12
 * /model_vis/fsm/ee_ik_c_yaw_offsets_deg: [0.0, -15.0, 15.0]
 * /model_vis/fsm/ee_ik_gap_ref: 0.2
 * /model_vis/fsm/ee_ik_joint_margin_req: 0.087
 * /model_vis/fsm/ee_ik_local_xy: 0.4
 * /model_vis/fsm/ee_ik_local_yaw_deg: 20.0
 * /model_vis/fsm/ee_ik_pos_tol: 0.01
 * /model_vis/fsm/ee_ik_rot_tol_deg: 2.0
 * /model_vis/fsm/ee_ik_w_gap: 2.0
 * /model_vis/fsm/ee_ik_w_limit: 1.0
 * /model_vis/fsm/ee_ik_w_q: 0.1
 * /model_vis/fsm/ee_ik_w_xy: 1.0
 * /model_vis/fsm/ee_ik_w_yaw: 0.3
 * /model_vis/fsm/ee_reach_pos_tol: 0.02
 * /model_vis/fsm/ee_reach_rot_tol_deg: 4.0
 * /model_vis/fsm/emergency_time: 1.5
 * /model_vis/fsm/global_plan: True
 * /model_vis/fsm/init_gripper_close: False
 * /model_vis/fsm/init_state: [-5.0, 0.0, 0.0, ...
 * /model_vis/fsm/init_yaw: 0.0
 * /model_vis/fsm/max_continuous_plan_failures: 20
 * /model_vis/fsm/planning_horizon: 5.0
 * /model_vis/fsm/replan_trajectory_time: 1.7
 * /model_vis/fsm/target_type: 2
 * /model_vis/fsm/thresh_replan_time: 2.5
 * /model_vis/fsm/time_for_gripper: 0.05
 * /model_vis/fsm/waypoint0: [0.0, 0.0, 0.0, 0...
 * /model_vis/fsm/waypoint0_gripper_close: True
 * /model_vis/fsm/waypoint0_yaw: 0.0
 * /model_vis/fsm/waypoint1: [5.0, 0.0, 0.0, 0...
 * /model_vis/fsm/waypoint1_gripper_close: False
 * /model_vis/fsm/waypoint1_yaw: 0.0
 * /model_vis/fsm/waypoint_num: 2
 * /model_vis/grid_map/use_global_map: False
 * /model_vis/grid_map/use_load_map: True
 * /model_vis/map/map_type: 0
 * /model_vis/mm/base_mani_fixed_joint_xyz_ypr: [0.2462, 0.0, 0.1...
 * /model_vis/mm/ee_tcp_xyz_rpy: [0.0, 0.0, 0.0, 0...
 * /model_vis/mm/manipulator_config: [0.1765, 0.607, 0...
 * /model_vis/mm/manipulator_dof: 6
 * /model_vis/mm/manipulator_max_acc: 1.57
 * /model_vis/mm/manipulator_max_pos: [3.0, 1.5, 2.8, 3...
 * /model_vis/mm/manipulator_max_vel: 0.8
 * /model_vis/mm/manipulator_min_pos: [-3.0, -1.5, -2.8...
 * /model_vis/mm/manipulator_self_thickness: 0.045
 * /model_vis/mm/manipulator_thickness: 0.1
 * /model_vis/mm/manipulator_type: cr10
 * /model_vis/mm/mobile_base_check_radius: 0.1
 * /model_vis/mm/mobile_base_dof: 2
 * /model_vis/mm/mobile_base_height: 0.15
 * /model_vis/mm/mobile_base_length: 1.1
 * /model_vis/mm/mobile_base_max_wheel_alpha: 8.0
 * /model_vis/mm/mobile_base_max_wheel_omega: 4.0
 * /model_vis/mm/mobile_base_non_singul_vel: 0.05
 * /model_vis/mm/mobile_base_wheel_base: 0.56
 * /model_vis/mm/mobile_base_wheel_radius: 0.125
 * /model_vis/mm/mobile_base_width: 0.9
 * /model_vis/optimization/constrain_points_perPiece: 16
 * /model_vis/optimization/dense_sample_resolution: 16
 * /model_vis/optimization/enable_dynamic_time_scaling: True
 * /model_vis/optimization/ground_safe_dis: 0.03
 * /model_vis/optimization/ground_safe_margin: 0.03
 * /model_vis/optimization/max_time_scale: 2.0
 * /model_vis/optimization/max_time_scaling_attempts: 2
 * /model_vis/optimization/mobile_base_opt_gear: True
 * /model_vis/optimization/safe_margin: 0.1
 * /model_vis/optimization/safe_margin_mani: 0.15
 * /model_vis/optimization/self_safe_margin: 0.1
 * /model_vis/optimization/weight_base_feasibility: 100.0
 * /model_vis/optimization/weight_manipulator_feasibility: 100.0
 * /model_vis/optimization/weight_manipulator_obstacle: 80000.0
 * /model_vis/optimization/weight_manipulator_self: 1000.0
 * /model_vis/optimization/weight_obstacle: 50000.0
 * /model_vis/optimization/weight_time: 1.0
 * /model_vis/optimization/wheel_limit_ratio: 0.95
 * /model_vis/search/allocate_num: 100000
 * /model_vis/search/check_num: 16
 * /model_vis/search/curvatureDisCoe: 0.4
 * /model_vis/search/dist_resolution: 0.6
 * /model_vis/search/goal_rate: 0.4
 * /model_vis/search/lambda_heu: 1
 * /model_vis/search/max_arc: 0.4
 * /model_vis/search/max_loop_num: 5000
 * /model_vis/search/max_mani_search_time: 0.3
 * /model_vis/search/max_sample_time: 1.5
 * /model_vis/search/max_seach_time: 3.0
 * /model_vis/search/min_turning_radius: 0.2
 * /model_vis/search/oneshot_check_len: 0.02
 * /model_vis/search/oneshot_range: 1.0
 * /model_vis/search/sample_time: 0.1
 * /model_vis/search/traj_back_penalty: 3.0
 * /model_vis/search/traj_forward_penalty: 1.0
 * /model_vis/search/traj_gear_switch_penalty: 10.0
 * /model_vis/search/traj_steer_change_penalty: 2.0
 * /model_vis/search/traj_steer_penalty: 5.0
 * /model_vis/search/try_astar_times: 5
 * /model_vis/search/yaw_resolution: 0.35
 * /model_vis/visualization/enable_debug_vis: False
 * /model_vis/visualization/enable_traj_mesh_vis: True
 * /model_vis/visualization/his_traj_max_points: 500
 * /model_vis/visualization/mesh_vis_stride: 3
 * /model_vis/visualization/tf_rate_hz: 20.0
 * /model_vis/visualization/vis_rate_hz: 15.0
 * /remani_planner_node/fsm/ee_current_pose_topic: /ee_current_pose
 * /remani_planner_node/fsm/ee_goal_topic: /ee_goal
 * /remani_planner_node/fsm/ee_ik_b_accept_clearance: 0.2
 * /remani_planner_node/fsm/ee_ik_b_accept_joint_margin: 0.15
 * /remani_planner_node/fsm/ee_ik_b_accept_max_dq: 0.5
 * /remani_planner_node/fsm/ee_ik_b_accept_max_xy: 0.15
 * /remani_planner_node/fsm/ee_ik_b_accept_max_yaw_deg: 10.0
 * /remani_planner_node/fsm/ee_ik_b_max_iters: 60
 * /remani_planner_node/fsm/ee_ik_b_max_ms: 40.0
 * /remani_planner_node/fsm/ee_ik_b_weight_joint: 1.0
 * /remani_planner_node/fsm/ee_ik_b_weight_xy: 5.0
 * /remani_planner_node/fsm/ee_ik_b_weight_yaw: 2.0
 * /remani_planner_node/fsm/ee_ik_c_arm_iters: 40
 * /remani_planner_node/fsm/ee_ik_c_arm_max_ms: 5.0
 * /remani_planner_node/fsm/ee_ik_c_max_ms: 150.0
 * /remani_planner_node/fsm/ee_ik_c_radii: [0.5, 0.75, 1.0, ...
 * /remani_planner_node/fsm/ee_ik_c_yaw_bins: 12
 * /remani_planner_node/fsm/ee_ik_c_yaw_offsets_deg: [0.0, -15.0, 15.0]
 * /remani_planner_node/fsm/ee_ik_gap_ref: 0.2
 * /remani_planner_node/fsm/ee_ik_joint_margin_req: 0.087
 * /remani_planner_node/fsm/ee_ik_local_xy: 0.4
 * /remani_planner_node/fsm/ee_ik_local_yaw_deg: 20.0
 * /remani_planner_node/fsm/ee_ik_pos_tol: 0.01
 * /remani_planner_node/fsm/ee_ik_rot_tol_deg: 2.0
 * /remani_planner_node/fsm/ee_ik_w_gap: 2.0
 * /remani_planner_node/fsm/ee_ik_w_limit: 1.0
 * /remani_planner_node/fsm/ee_ik_w_q: 0.1
 * /remani_planner_node/fsm/ee_ik_w_xy: 1.0
 * /remani_planner_node/fsm/ee_ik_w_yaw: 0.3
 * /remani_planner_node/fsm/ee_reach_pos_tol: 0.02
 * /remani_planner_node/fsm/ee_reach_rot_tol_deg: 4.0
 * /remani_planner_node/fsm/emergency_time: 1.5
 * /remani_planner_node/fsm/fail_safe: True
 * /remani_planner_node/fsm/global_plan: True
 * /remani_planner_node/fsm/init_gripper_close: False
 * /remani_planner_node/fsm/init_state: [-5.0, 0.0, 0.0, ...
 * /remani_planner_node/fsm/init_yaw: 0.0
 * /remani_planner_node/fsm/max_continuous_plan_failures: 20
 * /remani_planner_node/fsm/planning_horizon: 5.0
 * /remani_planner_node/fsm/replan_trajectory_time: 1.7
 * /remani_planner_node/fsm/target_type: 1
 * /remani_planner_node/fsm/thresh_no_replan_meter: 2.5
 * /remani_planner_node/fsm/thresh_replan_time: 2.5
 * /remani_planner_node/fsm/time_for_gripper: 0.05
 * /remani_planner_node/fsm/waypoint0: [0.0, 0.0, 0.0, 0...
 * /remani_planner_node/fsm/waypoint0_gripper_close: True
 * /remani_planner_node/fsm/waypoint0_yaw: 0.0
 * /remani_planner_node/fsm/waypoint1: [5.0, 0.0, 0.0, 0...
 * /remani_planner_node/fsm/waypoint1_gripper_close: False
 * /remani_planner_node/fsm/waypoint1_yaw: 0.0
 * /remani_planner_node/fsm/waypoint_num: 2
 * /remani_planner_node/grid_map/cx: 321.04638671875
 * /remani_planner_node/grid_map/cy: 243.44969177246094
 * /remani_planner_node/grid_map/depth_filter_margin: 2
 * /remani_planner_node/grid_map/depth_filter_maxdist: 5.0
 * /remani_planner_node/grid_map/depth_filter_mindist: 0.2
 * /remani_planner_node/grid_map/depth_filter_tolerance: 0.15
 * /remani_planner_node/grid_map/esdf_slice_height: -0.1
 * /remani_planner_node/grid_map/frame_id: world
 * /remani_planner_node/grid_map/fx: 387.229248046875
 * /remani_planner_node/grid_map/fy: 387.229248046875
 * /remani_planner_node/grid_map/ground_height: -0.01
 * /remani_planner_node/grid_map/k_depth_scaling_factor: 1000.0
 * /remani_planner_node/grid_map/local_bound_inflate: 0.0
 * /remani_planner_node/grid_map/local_map_margin: 15
 * /remani_planner_node/grid_map/local_update_range_x: 17
 * /remani_planner_node/grid_map/local_update_range_y: 17
 * /remani_planner_node/grid_map/local_update_range_z: 3.0
 * /remani_planner_node/grid_map/map_size_x: 16.0
 * /remani_planner_node/grid_map/map_size_y: 12.0
 * /remani_planner_node/grid_map/map_size_z: 3.0
 * /remani_planner_node/grid_map/max_ray_length: 4.5
 * /remani_planner_node/grid_map/min_ray_length: 0.1
 * /remani_planner_node/grid_map/obstacles_inflation: 0.08
 * /remani_planner_node/grid_map/p_hit: 0.65
 * /remani_planner_node/grid_map/p_max: 0.9
 * /remani_planner_node/grid_map/p_min: 0.12
 * /remani_planner_node/grid_map/p_miss: 0.35
 * /remani_planner_node/grid_map/p_occ: 0.8
 * /remani_planner_node/grid_map/pose_type: 1
 * /remani_planner_node/grid_map/resolution: 0.05
 * /remani_planner_node/grid_map/show_esdf_time: False
 * /remani_planner_node/grid_map/show_occ_time: False
 * /remani_planner_node/grid_map/skip_pixel: 2
 * /remani_planner_node/grid_map/use_depth_filter: True
 * /remani_planner_node/grid_map/use_global_map: False
 * /remani_planner_node/grid_map/use_load_map: True
 * /remani_planner_node/grid_map/virtual_ceil_height: 4.0
 * /remani_planner_node/grid_map/visualization_truncate_height: 2.8
 * /remani_planner_node/grid_map/z_length: 0.0
 * /remani_planner_node/manager/control_points_distance: 0.4
 * /remani_planner_node/manager/feasibility_tolerance: 0.05
 * /remani_planner_node/manager/polyTraj_piece_length: 2.0
 * /remani_planner_node/map/map_type: 0
 * /remani_planner_node/mm/base_mani_fixed_joint_xyz_ypr: [0.2462, 0.0, 0.1...
 * /remani_planner_node/mm/ee_tcp_xyz_rpy: [0.0, 0.0, 0.0, 0...
 * /remani_planner_node/mm/manipulator_config: [0.1765, 0.607, 0...
 * /remani_planner_node/mm/manipulator_dof: 6
 * /remani_planner_node/mm/manipulator_max_acc: 1.57
 * /remani_planner_node/mm/manipulator_max_pos: [3.0, 1.5, 2.8, 3...
 * /remani_planner_node/mm/manipulator_max_vel: 0.8
 * /remani_planner_node/mm/manipulator_min_pos: [-3.0, -1.5, -2.8...
 * /remani_planner_node/mm/manipulator_self_thickness: 0.045
 * /remani_planner_node/mm/manipulator_thickness: 0.1
 * /remani_planner_node/mm/manipulator_type: cr10
 * /remani_planner_node/mm/mobile_base_check_radius: 0.1
 * /remani_planner_node/mm/mobile_base_dof: 2
 * /remani_planner_node/mm/mobile_base_height: 0.15
 * /remani_planner_node/mm/mobile_base_length: 1.1
 * /remani_planner_node/mm/mobile_base_max_wheel_alpha: 8.0
 * /remani_planner_node/mm/mobile_base_max_wheel_omega: 4.0
 * /remani_planner_node/mm/mobile_base_non_singul_vel: 0.05
 * /remani_planner_node/mm/mobile_base_wheel_base: 0.56
 * /remani_planner_node/mm/mobile_base_wheel_radius: 0.125
 * /remani_planner_node/mm/mobile_base_width: 0.9
 * /remani_planner_node/optimization/constrain_points_perPiece: 16
 * /remani_planner_node/optimization/dense_sample_resolution: 16
 * /remani_planner_node/optimization/enable_dynamic_time_scaling: True
 * /remani_planner_node/optimization/ground_safe_dis: 0.03
 * /remani_planner_node/optimization/ground_safe_margin: 0.03
 * /remani_planner_node/optimization/max_time_scale: 2.0
 * /remani_planner_node/optimization/max_time_scaling_attempts: 2
 * /remani_planner_node/optimization/mobile_base_opt_gear: True
 * /remani_planner_node/optimization/safe_margin: 0.1
 * /remani_planner_node/optimization/safe_margin_mani: 0.15
 * /remani_planner_node/optimization/self_safe_margin: 0.1
 * /remani_planner_node/optimization/weight_base_feasibility: 100.0
 * /remani_planner_node/optimization/weight_manipulator_feasibility: 100.0
 * /remani_planner_node/optimization/weight_manipulator_obstacle: 80000.0
 * /remani_planner_node/optimization/weight_manipulator_self: 1000.0
 * /remani_planner_node/optimization/weight_obstacle: 50000.0
 * /remani_planner_node/optimization/weight_time: 1.0
 * /remani_planner_node/optimization/wheel_limit_ratio: 0.95
 * /remani_planner_node/search/allocate_num: 100000
 * /remani_planner_node/search/check_num: 16
 * /remani_planner_node/search/curvatureDisCoe: 0.4
 * /remani_planner_node/search/dist_resolution: 0.6
 * /remani_planner_node/search/goal_rate: 0.4
 * /remani_planner_node/search/lambda_heu: 1
 * /remani_planner_node/search/max_arc: 0.4
 * /remani_planner_node/search/max_loop_num: 5000
 * /remani_planner_node/search/max_mani_search_time: 0.3
 * /remani_planner_node/search/max_sample_time: 1.5
 * /remani_planner_node/search/max_seach_time: 3.0
 * /remani_planner_node/search/min_turning_radius: 0.5
 * /remani_planner_node/search/oneshot_check_len: 0.02
 * /remani_planner_node/search/oneshot_range: 1.0
 * /remani_planner_node/search/sample_time: 0.1
 * /remani_planner_node/search/traj_back_penalty: 3.0
 * /remani_planner_node/search/traj_forward_penalty: 1.0
 * /remani_planner_node/search/traj_gear_switch_penalty: 10.0
 * /remani_planner_node/search/traj_steer_change_penalty: 2.0
 * /remani_planner_node/search/traj_steer_penalty: 5.0
 * /remani_planner_node/search/try_astar_times: 5
 * /remani_planner_node/search/yaw_resolution: 0.35
 * /remani_planner_node/visualization/enable_debug_vis: False
 * /remani_planner_node/visualization/enable_traj_mesh_vis: True
 * /remani_planner_node/visualization/his_traj_max_points: 500
 * /remani_planner_node/visualization/mesh_vis_stride: 3
 * /remani_planner_node/visualization/tf_rate_hz: 20.0
 * /remani_planner_node/visualization/vis_rate_hz: 15.0
 * /robot_description: <?xml version='1....
 * /rosdistro: noetic
 * /rosversion: 1.17.4
 * /search/max_seach_time: 3.0
 * /search/min_turning_radius: 0.5

NODES
  /
    ee_goal_marker_node (remani_planner/ee_goal_marker_node)
    fake_mm (fake_mm/fake_mm)
    map_generator (map_generator/map_generator)
    mm_controller_node (mm_controller/mm_controller_node)
    model_vis (fake_mm/model_vis)
    remani_planner_node (remani_planner/remani_planner_node)
    robot_state_publisher (robot_state_publisher/robot_state_publisher)
    rviz (rviz/rviz)
[33m[WARN] [1787755476.638200287]: The root link base_link has an inertia specified in the URDF, but KDL does not support a root link with an inertia.  As a workaround, you can add an extra dummy link to your URDF.[0m
[33m[WARN] [1787755476.716495739]: Finished generate Cuboids Map [0m
[0m[INFO] [1787755476.787801868]: MMConfig: type=cr10 thickness=0.100 self_thickness=0.045[0m
[0m[INFO] [1787755476.801993370]: KinoAstar: max_seach_time=3.000 s min_turning_radius=0.500[0m
[FSM]: from INIT to WAIT_TARGET
[rospack] Error: failed to parse command-line options: too many positional options have been specified on the command line
[librospack]: error while executing command
[rospack] Error: failed to parse command-line options: too many positional options have been specified on the command line
[librospack]: error while executing command
[rospack] Error: failed to parse command-line options: too many positional options have been specified on the command line
[librospack]: error while executing command
[0m[INFO] [1787755517.279995496]: [EE GOAL] committed EE_POSE terminal (??xy=10.538 ??yaw=15.0deg)[0m
[FSM]: from WAIT_TARGET to GEN_NEW_TRAJ
[33m[WARN] [1787755521.370382921]: 3.902026 max left wheel omega is not feasible at relative time 2.240000! opt failed[0m
[47;30m
[replan 0]==============================================[0m
[0m[INFO] [1787755517.290145289]: continous_failures_count: 0[0m
[0m[INFO] [1787755521.364840859]: The optimization result is : Success: met stopping criteria (delta).[0m
[TIME SCALE] dynamics-only violation detected
[TIME SCALE] peak wheel omega = 4.00243 rad/s
[TIME SCALE] wheel omega hard limit = 4 rad/s
[TIME SCALE] wheel omega target = 3.8 rad/s
[TIME SCALE] peak wheel alpha = 6.73301 rad/s^2
[TIME SCALE] wheel alpha hard limit = 8 rad/s^2
[TIME SCALE] wheel alpha target = 7.6 rad/s^2
[TIME SCALE] peak joint vel = 0.188875
[TIME SCALE] peak joint acc = 0.160532
[TIME SCALE] selected scale = 1.07434
[TIME SCALE] attempt = 1/2
[TIME SCALE] cumulative scale = 1.07434
[TIME SCALE] duration old = 26.2351 s
[TIME SCALE] duration new = 28.1853 s
[TIME SCALE] safety recheck passed
[TIME SCALE] peak wheel omega after scaling = 3.72551 rad/s
[TIME SCALE] peak wheel alpha after scaling = 5.83424 rad/s^2
[TIME SCALE] accepted
[34mtotal time: 4210.98, init: 3205.25, optimize: 1005.73, avg_time: 4210.98, count_success: 1[0m
[PLAN TIME]
Hybrid A*       : 2394.91 ms
Manipulator     : 300.42 ms
Whole-body RRT  : skipped
Frontend check  : 0.57 ms
Initialization  : 0.041402 ms
Optimization    : 869.44 ms
Safety check    : 65.7799 ms
Time scaling    : 0.03 ms
Safety recheck  : 70.37 ms
Total           : 4210.98 ms
[FSM]: from GEN_NEW_TRAJ to EXEC_TRAJ
[FSM]: from EXEC_TRAJ to WAIT_TARGET
[0m[INFO] [1787755549.685435034]: [EE GOAL] reached[0m
[0m[INFO] [1787755580.077440422]: [EE GOAL] committed EE_POSE terminal (??xy=7.664 ??yaw=150.0deg)[0m
[FSM]: from WAIT_TARGET to GEN_NEW_TRAJ
[33m[WARN] [1787755583.092508877]: [Kino Astar]: NO_PATH. Exceeds maximum time 3.000 s[0m
[33m[WARN] [1787755583.092678850]: KinoAstar: Hybrid A* NO_PATH; refuse straight/RRT fallback (failures=0/5). start=(4.81,-3.84) goal=(-1.58,0.39)[0m
[47;30m
[replan 1]==============================================[0m
[0m[INFO] [1787755580.092413870]: continous_failures_count: 0[0m
[PLAN TIME] (frontend failed)
Hybrid A*       : 3000.10 ms
Manipulator     : skipped
Whole-body RRT  : skipped
Frontend check  : skipped
Initialization  : skipped
Optimization    : skipped
Safety check    : skipped
Time scaling    : skipped
Safety recheck  : skipped
Total           : 3005.06 ms
[33m[WARN] [1787755586.095595250]: [Kino Astar]: NO_PATH. Exceeds maximum time 3.000 s[0m
[33m[WARN] [1787755586.095762427]: KinoAstar: Hybrid A* NO_PATH; refuse straight/RRT fallback (failures=1/5). start=(4.81,-3.84) goal=(-1.58,0.39)[0m
[47;30m
[replan 2]==============================================[0m
[0m[INFO] [1787755583.095512119]: continous_failures_count: 1[0m
[PLAN TIME] (frontend failed)
Hybrid A*       : 3000.09 ms
Manipulator     : skipped
Whole-body RRT  : skipped
Frontend check  : skipped
Initialization  : skipped
Optimization    : skipped
Safety check    : skipped
Time scaling    : skipped
Safety recheck  : skipped
Total           : 3003.07 ms
[33m[WARN] [1787755589.098685127]: [Kino Astar]: NO_PATH. Exceeds maximum time 3.000 s[0m
[33m[WARN] [1787755589.098842034]: KinoAstar: Hybrid A* NO_PATH; refuse straight/RRT fallback (failures=2/5). start=(4.81,-3.84) goal=(-1.58,0.39)[0m
[47;30m
[replan 3]==============================================[0m
[0m[INFO] [1787755586.098603463]: continous_failures_count: 2[0m
[PLAN TIME] (frontend failed)
Hybrid A*       : 3000.09 ms
Manipulator     : skipped
Whole-body RRT  : skipped
Frontend check  : skipped
Initialization  : skipped
Optimization    : skipped
Safety check    : skipped
Time scaling    : skipped
Safety recheck  : skipped
Total           : 3003.07 ms
[33m[WARN] [1787755592.101736225]: [Kino Astar]: NO_PATH. Exceeds maximum time 3.000 s[0m
[33m[WARN] [1787755592.101901083]: KinoAstar: Hybrid A* NO_PATH; refuse straight/RRT fallback (failures=3/5). start=(4.81,-3.84) goal=(-1.58,0.39)[0m
[47;30m
[replan 4]==============================================[0m
[0m[INFO] [1787755589.101669291]: continous_failures_count: 3[0m
[PLAN TIME] (frontend failed)
Hybrid A*       : 3000.08 ms
Manipulator     : skipped
Whole-body RRT  : skipped
Frontend check  : skipped
Initialization  : skipped
Optimization    : skipped
Safety check    : skipped
Time scaling    : skipped
Safety recheck  : skipped
Total           : 3003.05 ms
[33m[WARN] [1787755595.104757786]: [Kino Astar]: NO_PATH. Exceeds maximum time 3.000 s[0m
[33m[WARN] [1787755595.104920585]: KinoAstar: Hybrid A* NO_PATH; refuse straight/RRT fallback (failures=4/5). start=(4.81,-3.84) goal=(-1.58,0.39)[0m
[47;30m
[replan 5]==============================================[0m
[0m[INFO] [1787755592.104645450]: continous_failures_count: 4[0m
[PLAN TIME] (frontend failed)
Hybrid A*       : 3000.12 ms
Manipulator     : skipped
Whole-body RRT  : skipped
Frontend check  : skipped
Initialization  : skipped
Optimization    : skipped
Safety check    : skipped
Time scaling    : skipped
Safety recheck  : skipped
Total           : 3003.01 ms
[33m[WARN] [1787755595.107861247]: KinoAstar: switching to whole-body RRT after 5 failures. start=(4.81,-3.84) goal=(-1.58,0.39)[0m
[47;30m
[replan 6]==============================================[0m
[0m[INFO] [1787755595.107711667]: continous_failures_count: 5[0m
[RRT TIME] search = 108.582 ms
[RRT TIME] reconstruction = 1391.91 ms
[RRT TIME] total = 1500.49 ms
[33m[WARN] [1787755598.961738849]: 2.183250 max left wheel omega is not feasible at relative time 4.560000! opt failed[0m
[33m[WARN] [1787755598.992423496]: car collision at time 16.900000![0m
[0m[INFO] [1787755598.950494036]: The optimization result is : Success: met stopping criteria (delta).[0m
[BACKEND COLLISION]
[BACKEND COLLISION] type = car
[BACKEND COLLISION] time = 16.9
[BACKEND COLLISION] traj duration = 27.1212 s
[BACKEND COLLISION] position base = 1.19362 1.30631
[BACKEND COLLISION] arm q =  0.148048  0.289814 -0.913888   1.00177  -0.19578  0.696665
[PLAN TIME] (opt/safety failed)
Hybrid A*       : skipped
Manipulator     : 0.46 ms
Whole-body RRT  : 1500.53 ms
Frontend check  : 0.50 ms
Initialization  : 0.022198 ms
Optimization    : 2340.78 ms
Safety check    : 41.9149 ms
Time scaling    : skipped
Safety recheck  : skipped
Total           : 3887.52 ms
[33m[WARN] [1787755598.994654726]: KinoAstar: switching to whole-body RRT after 6 failures. start=(4.81,-3.84) goal=(-1.58,0.39)[0m
[47;30m
[replan 7]==============================================[0m
[0m[INFO] [1787755598.994517569]: continous_failures_count: 6[0m
[RRT TIME] search = 86.6157 ms
[RRT TIME] reconstruction = 844.302 ms
[RRT TIME] total = 930.918 ms
[33m[WARN] [1787755599.926144003]: KinoAstar: frontend path not free (coll=0) at piece 0 idx 5; reject[0m
[PLAN TIME] (frontend failed)
Hybrid A*       : skipped
Manipulator     : 0.38 ms
Whole-body RRT  : 930.94 ms
Frontend check  : 0.16 ms
Initialization  : skipped
Optimization    : skipped
Safety check    : skipped
Time scaling    : skipped
Safety recheck  : skipped
Total           : 931.696 ms
[RRT TIME] search = 113.614 ms
[RRT TIME] reconstruction = 1388.03 ms
[RRT TIME] total = 1501.65 ms
[PLAN TIME] (frontend failed)
Hybrid A*       : skipped
Manipulator     : 0.37 ms
Whole-body RRT  : 1501.67 ms
Frontend check  : 0.33 ms
Initialization  : skipped
Optimization    : skipped
Safety check    : skipped
Time scaling    : skipped
Safety recheck  : skipped
Total           : 1502.58 ms
[33m[WARN] [1787755601.428991174]: KinoAstar: switching to whole-body RRT after 8 failures. start=(4.81,-3.84) goal=(-1.58,0.39)[0m
[47;30m
[replan 9]==============================================[0m
[0m[INFO] [1787755601.428832495]: continous_failures_count: 8[0m
[RRT TIME] search = 364.194 ms
[RRT TIME] reconstruction = 1136.87 ms
[RRT TIME] total = 1501.07 ms
[33m[WARN] [1787755606.671732347]: -3.882962 max left wheel omega is not feasible at relative time 13.570000! opt failed[0m
[33m[WARN] [1787755606.698706573]: car collision at time 24.420000![0m
[0m[INFO] [1787755606.638029813]: The optimization result is : Success: met stopping criteria (delta).[0m
[BACKEND COLLISION]
[BACKEND COLLISION] type = car
[BACKEND COLLISION] time = 24.42
[BACKEND COLLISION] traj duration = 31.0918 s
[BACKEND COLLISION] position base = -0.232001 1.69132
[BACKEND COLLISION] arm q =    2.1737  0.362535 -0.386754   1.02908  0.940564  0.125642
[PLAN TIME] (opt/safety failed)
Hybrid A*       : skipped
Manipulator     : 0.38 ms
Whole-body RRT  : 1501.09 ms
Frontend check  : 0.52 ms
Initialization  : 0.030827 ms
Optimization    : 3706.84 ms
Safety check    : 60.6586 ms
Time scaling    : skipped
Safety recheck  : skipped
Total           : 5269.97 ms
[33m[WARN] [1787755606.700984403]: KinoAstar: switching to whole-body RRT after 9 failures. start=(4.81,-3.84) goal=(-1.58,0.39)[0m
[47;30m
[replan 10]==============================================[0m
[0m[INFO] [1787755606.700848724]: continous_failures_count: 9[0m
[RRT TIME] search = 82.7362 ms
[RRT TIME] reconstruction = 629.109 ms
[RRT TIME] total = 711.846 ms
[33m[WARN] [1787755607.413371804]: KinoAstar: frontend path not free (coll=0) at piece 0 idx 4; reject[0m
[PLAN TIME] (frontend failed)
Hybrid A*       : skipped
Manipulator     : 0.37 ms
Whole-body RRT  : 711.88 ms
Frontend check  : 0.13 ms
Initialization  : skipped
Optimization    : skipped
Safety check    : skipped
Time scaling    : skipped
Safety recheck  : skipped
Total           : 712.59 ms
[0m[INFO] [1787755607.413402948]: [FSM]: stay in GEN_NEW_TRAJ (x2)[0m
[RRT TIME] search = 70.4382 ms
[RRT TIME] reconstruction = 793.906 ms
[RRT TIME] total = 864.345 ms
[PLAN TIME] (frontend failed)
Hybrid A*       : skipped
Manipulator     : 0.69 ms
Whole-body RRT  : 864.38 ms
Frontend check  : 0.13 ms
Initialization  : skipped
Optimization    : skipped
Safety check    : skipped
Time scaling    : skipped
Safety recheck  : skipped
Total           : 865.502 ms
[RRT TIME] search = 117.284 ms
[RRT TIME] reconstruction = 698.399 ms
[RRT TIME] total = 815.683 ms
[PLAN TIME] (frontend failed)
Hybrid A*       : skipped
Manipulator     : 0.36 ms
Whole-body RRT  : 815.70 ms
Frontend check  : 0.10 ms
Initialization  : skipped
Optimization    : skipped
Safety check    : skipped
Time scaling    : skipped
Safety recheck  : skipped
Total           : 816.372 ms
[33m[WARN] [1787755609.105607142]: KinoAstar: switching to whole-body RRT after 12 failures. start=(4.81,-3.84) goal=(-1.58,0.39)[0m
[47;30m
[replan 13]==============================================[0m
[0m[INFO] [1787755609.105448876]: continous_failures_count: 12[0m
[RRT TIME] search = 114.86 ms
[RRT TIME] reconstruction = 704.669 ms
[RRT TIME] total = 819.529 ms
[33m[WARN] [1787755609.925644302]: KinoAstar: frontend path not free (coll=0) at piece 0 idx 3; reject[0m
[PLAN TIME] (frontend failed)
Hybrid A*       : skipped
Manipulator     : 0.37 ms
Whole-body RRT  : 819.55 ms
Frontend check  : 0.11 ms
Initialization  : skipped
Optimization    : skipped
Safety check    : skipped
Time scaling    : skipped
Safety recheck  : skipped
Total           : 820.281 ms
[RRT TIME] search = 150.297 ms
[RRT TIME] reconstruction = 1350.35 ms
[RRT TIME] total = 1500.64 ms
[33m[WARN] [1787755612.767984507]: 2.507449 max left wheel omega is not feasible at relative time 4.030000! opt failed[0m
[33m[WARN] [1787755612.813834771]: car collision at time 22.460000![0m
[0m[INFO] [1787755612.758007345]: The optimization result is : Success: met stopping criteria (delta).[0m
[BACKEND COLLISION]
[BACKEND COLLISION] type = car
[BACKEND COLLISION] time = 22.46
[BACKEND COLLISION] traj duration = 28.5812 s
[BACKEND COLLISION] position base = -0.478957 1.62353
[BACKEND COLLISION] arm q =    1.35878   0.556247 0.00421765   0.729922   0.685208   0.612355
[PLAN TIME] (opt/safety failed)
Hybrid A*       : skipped
Manipulator     : 0.37 ms
Whole-body RRT  : 1500.67 ms
Frontend check  : 0.49 ms
Initialization  : 0.021936 ms
Optimization    : 1330.48 ms
Safety check    : 55.8149 ms
Time scaling    : skipped
Safety recheck  : skipped
Total           : 2888.2 ms
[33m[WARN] [1787755612.816140024]: KinoAstar: switching to whole-body RRT after 14 failures. start=(4.81,-3.84) goal=(-1.58,0.39)[0m
[47;30m
[replan 15]==============================================[0m
[0m[INFO] [1787755612.816003434]: continous_failures_count: 14[0m
[RRT TIME] search = 98.4793 ms
[RRT TIME] reconstruction = 1259.28 ms
[RRT TIME] total = 1357.76 ms
[33m[WARN] [1787755615.490160092]: 3.708290 max left wheel omega is not feasible at relative time 3.730000! opt failed[0m
[33m[WARN] [1787755615.498339840]: car collision at time 7.010000![0m
[0m[INFO] [1787755615.480910565]: The optimization result is : Success: met stopping criteria (delta).[0m
[BACKEND COLLISION]
[BACKEND COLLISION] type = car
[BACKEND COLLISION] time = 7.01
[BACKEND COLLISION] traj duration = 25.606 s
[BACKEND COLLISION] position base = 3.9131 -1.59798
[BACKEND COLLISION] arm q =   2.02263   0.44452 -0.230117   1.47538  0.240496  0.564152
[PLAN TIME] (opt/safety failed)
Hybrid A*       : skipped
Manipulator     : 0.36 ms
Whole-body RRT  : 1357.79 ms
Frontend check  : 0.44 ms
Initialization  : 0.02367 ms
Optimization    : 1306.03 ms
Safety check    : 17.4135 ms
Time scaling    : skipped
Safety recheck  : skipped
Total           : 2682.42 ms
[33m[WARN] [1787755615.500275266]: KinoAstar: switching to whole-body RRT after 15 failures. start=(4.81,-3.84) goal=(-1.58,0.39)[0m
[47;30m
[replan 16]==============================================[0m
[0m[INFO] [1787755615.500131386]: continous_failures_count: 15[0m
[RRT TIME] search = 136.949 ms
[RRT TIME] reconstruction = 1329.86 ms
[RRT TIME] total = 1466.81 ms
[33m[WARN] [1787755617.798664287]: car collision at time 7.520000![0m
[0m[INFO] [1787755617.779956740]: The optimization result is : Success: met stopping criteria (delta).[0m
[BACKEND COLLISION]
[BACKEND COLLISION] type = car
[BACKEND COLLISION] time = 7.52
[BACKEND COLLISION] traj duration = 25.7311 s
[BACKEND COLLISION] position base = 3.90289 -1.45734
[BACKEND COLLISION] arm q =    1.22302   0.338599  -0.440345    2.02339 -0.0120554    1.08398
[PLAN TIME] (opt/safety failed)
Hybrid A*       : skipped
Manipulator     : 0.37 ms
Whole-body RRT  : 1466.84 ms
Frontend check  : 0.44 ms
Initialization  : 0.021946 ms
Optimization    : 811.888 ms
Safety check    : 18.6949 ms
Time scaling    : skipped
Safety recheck  : skipped
Total           : 2298.62 ms
[33m[WARN] [1787755617.800625871]: KinoAstar: switching to whole-body RRT after 16 failures. start=(4.81,-3.84) goal=(-1.58,0.39)[0m
[47;30m
[replan 17]==============================================[0m
[0m[INFO] [1787755617.800484145]: continous_failures_count: 16[0m
[RRT TIME] search = 103.158 ms
[RRT TIME] reconstruction = 1398.26 ms
[RRT TIME] total = 1501.42 ms
[33m[WARN] [1787755622.230931941]: -4.000040 max left wheel omega is not feasible at relative time 28.890000! opt failed[0m
[0m[INFO] [1787755622.159092401]: The optimization result is : Success: met stopping criteria (delta).[0m
[TIME SCALE] dynamics-only violation detected
[TIME SCALE] peak wheel omega = 4.00019 rad/s
[TIME SCALE] wheel omega hard limit = 4 rad/s
[TIME SCALE] wheel omega target = 3.8 rad/s
[TIME SCALE] peak wheel alpha = 6.63703 rad/s^2
[TIME SCALE] wheel alpha hard limit = 8 rad/s^2
[TIME SCALE] wheel alpha target = 7.6 rad/s^2
[TIME SCALE] peak joint vel = 0.613607
[TIME SCALE] peak joint acc = 0.325977
[TIME SCALE] selected scale = 1.07373
[TIME SCALE] attempt = 1/2
[TIME SCALE] cumulative scale = 1.07373
[TIME SCALE] duration old = 33.173 s
[TIME SCALE] duration new = 35.619 s
[TIME SCALE] safety recheck passed
[TIME SCALE] peak wheel omega after scaling = 3.72549 rad/s
[TIME SCALE] peak wheel alpha after scaling = 5.75688 rad/s^2
[TIME SCALE] accepted
[34mtotal time: 4530.85, init: 1502.73, optimize: 3028.13, avg_time: 4370.91, count_success: 2[0m
[PLAN TIME]
Hybrid A*       : skipped
Manipulator     : 0.39 ms
Whole-body RRT  : 1501.45 ms
Frontend check  : 0.54 ms
Initialization  : 0.028025 ms
Optimization    : 2855.91 ms
Safety check    : 82.9898 ms
Time scaling    : 0.03 ms
Safety recheck  : 89.12 ms
Total           : 4530.85 ms
[FSM]: from GEN_NEW_TRAJ to EXEC_TRAJ
[FSM]: from EXEC_TRAJ to WAIT_TARGET
