... logging to /home/gzz/.ros/log/6593ddae-9b96-11f1-9425-970b7208096f/roslaunch-GZZ-2330621.log
Checking log directory for disk usage. This may take a while.
Press Ctrl-C to interrupt
Done checking log file disk usage. Usage is <1GB.
]2;/home/gzz/Codes/wbc/remani_planner/src/REMANI-Planner/remani_planner/plan_manage/launch/remani_sim.launch
[1mstarted roslaunch server http://GZZ:35109/[0m

SUMMARY
========

PARAMETERS
 * /fake_mm/fake_mm/pub_urdf_joint_states: True
 * /fake_mm/fsm/init_gripper_close: False
 * /fake_mm/fsm/init_state: [-5.0, 0.0, 0.0, ...
 * /fake_mm/fsm/init_yaw: 0.0
 * /fake_mm/fsm/waypoint0: [0.0, 0.0, 0.0, 0...
 * /fake_mm/fsm/waypoint0_gripper_close: True
 * /fake_mm/fsm/waypoint0_yaw: 0.0
 * /fake_mm/fsm/waypoint1: [5.0, 0.0, 0.0, 0...
 * /fake_mm/fsm/waypoint1_gripper_close: False
 * /fake_mm/fsm/waypoint1_yaw: 0.0
 * /fake_mm/fsm/waypoint_num: 2
 * /fake_mm/map/map_type: 0
 * /fake_mm/mm/base_mani_fixed_joint_xyz_ypr: [0.2462, 0.0, 0.1...
 * /fake_mm/mm/manipulator_config: [0.1765, 0.607, 0...
 * /fake_mm/mm/manipulator_dof: 6
 * /fake_mm/mm/manipulator_max_acc: 1.57
 * /fake_mm/mm/manipulator_max_pos: [3.0, 1.5, 2.8, 3...
 * /fake_mm/mm/manipulator_max_vel: 0.8
 * /fake_mm/mm/manipulator_min_pos: [-3.0, -1.5, -2.8...
 * /fake_mm/mm/manipulator_self_thickness: 0.045
 * /fake_mm/mm/manipulator_thickness: 0.1
 * /fake_mm/mm/manipulator_type: cr10
 * /fake_mm/mm/mobile_base_check_radius: 0.1
 * /fake_mm/mm/mobile_base_dof: 2
 * /fake_mm/mm/mobile_base_height: 0.15
 * /fake_mm/mm/mobile_base_length: 1.1
 * /fake_mm/mm/mobile_base_max_wheel_alpha: 8.0
 * /fake_mm/mm/mobile_base_max_wheel_omega: 4.0
 * /fake_mm/mm/mobile_base_non_singul_vel: 0.05
 * /fake_mm/mm/mobile_base_wheel_base: 0.56
 * /fake_mm/mm/mobile_base_wheel_radius: 0.125
 * /fake_mm/mm/mobile_base_width: 0.9
 * /fsm/target_type: 1
 * /map_generator/bridges: [[0.0, 0.0, 1.0, ...
 * /map_generator/clear_centers: [[-5.0, 0.0], [-2...
 * /map_generator/clear_radius: 3.0
 * /map_generator/fsm/init_gripper_close: False
 * /map_generator/fsm/init_state: [-5.0, 0.0, 0.0, ...
 * /map_generator/fsm/init_yaw: 0.0
 * /map_generator/fsm/waypoint0: [0.0, 0.0, 0.0, 0...
 * /map_generator/fsm/waypoint0_gripper_close: True
 * /map_generator/fsm/waypoint0_yaw: 0.0
 * /map_generator/fsm/waypoint1: [5.0, 0.0, 0.0, 0...
 * /map_generator/fsm/waypoint1_gripper_close: False
 * /map_generator/fsm/waypoint1_yaw: 0.0
 * /map_generator/fsm/waypoint_num: 2
 * /map_generator/map/float_obs_num: 2
 * /map_generator/map/map_type: 0
 * /map_generator/map/obs_num: 4
 * /map_generator/map/resolution: 0.05
 * /map_generator/map/seed: 30
 * /map_generator/map/x_size: 16
 * /map_generator/map/y_size: 12
 * /map_generator/map/z_size: 3
 * /map_generator/min_distance: 2.5
 * /map_generator/mm/base_mani_fixed_joint_xyz_ypr: [0.2462, 0.0, 0.1...
 * /map_generator/mm/manipulator_config: [0.1765, 0.607, 0...
 * /map_generator/mm/manipulator_dof: 6
 * /map_generator/mm/manipulator_max_acc: 1.57
 * /map_generator/mm/manipulator_max_pos: [3.0, 1.5, 2.8, 3...
 * /map_generator/mm/manipulator_max_vel: 0.8
 * /map_generator/mm/manipulator_min_pos: [-3.0, -1.5, -2.8...
 * /map_generator/mm/manipulator_self_thickness: 0.045
 * /map_generator/mm/manipulator_thickness: 0.1
 * /map_generator/mm/manipulator_type: cr10
 * /map_generator/mm/mobile_base_check_radius: 0.1
 * /map_generator/mm/mobile_base_dof: 2
 * /map_generator/mm/mobile_base_height: 0.15
 * /map_generator/mm/mobile_base_length: 1.1
 * /map_generator/mm/mobile_base_max_wheel_alpha: 8.0
 * /map_generator/mm/mobile_base_max_wheel_omega: 4.0
 * /map_generator/mm/mobile_base_non_singul_vel: 0.05
 * /map_generator/mm/mobile_base_wheel_base: 0.56
 * /map_generator/mm/mobile_base_wheel_radius: 0.125
 * /map_generator/mm/mobile_base_width: 0.9
 * /map_generator/pub_rate: 1.0
 * /mm_controller_node/fsm/emergency_time: 1.5
 * /mm_controller_node/fsm/global_plan: True
 * /mm_controller_node/fsm/init_gripper_close: False
 * /mm_controller_node/fsm/init_state: [-5.0, 0.0, 0.0, ...
 * /mm_controller_node/fsm/init_yaw: 0.0
 * /mm_controller_node/fsm/max_continuous_plan_failures: 20
 * /mm_controller_node/fsm/planning_horizon: 5.0
 * /mm_controller_node/fsm/replan_trajectory_time: 1.7
 * /mm_controller_node/fsm/target_type: 2
 * /mm_controller_node/fsm/thresh_replan_time: 2.5
 * /mm_controller_node/fsm/time_for_gripper: 0.05
 * /mm_controller_node/fsm/waypoint0: [0.0, 0.0, 0.0, 0...
 * /mm_controller_node/fsm/waypoint0_gripper_close: True
 * /mm_controller_node/fsm/waypoint0_yaw: 0.0
 * /mm_controller_node/fsm/waypoint1: [5.0, 0.0, 0.0, 0...
 * /mm_controller_node/fsm/waypoint1_gripper_close: False
 * /mm_controller_node/fsm/waypoint1_yaw: 0.0
 * /mm_controller_node/fsm/waypoint_num: 2
 * /mm_controller_node/grid_map/use_global_map: False
 * /mm_controller_node/grid_map/use_load_map: True
 * /mm_controller_node/map/map_type: 0
 * /mm_controller_node/mm/base_mani_fixed_joint_xyz_ypr: [0.2462, 0.0, 0.1...
 * /mm_controller_node/mm/manipulator_config: [0.1765, 0.607, 0...
 * /mm_controller_node/mm/manipulator_dof: 6
 * /mm_controller_node/mm/manipulator_max_acc: 1.57
 * /mm_controller_node/mm/manipulator_max_pos: [3.0, 1.5, 2.8, 3...
 * /mm_controller_node/mm/manipulator_max_vel: 0.8
 * /mm_controller_node/mm/manipulator_min_pos: [-3.0, -1.5, -2.8...
 * /mm_controller_node/mm/manipulator_self_thickness: 0.045
 * /mm_controller_node/mm/manipulator_thickness: 0.1
 * /mm_controller_node/mm/manipulator_type: cr10
 * /mm_controller_node/mm/mobile_base_check_radius: 0.1
 * /mm_controller_node/mm/mobile_base_dof: 2
 * /mm_controller_node/mm/mobile_base_height: 0.15
 * /mm_controller_node/mm/mobile_base_length: 1.1
 * /mm_controller_node/mm/mobile_base_max_wheel_alpha: 8.0
 * /mm_controller_node/mm/mobile_base_max_wheel_omega: 4.0
 * /mm_controller_node/mm/mobile_base_non_singul_vel: 0.05
 * /mm_controller_node/mm/mobile_base_wheel_base: 0.56
 * /mm_controller_node/mm/mobile_base_wheel_radius: 0.125
 * /mm_controller_node/mm/mobile_base_width: 0.9
 * /mm_controller_node/optimization/constrain_points_perPiece: 16
 * /mm_controller_node/optimization/dense_sample_resolution: 16
 * /mm_controller_node/optimization/enable_dynamic_time_scaling: True
 * /mm_controller_node/optimization/ground_safe_dis: 0.03
 * /mm_controller_node/optimization/ground_safe_margin: 0.03
 * /mm_controller_node/optimization/max_time_scale: 2.0
 * /mm_controller_node/optimization/max_time_scaling_attempts: 2
 * /mm_controller_node/optimization/mobile_base_opt_gear: True
 * /mm_controller_node/optimization/safe_margin: 0.1
 * /mm_controller_node/optimization/safe_margin_mani: 0.15
 * /mm_controller_node/optimization/self_safe_margin: 0.1
 * /mm_controller_node/optimization/weight_base_feasibility: 100.0
 * /mm_controller_node/optimization/weight_manipulator_feasibility: 100.0
 * /mm_controller_node/optimization/weight_manipulator_obstacle: 80000.0
 * /mm_controller_node/optimization/weight_manipulator_self: 1000.0
 * /mm_controller_node/optimization/weight_obstacle: 50000.0
 * /mm_controller_node/optimization/weight_time: 1.0
 * /mm_controller_node/optimization/wheel_limit_ratio: 0.95
 * /mm_controller_node/search/allocate_num: 100000
 * /mm_controller_node/search/check_num: 16
 * /mm_controller_node/search/curvatureDisCoe: 0.4
 * /mm_controller_node/search/dist_resolution: 0.6
 * /mm_controller_node/search/goal_rate: 0.4
 * /mm_controller_node/search/lambda_heu: 1
 * /mm_controller_node/search/max_arc: 0.4
 * /mm_controller_node/search/max_loop_num: 5000
 * /mm_controller_node/search/max_mani_search_time: 0.3
 * /mm_controller_node/search/max_sample_time: 1.5
 * /mm_controller_node/search/max_seach_time: 3.0
 * /mm_controller_node/search/min_turning_radius: 0.2
 * /mm_controller_node/search/oneshot_check_len: 0.02
 * /mm_controller_node/search/oneshot_range: 1.0
 * /mm_controller_node/search/sample_time: 0.1
 * /mm_controller_node/search/traj_back_penalty: 3.0
 * /mm_controller_node/search/traj_forward_penalty: 1.0
 * /mm_controller_node/search/traj_gear_switch_penalty: 10.0
 * /mm_controller_node/search/traj_steer_change_penalty: 2.0
 * /mm_controller_node/search/traj_steer_penalty: 5.0
 * /mm_controller_node/search/try_astar_times: 5
 * /mm_controller_node/search/yaw_resolution: 0.35
 * /mm_controller_node/visualization/enable_debug_vis: False
 * /mm_controller_node/visualization/enable_traj_mesh_vis: True
 * /mm_controller_node/visualization/his_traj_max_points: 500
 * /mm_controller_node/visualization/mesh_vis_stride: 3
 * /mm_controller_node/visualization/tf_rate_hz: 20.0
 * /mm_controller_node/visualization/vis_rate_hz: 15.0
 * /model_vis/fsm/emergency_time: 1.5
 * /model_vis/fsm/global_plan: True
 * /model_vis/fsm/init_gripper_close: False
 * /model_vis/fsm/init_state: [-5.0, 0.0, 0.0, ...
 * /model_vis/fsm/init_yaw: 0.0
 * /model_vis/fsm/max_continuous_plan_failures: 20
 * /model_vis/fsm/planning_horizon: 5.0
 * /model_vis/fsm/replan_trajectory_time: 1.7
 * /model_vis/fsm/target_type: 2
 * /model_vis/fsm/thresh_replan_time: 2.5
 * /model_vis/fsm/time_for_gripper: 0.05
 * /model_vis/fsm/waypoint0: [0.0, 0.0, 0.0, 0...
 * /model_vis/fsm/waypoint0_gripper_close: True
 * /model_vis/fsm/waypoint0_yaw: 0.0
 * /model_vis/fsm/waypoint1: [5.0, 0.0, 0.0, 0...
 * /model_vis/fsm/waypoint1_gripper_close: False
 * /model_vis/fsm/waypoint1_yaw: 0.0
 * /model_vis/fsm/waypoint_num: 2
 * /model_vis/grid_map/use_global_map: False
 * /model_vis/grid_map/use_load_map: True
 * /model_vis/map/map_type: 0
 * /model_vis/mm/base_mani_fixed_joint_xyz_ypr: [0.2462, 0.0, 0.1...
 * /model_vis/mm/manipulator_config: [0.1765, 0.607, 0...
 * /model_vis/mm/manipulator_dof: 6
 * /model_vis/mm/manipulator_max_acc: 1.57
 * /model_vis/mm/manipulator_max_pos: [3.0, 1.5, 2.8, 3...
 * /model_vis/mm/manipulator_max_vel: 0.8
 * /model_vis/mm/manipulator_min_pos: [-3.0, -1.5, -2.8...
 * /model_vis/mm/manipulator_self_thickness: 0.045
 * /model_vis/mm/manipulator_thickness: 0.1
 * /model_vis/mm/manipulator_type: cr10
 * /model_vis/mm/mobile_base_check_radius: 0.1
 * /model_vis/mm/mobile_base_dof: 2
 * /model_vis/mm/mobile_base_height: 0.15
 * /model_vis/mm/mobile_base_length: 1.1
 * /model_vis/mm/mobile_base_max_wheel_alpha: 8.0
 * /model_vis/mm/mobile_base_max_wheel_omega: 4.0
 * /model_vis/mm/mobile_base_non_singul_vel: 0.05
 * /model_vis/mm/mobile_base_wheel_base: 0.56
 * /model_vis/mm/mobile_base_wheel_radius: 0.125
 * /model_vis/mm/mobile_base_width: 0.9
 * /model_vis/optimization/constrain_points_perPiece: 16
 * /model_vis/optimization/dense_sample_resolution: 16
 * /model_vis/optimization/enable_dynamic_time_scaling: True
 * /model_vis/optimization/ground_safe_dis: 0.03
 * /model_vis/optimization/ground_safe_margin: 0.03
 * /model_vis/optimization/max_time_scale: 2.0
 * /model_vis/optimization/max_time_scaling_attempts: 2
 * /model_vis/optimization/mobile_base_opt_gear: True
 * /model_vis/optimization/safe_margin: 0.1
 * /model_vis/optimization/safe_margin_mani: 0.15
 * /model_vis/optimization/self_safe_margin: 0.1
 * /model_vis/optimization/weight_base_feasibility: 100.0
 * /model_vis/optimization/weight_manipulator_feasibility: 100.0
 * /model_vis/optimization/weight_manipulator_obstacle: 80000.0
 * /model_vis/optimization/weight_manipulator_self: 1000.0
 * /model_vis/optimization/weight_obstacle: 50000.0
 * /model_vis/optimization/weight_time: 1.0
 * /model_vis/optimization/wheel_limit_ratio: 0.95
 * /model_vis/search/allocate_num: 100000
 * /model_vis/search/check_num: 16
 * /model_vis/search/curvatureDisCoe: 0.4
 * /model_vis/search/dist_resolution: 0.6
 * /model_vis/search/goal_rate: 0.4
 * /model_vis/search/lambda_heu: 1
 * /model_vis/search/max_arc: 0.4
 * /model_vis/search/max_loop_num: 5000
 * /model_vis/search/max_mani_search_time: 0.3
 * /model_vis/search/max_sample_time: 1.5
 * /model_vis/search/max_seach_time: 3.0
 * /model_vis/search/min_turning_radius: 0.2
 * /model_vis/search/oneshot_check_len: 0.02
 * /model_vis/search/oneshot_range: 1.0
 * /model_vis/search/sample_time: 0.1
 * /model_vis/search/traj_back_penalty: 3.0
 * /model_vis/search/traj_forward_penalty: 1.0
 * /model_vis/search/traj_gear_switch_penalty: 10.0
 * /model_vis/search/traj_steer_change_penalty: 2.0
 * /model_vis/search/traj_steer_penalty: 5.0
 * /model_vis/search/try_astar_times: 5
 * /model_vis/search/yaw_resolution: 0.35
 * /model_vis/visualization/enable_debug_vis: False
 * /model_vis/visualization/enable_traj_mesh_vis: True
 * /model_vis/visualization/his_traj_max_points: 500
 * /model_vis/visualization/mesh_vis_stride: 3
 * /model_vis/visualization/tf_rate_hz: 20.0
 * /model_vis/visualization/vis_rate_hz: 15.0
 * /remani_planner_node/fsm/emergency_time: 1.5
 * /remani_planner_node/fsm/fail_safe: True
 * /remani_planner_node/fsm/global_plan: True
 * /remani_planner_node/fsm/init_gripper_close: False
 * /remani_planner_node/fsm/init_state: [-5.0, 0.0, 0.0, ...
 * /remani_planner_node/fsm/init_yaw: 0.0
 * /remani_planner_node/fsm/max_continuous_plan_failures: 20
 * /remani_planner_node/fsm/planning_horizon: 5.0
 * /remani_planner_node/fsm/replan_trajectory_time: 1.7
 * /remani_planner_node/fsm/target_type: 1
 * /remani_planner_node/fsm/thresh_no_replan_meter: 2.5
 * /remani_planner_node/fsm/thresh_replan_time: 2.5
 * /remani_planner_node/fsm/time_for_gripper: 0.05
 * /remani_planner_node/fsm/waypoint0: [0.0, 0.0, 0.0, 0...
 * /remani_planner_node/fsm/waypoint0_gripper_close: True
 * /remani_planner_node/fsm/waypoint0_yaw: 0.0
 * /remani_planner_node/fsm/waypoint1: [5.0, 0.0, 0.0, 0...
 * /remani_planner_node/fsm/waypoint1_gripper_close: False
 * /remani_planner_node/fsm/waypoint1_yaw: 0.0
 * /remani_planner_node/fsm/waypoint_num: 2
 * /remani_planner_node/grid_map/cx: 321.04638671875
 * /remani_planner_node/grid_map/cy: 243.44969177246094
 * /remani_planner_node/grid_map/depth_filter_margin: 2
 * /remani_planner_node/grid_map/depth_filter_maxdist: 5.0
 * /remani_planner_node/grid_map/depth_filter_mindist: 0.2
 * /remani_planner_node/grid_map/depth_filter_tolerance: 0.15
 * /remani_planner_node/grid_map/esdf_slice_height: -0.1
 * /remani_planner_node/grid_map/frame_id: world
 * /remani_planner_node/grid_map/fx: 387.229248046875
 * /remani_planner_node/grid_map/fy: 387.229248046875
 * /remani_planner_node/grid_map/ground_height: -0.01
 * /remani_planner_node/grid_map/k_depth_scaling_factor: 1000.0
 * /remani_planner_node/grid_map/local_bound_inflate: 0.0
 * /remani_planner_node/grid_map/local_map_margin: 15
 * /remani_planner_node/grid_map/local_update_range_x: 17
 * /remani_planner_node/grid_map/local_update_range_y: 17
 * /remani_planner_node/grid_map/local_update_range_z: 3.0
 * /remani_planner_node/grid_map/map_size_x: 16.0
 * /remani_planner_node/grid_map/map_size_y: 12.0
 * /remani_planner_node/grid_map/map_size_z: 3.0
 * /remani_planner_node/grid_map/max_ray_length: 4.5
 * /remani_planner_node/grid_map/min_ray_length: 0.1
 * /remani_planner_node/grid_map/obstacles_inflation: 0.08
 * /remani_planner_node/grid_map/p_hit: 0.65
 * /remani_planner_node/grid_map/p_max: 0.9
 * /remani_planner_node/grid_map/p_min: 0.12
 * /remani_planner_node/grid_map/p_miss: 0.35
 * /remani_planner_node/grid_map/p_occ: 0.8
 * /remani_planner_node/grid_map/pose_type: 1
 * /remani_planner_node/grid_map/resolution: 0.05
 * /remani_planner_node/grid_map/show_esdf_time: False
 * /remani_planner_node/grid_map/show_occ_time: False
 * /remani_planner_node/grid_map/skip_pixel: 2
 * /remani_planner_node/grid_map/use_depth_filter: True
 * /remani_planner_node/grid_map/use_global_map: False
 * /remani_planner_node/grid_map/use_load_map: True
 * /remani_planner_node/grid_map/virtual_ceil_height: 4.0
 * /remani_planner_node/grid_map/visualization_truncate_height: 2.8
 * /remani_planner_node/grid_map/z_length: 0.0
 * /remani_planner_node/manager/control_points_distance: 0.4
 * /remani_planner_node/manager/feasibility_tolerance: 0.05
 * /remani_planner_node/manager/polyTraj_piece_length: 2.0
 * /remani_planner_node/map/map_type: 0
 * /remani_planner_node/mm/base_mani_fixed_joint_xyz_ypr: [0.2462, 0.0, 0.1...
 * /remani_planner_node/mm/manipulator_config: [0.1765, 0.607, 0...
 * /remani_planner_node/mm/manipulator_dof: 6
 * /remani_planner_node/mm/manipulator_max_acc: 1.57
 * /remani_planner_node/mm/manipulator_max_pos: [3.0, 1.5, 2.8, 3...
 * /remani_planner_node/mm/manipulator_max_vel: 0.8
 * /remani_planner_node/mm/manipulator_min_pos: [-3.0, -1.5, -2.8...
 * /remani_planner_node/mm/manipulator_self_thickness: 0.045
 * /remani_planner_node/mm/manipulator_thickness: 0.1
 * /remani_planner_node/mm/manipulator_type: cr10
 * /remani_planner_node/mm/mobile_base_check_radius: 0.1
 * /remani_planner_node/mm/mobile_base_dof: 2
 * /remani_planner_node/mm/mobile_base_height: 0.15
 * /remani_planner_node/mm/mobile_base_length: 1.1
 * /remani_planner_node/mm/mobile_base_max_wheel_alpha: 8.0
 * /remani_planner_node/mm/mobile_base_max_wheel_omega: 4.0
 * /remani_planner_node/mm/mobile_base_non_singul_vel: 0.05
 * /remani_planner_node/mm/mobile_base_wheel_base: 0.56
 * /remani_planner_node/mm/mobile_base_wheel_radius: 0.125
 * /remani_planner_node/mm/mobile_base_width: 0.9
 * /remani_planner_node/optimization/constrain_points_perPiece: 16
 * /remani_planner_node/optimization/dense_sample_resolution: 16
 * /remani_planner_node/optimization/enable_dynamic_time_scaling: True
 * /remani_planner_node/optimization/ground_safe_dis: 0.03
 * /remani_planner_node/optimization/ground_safe_margin: 0.03
 * /remani_planner_node/optimization/max_time_scale: 2.0
 * /remani_planner_node/optimization/max_time_scaling_attempts: 2
 * /remani_planner_node/optimization/mobile_base_opt_gear: True
 * /remani_planner_node/optimization/safe_margin: 0.1
 * /remani_planner_node/optimization/safe_margin_mani: 0.15
 * /remani_planner_node/optimization/self_safe_margin: 0.1
 * /remani_planner_node/optimization/weight_base_feasibility: 100.0
 * /remani_planner_node/optimization/weight_manipulator_feasibility: 100.0
 * /remani_planner_node/optimization/weight_manipulator_obstacle: 80000.0
 * /remani_planner_node/optimization/weight_manipulator_self: 1000.0
 * /remani_planner_node/optimization/weight_obstacle: 50000.0
 * /remani_planner_node/optimization/weight_time: 1.0
 * /remani_planner_node/optimization/wheel_limit_ratio: 0.95
 * /remani_planner_node/search/allocate_num: 100000
 * /remani_planner_node/search/check_num: 16
 * /remani_planner_node/search/curvatureDisCoe: 0.4
 * /remani_planner_node/search/dist_resolution: 0.6
 * /remani_planner_node/search/goal_rate: 0.4
 * /remani_planner_node/search/lambda_heu: 1
 * /remani_planner_node/search/max_arc: 0.4
 * /remani_planner_node/search/max_loop_num: 5000
 * /remani_planner_node/search/max_mani_search_time: 0.3
 * /remani_planner_node/search/max_sample_time: 1.5
 * /remani_planner_node/search/max_seach_time: 3.0
 * /remani_planner_node/search/min_turning_radius: 0.5
 * /remani_planner_node/search/oneshot_check_len: 0.02
 * /remani_planner_node/search/oneshot_range: 1.0
 * /remani_planner_node/search/sample_time: 0.1
 * /remani_planner_node/search/traj_back_penalty: 3.0
 * /remani_planner_node/search/traj_forward_penalty: 1.0
 * /remani_planner_node/search/traj_gear_switch_penalty: 10.0
 * /remani_planner_node/search/traj_steer_change_penalty: 2.0
 * /remani_planner_node/search/traj_steer_penalty: 5.0
 * /remani_planner_node/search/try_astar_times: 5
 * /remani_planner_node/search/yaw_resolution: 0.35
 * /remani_planner_node/visualization/enable_debug_vis: False
 * /remani_planner_node/visualization/enable_traj_mesh_vis: True
 * /remani_planner_node/visualization/his_traj_max_points: 500
 * /remani_planner_node/visualization/mesh_vis_stride: 3
 * /remani_planner_node/visualization/tf_rate_hz: 20.0
 * /remani_planner_node/visualization/vis_rate_hz: 15.0
 * /robot_description: <?xml version='1....
 * /rosdistro: noetic
 * /rosversion: 1.17.4
 * /search/max_seach_time: 3.0
 * /search/min_turning_radius: 0.5

NODES
  /
    fake_mm (fake_mm/fake_mm)
    map_generator (map_generator/map_generator)
    mm_controller_node (mm_controller/mm_controller_node)
    model_vis (fake_mm/model_vis)
    remani_planner_node (remani_planner/remani_planner_node)
    robot_state_publisher (robot_state_publisher/robot_state_publisher)
    rviz (rviz/rviz)
[33m[WARN] [1787120568.426352403]: The root link base_link has an inertia specified in the URDF, but KDL does not support a root link with an inertia.  As a workaround, you can add an extra dummy link to your URDF.[0m
[33m[WARN] [1787120568.546270034]: Finished generate Cuboids Map [0m
[0m[INFO] [1787120568.672195563]: MMConfig: type=cr10 thickness=0.100 self_thickness=0.045[0m
[0m[INFO] [1787120568.694195595]: KinoAstar: max_seach_time=3.000 s min_turning_radius=0.500[0m
[FSM]: from INIT to WAIT_TARGET
[rospack] Error: failed to parse command-line options: too many positional options have been specified on the command line
[librospack]: error while executing command
[rospack] Error: failed to parse command-line options: too many positional options have been specified on the command line
[librospack]: error while executing command
[rospack] Error: failed to parse command-line options: too many positional options have been specified on the command line
[librospack]: error while executing command
Triggered! traget type: 1
[0m[INFO] [1787120576.969629005]: FSM new goal: reset continous_failures_count to 0[0m
[0m[INFO] [1787120576.969688992]: FSM goal click: goal_xy=(2.496, 0.843) start_xy=(-5.000, 0.000) yaw=0.0 deg[0m
[FSM]: from WAIT_TARGET to GEN_NEW_TRAJ
[33m[WARN] [1787120581.769398865]: 4.000005 max left wheel omega is not feasible at relative time 3.250000! opt failed[0m
[33m[WARN] [1787120581.796985897]: mani collision at time 11.850000![0m
[47;30m
[replan 0]==============================================[0m
[0m[INFO] [1787120576.987328935]: continous_failures_count: 0[0m
[0m[INFO] [1787120581.758950642]: The optimization result is : Success: met stopping criteria (delta).[0m
[BACKEND COLLISION]
[BACKEND COLLISION] type = mani
[BACKEND COLLISION] time = 11.85
[BACKEND COLLISION] traj duration = 20.8193 s
[BACKEND COLLISION] position base = 0.130075 0.0269389
[BACKEND COLLISION] arm q = -0.406077  0.458859   1.21987  0.843716  0.218684  0.259827
[PLAN TIME] (opt/safety failed)
Hybrid A*       : 122.79 ms
Manipulator     : 301.82 ms
Whole-body RRT  : skipped
Frontend check  : 0.53 ms
Initialization  : 0.299789 ms
Optimization    : 4288.31 ms
Safety check    : 38.0103 ms
Time scaling    : skipped
Safety recheck  : skipped
Total           : 4811.31 ms
[33m[WARN] [1787120585.920103153]: mani collision at time 7.240000![0m
[47;30m
[replan 1]==============================================[0m
[0m[INFO] [1787120581.798954284]: continous_failures_count: 1[0m
[0m[INFO] [1787120585.897423558]: The optimization result is : Success: met stopping criteria (delta).[0m
[BACKEND COLLISION]
[BACKEND COLLISION] type = mani
[BACKEND COLLISION] time = 7.24
[BACKEND COLLISION] traj duration = 18.8441 s
[BACKEND COLLISION] position base = -2.08947 -0.0162588
[BACKEND COLLISION] arm q = 0.0587174 -0.673088 -0.983299  0.238411  -1.34087   1.12561
[PLAN TIME] (opt/safety failed)
Hybrid A*       : 121.15 ms
Manipulator     : 301.25 ms
Whole-body RRT  : skipped
Frontend check  : 0.47 ms
Initialization  : 0.023206 ms
Optimization    : 3662.49 ms
Safety check    : 22.6649 ms
Time scaling    : skipped
Safety recheck  : skipped
Total           : 4121.41 ms
[33m[WARN] [1787120588.664745806]: 3.949842 max left wheel omega is not feasible at relative time 4.820000! opt failed[0m
[33m[WARN] [1787120588.672385446]: mani collision at time 7.330000![0m
[47;30m
[replan 2]==============================================[0m
[0m[INFO] [1787120585.922717176]: continous_failures_count: 2[0m
[0m[INFO] [1787120588.650029539]: The optimization result is : Success: met stopping criteria (delta).[0m
[BACKEND COLLISION]
[BACKEND COLLISION] type = mani
[BACKEND COLLISION] time = 7.33
[BACKEND COLLISION] traj duration = 21.9012 s
[BACKEND COLLISION] position base = -2.08629 0.00172321
[BACKEND COLLISION] arm q = -0.140114 -0.845878 -0.698592  0.410999  -1.43539  0.803308
[PLAN TIME] (opt/safety failed)
Hybrid A*       : 134.38 ms
Manipulator     : 301.68 ms
Whole-body RRT  : skipped
Frontend check  : 0.57 ms
Initialization  : 0.026928 ms
Optimization    : 2266.69 ms
Safety check    : 22.32 ms
Time scaling    : skipped
Safety recheck  : skipped
Total           : 2749.92 ms
[47;30m
[replan 3]==============================================[0m
[0m[INFO] [1787120588.674220502]: continous_failures_count: 3[0m
[0m[INFO] [1787120590.282832191]: The optimization result is : Success: met stopping criteria (delta).[0m
[BACKEND COLLISION]
[BACKEND COLLISION] type = mani
[BACKEND COLLISION] time = 7.65
[BACKEND COLLISION] traj duration = 20.6436 s
[BACKEND COLLISION] position base = -1.88517 0.0145361
[BACKEND COLLISION] arm q =   0.265732  -0.500449   -1.22605    1.24367 0.00832674  -0.373273
[PLAN TIME] (opt/safety failed)
Hybrid A*       : 116.48 ms
Manipulator     : 300.15 ms
Whole-body RRT  : skipped
Frontend check  : 0.52 ms
Initialization  : 0.025362 ms
Optimization    : 1162.15 ms
Safety check    : 25.5583 ms
Time scaling    : skipped
Safety recheck  : skipped
Total           : 1634.36 ms
[33m[WARN] [1787120593.748984544]: mani collision at time 7.390000![0m
[0m[INFO] [1787120593.728196702]: The optimization result is : Success: met stopping criteria (delta).[0m
[BACKEND COLLISION]
[BACKEND COLLISION] type = mani
[BACKEND COLLISION] time = 7.39
[BACKEND COLLISION] traj duration = 19.6689 s
[BACKEND COLLISION] position base = -2.04515 -0.0104363
[BACKEND COLLISION] arm q =  0.314943 -0.485732  -1.09066  0.209854 -0.270879 -0.436613
[PLAN TIME] (opt/safety failed)
Hybrid A*       : 137.09 ms
Manipulator     : 300.82 ms
Whole-body RRT  : skipped
Frontend check  : 0.52 ms
Initialization  : 0.025136 ms
Optimization    : 2952.23 ms
Safety check    : 20.7678 ms
Time scaling    : skipped
Safety recheck  : skipped
Total           : 3438.82 ms
[33m[WARN] [1787120593.750740307]: KinoAstar: switching to whole-body RRT after 5 failures. start=(-5.00,0.00) goal=(2.50,0.84)[0m
[47;30m
[replan 5]==============================================[0m
[0m[INFO] [1787120593.750521743]: continous_failures_count: 5[0m
[RRT TIME] search = 431.174 ms
[RRT TIME] reconstruction = 1069.88 ms
[RRT TIME] total = 1501.06 ms
[33m[WARN] [1787120598.112533970]: 4.000004 max left wheel omega is not feasible at relative time 3.500000! opt failed[0m
[33m[WARN] [1787120598.156659829]: car collision at time 16.340000![0m
[0m[INFO] [1787120598.100034619]: The optimization result is : Success: met stopping criteria (delta).[0m
[BACKEND COLLISION]
[BACKEND COLLISION] type = car
[BACKEND COLLISION] time = 16.34
[BACKEND COLLISION] traj duration = 24.6516 s
[BACKEND COLLISION] position base = 1.15421 -1.65272
[BACKEND COLLISION] arm q =   -0.619569   -0.129472 -0.00574408    0.792644    0.183022   -0.819665
[PLAN TIME] (opt/safety failed)
Hybrid A*       : skipped
Manipulator     : 0.50 ms
Whole-body RRT  : 1510.03 ms
Frontend check  : 0.64 ms
Initialization  : 0.027374 ms
Optimization    : 2837.68 ms
Safety check    : 56.6169 ms
Time scaling    : skipped
Safety recheck  : skipped
Total           : 4406.3 ms
[33m[WARN] [1787120598.159261141]: KinoAstar: switching to whole-body RRT after 6 failures. start=(-5.00,0.00) goal=(2.50,0.84)[0m
[47;30m
[replan 6]==============================================[0m
[0m[INFO] [1787120598.159073802]: continous_failures_count: 6[0m
[RRT TIME] search = 206.31 ms
[RRT TIME] reconstruction = 1295.11 ms
[RRT TIME] total = 1501.42 ms
[33m[WARN] [1787120599.661689746]: KinoAstar: frontend path not free (coll=0) at piece 1 idx 8; reject[0m
[PLAN TIME] (frontend failed)
Hybrid A*       : skipped
Manipulator     : 0.48 ms
Whole-body RRT  : 1501.47 ms
Frontend check  : 0.47 ms
Initialization  : skipped
Optimization    : skipped
Safety check    : skipped
Time scaling    : skipped
Safety recheck  : skipped
Total           : 1502.66 ms
[RRT TIME] search = 160.504 ms
[RRT TIME] reconstruction = 1340.24 ms
[RRT TIME] total = 1500.75 ms
[33m[WARN] [1787120602.911096589]: 3.998817 max left wheel omega is not feasible at relative time 9.730000! opt failed[0m
[0m[INFO] [1787120602.882552875]: The optimization result is : Success: met stopping criteria (delta).[0m
[TIME SCALE] dynamics-only violation detected
[TIME SCALE] peak wheel omega = 4.0014 rad/s
[TIME SCALE] wheel omega hard limit = 4 rad/s
[TIME SCALE] wheel omega target = 3.8 rad/s
[TIME SCALE] peak wheel alpha = 6.93736 rad/s^2
[TIME SCALE] wheel alpha hard limit = 8 rad/s^2
[TIME SCALE] wheel alpha target = 7.6 rad/s^2
[TIME SCALE] peak joint vel = 0.270529
[TIME SCALE] peak joint acc = 0.18656
[TIME SCALE] selected scale = 1.07406
[TIME SCALE] attempt = 1/2
[TIME SCALE] cumulative scale = 1.07406
[TIME SCALE] duration old = 19.6865 s
[TIME SCALE] duration new = 21.1445 s
[TIME SCALE] safety recheck passed
[TIME SCALE] peak wheel omega after scaling = 3.72549 rad/s
[TIME SCALE] peak wheel alpha after scaling = 6.01364 rad/s^2
[TIME SCALE] accepted
[34mtotal time: 3341.4, init: 1502.17, optimize: 1839.23, avg_time: 3341.4, count_success: 1[0m
[PLAN TIME]
Hybrid A*       : skipped
Manipulator     : 0.55 ms
Whole-body RRT  : 1500.79 ms
Frontend check  : 0.47 ms
Initialization  : 0.024416 ms
Optimization    : 1718.62 ms
Safety check    : 58.4292 ms
Time scaling    : 0.04 ms
Safety recheck  : 62.07 ms
Total           : 3341.4 ms
[FSM]: from GEN_NEW_TRAJ to EXEC_TRAJ
Triggered! traget type: 1
[0m[INFO] [1787120603.051298277]: FSM new goal: reset continous_failures_count to 0[0m
[0m[INFO] [1787120603.051325829]: FSM goal click: goal_xy=(5.404, -2.050) start_xy=(-5.000, 0.000) yaw=0.0 deg[0m
[TRIG]: from EXEC_TRAJ to GEN_NEW_TRAJ
[33m[WARN] [1787120605.380564328]: 3.846151 max left wheel omega is not feasible at relative time 2.770000! opt failed[0m
[47;30m
[replan 8]==============================================[0m
[0m[INFO] [1787120603.051446390]: continous_failures_count: 0[0m
[0m[INFO] [1787120605.372395185]: The optimization result is : Success: met stopping criteria (delta).[0m
[TIME SCALE] dynamics-only violation detected
[TIME SCALE] peak wheel omega = 4.00077 rad/s
[TIME SCALE] wheel omega hard limit = 4 rad/s
[TIME SCALE] wheel omega target = 3.8 rad/s
[TIME SCALE] peak wheel alpha = 2.37807 rad/s^2
[TIME SCALE] wheel alpha hard limit = 8 rad/s^2
[TIME SCALE] wheel alpha target = 7.6 rad/s^2
[TIME SCALE] peak joint vel = 0.217823
[TIME SCALE] peak joint acc = 0.209052
[TIME SCALE] selected scale = 1.07389
[TIME SCALE] attempt = 1/2
[TIME SCALE] cumulative scale = 1.07389
[TIME SCALE] duration old = 25.9916 s
[TIME SCALE] duration new = 27.9121 s
[TIME SCALE] safety recheck passed
[TIME SCALE] peak wheel omega after scaling = 3.7255 rad/s
[TIME SCALE] peak wheel alpha after scaling = 2.06207 rad/s^2
[TIME SCALE] accepted
[34mtotal time: 2478.11, init: 677.33, optimize: 1800.78, avg_time: 2909.76, count_success: 2[0m
[PLAN TIME]
Hybrid A*       : 181.01 ms
Manipulator     : 300.58 ms
Whole-body RRT  : skipped
Frontend check  : 0.95 ms
Initialization  : 0.041601 ms
Optimization    : 1643.6 ms
Safety check    : 76.6411 ms
Time scaling    : 0.04 ms
Safety recheck  : 80.41 ms
Total           : 2478.11 ms
[FSM]: from GEN_NEW_TRAJ to EXEC_TRAJ
reach goal
[FSM]: from EXEC_TRAJ to WAIT_TARGET
