... logging to /home/gzz/.ros/log/2ff8c092-94d4-11f1-bbbd-e12b9177415c/roslaunch-GZZ-804350.log
Checking log directory for disk usage. This may take a while.
Press Ctrl-C to interrupt
Done checking log file disk usage. Usage is <1GB.
]2;/home/gzz/Codes/wbc/remani_planner/src/REMANI-Planner/remani_planner/plan_manage/launch/remani_sim.launch
[1mstarted roslaunch server http://GZZ:37685/[0m

SUMMARY
========

PARAMETERS
 * /fake_mm/fake_mm/pub_urdf_joint_states: True
 * /fake_mm/fsm/init_gripper_close: False
 * /fake_mm/fsm/init_state: [-5.0, 0.0, 0.0, ...
 * /fake_mm/fsm/init_yaw: 0.0
 * /fake_mm/fsm/waypoint0: [0.0, 0.0, 0.0, 0...
 * /fake_mm/fsm/waypoint0_gripper_close: True
 * /fake_mm/fsm/waypoint0_yaw: 0.0
 * /fake_mm/fsm/waypoint1: [5.0, 0.0, 0.0, 0...
 * /fake_mm/fsm/waypoint1_gripper_close: False
 * /fake_mm/fsm/waypoint1_yaw: 0.0
 * /fake_mm/fsm/waypoint_num: 2
 * /fake_mm/map/map_type: 0
 * /fake_mm/mm/base_mani_fixed_joint_xyz_ypr: [0.2462, 0.0, 0.1...
 * /fake_mm/mm/manipulator_config: [0.1765, 0.607, 0...
 * /fake_mm/mm/manipulator_dof: 6
 * /fake_mm/mm/manipulator_max_acc: 1.57
 * /fake_mm/mm/manipulator_max_pos: [3.0, 1.5, 2.8, 3...
 * /fake_mm/mm/manipulator_max_vel: 0.8
 * /fake_mm/mm/manipulator_min_pos: [-3.0, -1.5, -2.8...
 * /fake_mm/mm/manipulator_self_thickness: 0.045
 * /fake_mm/mm/manipulator_thickness: 0.1
 * /fake_mm/mm/manipulator_type: cr10
 * /fake_mm/mm/mobile_base_check_radius: 0.1
 * /fake_mm/mm/mobile_base_dof: 2
 * /fake_mm/mm/mobile_base_height: 0.15
 * /fake_mm/mm/mobile_base_length: 1.1
 * /fake_mm/mm/mobile_base_max_wheel_alpha: 8.0
 * /fake_mm/mm/mobile_base_max_wheel_omega: 4.0
 * /fake_mm/mm/mobile_base_non_singul_vel: 0.05
 * /fake_mm/mm/mobile_base_wheel_base: 0.56
 * /fake_mm/mm/mobile_base_wheel_radius: 0.125
 * /fake_mm/mm/mobile_base_width: 0.9
 * /fsm/target_type: 1
 * /map_generator/bridges: [[0.0, 0.0, 1.0, ...
 * /map_generator/clear_centers: [[-5.0, 0.0], [-2...
 * /map_generator/clear_radius: 3.0
 * /map_generator/fsm/init_gripper_close: False
 * /map_generator/fsm/init_state: [-5.0, 0.0, 0.0, ...
 * /map_generator/fsm/init_yaw: 0.0
 * /map_generator/fsm/waypoint0: [0.0, 0.0, 0.0, 0...
 * /map_generator/fsm/waypoint0_gripper_close: True
 * /map_generator/fsm/waypoint0_yaw: 0.0
 * /map_generator/fsm/waypoint1: [5.0, 0.0, 0.0, 0...
 * /map_generator/fsm/waypoint1_gripper_close: False
 * /map_generator/fsm/waypoint1_yaw: 0.0
 * /map_generator/fsm/waypoint_num: 2
 * /map_generator/map/float_obs_num: 2
 * /map_generator/map/map_type: 0
 * /map_generator/map/obs_num: 4
 * /map_generator/map/resolution: 0.05
 * /map_generator/map/seed: 30
 * /map_generator/map/x_size: 16
 * /map_generator/map/y_size: 12
 * /map_generator/map/z_size: 3
 * /map_generator/min_distance: 2.5
 * /map_generator/mm/base_mani_fixed_joint_xyz_ypr: [0.2462, 0.0, 0.1...
 * /map_generator/mm/manipulator_config: [0.1765, 0.607, 0...
 * /map_generator/mm/manipulator_dof: 6
 * /map_generator/mm/manipulator_max_acc: 1.57
 * /map_generator/mm/manipulator_max_pos: [3.0, 1.5, 2.8, 3...
 * /map_generator/mm/manipulator_max_vel: 0.8
 * /map_generator/mm/manipulator_min_pos: [-3.0, -1.5, -2.8...
 * /map_generator/mm/manipulator_self_thickness: 0.045
 * /map_generator/mm/manipulator_thickness: 0.1
 * /map_generator/mm/manipulator_type: cr10
 * /map_generator/mm/mobile_base_check_radius: 0.1
 * /map_generator/mm/mobile_base_dof: 2
 * /map_generator/mm/mobile_base_height: 0.15
 * /map_generator/mm/mobile_base_length: 1.1
 * /map_generator/mm/mobile_base_max_wheel_alpha: 8.0
 * /map_generator/mm/mobile_base_max_wheel_omega: 4.0
 * /map_generator/mm/mobile_base_non_singul_vel: 0.05
 * /map_generator/mm/mobile_base_wheel_base: 0.56
 * /map_generator/mm/mobile_base_wheel_radius: 0.125
 * /map_generator/mm/mobile_base_width: 0.9
 * /map_generator/pub_rate: 1.0
 * /mm_controller_node/fsm/emergency_time: 1.5
 * /mm_controller_node/fsm/global_plan: True
 * /mm_controller_node/fsm/init_gripper_close: False
 * /mm_controller_node/fsm/init_state: [-5.0, 0.0, 0.0, ...
 * /mm_controller_node/fsm/init_yaw: 0.0
 * /mm_controller_node/fsm/planning_horizon: 5.0
 * /mm_controller_node/fsm/replan_trajectory_time: 1.7
 * /mm_controller_node/fsm/target_type: 2
 * /mm_controller_node/fsm/thresh_replan_time: 2.5
 * /mm_controller_node/fsm/time_for_gripper: 0.05
 * /mm_controller_node/fsm/waypoint0: [0.0, 0.0, 0.0, 0...
 * /mm_controller_node/fsm/waypoint0_gripper_close: True
 * /mm_controller_node/fsm/waypoint0_yaw: 0.0
 * /mm_controller_node/fsm/waypoint1: [5.0, 0.0, 0.0, 0...
 * /mm_controller_node/fsm/waypoint1_gripper_close: False
 * /mm_controller_node/fsm/waypoint1_yaw: 0.0
 * /mm_controller_node/fsm/waypoint_num: 2
 * /mm_controller_node/grid_map/use_global_map: False
 * /mm_controller_node/grid_map/use_load_map: True
 * /mm_controller_node/map/map_type: 0
 * /mm_controller_node/mm/base_mani_fixed_joint_xyz_ypr: [0.2462, 0.0, 0.1...
 * /mm_controller_node/mm/manipulator_config: [0.1765, 0.607, 0...
 * /mm_controller_node/mm/manipulator_dof: 6
 * /mm_controller_node/mm/manipulator_max_acc: 1.57
 * /mm_controller_node/mm/manipulator_max_pos: [3.0, 1.5, 2.8, 3...
 * /mm_controller_node/mm/manipulator_max_vel: 0.8
 * /mm_controller_node/mm/manipulator_min_pos: [-3.0, -1.5, -2.8...
 * /mm_controller_node/mm/manipulator_self_thickness: 0.045
 * /mm_controller_node/mm/manipulator_thickness: 0.1
 * /mm_controller_node/mm/manipulator_type: cr10
 * /mm_controller_node/mm/mobile_base_check_radius: 0.1
 * /mm_controller_node/mm/mobile_base_dof: 2
 * /mm_controller_node/mm/mobile_base_height: 0.15
 * /mm_controller_node/mm/mobile_base_length: 1.1
 * /mm_controller_node/mm/mobile_base_max_wheel_alpha: 8.0
 * /mm_controller_node/mm/mobile_base_max_wheel_omega: 4.0
 * /mm_controller_node/mm/mobile_base_non_singul_vel: 0.05
 * /mm_controller_node/mm/mobile_base_wheel_base: 0.56
 * /mm_controller_node/mm/mobile_base_wheel_radius: 0.125
 * /mm_controller_node/mm/mobile_base_width: 0.9
 * /mm_controller_node/optimization/constrain_points_perPiece: 16
 * /mm_controller_node/optimization/dense_sample_resolution: 16
 * /mm_controller_node/optimization/ground_safe_dis: 0.03
 * /mm_controller_node/optimization/ground_safe_margin: 0.03
 * /mm_controller_node/optimization/mobile_base_opt_gear: True
 * /mm_controller_node/optimization/safe_margin: 0.1
 * /mm_controller_node/optimization/safe_margin_mani: 0.15
 * /mm_controller_node/optimization/self_safe_margin: 0.1
 * /mm_controller_node/optimization/weight_base_feasibility: 100.0
 * /mm_controller_node/optimization/weight_manipulator_feasibility: 100.0
 * /mm_controller_node/optimization/weight_manipulator_obstacle: 80000.0
 * /mm_controller_node/optimization/weight_manipulator_self: 1000.0
 * /mm_controller_node/optimization/weight_obstacle: 50000.0
 * /mm_controller_node/optimization/weight_time: 1.0
 * /mm_controller_node/search/allocate_num: 100000
 * /mm_controller_node/search/check_num: 16
 * /mm_controller_node/search/curvatureDisCoe: 0.4
 * /mm_controller_node/search/dist_resolution: 0.6
 * /mm_controller_node/search/goal_rate: 0.4
 * /mm_controller_node/search/lambda_heu: 1
 * /mm_controller_node/search/max_arc: 0.4
 * /mm_controller_node/search/max_loop_num: 5000
 * /mm_controller_node/search/max_mani_search_time: 0.3
 * /mm_controller_node/search/max_sample_time: 1.5
 * /mm_controller_node/search/max_seach_time: 3.0
 * /mm_controller_node/search/min_turning_radius: 0.2
 * /mm_controller_node/search/oneshot_check_len: 0.02
 * /mm_controller_node/search/oneshot_range: 1.0
 * /mm_controller_node/search/sample_time: 0.1
 * /mm_controller_node/search/traj_back_penalty: 3.0
 * /mm_controller_node/search/traj_forward_penalty: 1.0
 * /mm_controller_node/search/traj_gear_switch_penalty: 10.0
 * /mm_controller_node/search/traj_steer_change_penalty: 2.0
 * /mm_controller_node/search/traj_steer_penalty: 5.0
 * /mm_controller_node/search/try_astar_times: 5
 * /mm_controller_node/search/yaw_resolution: 0.35
 * /model_vis/fsm/emergency_time: 1.5
 * /model_vis/fsm/global_plan: True
 * /model_vis/fsm/init_gripper_close: False
 * /model_vis/fsm/init_state: [-5.0, 0.0, 0.0, ...
 * /model_vis/fsm/init_yaw: 0.0
 * /model_vis/fsm/planning_horizon: 5.0
 * /model_vis/fsm/replan_trajectory_time: 1.7
 * /model_vis/fsm/target_type: 2
 * /model_vis/fsm/thresh_replan_time: 2.5
 * /model_vis/fsm/time_for_gripper: 0.05
 * /model_vis/fsm/waypoint0: [0.0, 0.0, 0.0, 0...
 * /model_vis/fsm/waypoint0_gripper_close: True
 * /model_vis/fsm/waypoint0_yaw: 0.0
 * /model_vis/fsm/waypoint1: [5.0, 0.0, 0.0, 0...
 * /model_vis/fsm/waypoint1_gripper_close: False
 * /model_vis/fsm/waypoint1_yaw: 0.0
 * /model_vis/fsm/waypoint_num: 2
 * /model_vis/grid_map/use_global_map: False
 * /model_vis/grid_map/use_load_map: True
 * /model_vis/map/map_type: 0
 * /model_vis/mm/base_mani_fixed_joint_xyz_ypr: [0.2462, 0.0, 0.1...
 * /model_vis/mm/manipulator_config: [0.1765, 0.607, 0...
 * /model_vis/mm/manipulator_dof: 6
 * /model_vis/mm/manipulator_max_acc: 1.57
 * /model_vis/mm/manipulator_max_pos: [3.0, 1.5, 2.8, 3...
 * /model_vis/mm/manipulator_max_vel: 0.8
 * /model_vis/mm/manipulator_min_pos: [-3.0, -1.5, -2.8...
 * /model_vis/mm/manipulator_self_thickness: 0.045
 * /model_vis/mm/manipulator_thickness: 0.1
 * /model_vis/mm/manipulator_type: cr10
 * /model_vis/mm/mobile_base_check_radius: 0.1
 * /model_vis/mm/mobile_base_dof: 2
 * /model_vis/mm/mobile_base_height: 0.15
 * /model_vis/mm/mobile_base_length: 1.1
 * /model_vis/mm/mobile_base_max_wheel_alpha: 8.0
 * /model_vis/mm/mobile_base_max_wheel_omega: 4.0
 * /model_vis/mm/mobile_base_non_singul_vel: 0.05
 * /model_vis/mm/mobile_base_wheel_base: 0.56
 * /model_vis/mm/mobile_base_wheel_radius: 0.125
 * /model_vis/mm/mobile_base_width: 0.9
 * /model_vis/optimization/constrain_points_perPiece: 16
 * /model_vis/optimization/dense_sample_resolution: 16
 * /model_vis/optimization/ground_safe_dis: 0.03
 * /model_vis/optimization/ground_safe_margin: 0.03
 * /model_vis/optimization/mobile_base_opt_gear: True
 * /model_vis/optimization/safe_margin: 0.1
 * /model_vis/optimization/safe_margin_mani: 0.15
 * /model_vis/optimization/self_safe_margin: 0.1
 * /model_vis/optimization/weight_base_feasibility: 100.0
 * /model_vis/optimization/weight_manipulator_feasibility: 100.0
 * /model_vis/optimization/weight_manipulator_obstacle: 80000.0
 * /model_vis/optimization/weight_manipulator_self: 1000.0
 * /model_vis/optimization/weight_obstacle: 50000.0
 * /model_vis/optimization/weight_time: 1.0
 * /model_vis/search/allocate_num: 100000
 * /model_vis/search/check_num: 16
 * /model_vis/search/curvatureDisCoe: 0.4
 * /model_vis/search/dist_resolution: 0.6
 * /model_vis/search/goal_rate: 0.4
 * /model_vis/search/lambda_heu: 1
 * /model_vis/search/max_arc: 0.4
 * /model_vis/search/max_loop_num: 5000
 * /model_vis/search/max_mani_search_time: 0.3
 * /model_vis/search/max_sample_time: 1.5
 * /model_vis/search/max_seach_time: 3.0
 * /model_vis/search/min_turning_radius: 0.2
 * /model_vis/search/oneshot_check_len: 0.02
 * /model_vis/search/oneshot_range: 1.0
 * /model_vis/search/sample_time: 0.1
 * /model_vis/search/traj_back_penalty: 3.0
 * /model_vis/search/traj_forward_penalty: 1.0
 * /model_vis/search/traj_gear_switch_penalty: 10.0
 * /model_vis/search/traj_steer_change_penalty: 2.0
 * /model_vis/search/traj_steer_penalty: 5.0
 * /model_vis/search/try_astar_times: 5
 * /model_vis/search/yaw_resolution: 0.35
 * /remani_planner_node/fsm/emergency_time: 1.5
 * /remani_planner_node/fsm/fail_safe: True
 * /remani_planner_node/fsm/global_plan: True
 * /remani_planner_node/fsm/init_gripper_close: False
 * /remani_planner_node/fsm/init_state: [-5.0, 0.0, 0.0, ...
 * /remani_planner_node/fsm/init_yaw: 0.0
 * /remani_planner_node/fsm/planning_horizon: 5.0
 * /remani_planner_node/fsm/replan_trajectory_time: 1.7
 * /remani_planner_node/fsm/target_type: 1
 * /remani_planner_node/fsm/thresh_no_replan_meter: 2.5
 * /remani_planner_node/fsm/thresh_replan_time: 2.5
 * /remani_planner_node/fsm/time_for_gripper: 0.05
 * /remani_planner_node/fsm/waypoint0: [0.0, 0.0, 0.0, 0...
 * /remani_planner_node/fsm/waypoint0_gripper_close: True
 * /remani_planner_node/fsm/waypoint0_yaw: 0.0
 * /remani_planner_node/fsm/waypoint1: [5.0, 0.0, 0.0, 0...
 * /remani_planner_node/fsm/waypoint1_gripper_close: False
 * /remani_planner_node/fsm/waypoint1_yaw: 0.0
 * /remani_planner_node/fsm/waypoint_num: 2
 * /remani_planner_node/grid_map/cx: 321.04638671875
 * /remani_planner_node/grid_map/cy: 243.44969177246094
 * /remani_planner_node/grid_map/depth_filter_margin: 2
 * /remani_planner_node/grid_map/depth_filter_maxdist: 5.0
 * /remani_planner_node/grid_map/depth_filter_mindist: 0.2
 * /remani_planner_node/grid_map/depth_filter_tolerance: 0.15
 * /remani_planner_node/grid_map/esdf_slice_height: -0.1
 * /remani_planner_node/grid_map/frame_id: world
 * /remani_planner_node/grid_map/fx: 387.229248046875
 * /remani_planner_node/grid_map/fy: 387.229248046875
 * /remani_planner_node/grid_map/ground_height: -0.01
 * /remani_planner_node/grid_map/k_depth_scaling_factor: 1000.0
 * /remani_planner_node/grid_map/local_bound_inflate: 0.0
 * /remani_planner_node/grid_map/local_map_margin: 15
 * /remani_planner_node/grid_map/local_update_range_x: 17
 * /remani_planner_node/grid_map/local_update_range_y: 17
 * /remani_planner_node/grid_map/local_update_range_z: 3.0
 * /remani_planner_node/grid_map/map_size_x: 20.0
 * /remani_planner_node/grid_map/map_size_y: 8.0
 * /remani_planner_node/grid_map/map_size_z: 3.0
 * /remani_planner_node/grid_map/max_ray_length: 4.5
 * /remani_planner_node/grid_map/min_ray_length: 0.1
 * /remani_planner_node/grid_map/obstacles_inflation: 0.08
 * /remani_planner_node/grid_map/p_hit: 0.65
 * /remani_planner_node/grid_map/p_max: 0.9
 * /remani_planner_node/grid_map/p_min: 0.12
 * /remani_planner_node/grid_map/p_miss: 0.35
 * /remani_planner_node/grid_map/p_occ: 0.8
 * /remani_planner_node/grid_map/pose_type: 1
 * /remani_planner_node/grid_map/resolution: 0.05
 * /remani_planner_node/grid_map/show_esdf_time: False
 * /remani_planner_node/grid_map/show_occ_time: False
 * /remani_planner_node/grid_map/skip_pixel: 2
 * /remani_planner_node/grid_map/use_depth_filter: True
 * /remani_planner_node/grid_map/use_global_map: False
 * /remani_planner_node/grid_map/use_load_map: True
 * /remani_planner_node/grid_map/virtual_ceil_height: 4.0
 * /remani_planner_node/grid_map/visualization_truncate_height: 2.8
 * /remani_planner_node/grid_map/z_length: 0.0
 * /remani_planner_node/manager/control_points_distance: 0.4
 * /remani_planner_node/manager/feasibility_tolerance: 0.05
 * /remani_planner_node/manager/polyTraj_piece_length: 2.0
 * /remani_planner_node/map/map_type: 0
 * /remani_planner_node/mm/base_mani_fixed_joint_xyz_ypr: [0.2462, 0.0, 0.1...
 * /remani_planner_node/mm/manipulator_config: [0.1765, 0.607, 0...
 * /remani_planner_node/mm/manipulator_dof: 6
 * /remani_planner_node/mm/manipulator_max_acc: 1.57
 * /remani_planner_node/mm/manipulator_max_pos: [3.0, 1.5, 2.8, 3...
 * /remani_planner_node/mm/manipulator_max_vel: 0.8
 * /remani_planner_node/mm/manipulator_min_pos: [-3.0, -1.5, -2.8...
 * /remani_planner_node/mm/manipulator_self_thickness: 0.045
 * /remani_planner_node/mm/manipulator_thickness: 0.1
 * /remani_planner_node/mm/manipulator_type: cr10
 * /remani_planner_node/mm/mobile_base_check_radius: 0.1
 * /remani_planner_node/mm/mobile_base_dof: 2
 * /remani_planner_node/mm/mobile_base_height: 0.15
 * /remani_planner_node/mm/mobile_base_length: 1.1
 * /remani_planner_node/mm/mobile_base_max_wheel_alpha: 8.0
 * /remani_planner_node/mm/mobile_base_max_wheel_omega: 4.0
 * /remani_planner_node/mm/mobile_base_non_singul_vel: 0.05
 * /remani_planner_node/mm/mobile_base_wheel_base: 0.56
 * /remani_planner_node/mm/mobile_base_wheel_radius: 0.125
 * /remani_planner_node/mm/mobile_base_width: 0.9
 * /remani_planner_node/optimization/constrain_points_perPiece: 16
 * /remani_planner_node/optimization/dense_sample_resolution: 16
 * /remani_planner_node/optimization/ground_safe_dis: 0.03
 * /remani_planner_node/optimization/ground_safe_margin: 0.03
 * /remani_planner_node/optimization/mobile_base_opt_gear: True
 * /remani_planner_node/optimization/safe_margin: 0.1
 * /remani_planner_node/optimization/safe_margin_mani: 0.15
 * /remani_planner_node/optimization/self_safe_margin: 0.1
 * /remani_planner_node/optimization/weight_base_feasibility: 100.0
 * /remani_planner_node/optimization/weight_manipulator_feasibility: 100.0
 * /remani_planner_node/optimization/weight_manipulator_obstacle: 80000.0
 * /remani_planner_node/optimization/weight_manipulator_self: 1000.0
 * /remani_planner_node/optimization/weight_obstacle: 50000.0
 * /remani_planner_node/optimization/weight_time: 1.0
 * /remani_planner_node/search/allocate_num: 100000
 * /remani_planner_node/search/check_num: 16
 * /remani_planner_node/search/curvatureDisCoe: 0.4
 * /remani_planner_node/search/dist_resolution: 0.6
 * /remani_planner_node/search/goal_rate: 0.4
 * /remani_planner_node/search/lambda_heu: 1
 * /remani_planner_node/search/max_arc: 0.4
 * /remani_planner_node/search/max_loop_num: 5000
 * /remani_planner_node/search/max_mani_search_time: 0.3
 * /remani_planner_node/search/max_sample_time: 1.5
 * /remani_planner_node/search/max_seach_time: 3.0
 * /remani_planner_node/search/min_turning_radius: 0.5
 * /remani_planner_node/search/oneshot_check_len: 0.02
 * /remani_planner_node/search/oneshot_range: 1.0
 * /remani_planner_node/search/sample_time: 0.1
 * /remani_planner_node/search/traj_back_penalty: 3.0
 * /remani_planner_node/search/traj_forward_penalty: 1.0
 * /remani_planner_node/search/traj_gear_switch_penalty: 10.0
 * /remani_planner_node/search/traj_steer_change_penalty: 2.0
 * /remani_planner_node/search/traj_steer_penalty: 5.0
 * /remani_planner_node/search/try_astar_times: 5
 * /remani_planner_node/search/yaw_resolution: 0.35
 * /robot_description: <?xml version='1....
 * /rosdistro: noetic
 * /rosversion: 1.17.4
 * /search/max_seach_time: 3.0
 * /search/min_turning_radius: 0.5

NODES
  /
    fake_mm (fake_mm/fake_mm)
    map_generator (map_generator/map_generator)
    mm_controller_node (mm_controller/mm_controller_node)
    model_vis (fake_mm/model_vis)
    remani_planner_node (remani_planner/remani_planner_node)
    robot_state_publisher (robot_state_publisher/robot_state_publisher)
    rviz (rviz/rviz)
[33m[WARN] [1786377448.901168340]: The root link base_link has an inertia specified in the URDF, but KDL does not support a root link with an inertia.  As a workaround, you can add an extra dummy link to your URDF.[0m
[33m[WARN] [1786377448.954222394]: Finished generate Cuboids Map [0m
[0m[INFO] [1786377449.020797084]: MMConfig: type=cr10 thickness=0.100 self_thickness=0.045[0m
[0m[INFO] [1786377449.034600221]: KinoAstar: max_seach_time=3.000 s min_turning_radius=0.500[0m
[FSM]: from INIT to WAIT_TARGET
[rospack] Error: failed to parse command-line options: too many positional options have been specified on the command line
[librospack]: error while executing command
[rospack] Error: failed to parse command-line options: too many positional options have been specified on the command line
[librospack]: error while executing command
[rospack] Error: failed to parse command-line options: too many positional options have been specified on the command line
[librospack]: error while executing command
Triggered! traget type: 1
[0m[INFO] [1786377455.379158246]: FSM goal click: goal_xy=(6.096, -5.192) start_xy=(-5.000, 0.000) yaw=0.0 deg[0m
[FSM]: from WAIT_TARGET to GEN_NEW_TRAJ
[33m[WARN] [1786377458.391708345]: [Kino Astar]: NO_PATH. Exceeds maximum time 3.000 s[0m
[33m[WARN] [1786377458.391816412]: KinoAstar: Hybrid A* NO_PATH; refuse straight/RRT fallback (failures=0/5). start=(-5.00,0.00) goal=(6.10,-5.19)[0m
[33m[WARN] [1786377461.396254421]: [Kino Astar]: NO_PATH. Exceeds maximum time 3.000 s[0m
[33m[WARN] [1786377461.396363565]: KinoAstar: Hybrid A* NO_PATH; refuse straight/RRT fallback (failures=1/5). start=(-5.00,0.00) goal=(6.10,-5.19)[0m
[33m[WARN] [1786377464.399240517]: [Kino Astar]: NO_PATH. Exceeds maximum time 3.000 s[0m
[33m[WARN] [1786377464.399342871]: KinoAstar: Hybrid A* NO_PATH; refuse straight/RRT fallback (failures=2/5). start=(-5.00,0.00) goal=(6.10,-5.19)[0m
[33m[WARN] [1786377467.402341627]: [Kino Astar]: NO_PATH. Exceeds maximum time 3.000 s[0m
[33m[WARN] [1786377467.402443918]: KinoAstar: Hybrid A* NO_PATH; refuse straight/RRT fallback (failures=3/5). start=(-5.00,0.00) goal=(6.10,-5.19)[0m
[33m[WARN] [1786377470.405372463]: [Kino Astar]: NO_PATH. Exceeds maximum time 3.000 s[0m
[33m[WARN] [1786377470.405479162]: KinoAstar: Hybrid A* NO_PATH; refuse straight/RRT fallback (failures=4/5). start=(-5.00,0.00) goal=(6.10,-5.19)[0m
[33m[WARN] [1786377470.408248176]: KinoAstar: switching to whole-body RRT after 5 failures. start=(-5.00,0.00) goal=(6.10,-5.19)[0m
[33m[WARN] [1786377474.349415645]: car collision at time 16.970000![0m
[33m[WARN] [1786377474.352076265]: KinoAstar: switching to whole-body RRT after 6 failures. start=(-5.00,0.00) goal=(6.10,-5.19)[0m
[33m[WARN] [1786377478.673434843]: car collision at time 16.350000![0m
[33m[WARN] [1786377478.676039854]: KinoAstar: switching to whole-body RRT after 7 failures. start=(-5.00,0.00) goal=(6.10,-5.19)[0m
[33m[WARN] [1786377482.844995355]: car collision at time 16.480000![0m
[33m[WARN] [1786377482.847613601]: KinoAstar: switching to whole-body RRT after 8 failures. start=(-5.00,0.00) goal=(6.10,-5.19)[0m
[33m[WARN] [1786377486.618870164]: car collision at time 17.180000![0m
[33m[WARN] [1786377486.621490681]: KinoAstar: switching to whole-body RRT after 9 failures. start=(-5.00,0.00) goal=(6.10,-5.19)[0m
[33m[WARN] [1786377489.640412039]: car collision at time 16.810000![0m
[33m[WARN] [1786377489.653217039]: KinoAstar: switching to whole-body RRT after 10 failures. start=(-5.00,0.00) goal=(6.10,-5.19)[0m
[47;30m
[replan 0]==============================================[0m
[0m[INFO] [1786377455.391559930]: continous_failures_count: 0[0m
[47;30m
[replan 1]==============================================[0m
[0m[INFO] [1786377458.396212242]: continous_failures_count: 1[0m
[47;30m
[replan 2]==============================================[0m
[0m[INFO] [1786377461.399197066]: continous_failures_count: 2[0m
[47;30m
[replan 3]==============================================[0m
[0m[INFO] [1786377464.402231071]: continous_failures_count: 3[0m
[47;30m
[replan 4]==============================================[0m
[0m[INFO] [1786377467.405252792]: continous_failures_count: 4[0m
[47;30m
[replan 5]==============================================[0m
[0m[INFO] [1786377470.408151814]: continous_failures_count: 5[0m
[0m[INFO] [1786377474.307230952]: The optimization result is : Success: met stopping criteria (delta).[0m
[47;30m
[replan 6]==============================================[0m
[0m[INFO] [1786377474.351984469]: continous_failures_count: 6[0m
[0m[INFO] [1786377478.633094717]: The optimization result is : Success: met stopping criteria (delta).[0m
[47;30m
[replan 7]==============================================[0m
[0m[INFO] [1786377478.675949023]: continous_failures_count: 7[0m
[0m[INFO] [1786377482.804133824]: The optimization result is : Success: met stopping criteria (delta).[0m
[47;30m
[replan 8]==============================================[0m
[0m[INFO] [1786377482.847522364]: continous_failures_count: 8[0m
[0m[INFO] [1786377486.576390347]: The optimization result is : Success: met stopping criteria (delta).[0m
[47;30m
[replan 9]==============================================[0m
[0m[INFO] [1786377486.621399300]: continous_failures_count: 9[0m
[0m[INFO] [1786377489.598771376]: The optimization result is : Success: met stopping criteria (delta).[0m
[0m[INFO] [1786377489.642776602]: [FSM]: stay in GEN_NEW_TRAJ (x2)[0m
[47;30m
[replan 10]==============================================[0m
[0m[INFO] [1786377489.653107057]: continous_failures_count: 10[0m
[0m[INFO] [1786377494.101967525]: The optimization result is : Success: met stopping criteria (delta).[0m
[34mtotal time: 4519.56, init: 2428.24, optimize: 2091.32, avg_time: 4519.56, count_success: 1[0m
[FSM]: from GEN_NEW_TRAJ to EXEC_TRAJ
Triggered! traget type: 1
[0m[INFO] [1786377532.863206339]: FSM goal click: goal_xy=(-4.410, 4.431) start_xy=(6.096, -5.192) yaw=4.0 deg[0m
[TRIG]: from EXEC_TRAJ to GEN_NEW_TRAJ
[47;30m
[replan 11]==============================================[0m
[0m[INFO] [1786377532.863860896]: continous_failures_count: 0[0m
[kino astar] open set empty, no path.
[33m[WARN] [1786377532.864041273]: KinoAstar: Hybrid A* NO_PATH; refuse straight/RRT fallback (failures=0/5). start=(6.10,-5.19) goal=(-4.41,4.43)[0m
[kino astar] open set empty, no path.
[kino astar] open set empty, no path.
[kino astar] open set empty, no path.
[kino astar] open set empty, no path.
[33m[WARN] [1786377532.864816103]: KinoAstar: switching to whole-body RRT after 5 failures. start=(6.10,-5.19) goal=(-4.41,4.43)[0m
[33m[WARN] [1786377541.773481224]: KinoAstar: frontend path not free (coll=0) at piece 0 idx 8; reject[0m
[33m[WARN] [1786377541.773697879]: KinoAstar: switching to whole-body RRT after 6 failures. start=(6.10,-5.19) goal=(-4.41,4.43)[0m
[33m[WARN] [1786377545.191232651]: KinoAstar: frontend path not free (coll=0) at piece 0 idx 8; reject[0m
[33m[WARN] [1786377545.191499099]: KinoAstar: switching to whole-body RRT after 7 failures. start=(6.10,-5.19) goal=(-4.41,4.43)[0m
[33m[WARN] [1786377550.863568813]: KinoAstar: frontend path not free (coll=0) at piece 0 idx 9; reject[0m
[33m[WARN] [1786377550.863832188]: KinoAstar: switching to whole-body RRT after 8 failures. start=(6.10,-5.19) goal=(-4.41,4.43)[0m
[33m[WARN] [1786377554.575517181]: KinoAstar: frontend path not free (coll=0) at piece 0 idx 7; reject[0m
[33m[WARN] [1786377554.575741925]: KinoAstar: switching to whole-body RRT after 9 failures. start=(6.10,-5.19) goal=(-4.41,4.43)[0m
[33m[WARN] [1786377568.156328690]: KinoAstar: frontend path not free (coll=0) at piece 0 idx 7; reject[0m
[33m[WARN] [1786377568.166982527]: KinoAstar: switching to whole-body RRT after 10 failures. start=(6.10,-5.19) goal=(-4.41,4.43)[0m
[33m[WARN] [1786377574.357847245]: car collision at time 11.960000![0m
[33m[WARN] [1786377574.361959945]: KinoAstar: switching to whole-body RRT after 11 failures. start=(6.10,-5.19) goal=(-4.41,4.43)[0m
[33m[WARN] [1786377578.979128251]: KinoAstar: frontend path not free (coll=0) at piece 0 idx 8; reject[0m
[33m[WARN] [1786377578.979352165]: KinoAstar: switching to whole-body RRT after 12 failures. start=(6.10,-5.19) goal=(-4.41,4.43)[0m
[33m[WARN] [1786377585.195014687]: car collision at time 12.730000![0m
[33m[WARN] [1786377585.198837243]: KinoAstar: switching to whole-body RRT after 13 failures. start=(6.10,-5.19) goal=(-4.41,4.43)[0m
[33m[WARN] [1786377588.472987088]: KinoAstar: frontend path not free (coll=0) at piece 0 idx 9; reject[0m
[33m[WARN] [1786377588.473201311]: KinoAstar: switching to whole-body RRT after 14 failures. start=(6.10,-5.19) goal=(-4.41,4.43)[0m
[33m[WARN] [1786377592.428940117]: KinoAstar: frontend path not free (coll=1) at piece 0 idx 11; reject[0m
[33m[WARN] [1786377592.429161413]: KinoAstar: switching to whole-body RRT after 15 failures. start=(6.10,-5.19) goal=(-4.41,4.43)[0m
[33m[WARN] [1786377596.900369608]: KinoAstar: frontend path not free (coll=0) at piece 0 idx 8; reject[0m
[33m[WARN] [1786377596.900664047]: KinoAstar: switching to whole-body RRT after 16 failures. start=(6.10,-5.19) goal=(-4.41,4.43)[0m
[33m[WARN] [1786377602.221466107]: car collision at time 11.330000![0m
[33m[WARN] [1786377602.225288302]: KinoAstar: switching to whole-body RRT after 17 failures. start=(6.10,-5.19) goal=(-4.41,4.43)[0m
[33m[WARN] [1786377608.296347457]: KinoAstar: frontend path not free (coll=0) at piece 0 idx 7; reject[0m
[33m[WARN] [1786377608.296577406]: KinoAstar: switching to whole-body RRT after 18 failures. start=(6.10,-5.19) goal=(-4.41,4.43)[0m
[47;30m
[replan 17]==============================================[0m
[0m[INFO] [1786377541.773605185]: continous_failures_count: 6[0m
[47;30m
[replan 18]==============================================[0m
[0m[INFO] [1786377545.191403108]: continous_failures_count: 7[0m
[47;30m
[replan 19]==============================================[0m
[0m[INFO] [1786377550.863735641]: continous_failures_count: 8[0m
[47;30m
[replan 20]==============================================[0m
[0m[INFO] [1786377554.575648058]: continous_failures_count: 9[0m
[0m[INFO] [1786377568.156355791]: [FSM]: stay in GEN_NEW_TRAJ (x2)[0m
[47;30m
[replan 21]==============================================[0m
[0m[INFO] [1786377568.166850171]: continous_failures_count: 10[0m
[0m[INFO] [1786377574.328288411]: The optimization result is : Success: met stopping criteria (delta).[0m
[47;30m
[replan 22]==============================================[0m
[0m[INFO] [1786377574.361859513]: continous_failures_count: 11[0m
[47;30m
[replan 23]==============================================[0m
[0m[INFO] [1786377578.979255683]: continous_failures_count: 12[0m
[0m[INFO] [1786377585.163633125]: The optimization result is : Success: met stopping criteria (delta).[0m
[47;30m
[replan 24]==============================================[0m
[0m[INFO] [1786377585.198744992]: continous_failures_count: 13[0m
[47;30m
[replan 25]==============================================[0m
[0m[INFO] [1786377588.473109181]: continous_failures_count: 14[0m
[47;30m
[replan 26]==============================================[0m
[0m[INFO] [1786377592.429066156]: continous_failures_count: 15[0m
[47;30m
[replan 27]==============================================[0m
[0m[INFO] [1786377596.900568544]: continous_failures_count: 16[0m
[0m[INFO] [1786377602.193472849]: The optimization result is : Success: met stopping criteria (delta).[0m
[47;30m
[replan 28]==============================================[0m
[0m[INFO] [1786377602.225196500]: continous_failures_count: 17[0m
[47;30m
[replan 29]==============================================[0m
[0m[INFO] [1786377608.296481370]: continous_failures_count: 18[0m
[0m[INFO] [1786377617.926140271]: The optimization result is : Success: met stopping criteria (delta).[0m
[34mtotal time: 9725.08, init: 6314.6, optimize: 3410.49, avg_time: 7122.32, count_success: 2[0m
[FSM]: from GEN_NEW_TRAJ to EXEC_TRAJ
Triggered! traget type: 1
[0m[INFO] [1786377620.006391467]: FSM goal click: goal_xy=(1.688, 2.949) start_xy=(6.179, -4.995) yaw=88.4 deg[0m
[TRIG]: from EXEC_TRAJ to GEN_NEW_TRAJ
[47;30m
[replan 30]==============================================[0m
[0m[INFO] [1786377620.006545637]: continous_failures_count: 0[0m
[kino astar] open set empty, no path.
[33m[WARN] [1786377620.006702102]: KinoAstar: Hybrid A* NO_PATH; refuse straight/RRT fallback (failures=0/5). start=(6.18,-5.00) goal=(1.69,2.95)[0m
[kino astar] open set empty, no path.
[kino astar] open set empty, no path.
[kino astar] open set empty, no path.
[kino astar] open set empty, no path.
[33m[WARN] [1786377620.007475497]: KinoAstar: switching to whole-body RRT after 5 failures. start=(6.18,-5.00) goal=(1.69,2.95)[0m
[0m[INFO] [1786377621.750396994]: The optimization result is : Success: met stopping criteria (delta).[0m
[34mtotal time: 1794.49, init: 1093.37, optimize: 701.12, avg_time: 5346.38, count_success: 3[0m
[FSM]: from GEN_NEW_TRAJ to EXEC_TRAJ
Triggered! traget type: 1
[0m[INFO] [1786377770.050799407]: FSM goal click: goal_xy=(-0.993, 0.026) start_xy=(1.688, 2.949) yaw=87.7 deg[0m
[TRIG]: from EXEC_TRAJ to GEN_NEW_TRAJ
[47;30m
[replan 36]==============================================[0m
[0m[INFO] [1786377770.052362047]: continous_failures_count: 0[0m
[0m[INFO] [1786377772.423904817]: The optimization result is : Success: met stopping criteria (delta).[0m
[34mtotal time: 2418.87, init: 1799.74, optimize: 619.132, avg_time: 4614.5, count_success: 4[0m
[FSM]: from GEN_NEW_TRAJ to EXEC_TRAJ
Triggered! traget type: 1
[0m[INFO] [1786377794.003797091]: FSM goal click: goal_xy=(5.553, -3.202) start_xy=(-0.993, 0.026) yaw=171.4 deg[0m
[TRIG]: from EXEC_TRAJ to GEN_NEW_TRAJ
[33m[WARN] [1786377797.012900107]: [Kino Astar]: NO_PATH. Exceeds maximum time 3.000 s[0m
[33m[WARN] [1786377797.013009725]: KinoAstar: Hybrid A* NO_PATH; refuse straight/RRT fallback (failures=0/5). start=(-0.99,0.03) goal=(5.55,-3.20)[0m
[33m[WARN] [1786377800.015915328]: [Kino Astar]: NO_PATH. Exceeds maximum time 3.000 s[0m
[33m[WARN] [1786377800.016027070]: KinoAstar: Hybrid A* NO_PATH; refuse straight/RRT fallback (failures=1/5). start=(-0.99,0.03) goal=(5.55,-3.20)[0m
[33m[WARN] [1786377803.018626271]: [Kino Astar]: NO_PATH. Exceeds maximum time 3.000 s[0m
[33m[WARN] [1786377803.018729738]: KinoAstar: Hybrid A* NO_PATH; refuse straight/RRT fallback (failures=2/5). start=(-0.99,0.03) goal=(5.55,-3.20)[0m
[33m[WARN] [1786377806.021455653]: [Kino Astar]: NO_PATH. Exceeds maximum time 3.000 s[0m
[33m[WARN] [1786377806.021566174]: KinoAstar: Hybrid A* NO_PATH; refuse straight/RRT fallback (failures=3/5). start=(-0.99,0.03) goal=(5.55,-3.20)[0m
[33m[WARN] [1786377809.024422821]: [Kino Astar]: NO_PATH. Exceeds maximum time 3.000 s[0m
[33m[WARN] [1786377809.024526428]: KinoAstar: Hybrid A* NO_PATH; refuse straight/RRT fallback (failures=4/5). start=(-0.99,0.03) goal=(5.55,-3.20)[0m
[33m[WARN] [1786377809.027570063]: KinoAstar: switching to whole-body RRT after 5 failures. start=(-0.99,0.03) goal=(5.55,-3.20)[0m
[33m[WARN] [1786377811.485175283]: car collision at time 12.770000![0m
[33m[WARN] [1786377811.487006256]: KinoAstar: switching to whole-body RRT after 6 failures. start=(-0.99,0.03) goal=(5.55,-3.20)[0m
[33m[WARN] [1786377813.680753622]: car collision at time 4.100000![0m
[33m[WARN] [1786377813.682579113]: KinoAstar: switching to whole-body RRT after 7 failures. start=(-0.99,0.03) goal=(5.55,-3.20)[0m
[33m[WARN] [1786377816.102871223]: car collision at time 3.520000![0m
[33m[WARN] [1786377816.104673243]: KinoAstar: switching to whole-body RRT after 8 failures. start=(-0.99,0.03) goal=(5.55,-3.20)[0m
[33m[WARN] [1786377819.456548064]: car collision at time 2.720000![0m
[33m[WARN] [1786377819.458316775]: KinoAstar: switching to whole-body RRT after 9 failures. start=(-0.99,0.03) goal=(5.55,-3.20)[0m
[33m[WARN] [1786377821.778894855]: car collision at time 12.840000![0m
[33m[WARN] [1786377821.790728473]: KinoAstar: switching to whole-body RRT after 10 failures. start=(-0.99,0.03) goal=(5.55,-3.20)[0m
[33m[WARN] [1786377824.180249224]: car collision at time 12.140000![0m
[33m[WARN] [1786377824.181967998]: KinoAstar: switching to whole-body RRT after 11 failures. start=(-0.99,0.03) goal=(5.55,-3.20)[0m
[33m[WARN] [1786377826.753673032]: car collision at time 11.260000![0m
[33m[WARN] [1786377826.755994688]: KinoAstar: switching to whole-body RRT after 12 failures. start=(-0.99,0.03) goal=(5.55,-3.20)[0m
[47;30m
[replan 37]==============================================[0m
[0m[INFO] [1786377794.012811158]: continous_failures_count: 0[0m
[47;30m
[replan 38]==============================================[0m
[0m[INFO] [1786377797.015873121]: continous_failures_count: 1[0m
[47;30m
[replan 39]==============================================[0m
[0m[INFO] [1786377800.018583939]: continous_failures_count: 2[0m
[47;30m
[replan 40]==============================================[0m
[0m[INFO] [1786377803.021380788]: continous_failures_count: 3[0m
[47;30m
[replan 41]==============================================[0m
[0m[INFO] [1786377806.024301186]: continous_failures_count: 4[0m
[47;30m
[replan 42]==============================================[0m
[0m[INFO] [1786377809.027418570]: continous_failures_count: 5[0m
[0m[INFO] [1786377811.453577495]: The optimization result is : Success: met stopping criteria (delta).[0m
[47;30m
[replan 43]==============================================[0m
[0m[INFO] [1786377811.486911898]: continous_failures_count: 6[0m
[0m[INFO] [1786377813.670650594]: The optimization result is : Success: met stopping criteria (delta).[0m
[47;30m
[replan 44]==============================================[0m
[0m[INFO] [1786377813.682486820]: continous_failures_count: 7[0m
[0m[INFO] [1786377816.094157317]: The optimization result is : Success: met stopping criteria (delta).[0m
[47;30m
[replan 45]==============================================[0m
[0m[INFO] [1786377816.104580433]: continous_failures_count: 8[0m
[0m[INFO] [1786377819.449863298]: The optimization result is : Success: met stopping criteria (delta).[0m
[47;30m
[replan 46]==============================================[0m
[0m[INFO] [1786377819.458223521]: continous_failures_count: 9[0m
[0m[INFO] [1786377821.747145108]: The optimization result is : Success: met stopping criteria (delta).[0m
[0m[INFO] [1786377821.780368377]: [FSM]: stay in GEN_NEW_TRAJ (x2)[0m
[47;30m
[replan 47]==============================================[0m
[0m[INFO] [1786377821.790622384]: continous_failures_count: 10[0m
[0m[INFO] [1786377824.150177523]: The optimization result is : Success: met stopping criteria (delta).[0m
[47;30m
[replan 48]==============================================[0m
[0m[INFO] [1786377824.181874798]: continous_failures_count: 11[0m
[0m[INFO] [1786377826.725837051]: The optimization result is : Success: met stopping criteria (delta).[0m
[47;30m
[replan 49]==============================================[0m
[0m[INFO] [1786377826.755901227]: continous_failures_count: 12[0m
[0m[INFO] [1786377829.296658530]: The optimization result is : Success: met stopping criteria (delta).[0m
[34mtotal time: 2600.94, init: 1171.1, optimize: 1429.84, avg_time: 4211.79, count_success: 5[0m
[FSM]: from GEN_NEW_TRAJ to EXEC_TRAJ
Triggered! traget type: 1
[0m[INFO] [1786377861.964989647]: FSM goal click: goal_xy=(-3.615, 4.963) start_xy=(5.553, -3.202) yaw=-11.3 deg[0m
[TRIG]: from EXEC_TRAJ to GEN_NEW_TRAJ
[33m[WARN] [1786377864.972703182]: [Kino Astar]: NO_PATH. Exceeds maximum time 3.000 s[0m
[33m[WARN] [1786377864.972810753]: KinoAstar: Hybrid A* NO_PATH; refuse straight/RRT fallback (failures=0/5). start=(5.55,-3.20) goal=(-3.61,4.96)[0m
[33m[WARN] [1786377867.976144949]: [Kino Astar]: NO_PATH. Exceeds maximum time 3.000 s[0m
[33m[WARN] [1786377867.976249276]: KinoAstar: Hybrid A* NO_PATH; refuse straight/RRT fallback (failures=1/5). start=(5.55,-3.20) goal=(-3.61,4.96)[0m
[33m[WARN] [1786377870.979488983]: [Kino Astar]: NO_PATH. Exceeds maximum time 3.000 s[0m
[33m[WARN] [1786377870.979597574]: KinoAstar: Hybrid A* NO_PATH; refuse straight/RRT fallback (failures=2/5). start=(5.55,-3.20) goal=(-3.61,4.96)[0m
[33m[WARN] [1786377873.982758312]: [Kino Astar]: NO_PATH. Exceeds maximum time 3.000 s[0m
[33m[WARN] [1786377873.982866065]: KinoAstar: Hybrid A* NO_PATH; refuse straight/RRT fallback (failures=3/5). start=(5.55,-3.20) goal=(-3.61,4.96)[0m
[33m[WARN] [1786377876.986008491]: [Kino Astar]: NO_PATH. Exceeds maximum time 3.000 s[0m
[33m[WARN] [1786377876.986109127]: KinoAstar: Hybrid A* NO_PATH; refuse straight/RRT fallback (failures=4/5). start=(5.55,-3.20) goal=(-3.61,4.96)[0m
[33m[WARN] [1786377876.989179784]: KinoAstar: switching to whole-body RRT after 5 failures. start=(5.55,-3.20) goal=(-3.61,4.96)[0m
[33m[WARN] [1786377895.667032573]: car collision at time 43.180000![0m
[33m[WARN] [1786377895.675212399]: KinoAstar: switching to whole-body RRT after 6 failures. start=(5.55,-3.20) goal=(-3.61,4.96)[0m
[33m[WARN] [1786377899.089754305]: mani collision at time 16.540000![0m
[33m[WARN] [1786377899.092734072]: KinoAstar: switching to whole-body RRT after 7 failures. start=(5.55,-3.20) goal=(-3.61,4.96)[0m
[33m[WARN] [1786377901.141814457]: KinoAstar: frontend path not free (coll=0) at piece 0 idx 3; reject[0m
[33m[WARN] [1786377901.142051371]: KinoAstar: switching to whole-body RRT after 8 failures. start=(5.55,-3.20) goal=(-3.61,4.96)[0m
[33m[WARN] [1786377903.414523381]: KinoAstar: frontend path not free (coll=0) at piece 0 idx 4; reject[0m
[33m[WARN] [1786377903.414748747]: KinoAstar: switching to whole-body RRT after 9 failures. start=(5.55,-3.20) goal=(-3.61,4.96)[0m
[33m[WARN] [1786377907.471496726]: car collision at time 14.910000![0m
[33m[WARN] [1786377907.484860246]: KinoAstar: switching to whole-body RRT after 10 failures. start=(5.55,-3.20) goal=(-3.61,4.96)[0m
[33m[WARN] [1786377909.785370934]: KinoAstar: frontend path not free (coll=0) at piece 0 idx 3; reject[0m
[33m[WARN] [1786377909.785594700]: KinoAstar: switching to whole-body RRT after 11 failures. start=(5.55,-3.20) goal=(-3.61,4.96)[0m
[33m[WARN] [1786377914.192727503]: mani collision at time 16.220000![0m
[33m[WARN] [1786377914.195775042]: KinoAstar: switching to whole-body RRT after 12 failures. start=(5.55,-3.20) goal=(-3.61,4.96)[0m
[33m[WARN] [1786377921.027338123]: car collision at time 9.650000![0m
[33m[WARN] [1786377921.031031830]: KinoAstar: switching to whole-body RRT after 13 failures. start=(5.55,-3.20) goal=(-3.61,4.96)[0m
[33m[WARN] [1786377923.763851523]: KinoAstar: frontend path not free (coll=0) at piece 0 idx 4; reject[0m
[33m[WARN] [1786377923.764074227]: KinoAstar: switching to whole-body RRT after 14 failures. start=(5.55,-3.20) goal=(-3.61,4.96)[0m
[47;30m
[replan 50]==============================================[0m
[0m[INFO] [1786377861.972568089]: continous_failures_count: 0[0m
[47;30m
[replan 51]==============================================[0m
[0m[INFO] [1786377864.976066818]: continous_failures_count: 1[0m
[47;30m
[replan 52]==============================================[0m
[0m[INFO] [1786377867.979349462]: continous_failures_count: 2[0m
[47;30m
[replan 53]==============================================[0m
[0m[INFO] [1786377870.982651726]: continous_failures_count: 3[0m
[47;30m
[replan 54]==============================================[0m
[0m[INFO] [1786377873.985931922]: continous_failures_count: 4[0m
[47;30m
[replan 55]==============================================[0m
[0m[INFO] [1786377876.989085051]: continous_failures_count: 5[0m
[0m[INFO] [1786377895.559706493]: The optimization result is : Success: met stopping criteria (delta).[0m
[47;30m
[replan 56]==============================================[0m
[0m[INFO] [1786377895.675119774]: continous_failures_count: 6[0m
[0m[INFO] [1786377899.048775672]: The optimization result is : Success: met stopping criteria (delta).[0m
[47;30m
[replan 57]==============================================[0m
[0m[INFO] [1786377899.092642156]: continous_failures_count: 7[0m
[47;30m
[replan 58]==============================================[0m
[0m[INFO] [1786377901.141956146]: continous_failures_count: 8[0m
[47;30m
[replan 59]==============================================[0m
[0m[INFO] [1786377903.414652435]: continous_failures_count: 9[0m
[0m[INFO] [1786377907.434552620]: The optimization result is : Success: met stopping criteria (delta).[0m
[0m[INFO] [1786377907.474217386]: [FSM]: stay in GEN_NEW_TRAJ (x2)[0m
[47;30m
[replan 60]==============================================[0m
[0m[INFO] [1786377907.484755952]: continous_failures_count: 10[0m
[47;30m
[replan 61]==============================================[0m
[0m[INFO] [1786377909.785501203]: continous_failures_count: 11[0m
[0m[INFO] [1786377914.152554290]: The optimization result is : Success: met stopping criteria (delta).[0m
[47;30m
[replan 62]==============================================[0m
[0m[INFO] [1786377914.195683522]: continous_failures_count: 12[0m
[0m[INFO] [1786377921.003511099]: The optimization result is : Success: met stopping criteria (delta).[0m
[47;30m
[replan 63]==============================================[0m
[0m[INFO] [1786377921.030939813]: continous_failures_count: 13[0m
[47;30m
[replan 64]==============================================[0m
[0m[INFO] [1786377923.763983005]: continous_failures_count: 14[0m
[0m[INFO] [1786377927.866622246]: The optimization result is : Success: met stopping criteria (delta).[0m
[34mtotal time: 4187.52, init: 2951.09, optimize: 1236.43, avg_time: 4207.74, count_success: 6[0m
[FSM]: from GEN_NEW_TRAJ to EXEC_TRAJ
