... logging to /home/gzz/.ros/log/4da08550-9ab8-11f1-9425-970b7208096f/roslaunch-GZZ-1160137.log
Checking log directory for disk usage. This may take a while.
Press Ctrl-C to interrupt
Done checking log file disk usage. Usage is <1GB.
]2;/home/gzz/Codes/wbc/remani_planner/src/REMANI-Planner/remani_planner/plan_manage/launch/remani_sim.launch
[1mstarted roslaunch server http://GZZ:34147/[0m

SUMMARY
========

PARAMETERS
 * /fake_mm/fake_mm/pub_urdf_joint_states: True
 * /fake_mm/fsm/init_gripper_close: False
 * /fake_mm/fsm/init_state: [-5.0, 0.0, 0.0, ...
 * /fake_mm/fsm/init_yaw: 0.0
 * /fake_mm/fsm/waypoint0: [0.0, 0.0, 0.0, 0...
 * /fake_mm/fsm/waypoint0_gripper_close: True
 * /fake_mm/fsm/waypoint0_yaw: 0.0
 * /fake_mm/fsm/waypoint1: [5.0, 0.0, 0.0, 0...
 * /fake_mm/fsm/waypoint1_gripper_close: False
 * /fake_mm/fsm/waypoint1_yaw: 0.0
 * /fake_mm/fsm/waypoint_num: 2
 * /fake_mm/map/map_type: 0
 * /fake_mm/mm/base_mani_fixed_joint_xyz_ypr: [0.2462, 0.0, 0.1...
 * /fake_mm/mm/manipulator_config: [0.1765, 0.607, 0...
 * /fake_mm/mm/manipulator_dof: 6
 * /fake_mm/mm/manipulator_max_acc: 1.57
 * /fake_mm/mm/manipulator_max_pos: [3.0, 1.5, 2.8, 3...
 * /fake_mm/mm/manipulator_max_vel: 0.8
 * /fake_mm/mm/manipulator_min_pos: [-3.0, -1.5, -2.8...
 * /fake_mm/mm/manipulator_self_thickness: 0.045
 * /fake_mm/mm/manipulator_thickness: 0.1
 * /fake_mm/mm/manipulator_type: cr10
 * /fake_mm/mm/mobile_base_check_radius: 0.1
 * /fake_mm/mm/mobile_base_dof: 2
 * /fake_mm/mm/mobile_base_height: 0.15
 * /fake_mm/mm/mobile_base_length: 1.1
 * /fake_mm/mm/mobile_base_max_wheel_alpha: 8.0
 * /fake_mm/mm/mobile_base_max_wheel_omega: 4.0
 * /fake_mm/mm/mobile_base_non_singul_vel: 0.05
 * /fake_mm/mm/mobile_base_wheel_base: 0.56
 * /fake_mm/mm/mobile_base_wheel_radius: 0.125
 * /fake_mm/mm/mobile_base_width: 0.9
 * /fsm/target_type: 1
 * /map_generator/bridges: [[0.0, 0.0, 1.0, ...
 * /map_generator/clear_centers: [[-5.0, 0.0], [-2...
 * /map_generator/clear_radius: 3.0
 * /map_generator/fsm/init_gripper_close: False
 * /map_generator/fsm/init_state: [-5.0, 0.0, 0.0, ...
 * /map_generator/fsm/init_yaw: 0.0
 * /map_generator/fsm/waypoint0: [0.0, 0.0, 0.0, 0...
 * /map_generator/fsm/waypoint0_gripper_close: True
 * /map_generator/fsm/waypoint0_yaw: 0.0
 * /map_generator/fsm/waypoint1: [5.0, 0.0, 0.0, 0...
 * /map_generator/fsm/waypoint1_gripper_close: False
 * /map_generator/fsm/waypoint1_yaw: 0.0
 * /map_generator/fsm/waypoint_num: 2
 * /map_generator/map/float_obs_num: 2
 * /map_generator/map/map_type: 0
 * /map_generator/map/obs_num: 4
 * /map_generator/map/resolution: 0.05
 * /map_generator/map/seed: 30
 * /map_generator/map/x_size: 16
 * /map_generator/map/y_size: 12
 * /map_generator/map/z_size: 3
 * /map_generator/min_distance: 2.5
 * /map_generator/mm/base_mani_fixed_joint_xyz_ypr: [0.2462, 0.0, 0.1...
 * /map_generator/mm/manipulator_config: [0.1765, 0.607, 0...
 * /map_generator/mm/manipulator_dof: 6
 * /map_generator/mm/manipulator_max_acc: 1.57
 * /map_generator/mm/manipulator_max_pos: [3.0, 1.5, 2.8, 3...
 * /map_generator/mm/manipulator_max_vel: 0.8
 * /map_generator/mm/manipulator_min_pos: [-3.0, -1.5, -2.8...
 * /map_generator/mm/manipulator_self_thickness: 0.045
 * /map_generator/mm/manipulator_thickness: 0.1
 * /map_generator/mm/manipulator_type: cr10
 * /map_generator/mm/mobile_base_check_radius: 0.1
 * /map_generator/mm/mobile_base_dof: 2
 * /map_generator/mm/mobile_base_height: 0.15
 * /map_generator/mm/mobile_base_length: 1.1
 * /map_generator/mm/mobile_base_max_wheel_alpha: 8.0
 * /map_generator/mm/mobile_base_max_wheel_omega: 4.0
 * /map_generator/mm/mobile_base_non_singul_vel: 0.05
 * /map_generator/mm/mobile_base_wheel_base: 0.56
 * /map_generator/mm/mobile_base_wheel_radius: 0.125
 * /map_generator/mm/mobile_base_width: 0.9
 * /map_generator/pub_rate: 1.0
 * /mm_controller_node/fsm/emergency_time: 1.5
 * /mm_controller_node/fsm/global_plan: True
 * /mm_controller_node/fsm/init_gripper_close: False
 * /mm_controller_node/fsm/init_state: [-5.0, 0.0, 0.0, ...
 * /mm_controller_node/fsm/init_yaw: 0.0
 * /mm_controller_node/fsm/max_continuous_plan_failures: 20
 * /mm_controller_node/fsm/planning_horizon: 5.0
 * /mm_controller_node/fsm/replan_trajectory_time: 1.7
 * /mm_controller_node/fsm/target_type: 2
 * /mm_controller_node/fsm/thresh_replan_time: 2.5
 * /mm_controller_node/fsm/time_for_gripper: 0.05
 * /mm_controller_node/fsm/waypoint0: [0.0, 0.0, 0.0, 0...
 * /mm_controller_node/fsm/waypoint0_gripper_close: True
 * /mm_controller_node/fsm/waypoint0_yaw: 0.0
 * /mm_controller_node/fsm/waypoint1: [5.0, 0.0, 0.0, 0...
 * /mm_controller_node/fsm/waypoint1_gripper_close: False
 * /mm_controller_node/fsm/waypoint1_yaw: 0.0
 * /mm_controller_node/fsm/waypoint_num: 2
 * /mm_controller_node/grid_map/use_global_map: False
 * /mm_controller_node/grid_map/use_load_map: True
 * /mm_controller_node/map/map_type: 0
 * /mm_controller_node/mm/base_mani_fixed_joint_xyz_ypr: [0.2462, 0.0, 0.1...
 * /mm_controller_node/mm/manipulator_config: [0.1765, 0.607, 0...
 * /mm_controller_node/mm/manipulator_dof: 6
 * /mm_controller_node/mm/manipulator_max_acc: 1.57
 * /mm_controller_node/mm/manipulator_max_pos: [3.0, 1.5, 2.8, 3...
 * /mm_controller_node/mm/manipulator_max_vel: 0.8
 * /mm_controller_node/mm/manipulator_min_pos: [-3.0, -1.5, -2.8...
 * /mm_controller_node/mm/manipulator_self_thickness: 0.045
 * /mm_controller_node/mm/manipulator_thickness: 0.1
 * /mm_controller_node/mm/manipulator_type: cr10
 * /mm_controller_node/mm/mobile_base_check_radius: 0.1
 * /mm_controller_node/mm/mobile_base_dof: 2
 * /mm_controller_node/mm/mobile_base_height: 0.15
 * /mm_controller_node/mm/mobile_base_length: 1.1
 * /mm_controller_node/mm/mobile_base_max_wheel_alpha: 8.0
 * /mm_controller_node/mm/mobile_base_max_wheel_omega: 4.0
 * /mm_controller_node/mm/mobile_base_non_singul_vel: 0.05
 * /mm_controller_node/mm/mobile_base_wheel_base: 0.56
 * /mm_controller_node/mm/mobile_base_wheel_radius: 0.125
 * /mm_controller_node/mm/mobile_base_width: 0.9
 * /mm_controller_node/optimization/constrain_points_perPiece: 16
 * /mm_controller_node/optimization/dense_sample_resolution: 16
 * /mm_controller_node/optimization/enable_dynamic_time_scaling: True
 * /mm_controller_node/optimization/ground_safe_dis: 0.03
 * /mm_controller_node/optimization/ground_safe_margin: 0.03
 * /mm_controller_node/optimization/max_time_scale: 2.0
 * /mm_controller_node/optimization/max_time_scaling_attempts: 2
 * /mm_controller_node/optimization/mobile_base_opt_gear: True
 * /mm_controller_node/optimization/safe_margin: 0.1
 * /mm_controller_node/optimization/safe_margin_mani: 0.15
 * /mm_controller_node/optimization/self_safe_margin: 0.1
 * /mm_controller_node/optimization/weight_base_feasibility: 100.0
 * /mm_controller_node/optimization/weight_manipulator_feasibility: 100.0
 * /mm_controller_node/optimization/weight_manipulator_obstacle: 80000.0
 * /mm_controller_node/optimization/weight_manipulator_self: 1000.0
 * /mm_controller_node/optimization/weight_obstacle: 50000.0
 * /mm_controller_node/optimization/weight_time: 1.0
 * /mm_controller_node/optimization/wheel_limit_ratio: 0.95
 * /mm_controller_node/search/allocate_num: 100000
 * /mm_controller_node/search/check_num: 16
 * /mm_controller_node/search/curvatureDisCoe: 0.4
 * /mm_controller_node/search/dist_resolution: 0.6
 * /mm_controller_node/search/goal_rate: 0.4
 * /mm_controller_node/search/lambda_heu: 1
 * /mm_controller_node/search/max_arc: 0.4
 * /mm_controller_node/search/max_loop_num: 5000
 * /mm_controller_node/search/max_mani_search_time: 0.3
 * /mm_controller_node/search/max_sample_time: 1.5
 * /mm_controller_node/search/max_seach_time: 3.0
 * /mm_controller_node/search/min_turning_radius: 0.2
 * /mm_controller_node/search/oneshot_check_len: 0.02
 * /mm_controller_node/search/oneshot_range: 1.0
 * /mm_controller_node/search/sample_time: 0.1
 * /mm_controller_node/search/traj_back_penalty: 3.0
 * /mm_controller_node/search/traj_forward_penalty: 1.0
 * /mm_controller_node/search/traj_gear_switch_penalty: 10.0
 * /mm_controller_node/search/traj_steer_change_penalty: 2.0
 * /mm_controller_node/search/traj_steer_penalty: 5.0
 * /mm_controller_node/search/try_astar_times: 5
 * /mm_controller_node/search/yaw_resolution: 0.35
 * /mm_controller_node/visualization/enable_debug_vis: False
 * /mm_controller_node/visualization/enable_traj_mesh_vis: True
 * /mm_controller_node/visualization/his_traj_max_points: 500
 * /mm_controller_node/visualization/mesh_vis_stride: 3
 * /mm_controller_node/visualization/tf_rate_hz: 20.0
 * /mm_controller_node/visualization/vis_rate_hz: 15.0
 * /model_vis/fsm/emergency_time: 1.5
 * /model_vis/fsm/global_plan: True
 * /model_vis/fsm/init_gripper_close: False
 * /model_vis/fsm/init_state: [-5.0, 0.0, 0.0, ...
 * /model_vis/fsm/init_yaw: 0.0
 * /model_vis/fsm/max_continuous_plan_failures: 20
 * /model_vis/fsm/planning_horizon: 5.0
 * /model_vis/fsm/replan_trajectory_time: 1.7
 * /model_vis/fsm/target_type: 2
 * /model_vis/fsm/thresh_replan_time: 2.5
 * /model_vis/fsm/time_for_gripper: 0.05
 * /model_vis/fsm/waypoint0: [0.0, 0.0, 0.0, 0...
 * /model_vis/fsm/waypoint0_gripper_close: True
 * /model_vis/fsm/waypoint0_yaw: 0.0
 * /model_vis/fsm/waypoint1: [5.0, 0.0, 0.0, 0...
 * /model_vis/fsm/waypoint1_gripper_close: False
 * /model_vis/fsm/waypoint1_yaw: 0.0
 * /model_vis/fsm/waypoint_num: 2
 * /model_vis/grid_map/use_global_map: False
 * /model_vis/grid_map/use_load_map: True
 * /model_vis/map/map_type: 0
 * /model_vis/mm/base_mani_fixed_joint_xyz_ypr: [0.2462, 0.0, 0.1...
 * /model_vis/mm/manipulator_config: [0.1765, 0.607, 0...
 * /model_vis/mm/manipulator_dof: 6
 * /model_vis/mm/manipulator_max_acc: 1.57
 * /model_vis/mm/manipulator_max_pos: [3.0, 1.5, 2.8, 3...
 * /model_vis/mm/manipulator_max_vel: 0.8
 * /model_vis/mm/manipulator_min_pos: [-3.0, -1.5, -2.8...
 * /model_vis/mm/manipulator_self_thickness: 0.045
 * /model_vis/mm/manipulator_thickness: 0.1
 * /model_vis/mm/manipulator_type: cr10
 * /model_vis/mm/mobile_base_check_radius: 0.1
 * /model_vis/mm/mobile_base_dof: 2
 * /model_vis/mm/mobile_base_height: 0.15
 * /model_vis/mm/mobile_base_length: 1.1
 * /model_vis/mm/mobile_base_max_wheel_alpha: 8.0
 * /model_vis/mm/mobile_base_max_wheel_omega: 4.0
 * /model_vis/mm/mobile_base_non_singul_vel: 0.05
 * /model_vis/mm/mobile_base_wheel_base: 0.56
 * /model_vis/mm/mobile_base_wheel_radius: 0.125
 * /model_vis/mm/mobile_base_width: 0.9
 * /model_vis/optimization/constrain_points_perPiece: 16
 * /model_vis/optimization/dense_sample_resolution: 16
 * /model_vis/optimization/enable_dynamic_time_scaling: True
 * /model_vis/optimization/ground_safe_dis: 0.03
 * /model_vis/optimization/ground_safe_margin: 0.03
 * /model_vis/optimization/max_time_scale: 2.0
 * /model_vis/optimization/max_time_scaling_attempts: 2
 * /model_vis/optimization/mobile_base_opt_gear: True
 * /model_vis/optimization/safe_margin: 0.1
 * /model_vis/optimization/safe_margin_mani: 0.15
 * /model_vis/optimization/self_safe_margin: 0.1
 * /model_vis/optimization/weight_base_feasibility: 100.0
 * /model_vis/optimization/weight_manipulator_feasibility: 100.0
 * /model_vis/optimization/weight_manipulator_obstacle: 80000.0
 * /model_vis/optimization/weight_manipulator_self: 1000.0
 * /model_vis/optimization/weight_obstacle: 50000.0
 * /model_vis/optimization/weight_time: 1.0
 * /model_vis/optimization/wheel_limit_ratio: 0.95
 * /model_vis/search/allocate_num: 100000
 * /model_vis/search/check_num: 16
 * /model_vis/search/curvatureDisCoe: 0.4
 * /model_vis/search/dist_resolution: 0.6
 * /model_vis/search/goal_rate: 0.4
 * /model_vis/search/lambda_heu: 1
 * /model_vis/search/max_arc: 0.4
 * /model_vis/search/max_loop_num: 5000
 * /model_vis/search/max_mani_search_time: 0.3
 * /model_vis/search/max_sample_time: 1.5
 * /model_vis/search/max_seach_time: 3.0
 * /model_vis/search/min_turning_radius: 0.2
 * /model_vis/search/oneshot_check_len: 0.02
 * /model_vis/search/oneshot_range: 1.0
 * /model_vis/search/sample_time: 0.1
 * /model_vis/search/traj_back_penalty: 3.0
 * /model_vis/search/traj_forward_penalty: 1.0
 * /model_vis/search/traj_gear_switch_penalty: 10.0
 * /model_vis/search/traj_steer_change_penalty: 2.0
 * /model_vis/search/traj_steer_penalty: 5.0
 * /model_vis/search/try_astar_times: 5
 * /model_vis/search/yaw_resolution: 0.35
 * /model_vis/visualization/enable_debug_vis: False
 * /model_vis/visualization/enable_traj_mesh_vis: True
 * /model_vis/visualization/his_traj_max_points: 500
 * /model_vis/visualization/mesh_vis_stride: 3
 * /model_vis/visualization/tf_rate_hz: 20.0
 * /model_vis/visualization/vis_rate_hz: 15.0
 * /remani_planner_node/fsm/emergency_time: 1.5
 * /remani_planner_node/fsm/fail_safe: True
 * /remani_planner_node/fsm/global_plan: True
 * /remani_planner_node/fsm/init_gripper_close: False
 * /remani_planner_node/fsm/init_state: [-5.0, 0.0, 0.0, ...
 * /remani_planner_node/fsm/init_yaw: 0.0
 * /remani_planner_node/fsm/max_continuous_plan_failures: 20
 * /remani_planner_node/fsm/planning_horizon: 5.0
 * /remani_planner_node/fsm/replan_trajectory_time: 1.7
 * /remani_planner_node/fsm/target_type: 1
 * /remani_planner_node/fsm/thresh_no_replan_meter: 2.5
 * /remani_planner_node/fsm/thresh_replan_time: 2.5
 * /remani_planner_node/fsm/time_for_gripper: 0.05
 * /remani_planner_node/fsm/waypoint0: [0.0, 0.0, 0.0, 0...
 * /remani_planner_node/fsm/waypoint0_gripper_close: True
 * /remani_planner_node/fsm/waypoint0_yaw: 0.0
 * /remani_planner_node/fsm/waypoint1: [5.0, 0.0, 0.0, 0...
 * /remani_planner_node/fsm/waypoint1_gripper_close: False
 * /remani_planner_node/fsm/waypoint1_yaw: 0.0
 * /remani_planner_node/fsm/waypoint_num: 2
 * /remani_planner_node/grid_map/cx: 321.04638671875
 * /remani_planner_node/grid_map/cy: 243.44969177246094
 * /remani_planner_node/grid_map/depth_filter_margin: 2
 * /remani_planner_node/grid_map/depth_filter_maxdist: 5.0
 * /remani_planner_node/grid_map/depth_filter_mindist: 0.2
 * /remani_planner_node/grid_map/depth_filter_tolerance: 0.15
 * /remani_planner_node/grid_map/esdf_slice_height: -0.1
 * /remani_planner_node/grid_map/frame_id: world
 * /remani_planner_node/grid_map/fx: 387.229248046875
 * /remani_planner_node/grid_map/fy: 387.229248046875
 * /remani_planner_node/grid_map/ground_height: -0.01
 * /remani_planner_node/grid_map/k_depth_scaling_factor: 1000.0
 * /remani_planner_node/grid_map/local_bound_inflate: 0.0
 * /remani_planner_node/grid_map/local_map_margin: 15
 * /remani_planner_node/grid_map/local_update_range_x: 17
 * /remani_planner_node/grid_map/local_update_range_y: 17
 * /remani_planner_node/grid_map/local_update_range_z: 3.0
 * /remani_planner_node/grid_map/map_size_x: 16.0
 * /remani_planner_node/grid_map/map_size_y: 12.0
 * /remani_planner_node/grid_map/map_size_z: 3.0
 * /remani_planner_node/grid_map/max_ray_length: 4.5
 * /remani_planner_node/grid_map/min_ray_length: 0.1
 * /remani_planner_node/grid_map/obstacles_inflation: 0.08
 * /remani_planner_node/grid_map/p_hit: 0.65
 * /remani_planner_node/grid_map/p_max: 0.9
 * /remani_planner_node/grid_map/p_min: 0.12
 * /remani_planner_node/grid_map/p_miss: 0.35
 * /remani_planner_node/grid_map/p_occ: 0.8
 * /remani_planner_node/grid_map/pose_type: 1
 * /remani_planner_node/grid_map/resolution: 0.05
 * /remani_planner_node/grid_map/show_esdf_time: False
 * /remani_planner_node/grid_map/show_occ_time: False
 * /remani_planner_node/grid_map/skip_pixel: 2
 * /remani_planner_node/grid_map/use_depth_filter: True
 * /remani_planner_node/grid_map/use_global_map: False
 * /remani_planner_node/grid_map/use_load_map: True
 * /remani_planner_node/grid_map/virtual_ceil_height: 4.0
 * /remani_planner_node/grid_map/visualization_truncate_height: 2.8
 * /remani_planner_node/grid_map/z_length: 0.0
 * /remani_planner_node/manager/control_points_distance: 0.4
 * /remani_planner_node/manager/feasibility_tolerance: 0.05
 * /remani_planner_node/manager/polyTraj_piece_length: 2.0
 * /remani_planner_node/map/map_type: 0
 * /remani_planner_node/mm/base_mani_fixed_joint_xyz_ypr: [0.2462, 0.0, 0.1...
 * /remani_planner_node/mm/manipulator_config: [0.1765, 0.607, 0...
 * /remani_planner_node/mm/manipulator_dof: 6
 * /remani_planner_node/mm/manipulator_max_acc: 1.57
 * /remani_planner_node/mm/manipulator_max_pos: [3.0, 1.5, 2.8, 3...
 * /remani_planner_node/mm/manipulator_max_vel: 0.8
 * /remani_planner_node/mm/manipulator_min_pos: [-3.0, -1.5, -2.8...
 * /remani_planner_node/mm/manipulator_self_thickness: 0.045
 * /remani_planner_node/mm/manipulator_thickness: 0.1
 * /remani_planner_node/mm/manipulator_type: cr10
 * /remani_planner_node/mm/mobile_base_check_radius: 0.1
 * /remani_planner_node/mm/mobile_base_dof: 2
 * /remani_planner_node/mm/mobile_base_height: 0.15
 * /remani_planner_node/mm/mobile_base_length: 1.1
 * /remani_planner_node/mm/mobile_base_max_wheel_alpha: 8.0
 * /remani_planner_node/mm/mobile_base_max_wheel_omega: 4.0
 * /remani_planner_node/mm/mobile_base_non_singul_vel: 0.05
 * /remani_planner_node/mm/mobile_base_wheel_base: 0.56
 * /remani_planner_node/mm/mobile_base_wheel_radius: 0.125
 * /remani_planner_node/mm/mobile_base_width: 0.9
 * /remani_planner_node/optimization/constrain_points_perPiece: 16
 * /remani_planner_node/optimization/dense_sample_resolution: 16
 * /remani_planner_node/optimization/enable_dynamic_time_scaling: True
 * /remani_planner_node/optimization/ground_safe_dis: 0.03
 * /remani_planner_node/optimization/ground_safe_margin: 0.03
 * /remani_planner_node/optimization/max_time_scale: 2.0
 * /remani_planner_node/optimization/max_time_scaling_attempts: 2
 * /remani_planner_node/optimization/mobile_base_opt_gear: True
 * /remani_planner_node/optimization/safe_margin: 0.1
 * /remani_planner_node/optimization/safe_margin_mani: 0.15
 * /remani_planner_node/optimization/self_safe_margin: 0.1
 * /remani_planner_node/optimization/weight_base_feasibility: 100.0
 * /remani_planner_node/optimization/weight_manipulator_feasibility: 100.0
 * /remani_planner_node/optimization/weight_manipulator_obstacle: 80000.0
 * /remani_planner_node/optimization/weight_manipulator_self: 1000.0
 * /remani_planner_node/optimization/weight_obstacle: 50000.0
 * /remani_planner_node/optimization/weight_time: 1.0
 * /remani_planner_node/optimization/wheel_limit_ratio: 0.95
 * /remani_planner_node/search/allocate_num: 100000
 * /remani_planner_node/search/check_num: 16
 * /remani_planner_node/search/curvatureDisCoe: 0.4
 * /remani_planner_node/search/dist_resolution: 0.6
 * /remani_planner_node/search/goal_rate: 0.4
 * /remani_planner_node/search/lambda_heu: 1
 * /remani_planner_node/search/max_arc: 0.4
 * /remani_planner_node/search/max_loop_num: 5000
 * /remani_planner_node/search/max_mani_search_time: 0.3
 * /remani_planner_node/search/max_sample_time: 1.5
 * /remani_planner_node/search/max_seach_time: 3.0
 * /remani_planner_node/search/min_turning_radius: 0.5
 * /remani_planner_node/search/oneshot_check_len: 0.02
 * /remani_planner_node/search/oneshot_range: 1.0
 * /remani_planner_node/search/sample_time: 0.1
 * /remani_planner_node/search/traj_back_penalty: 3.0
 * /remani_planner_node/search/traj_forward_penalty: 1.0
 * /remani_planner_node/search/traj_gear_switch_penalty: 10.0
 * /remani_planner_node/search/traj_steer_change_penalty: 2.0
 * /remani_planner_node/search/traj_steer_penalty: 5.0
 * /remani_planner_node/search/try_astar_times: 5
 * /remani_planner_node/search/yaw_resolution: 0.35
 * /remani_planner_node/visualization/enable_debug_vis: False
 * /remani_planner_node/visualization/enable_traj_mesh_vis: True
 * /remani_planner_node/visualization/his_traj_max_points: 500
 * /remani_planner_node/visualization/mesh_vis_stride: 3
 * /remani_planner_node/visualization/tf_rate_hz: 20.0
 * /remani_planner_node/visualization/vis_rate_hz: 15.0
 * /robot_description: <?xml version='1....
 * /rosdistro: noetic
 * /rosversion: 1.17.4
 * /search/max_seach_time: 3.0
 * /search/min_turning_radius: 0.5

NODES
  /
    fake_mm (fake_mm/fake_mm)
    map_generator (map_generator/map_generator)
    mm_controller_node (mm_controller/mm_controller_node)
    model_vis (fake_mm/model_vis)
    remani_planner_node (remani_planner/remani_planner_node)
    robot_state_publisher (robot_state_publisher/robot_state_publisher)
    rviz (rviz/rviz)
[33m[WARN] [1787025179.957676065]: The root link base_link has an inertia specified in the URDF, but KDL does not support a root link with an inertia.  As a workaround, you can add an extra dummy link to your URDF.[0m
[33m[WARN] [1787025180.062048010]: Finished generate Cuboids Map [0m
[0m[INFO] [1787025180.176709815]: MMConfig: type=cr10 thickness=0.100 self_thickness=0.045[0m
[0m[INFO] [1787025180.193968010]: KinoAstar: max_seach_time=3.000 s min_turning_radius=0.500[0m
[FSM]: from INIT to WAIT_TARGET
[rospack] Error: failed to parse command-line options: too many positional options have been specified on the command line
[librospack]: error while executing command
[rospack] Error: failed to parse command-line options: too many positional options have been specified on the command line
[librospack]: error while executing command
[rospack] Error: failed to parse command-line options: too many positional options have been specified on the command line
[librospack]: error while executing command
Triggered! traget type: 1
[0m[INFO] [1787025187.106695366]: FSM new goal: reset continous_failures_count to 0[0m
[0m[INFO] [1787025187.106743340]: FSM goal click: goal_xy=(5.655, -2.013) start_xy=(-5.000, 0.000) yaw=0.0 deg[0m
[FSM]: from WAIT_TARGET to GEN_NEW_TRAJ
[33m[WARN] [1787025191.343505566]: 3.982458 max left wheel omega is not feasible at relative time 6.820000! opt failed[0m
[47;30m
[replan 0]==============================================[0m
[0m[INFO] [1787025187.123178025]: continous_failures_count: 0[0m
[0m[INFO] [1787025191.325693379]: The optimization result is : Success: met stopping criteria (delta).[0m
[TIME SCALE] dynamics-only violation detected
[TIME SCALE] peak wheel omega = 4.00002 rad/s
[TIME SCALE] wheel omega hard limit = 4 rad/s
[TIME SCALE] wheel omega target = 3.8 rad/s
[TIME SCALE] peak wheel alpha = 2.71183 rad/s^2
[TIME SCALE] wheel alpha hard limit = 8 rad/s^2
[TIME SCALE] wheel alpha target = 7.6 rad/s^2
[TIME SCALE] peak joint vel = 0.596451
[TIME SCALE] peak joint acc = 0.285641
[TIME SCALE] selected scale = 1.07369
[TIME SCALE] attempt = 1/2
[TIME SCALE] cumulative scale = 1.07369
[TIME SCALE] duration old = 25.7837 s
[TIME SCALE] duration new = 27.6837 s
[TIME SCALE] safety recheck passed
[TIME SCALE] peak wheel omega after scaling = 3.72549 rad/s
[TIME SCALE] peak wheel alpha after scaling = 2.35236 rad/s^2
[TIME SCALE] accepted
[34mtotal time: 4344.5, init: 485.014, optimize: 3859.48, avg_time: 4344.5, count_success: 1[0m
[PLAN TIME]
Hybrid A*       : 75.93 ms
Manipulator     : 301.91 ms
Whole-body RRT  : skipped
Frontend check  : 0.55 ms
Initialization  : 0.036046 ms
Optimization    : 3717.53 ms
Safety check    : 68.2042 ms
Time scaling    : 0.04 ms
Safety recheck  : 73.61 ms
Total           : 4344.5 ms
[FSM]: from GEN_NEW_TRAJ to EXEC_TRAJ
reach goal
[FSM]: from EXEC_TRAJ to WAIT_TARGET
Triggered! traget type: 1
[0m[INFO] [1787025229.755146527]: FSM new goal: reset continous_failures_count to 0[0m
[0m[INFO] [1787025229.755172073]: FSM goal click: goal_xy=(-3.719, 5.243) start_xy=(5.655, -2.013) yaw=-25.9 deg[0m
[FSM]: from WAIT_TARGET to GEN_NEW_TRAJ
[33m[WARN] [1787025229.768654564]: KinoAstar: goal (0) is not free![0m
[47;30m
[replan 1]==============================================[0m
[0m[INFO] [1787025229.768492024]: continous_failures_count: 0[0m
[PLAN TIME] (frontend failed)
Hybrid A*       : 0.08 ms
Manipulator     : skipped
Whole-body RRT  : skipped
Frontend check  : skipped
Initialization  : skipped
Optimization    : skipped
Safety check    : skipped
Time scaling    : skipped
Safety recheck  : skipped
Total           : 0.376246 ms
[PLAN TIME] (frontend failed)
Hybrid A*       : 0.03 ms
Manipulator     : skipped
Whole-body RRT  : skipped
Frontend check  : skipped
Initialization  : skipped
Optimization    : skipped
Safety check    : skipped
Time scaling    : skipped
Safety recheck  : skipped
Total           : 0.035613 ms
[PLAN TIME] (frontend failed)
Hybrid A*       : 0.03 ms
Manipulator     : skipped
Whole-body RRT  : skipped
Frontend check  : skipped
Initialization  : skipped
Optimization    : skipped
Safety check    : skipped
Time scaling    : skipped
Safety recheck  : skipped
Total           : 0.026737 ms
[PLAN TIME] (frontend failed)
Hybrid A*       : 0.03 ms
Manipulator     : skipped
Whole-body RRT  : skipped
Frontend check  : skipped
Initialization  : skipped
Optimization    : skipped
Safety check    : skipped
Time scaling    : skipped
Safety recheck  : skipped
Total           : 0.026326 ms
[PLAN TIME] (frontend failed)
Hybrid A*       : 0.03 ms
Manipulator     : skipped
Whole-body RRT  : skipped
Frontend check  : skipped
Initialization  : skipped
Optimization    : skipped
Safety check    : skipped
Time scaling    : skipped
Safety recheck  : skipped
Total           : 0.026128 ms
[31m[ERROR] [1787025229.768974735]: KinoAstar: terminal goal not free (coll=0); reject planning (no RRT)[0m
[PLAN TIME] (frontend failed)
Hybrid A*       : skipped
Manipulator     : skipped
Whole-body RRT  : skipped
Frontend check  : skipped
Initialization  : skipped
Optimization    : skipped
Safety check    : skipped
Time scaling    : skipped
Safety recheck  : skipped
Total           : 0.174609 ms
[31m[ERROR] [1787025229.769084158]: KinoAstar: terminal goal not free (coll=0); reject planning (no RRT)[0m
[PLAN TIME] (frontend failed)
Hybrid A*       : skipped
Manipulator     : skipped
Whole-body RRT  : skipped
Frontend check  : skipped
Initialization  : skipped
Optimization    : skipped
Safety check    : skipped
Time scaling    : skipped
Safety recheck  : skipped
Total           : 0.106372 ms
[31m[ERROR] [1787025229.769190187]: KinoAstar: terminal goal not free (coll=0); reject planning (no RRT)[0m
[PLAN TIME] (frontend failed)
Hybrid A*       : skipped
Manipulator     : skipped
Whole-body RRT  : skipped
Frontend check  : skipped
Initialization  : skipped
Optimization    : skipped
Safety check    : skipped
Time scaling    : skipped
Safety recheck  : skipped
Total           : 0.103883 ms
[31m[ERROR] [1787025229.769295769]: KinoAstar: terminal goal not free (coll=0); reject planning (no RRT)[0m
[PLAN TIME] (frontend failed)
Hybrid A*       : skipped
Manipulator     : skipped
Whole-body RRT  : skipped
Frontend check  : skipped
Initialization  : skipped
Optimization    : skipped
Safety check    : skipped
Time scaling    : skipped
Safety recheck  : skipped
Total           : 0.104894 ms
[31m[ERROR] [1787025229.769401700]: KinoAstar: terminal goal not free (coll=0); reject planning (no RRT)[0m
[PLAN TIME] (frontend failed)
Hybrid A*       : skipped
Manipulator     : skipped
Whole-body RRT  : skipped
Frontend check  : skipped
Initialization  : skipped
Optimization    : skipped
Safety check    : skipped
Time scaling    : skipped
Safety recheck  : skipped
Total           : 0.103394 ms
[31m[ERROR] [1787025229.769411379]: [FSM] abort current goal after 10 consecutive planning failures[0m
[FSM]: from GEN_NEW_TRAJ to WAIT_TARGET
Triggered! traget type: 1
[0m[INFO] [1787025262.609010169]: FSM new goal: reset continous_failures_count to 0[0m
[0m[INFO] [1787025262.609046886]: FSM goal click: goal_xy=(0.400, 4.153) start_xy=(5.655, -2.013) yaw=-25.9 deg[0m
[FSM]: from WAIT_TARGET to GEN_NEW_TRAJ
[33m[WARN] [1787025265.635731339]: 3.501205 max left wheel omega is not feasible at relative time 20.210000! opt failed[0m
[47;30m
[replan 11]==============================================[0m
[0m[INFO] [1787025262.622281597]: continous_failures_count: 0[0m
[0m[INFO] [1787025265.579897710]: The optimization result is : Success: met stopping criteria (delta).[0m
[TIME SCALE] dynamics-only violation detected
[TIME SCALE] peak wheel omega = 4.00061 rad/s
[TIME SCALE] wheel omega hard limit = 4 rad/s
[TIME SCALE] wheel omega target = 3.8 rad/s
[TIME SCALE] peak wheel alpha = 7.67901 rad/s^2
[TIME SCALE] wheel alpha hard limit = 8 rad/s^2
[TIME SCALE] wheel alpha target = 7.6 rad/s^2
[TIME SCALE] peak joint vel = 0.0308662
[TIME SCALE] peak joint acc = 0.0400014
[TIME SCALE] selected scale = 1.07385
[TIME SCALE] attempt = 1/2
[TIME SCALE] cumulative scale = 1.07385
[TIME SCALE] duration old = 22.7725 s
[TIME SCALE] duration new = 24.4542 s
[TIME SCALE] safety recheck passed
[TIME SCALE] peak wheel omega after scaling = 3.72549 rad/s
[TIME SCALE] peak wheel alpha after scaling = 6.66135 rad/s^2
[TIME SCALE] accepted
[34mtotal time: 3085.49, init: 1783.12, optimize: 1302.37, avg_time: 3714.99, count_success: 2[0m
[PLAN TIME]
Hybrid A*       : 1194.89 ms
Manipulator     : 300.55 ms
Whole-body RRT  : skipped
Frontend check  : 0.51 ms
Initialization  : 0.02272 ms
Optimization    : 1174.52 ms
Safety check    : 63.2366 ms
Time scaling    : 0.03 ms
Safety recheck  : 64.51 ms
Total           : 3085.49 ms
[FSM]: from GEN_NEW_TRAJ to EXEC_TRAJ
reach goal
[FSM]: from EXEC_TRAJ to WAIT_TARGET
Triggered! traget type: 1
[0m[INFO] [1787025293.522829669]: FSM new goal: reset continous_failures_count to 0[0m
[0m[INFO] [1787025293.522873517]: FSM goal click: goal_xy=(-0.604, -4.879) start_xy=(0.400, 4.153) yaw=178.1 deg[0m
[FSM]: from WAIT_TARGET to GEN_NEW_TRAJ
[33m[WARN] [1787025296.756303258]: 3.518642 max left wheel omega is not feasible at relative time 2.290000! opt failed[0m
[47;30m
[replan 12]==============================================[0m
[0m[INFO] [1787025293.537873174]: continous_failures_count: 0[0m
[0m[INFO] [1787025296.750162459]: The optimization result is : Success: met stopping criteria (delta).[0m
[TIME SCALE] dynamics-only violation detected
[TIME SCALE] peak wheel omega = 4.00128 rad/s
[TIME SCALE] wheel omega hard limit = 4 rad/s
[TIME SCALE] wheel omega target = 3.8 rad/s
[TIME SCALE] peak wheel alpha = 6.54746 rad/s^2
[TIME SCALE] wheel alpha hard limit = 8 rad/s^2
[TIME SCALE] wheel alpha target = 7.6 rad/s^2
[TIME SCALE] peak joint vel = 0.00270846
[TIME SCALE] peak joint acc = 0.00415405
[TIME SCALE] selected scale = 1.07403
[TIME SCALE] attempt = 1/2
[TIME SCALE] cumulative scale = 1.07403
[TIME SCALE] duration old = 23.4723 s
[TIME SCALE] duration new = 25.2098 s
[TIME SCALE] safety recheck passed
[TIME SCALE] peak wheel omega after scaling = 3.7255 rad/s
[TIME SCALE] peak wheel alpha after scaling = 5.67309 rad/s^2
[TIME SCALE] accepted
[34mtotal time: 3344.38, init: 2306.47, optimize: 1037.91, avg_time: 3591.46, count_success: 3[0m
[PLAN TIME]
Hybrid A*       : 1729.69 ms
Manipulator     : 300.62 ms
Whole-body RRT  : skipped
Frontend check  : 0.50 ms
Initialization  : 0.023307 ms
Optimization    : 908.094 ms
Safety check    : 63.2778 ms
Time scaling    : 0.03 ms
Safety recheck  : 66.44 ms
Total           : 3344.38 ms
[FSM]: from GEN_NEW_TRAJ to EXEC_TRAJ
reach goal
[FSM]: from EXEC_TRAJ to WAIT_TARGET
