... logging to /home/gzz/.ros/log/dc828c7e-9a03-11f1-9425-970b7208096f/roslaunch-GZZ-37727.log
Checking log directory for disk usage. This may take a while.
Press Ctrl-C to interrupt
Done checking log file disk usage. Usage is <1GB.
]2;/home/gzz/Codes/wbc/remani_planner/src/REMANI-Planner/remani_planner/plan_manage/launch/remani_sim.launch
[1mstarted roslaunch server http://GZZ:41131/[0m

SUMMARY
========

PARAMETERS
 * /fake_mm/fake_mm/pub_urdf_joint_states: True
 * /fake_mm/fsm/init_gripper_close: False
 * /fake_mm/fsm/init_state: [-5.0, 0.0, 0.0, ...
 * /fake_mm/fsm/init_yaw: 0.0
 * /fake_mm/fsm/waypoint0: [0.0, 0.0, 0.0, 0...
 * /fake_mm/fsm/waypoint0_gripper_close: True
 * /fake_mm/fsm/waypoint0_yaw: 0.0
 * /fake_mm/fsm/waypoint1: [5.0, 0.0, 0.0, 0...
 * /fake_mm/fsm/waypoint1_gripper_close: False
 * /fake_mm/fsm/waypoint1_yaw: 0.0
 * /fake_mm/fsm/waypoint_num: 2
 * /fake_mm/map/map_type: 0
 * /fake_mm/mm/base_mani_fixed_joint_xyz_ypr: [0.2462, 0.0, 0.1...
 * /fake_mm/mm/manipulator_config: [0.1765, 0.607, 0...
 * /fake_mm/mm/manipulator_dof: 6
 * /fake_mm/mm/manipulator_max_acc: 1.57
 * /fake_mm/mm/manipulator_max_pos: [3.0, 1.5, 2.8, 3...
 * /fake_mm/mm/manipulator_max_vel: 0.8
 * /fake_mm/mm/manipulator_min_pos: [-3.0, -1.5, -2.8...
 * /fake_mm/mm/manipulator_self_thickness: 0.045
 * /fake_mm/mm/manipulator_thickness: 0.1
 * /fake_mm/mm/manipulator_type: cr10
 * /fake_mm/mm/mobile_base_check_radius: 0.1
 * /fake_mm/mm/mobile_base_dof: 2
 * /fake_mm/mm/mobile_base_height: 0.15
 * /fake_mm/mm/mobile_base_length: 1.1
 * /fake_mm/mm/mobile_base_max_wheel_alpha: 8.0
 * /fake_mm/mm/mobile_base_max_wheel_omega: 4.0
 * /fake_mm/mm/mobile_base_non_singul_vel: 0.05
 * /fake_mm/mm/mobile_base_wheel_base: 0.56
 * /fake_mm/mm/mobile_base_wheel_radius: 0.125
 * /fake_mm/mm/mobile_base_width: 0.9
 * /fsm/target_type: 1
 * /map_generator/bridges: [[0.0, 0.0, 1.0, ...
 * /map_generator/clear_centers: [[-5.0, 0.0], [-2...
 * /map_generator/clear_radius: 3.0
 * /map_generator/fsm/init_gripper_close: False
 * /map_generator/fsm/init_state: [-5.0, 0.0, 0.0, ...
 * /map_generator/fsm/init_yaw: 0.0
 * /map_generator/fsm/waypoint0: [0.0, 0.0, 0.0, 0...
 * /map_generator/fsm/waypoint0_gripper_close: True
 * /map_generator/fsm/waypoint0_yaw: 0.0
 * /map_generator/fsm/waypoint1: [5.0, 0.0, 0.0, 0...
 * /map_generator/fsm/waypoint1_gripper_close: False
 * /map_generator/fsm/waypoint1_yaw: 0.0
 * /map_generator/fsm/waypoint_num: 2
 * /map_generator/map/float_obs_num: 2
 * /map_generator/map/map_type: 0
 * /map_generator/map/obs_num: 4
 * /map_generator/map/resolution: 0.05
 * /map_generator/map/seed: 30
 * /map_generator/map/x_size: 16
 * /map_generator/map/y_size: 12
 * /map_generator/map/z_size: 3
 * /map_generator/min_distance: 2.5
 * /map_generator/mm/base_mani_fixed_joint_xyz_ypr: [0.2462, 0.0, 0.1...
 * /map_generator/mm/manipulator_config: [0.1765, 0.607, 0...
 * /map_generator/mm/manipulator_dof: 6
 * /map_generator/mm/manipulator_max_acc: 1.57
 * /map_generator/mm/manipulator_max_pos: [3.0, 1.5, 2.8, 3...
 * /map_generator/mm/manipulator_max_vel: 0.8
 * /map_generator/mm/manipulator_min_pos: [-3.0, -1.5, -2.8...
 * /map_generator/mm/manipulator_self_thickness: 0.045
 * /map_generator/mm/manipulator_thickness: 0.1
 * /map_generator/mm/manipulator_type: cr10
 * /map_generator/mm/mobile_base_check_radius: 0.1
 * /map_generator/mm/mobile_base_dof: 2
 * /map_generator/mm/mobile_base_height: 0.15
 * /map_generator/mm/mobile_base_length: 1.1
 * /map_generator/mm/mobile_base_max_wheel_alpha: 8.0
 * /map_generator/mm/mobile_base_max_wheel_omega: 4.0
 * /map_generator/mm/mobile_base_non_singul_vel: 0.05
 * /map_generator/mm/mobile_base_wheel_base: 0.56
 * /map_generator/mm/mobile_base_wheel_radius: 0.125
 * /map_generator/mm/mobile_base_width: 0.9
 * /map_generator/pub_rate: 1.0
 * /mm_controller_node/fsm/emergency_time: 1.5
 * /mm_controller_node/fsm/global_plan: True
 * /mm_controller_node/fsm/init_gripper_close: False
 * /mm_controller_node/fsm/init_state: [-5.0, 0.0, 0.0, ...
 * /mm_controller_node/fsm/init_yaw: 0.0
 * /mm_controller_node/fsm/planning_horizon: 5.0
 * /mm_controller_node/fsm/replan_trajectory_time: 1.7
 * /mm_controller_node/fsm/target_type: 2
 * /mm_controller_node/fsm/thresh_replan_time: 2.5
 * /mm_controller_node/fsm/time_for_gripper: 0.05
 * /mm_controller_node/fsm/waypoint0: [0.0, 0.0, 0.0, 0...
 * /mm_controller_node/fsm/waypoint0_gripper_close: True
 * /mm_controller_node/fsm/waypoint0_yaw: 0.0
 * /mm_controller_node/fsm/waypoint1: [5.0, 0.0, 0.0, 0...
 * /mm_controller_node/fsm/waypoint1_gripper_close: False
 * /mm_controller_node/fsm/waypoint1_yaw: 0.0
 * /mm_controller_node/fsm/waypoint_num: 2
 * /mm_controller_node/grid_map/use_global_map: False
 * /mm_controller_node/grid_map/use_load_map: True
 * /mm_controller_node/map/map_type: 0
 * /mm_controller_node/mm/base_mani_fixed_joint_xyz_ypr: [0.2462, 0.0, 0.1...
 * /mm_controller_node/mm/manipulator_config: [0.1765, 0.607, 0...
 * /mm_controller_node/mm/manipulator_dof: 6
 * /mm_controller_node/mm/manipulator_max_acc: 1.57
 * /mm_controller_node/mm/manipulator_max_pos: [3.0, 1.5, 2.8, 3...
 * /mm_controller_node/mm/manipulator_max_vel: 0.8
 * /mm_controller_node/mm/manipulator_min_pos: [-3.0, -1.5, -2.8...
 * /mm_controller_node/mm/manipulator_self_thickness: 0.045
 * /mm_controller_node/mm/manipulator_thickness: 0.1
 * /mm_controller_node/mm/manipulator_type: cr10
 * /mm_controller_node/mm/mobile_base_check_radius: 0.1
 * /mm_controller_node/mm/mobile_base_dof: 2
 * /mm_controller_node/mm/mobile_base_height: 0.15
 * /mm_controller_node/mm/mobile_base_length: 1.1
 * /mm_controller_node/mm/mobile_base_max_wheel_alpha: 8.0
 * /mm_controller_node/mm/mobile_base_max_wheel_omega: 4.0
 * /mm_controller_node/mm/mobile_base_non_singul_vel: 0.05
 * /mm_controller_node/mm/mobile_base_wheel_base: 0.56
 * /mm_controller_node/mm/mobile_base_wheel_radius: 0.125
 * /mm_controller_node/mm/mobile_base_width: 0.9
 * /mm_controller_node/optimization/constrain_points_perPiece: 16
 * /mm_controller_node/optimization/dense_sample_resolution: 16
 * /mm_controller_node/optimization/enable_dynamic_time_scaling: True
 * /mm_controller_node/optimization/ground_safe_dis: 0.03
 * /mm_controller_node/optimization/ground_safe_margin: 0.03
 * /mm_controller_node/optimization/max_time_scale: 2.0
 * /mm_controller_node/optimization/max_time_scaling_attempts: 2
 * /mm_controller_node/optimization/mobile_base_opt_gear: True
 * /mm_controller_node/optimization/safe_margin: 0.1
 * /mm_controller_node/optimization/safe_margin_mani: 0.15
 * /mm_controller_node/optimization/self_safe_margin: 0.1
 * /mm_controller_node/optimization/weight_base_feasibility: 100.0
 * /mm_controller_node/optimization/weight_manipulator_feasibility: 100.0
 * /mm_controller_node/optimization/weight_manipulator_obstacle: 80000.0
 * /mm_controller_node/optimization/weight_manipulator_self: 1000.0
 * /mm_controller_node/optimization/weight_obstacle: 50000.0
 * /mm_controller_node/optimization/weight_time: 1.0
 * /mm_controller_node/optimization/wheel_limit_ratio: 0.95
 * /mm_controller_node/search/allocate_num: 100000
 * /mm_controller_node/search/check_num: 16
 * /mm_controller_node/search/curvatureDisCoe: 0.4
 * /mm_controller_node/search/dist_resolution: 0.6
 * /mm_controller_node/search/goal_rate: 0.4
 * /mm_controller_node/search/lambda_heu: 1
 * /mm_controller_node/search/max_arc: 0.4
 * /mm_controller_node/search/max_loop_num: 5000
 * /mm_controller_node/search/max_mani_search_time: 0.3
 * /mm_controller_node/search/max_sample_time: 1.5
 * /mm_controller_node/search/max_seach_time: 3.0
 * /mm_controller_node/search/min_turning_radius: 0.2
 * /mm_controller_node/search/oneshot_check_len: 0.02
 * /mm_controller_node/search/oneshot_range: 1.0
 * /mm_controller_node/search/sample_time: 0.1
 * /mm_controller_node/search/traj_back_penalty: 3.0
 * /mm_controller_node/search/traj_forward_penalty: 1.0
 * /mm_controller_node/search/traj_gear_switch_penalty: 10.0
 * /mm_controller_node/search/traj_steer_change_penalty: 2.0
 * /mm_controller_node/search/traj_steer_penalty: 5.0
 * /mm_controller_node/search/try_astar_times: 5
 * /mm_controller_node/search/yaw_resolution: 0.35
 * /mm_controller_node/visualization/enable_debug_vis: False
 * /mm_controller_node/visualization/enable_traj_mesh_vis: True
 * /mm_controller_node/visualization/his_traj_max_points: 500
 * /mm_controller_node/visualization/mesh_vis_stride: 3
 * /mm_controller_node/visualization/tf_rate_hz: 20.0
 * /mm_controller_node/visualization/vis_rate_hz: 15.0
 * /model_vis/fsm/emergency_time: 1.5
 * /model_vis/fsm/global_plan: True
 * /model_vis/fsm/init_gripper_close: False
 * /model_vis/fsm/init_state: [-5.0, 0.0, 0.0, ...
 * /model_vis/fsm/init_yaw: 0.0
 * /model_vis/fsm/planning_horizon: 5.0
 * /model_vis/fsm/replan_trajectory_time: 1.7
 * /model_vis/fsm/target_type: 2
 * /model_vis/fsm/thresh_replan_time: 2.5
 * /model_vis/fsm/time_for_gripper: 0.05
 * /model_vis/fsm/waypoint0: [0.0, 0.0, 0.0, 0...
 * /model_vis/fsm/waypoint0_gripper_close: True
 * /model_vis/fsm/waypoint0_yaw: 0.0
 * /model_vis/fsm/waypoint1: [5.0, 0.0, 0.0, 0...
 * /model_vis/fsm/waypoint1_gripper_close: False
 * /model_vis/fsm/waypoint1_yaw: 0.0
 * /model_vis/fsm/waypoint_num: 2
 * /model_vis/grid_map/use_global_map: False
 * /model_vis/grid_map/use_load_map: True
 * /model_vis/map/map_type: 0
 * /model_vis/mm/base_mani_fixed_joint_xyz_ypr: [0.2462, 0.0, 0.1...
 * /model_vis/mm/manipulator_config: [0.1765, 0.607, 0...
 * /model_vis/mm/manipulator_dof: 6
 * /model_vis/mm/manipulator_max_acc: 1.57
 * /model_vis/mm/manipulator_max_pos: [3.0, 1.5, 2.8, 3...
 * /model_vis/mm/manipulator_max_vel: 0.8
 * /model_vis/mm/manipulator_min_pos: [-3.0, -1.5, -2.8...
 * /model_vis/mm/manipulator_self_thickness: 0.045
 * /model_vis/mm/manipulator_thickness: 0.1
 * /model_vis/mm/manipulator_type: cr10
 * /model_vis/mm/mobile_base_check_radius: 0.1
 * /model_vis/mm/mobile_base_dof: 2
 * /model_vis/mm/mobile_base_height: 0.15
 * /model_vis/mm/mobile_base_length: 1.1
 * /model_vis/mm/mobile_base_max_wheel_alpha: 8.0
 * /model_vis/mm/mobile_base_max_wheel_omega: 4.0
 * /model_vis/mm/mobile_base_non_singul_vel: 0.05
 * /model_vis/mm/mobile_base_wheel_base: 0.56
 * /model_vis/mm/mobile_base_wheel_radius: 0.125
 * /model_vis/mm/mobile_base_width: 0.9
 * /model_vis/optimization/constrain_points_perPiece: 16
 * /model_vis/optimization/dense_sample_resolution: 16
 * /model_vis/optimization/enable_dynamic_time_scaling: True
 * /model_vis/optimization/ground_safe_dis: 0.03
 * /model_vis/optimization/ground_safe_margin: 0.03
 * /model_vis/optimization/max_time_scale: 2.0
 * /model_vis/optimization/max_time_scaling_attempts: 2
 * /model_vis/optimization/mobile_base_opt_gear: True
 * /model_vis/optimization/safe_margin: 0.1
 * /model_vis/optimization/safe_margin_mani: 0.15
 * /model_vis/optimization/self_safe_margin: 0.1
 * /model_vis/optimization/weight_base_feasibility: 100.0
 * /model_vis/optimization/weight_manipulator_feasibility: 100.0
 * /model_vis/optimization/weight_manipulator_obstacle: 80000.0
 * /model_vis/optimization/weight_manipulator_self: 1000.0
 * /model_vis/optimization/weight_obstacle: 50000.0
 * /model_vis/optimization/weight_time: 1.0
 * /model_vis/optimization/wheel_limit_ratio: 0.95
 * /model_vis/search/allocate_num: 100000
 * /model_vis/search/check_num: 16
 * /model_vis/search/curvatureDisCoe: 0.4
 * /model_vis/search/dist_resolution: 0.6
 * /model_vis/search/goal_rate: 0.4
 * /model_vis/search/lambda_heu: 1
 * /model_vis/search/max_arc: 0.4
 * /model_vis/search/max_loop_num: 5000
 * /model_vis/search/max_mani_search_time: 0.3
 * /model_vis/search/max_sample_time: 1.5
 * /model_vis/search/max_seach_time: 3.0
 * /model_vis/search/min_turning_radius: 0.2
 * /model_vis/search/oneshot_check_len: 0.02
 * /model_vis/search/oneshot_range: 1.0
 * /model_vis/search/sample_time: 0.1
 * /model_vis/search/traj_back_penalty: 3.0
 * /model_vis/search/traj_forward_penalty: 1.0
 * /model_vis/search/traj_gear_switch_penalty: 10.0
 * /model_vis/search/traj_steer_change_penalty: 2.0
 * /model_vis/search/traj_steer_penalty: 5.0
 * /model_vis/search/try_astar_times: 5
 * /model_vis/search/yaw_resolution: 0.35
 * /model_vis/visualization/enable_debug_vis: False
 * /model_vis/visualization/enable_traj_mesh_vis: True
 * /model_vis/visualization/his_traj_max_points: 500
 * /model_vis/visualization/mesh_vis_stride: 3
 * /model_vis/visualization/tf_rate_hz: 20.0
 * /model_vis/visualization/vis_rate_hz: 15.0
 * /remani_planner_node/fsm/emergency_time: 1.5
 * /remani_planner_node/fsm/fail_safe: True
 * /remani_planner_node/fsm/global_plan: True
 * /remani_planner_node/fsm/init_gripper_close: False
 * /remani_planner_node/fsm/init_state: [-5.0, 0.0, 0.0, ...
 * /remani_planner_node/fsm/init_yaw: 0.0
 * /remani_planner_node/fsm/planning_horizon: 5.0
 * /remani_planner_node/fsm/replan_trajectory_time: 1.7
 * /remani_planner_node/fsm/target_type: 1
 * /remani_planner_node/fsm/thresh_no_replan_meter: 2.5
 * /remani_planner_node/fsm/thresh_replan_time: 2.5
 * /remani_planner_node/fsm/time_for_gripper: 0.05
 * /remani_planner_node/fsm/waypoint0: [0.0, 0.0, 0.0, 0...
 * /remani_planner_node/fsm/waypoint0_gripper_close: True
 * /remani_planner_node/fsm/waypoint0_yaw: 0.0
 * /remani_planner_node/fsm/waypoint1: [5.0, 0.0, 0.0, 0...
 * /remani_planner_node/fsm/waypoint1_gripper_close: False
 * /remani_planner_node/fsm/waypoint1_yaw: 0.0
 * /remani_planner_node/fsm/waypoint_num: 2
 * /remani_planner_node/grid_map/cx: 321.04638671875
 * /remani_planner_node/grid_map/cy: 243.44969177246094
 * /remani_planner_node/grid_map/depth_filter_margin: 2
 * /remani_planner_node/grid_map/depth_filter_maxdist: 5.0
 * /remani_planner_node/grid_map/depth_filter_mindist: 0.2
 * /remani_planner_node/grid_map/depth_filter_tolerance: 0.15
 * /remani_planner_node/grid_map/esdf_slice_height: -0.1
 * /remani_planner_node/grid_map/frame_id: world
 * /remani_planner_node/grid_map/fx: 387.229248046875
 * /remani_planner_node/grid_map/fy: 387.229248046875
 * /remani_planner_node/grid_map/ground_height: -0.01
 * /remani_planner_node/grid_map/k_depth_scaling_factor: 1000.0
 * /remani_planner_node/grid_map/local_bound_inflate: 0.0
 * /remani_planner_node/grid_map/local_map_margin: 15
 * /remani_planner_node/grid_map/local_update_range_x: 17
 * /remani_planner_node/grid_map/local_update_range_y: 17
 * /remani_planner_node/grid_map/local_update_range_z: 3.0
 * /remani_planner_node/grid_map/map_size_x: 16.0
 * /remani_planner_node/grid_map/map_size_y: 12.0
 * /remani_planner_node/grid_map/map_size_z: 3.0
 * /remani_planner_node/grid_map/max_ray_length: 4.5
 * /remani_planner_node/grid_map/min_ray_length: 0.1
 * /remani_planner_node/grid_map/obstacles_inflation: 0.08
 * /remani_planner_node/grid_map/p_hit: 0.65
 * /remani_planner_node/grid_map/p_max: 0.9
 * /remani_planner_node/grid_map/p_min: 0.12
 * /remani_planner_node/grid_map/p_miss: 0.35
 * /remani_planner_node/grid_map/p_occ: 0.8
 * /remani_planner_node/grid_map/pose_type: 1
 * /remani_planner_node/grid_map/resolution: 0.05
 * /remani_planner_node/grid_map/show_esdf_time: False
 * /remani_planner_node/grid_map/show_occ_time: False
 * /remani_planner_node/grid_map/skip_pixel: 2
 * /remani_planner_node/grid_map/use_depth_filter: True
 * /remani_planner_node/grid_map/use_global_map: False
 * /remani_planner_node/grid_map/use_load_map: True
 * /remani_planner_node/grid_map/virtual_ceil_height: 4.0
 * /remani_planner_node/grid_map/visualization_truncate_height: 2.8
 * /remani_planner_node/grid_map/z_length: 0.0
 * /remani_planner_node/manager/control_points_distance: 0.4
 * /remani_planner_node/manager/feasibility_tolerance: 0.05
 * /remani_planner_node/manager/polyTraj_piece_length: 2.0
 * /remani_planner_node/map/map_type: 0
 * /remani_planner_node/mm/base_mani_fixed_joint_xyz_ypr: [0.2462, 0.0, 0.1...
 * /remani_planner_node/mm/manipulator_config: [0.1765, 0.607, 0...
 * /remani_planner_node/mm/manipulator_dof: 6
 * /remani_planner_node/mm/manipulator_max_acc: 1.57
 * /remani_planner_node/mm/manipulator_max_pos: [3.0, 1.5, 2.8, 3...
 * /remani_planner_node/mm/manipulator_max_vel: 0.8
 * /remani_planner_node/mm/manipulator_min_pos: [-3.0, -1.5, -2.8...
 * /remani_planner_node/mm/manipulator_self_thickness: 0.045
 * /remani_planner_node/mm/manipulator_thickness: 0.1
 * /remani_planner_node/mm/manipulator_type: cr10
 * /remani_planner_node/mm/mobile_base_check_radius: 0.1
 * /remani_planner_node/mm/mobile_base_dof: 2
 * /remani_planner_node/mm/mobile_base_height: 0.15
 * /remani_planner_node/mm/mobile_base_length: 1.1
 * /remani_planner_node/mm/mobile_base_max_wheel_alpha: 8.0
 * /remani_planner_node/mm/mobile_base_max_wheel_omega: 4.0
 * /remani_planner_node/mm/mobile_base_non_singul_vel: 0.05
 * /remani_planner_node/mm/mobile_base_wheel_base: 0.56
 * /remani_planner_node/mm/mobile_base_wheel_radius: 0.125
 * /remani_planner_node/mm/mobile_base_width: 0.9
 * /remani_planner_node/optimization/constrain_points_perPiece: 16
 * /remani_planner_node/optimization/dense_sample_resolution: 16
 * /remani_planner_node/optimization/enable_dynamic_time_scaling: True
 * /remani_planner_node/optimization/ground_safe_dis: 0.03
 * /remani_planner_node/optimization/ground_safe_margin: 0.03
 * /remani_planner_node/optimization/max_time_scale: 2.0
 * /remani_planner_node/optimization/max_time_scaling_attempts: 2
 * /remani_planner_node/optimization/mobile_base_opt_gear: True
 * /remani_planner_node/optimization/safe_margin: 0.1
 * /remani_planner_node/optimization/safe_margin_mani: 0.15
 * /remani_planner_node/optimization/self_safe_margin: 0.1
 * /remani_planner_node/optimization/weight_base_feasibility: 100.0
 * /remani_planner_node/optimization/weight_manipulator_feasibility: 100.0
 * /remani_planner_node/optimization/weight_manipulator_obstacle: 80000.0
 * /remani_planner_node/optimization/weight_manipulator_self: 1000.0
 * /remani_planner_node/optimization/weight_obstacle: 50000.0
 * /remani_planner_node/optimization/weight_time: 1.0
 * /remani_planner_node/optimization/wheel_limit_ratio: 0.95
 * /remani_planner_node/search/allocate_num: 100000
 * /remani_planner_node/search/check_num: 16
 * /remani_planner_node/search/curvatureDisCoe: 0.4
 * /remani_planner_node/search/dist_resolution: 0.6
 * /remani_planner_node/search/goal_rate: 0.4
 * /remani_planner_node/search/lambda_heu: 1
 * /remani_planner_node/search/max_arc: 0.4
 * /remani_planner_node/search/max_loop_num: 5000
 * /remani_planner_node/search/max_mani_search_time: 0.3
 * /remani_planner_node/search/max_sample_time: 1.5
 * /remani_planner_node/search/max_seach_time: 3.0
 * /remani_planner_node/search/min_turning_radius: 0.5
 * /remani_planner_node/search/oneshot_check_len: 0.02
 * /remani_planner_node/search/oneshot_range: 1.0
 * /remani_planner_node/search/sample_time: 0.1
 * /remani_planner_node/search/traj_back_penalty: 3.0
 * /remani_planner_node/search/traj_forward_penalty: 1.0
 * /remani_planner_node/search/traj_gear_switch_penalty: 10.0
 * /remani_planner_node/search/traj_steer_change_penalty: 2.0
 * /remani_planner_node/search/traj_steer_penalty: 5.0
 * /remani_planner_node/search/try_astar_times: 5
 * /remani_planner_node/search/yaw_resolution: 0.35
 * /remani_planner_node/visualization/enable_debug_vis: False
 * /remani_planner_node/visualization/enable_traj_mesh_vis: True
 * /remani_planner_node/visualization/his_traj_max_points: 500
 * /remani_planner_node/visualization/mesh_vis_stride: 3
 * /remani_planner_node/visualization/tf_rate_hz: 20.0
 * /remani_planner_node/visualization/vis_rate_hz: 15.0
 * /robot_description: <?xml version='1....
 * /rosdistro: noetic
 * /rosversion: 1.17.4
 * /search/max_seach_time: 3.0
 * /search/min_turning_radius: 0.5

NODES
  /
    fake_mm (fake_mm/fake_mm)
    map_generator (map_generator/map_generator)
    mm_controller_node (mm_controller/mm_controller_node)
    model_vis (fake_mm/model_vis)
    remani_planner_node (remani_planner/remani_planner_node)
    robot_state_publisher (robot_state_publisher/robot_state_publisher)
    rviz (rviz/rviz)
[33m[WARN] [1786947680.738064699]: The root link base_link has an inertia specified in the URDF, but KDL does not support a root link with an inertia.  As a workaround, you can add an extra dummy link to your URDF.[0m
[33m[WARN] [1786947680.827205157]: Finished generate Cuboids Map [0m
[0m[INFO] [1786947680.938678160]: MMConfig: type=cr10 thickness=0.100 self_thickness=0.045[0m
[0m[INFO] [1786947680.954136298]: KinoAstar: max_seach_time=3.000 s min_turning_radius=0.500[0m
[FSM]: from INIT to WAIT_TARGET
[rospack] Error: failed to parse command-line options: too many positional options have been specified on the command line
[librospack]: error while executing command
[rospack] Error: failed to parse command-line options: too many positional options have been specified on the command line
[librospack]: error while executing command
[rospack] Error: failed to parse command-line options: too many positional options have been specified on the command line
[librospack]: error while executing command
Triggered! traget type: 1
[0m[INFO] [1786947697.145125456]: FSM new goal: reset continous_failures_count to 0[0m
[0m[INFO] [1786947697.145160275]: FSM goal click: goal_xy=(3.805, -1.098) start_xy=(-5.000, 0.000) yaw=0.0 deg[0m
[FSM]: from WAIT_TARGET to GEN_NEW_TRAJ
[33m[WARN] [1786947697.539007898]: KinoAstar: frontend path not free (coll=0) at piece 0 idx 14; reject[0m
[47;30m
[replan 0]==============================================[0m
[0m[INFO] [1786947697.156302888]: continous_failures_count: 0[0m
[PLAN TIME] (frontend failed)
Hybrid A*       : 67.51 ms
Manipulator     : 300.36 ms
Whole-body RRT  : skipped
Frontend check  : 0.52 ms
Initialization  : skipped
Optimization    : skipped
Safety check    : skipped
Time scaling    : skipped
Safety recheck  : skipped
Total           : 382.832 ms
[PLAN TIME] (frontend failed)
Hybrid A*       : 59.89 ms
Manipulator     : 300.64 ms
Whole-body RRT  : skipped
Frontend check  : 0.40 ms
Initialization  : skipped
Optimization    : skipped
Safety check    : skipped
Time scaling    : skipped
Safety recheck  : skipped
Total           : 471.802 ms
[PLAN TIME] (frontend failed)
Hybrid A*       : 58.84 ms
Manipulator     : 300.98 ms
Whole-body RRT  : skipped
Frontend check  : 0.41 ms
Initialization  : skipped
Optimization    : skipped
Safety check    : skipped
Time scaling    : skipped
Safety recheck  : skipped
Total           : 450.24 ms
[PLAN TIME] (frontend failed)
Hybrid A*       : 59.21 ms
Manipulator     : 300.85 ms
Whole-body RRT  : skipped
Frontend check  : 0.38 ms
Initialization  : skipped
Optimization    : skipped
Safety check    : skipped
Time scaling    : skipped
Safety recheck  : skipped
Total           : 434.439 ms
[PLAN TIME] (frontend failed)
Hybrid A*       : 59.41 ms
Manipulator     : 300.20 ms
Whole-body RRT  : skipped
Frontend check  : 0.42 ms
Initialization  : skipped
Optimization    : skipped
Safety check    : skipped
Time scaling    : skipped
Safety recheck  : skipped
Total           : 374.039 ms
[33m[WARN] [1786947699.269950619]: KinoAstar: switching to whole-body RRT after 5 failures. start=(-5.00,0.00) goal=(3.80,-1.10)[0m
[33m[WARN] [1786947700.770723228]: KinoAstar: whole-body RRT failed. start=(-5.00,0.00) goal=(3.80,-1.10)[0m
[47;30m
[replan 5]==============================================[0m
[0m[INFO] [1786947699.269791514]: continous_failures_count: 5[0m
[PLAN TIME] (frontend failed)
Hybrid A*       : skipped
Manipulator     : 0.47 ms
Whole-body RRT  : 1500.02 ms
Frontend check  : skipped
Initialization  : skipped
Optimization    : skipped
Safety check    : skipped
Time scaling    : skipped
Safety recheck  : skipped
Total           : 1501.05 ms
[PLAN TIME] (frontend failed)
Hybrid A*       : skipped
Manipulator     : 0.40 ms
Whole-body RRT  : 1500.00 ms
Frontend check  : skipped
Initialization  : skipped
Optimization    : skipped
Safety check    : skipped
Time scaling    : skipped
Safety recheck  : skipped
Total           : 1500.55 ms
[33m[WARN] [1786947702.271590516]: KinoAstar: switching to whole-body RRT after 7 failures. start=(-5.00,0.00) goal=(3.80,-1.10)[0m
[33m[WARN] [1786947703.772088561]: KinoAstar: whole-body RRT failed. start=(-5.00,0.00) goal=(3.80,-1.10)[0m
[47;30m
[replan 7]==============================================[0m
[0m[INFO] [1786947702.271407844]: continous_failures_count: 7[0m
[PLAN TIME] (frontend failed)
Hybrid A*       : skipped
Manipulator     : 0.43 ms
Whole-body RRT  : 1500.01 ms
Frontend check  : skipped
Initialization  : skipped
Optimization    : skipped
Safety check    : skipped
Time scaling    : skipped
Safety recheck  : skipped
Total           : 1500.76 ms
[PLAN TIME] (frontend failed)
Hybrid A*       : skipped
Manipulator     : 0.41 ms
Whole-body RRT  : 1500.00 ms
Frontend check  : skipped
Initialization  : skipped
Optimization    : skipped
Safety check    : skipped
Time scaling    : skipped
Safety recheck  : skipped
Total           : 1500.57 ms
[33m[WARN] [1786947705.272872199]: KinoAstar: switching to whole-body RRT after 9 failures. start=(-5.00,0.00) goal=(3.80,-1.10)[0m
[33m[WARN] [1786947706.773323553]: KinoAstar: whole-body RRT failed. start=(-5.00,0.00) goal=(3.80,-1.10)[0m
[47;30m
[replan 9]==============================================[0m
[0m[INFO] [1786947705.272751222]: continous_failures_count: 9[0m
[PLAN TIME] (frontend failed)
Hybrid A*       : skipped
Manipulator     : 0.40 ms
Whole-body RRT  : 1500.00 ms
Frontend check  : skipped
Initialization  : skipped
Optimization    : skipped
Safety check    : skipped
Time scaling    : skipped
Safety recheck  : skipped
Total           : 1500.62 ms
[0m[INFO] [1786947706.773362486]: [FSM]: stay in GEN_NEW_TRAJ (x2)[0m
[PLAN TIME] (frontend failed)
Hybrid A*       : skipped
Manipulator     : 0.79 ms
Whole-body RRT  : 1500.01 ms
Frontend check  : skipped
Initialization  : skipped
Optimization    : skipped
Safety check    : skipped
Time scaling    : skipped
Safety recheck  : skipped
Total           : 1501 ms
[33m[WARN] [1786947708.284669558]: KinoAstar: switching to whole-body RRT after 11 failures. start=(-5.00,0.00) goal=(3.80,-1.10)[0m
[33m[WARN] [1786947709.785137777]: KinoAstar: whole-body RRT failed. start=(-5.00,0.00) goal=(3.80,-1.10)[0m
[47;30m
[replan 11]==============================================[0m
[0m[INFO] [1786947708.284523999]: continous_failures_count: 11[0m
[PLAN TIME] (frontend failed)
Hybrid A*       : skipped
Manipulator     : 0.41 ms
Whole-body RRT  : 1500.00 ms
Frontend check  : skipped
Initialization  : skipped
Optimization    : skipped
Safety check    : skipped
Time scaling    : skipped
Safety recheck  : skipped
Total           : 1500.67 ms
[PLAN TIME] (frontend failed)
Hybrid A*       : skipped
Manipulator     : 0.38 ms
Whole-body RRT  : 1500.00 ms
Frontend check  : skipped
Initialization  : skipped
Optimization    : skipped
Safety check    : skipped
Time scaling    : skipped
Safety recheck  : skipped
Total           : 1500.51 ms
[33m[WARN] [1786947711.285855262]: KinoAstar: switching to whole-body RRT after 13 failures. start=(-5.00,0.00) goal=(3.80,-1.10)[0m
[33m[WARN] [1786947712.786304776]: KinoAstar: whole-body RRT failed. start=(-5.00,0.00) goal=(3.80,-1.10)[0m
[47;30m
[replan 13]==============================================[0m
[0m[INFO] [1786947711.285730742]: continous_failures_count: 13[0m
[PLAN TIME] (frontend failed)
Hybrid A*       : skipped
Manipulator     : 0.39 ms
Whole-body RRT  : 1500.00 ms
Frontend check  : skipped
Initialization  : skipped
Optimization    : skipped
Safety check    : skipped
Time scaling    : skipped
Safety recheck  : skipped
Total           : 1500.63 ms
[PLAN TIME] (frontend failed)
Hybrid A*       : skipped
Manipulator     : 0.39 ms
Whole-body RRT  : 1500.00 ms
Frontend check  : skipped
Initialization  : skipped
Optimization    : skipped
Safety check    : skipped
Time scaling    : skipped
Safety recheck  : skipped
Total           : 1500.52 ms
[33m[WARN] [1786947714.287028558]: KinoAstar: switching to whole-body RRT after 15 failures. start=(-5.00,0.00) goal=(3.80,-1.10)[0m
[33m[WARN] [1786947715.787494141]: KinoAstar: whole-body RRT failed. start=(-5.00,0.00) goal=(3.80,-1.10)[0m
[47;30m
[replan 15]==============================================[0m
[0m[INFO] [1786947714.286904975]: continous_failures_count: 15[0m
[PLAN TIME] (frontend failed)
Hybrid A*       : skipped
Manipulator     : 0.40 ms
Whole-body RRT  : 1500.00 ms
Frontend check  : skipped
Initialization  : skipped
Optimization    : skipped
Safety check    : skipped
Time scaling    : skipped
Safety recheck  : skipped
Total           : 1500.65 ms
[PLAN TIME] (frontend failed)
Hybrid A*       : skipped
Manipulator     : 0.43 ms
Whole-body RRT  : 1500.00 ms
Frontend check  : skipped
Initialization  : skipped
Optimization    : skipped
Safety check    : skipped
Time scaling    : skipped
Safety recheck  : skipped
Total           : 1500.61 ms
[33m[WARN] [1786947717.288356833]: KinoAstar: switching to whole-body RRT after 17 failures. start=(-5.00,0.00) goal=(3.80,-1.10)[0m
[33m[WARN] [1786947718.788822238]: KinoAstar: whole-body RRT failed. start=(-5.00,0.00) goal=(3.80,-1.10)[0m
[47;30m
[replan 17]==============================================[0m
[0m[INFO] [1786947717.288226300]: continous_failures_count: 17[0m
[PLAN TIME] (frontend failed)
Hybrid A*       : skipped
Manipulator     : 0.40 ms
Whole-body RRT  : 1500.01 ms
Frontend check  : skipped
Initialization  : skipped
Optimization    : skipped
Safety check    : skipped
Time scaling    : skipped
Safety recheck  : skipped
Total           : 1500.67 ms
[PLAN TIME] (frontend failed)
Hybrid A*       : skipped
Manipulator     : 0.40 ms
Whole-body RRT  : 1500.00 ms
Frontend check  : skipped
Initialization  : skipped
Optimization    : skipped
Safety check    : skipped
Time scaling    : skipped
Safety recheck  : skipped
Total           : 1500.54 ms
[33m[WARN] [1786947720.289555963]: KinoAstar: switching to whole-body RRT after 19 failures. start=(-5.00,0.00) goal=(3.80,-1.10)[0m
[33m[WARN] [1786947721.789989964]: KinoAstar: whole-body RRT failed. start=(-5.00,0.00) goal=(3.80,-1.10)[0m
[47;30m
[replan 19]==============================================[0m
[0m[INFO] [1786947720.289439230]: continous_failures_count: 19[0m
[PLAN TIME] (frontend failed)
Hybrid A*       : skipped
Manipulator     : 0.38 ms
Whole-body RRT  : 1500.00 ms
Frontend check  : skipped
Initialization  : skipped
Optimization    : skipped
Safety check    : skipped
Time scaling    : skipped
Safety recheck  : skipped
Total           : 1500.6 ms
[0m[INFO] [1786947721.790039187]: [FSM]: stay in GEN_NEW_TRAJ (x3)[0m
[PLAN TIME] (frontend failed)
Hybrid A*       : skipped
Manipulator     : 0.41 ms
Whole-body RRT  : 1500.00 ms
Frontend check  : skipped
Initialization  : skipped
Optimization    : skipped
Safety check    : skipped
Time scaling    : skipped
Safety recheck  : skipped
Total           : 1500.55 ms
[33m[WARN] [1786947723.300968653]: KinoAstar: switching to whole-body RRT after 21 failures. start=(-5.00,0.00) goal=(3.80,-1.10)[0m
[33m[WARN] [1786947724.801425474]: KinoAstar: whole-body RRT failed. start=(-5.00,0.00) goal=(3.80,-1.10)[0m
[47;30m
[replan 21]==============================================[0m
[0m[INFO] [1786947723.300829993]: continous_failures_count: 21[0m
[PLAN TIME] (frontend failed)
Hybrid A*       : skipped
Manipulator     : 0.39 ms
Whole-body RRT  : 1500.01 ms
Frontend check  : skipped
Initialization  : skipped
Optimization    : skipped
Safety check    : skipped
Time scaling    : skipped
Safety recheck  : skipped
Total           : 1500.66 ms
[PLAN TIME] (frontend failed)
Hybrid A*       : skipped
Manipulator     : 0.43 ms
Whole-body RRT  : 1500.01 ms
Frontend check  : skipped
Initialization  : skipped
Optimization    : skipped
Safety check    : skipped
Time scaling    : skipped
Safety recheck  : skipped
Total           : 1500.6 ms
[33m[WARN] [1786947726.302255399]: KinoAstar: switching to whole-body RRT after 23 failures. start=(-5.00,0.00) goal=(3.80,-1.10)[0m
[33m[WARN] [1786947727.802721283]: KinoAstar: whole-body RRT failed. start=(-5.00,0.00) goal=(3.80,-1.10)[0m
[47;30m
[replan 23]==============================================[0m
[0m[INFO] [1786947726.302116701]: continous_failures_count: 23[0m
[PLAN TIME] (frontend failed)
Hybrid A*       : skipped
Manipulator     : 0.41 ms
Whole-body RRT  : 1500.01 ms
Frontend check  : skipped
Initialization  : skipped
Optimization    : skipped
Safety check    : skipped
Time scaling    : skipped
Safety recheck  : skipped
Total           : 1500.65 ms
[PLAN TIME] (frontend failed)
Hybrid A*       : skipped
Manipulator     : 0.44 ms
Whole-body RRT  : 1500.00 ms
Frontend check  : skipped
Initialization  : skipped
Optimization    : skipped
Safety check    : skipped
Time scaling    : skipped
Safety recheck  : skipped
Total           : 1500.59 ms
[33m[WARN] [1786947729.303552007]: KinoAstar: switching to whole-body RRT after 25 failures. start=(-5.00,0.00) goal=(3.80,-1.10)[0m
[33m[WARN] [1786947730.804071735]: KinoAstar: whole-body RRT failed. start=(-5.00,0.00) goal=(3.80,-1.10)[0m
[47;30m
[replan 25]==============================================[0m
[0m[INFO] [1786947729.303407390]: continous_failures_count: 25[0m
[PLAN TIME] (frontend failed)
Hybrid A*       : skipped
Manipulator     : 0.45 ms
Whole-body RRT  : 1500.00 ms
Frontend check  : skipped
Initialization  : skipped
Optimization    : skipped
Safety check    : skipped
Time scaling    : skipped
Safety recheck  : skipped
Total           : 1500.72 ms
[PLAN TIME] (frontend failed)
Hybrid A*       : skipped
Manipulator     : 0.42 ms
Whole-body RRT  : 1500.01 ms
Frontend check  : skipped
Initialization  : skipped
Optimization    : skipped
Safety check    : skipped
Time scaling    : skipped
Safety recheck  : skipped
Total           : 1500.57 ms
[33m[WARN] [1786947732.304884206]: KinoAstar: switching to whole-body RRT after 27 failures. start=(-5.00,0.00) goal=(3.80,-1.10)[0m
[33m[WARN] [1786947733.805440665]: KinoAstar: whole-body RRT failed. start=(-5.00,0.00) goal=(3.80,-1.10)[0m
[47;30m
[replan 27]==============================================[0m
[0m[INFO] [1786947732.304733839]: continous_failures_count: 27[0m
[PLAN TIME] (frontend failed)
Hybrid A*       : skipped
Manipulator     : 0.48 ms
Whole-body RRT  : 1500.00 ms
Frontend check  : skipped
Initialization  : skipped
Optimization    : skipped
Safety check    : skipped
Time scaling    : skipped
Safety recheck  : skipped
Total           : 1500.76 ms
[PLAN TIME] (frontend failed)
Hybrid A*       : skipped
Manipulator     : 0.44 ms
Whole-body RRT  : 1500.01 ms
Frontend check  : skipped
Initialization  : skipped
Optimization    : skipped
Safety check    : skipped
Time scaling    : skipped
Safety recheck  : skipped
Total           : 1500.61 ms
[33m[WARN] [1786947735.306275735]: KinoAstar: switching to whole-body RRT after 29 failures. start=(-5.00,0.00) goal=(3.80,-1.10)[0m
[33m[WARN] [1786947736.806770455]: KinoAstar: whole-body RRT failed. start=(-5.00,0.00) goal=(3.80,-1.10)[0m
[47;30m
[replan 29]==============================================[0m
[0m[INFO] [1786947735.306141270]: continous_failures_count: 29[0m
[PLAN TIME] (frontend failed)
Hybrid A*       : skipped
Manipulator     : 0.44 ms
Whole-body RRT  : 1500.01 ms
Frontend check  : skipped
Initialization  : skipped
Optimization    : skipped
Safety check    : skipped
Time scaling    : skipped
Safety recheck  : skipped
Total           : 1500.68 ms
[0m[INFO] [1786947736.806809439]: [FSM]: stay in GEN_NEW_TRAJ (x4)[0m
[PLAN TIME] (frontend failed)
Hybrid A*       : skipped
Manipulator     : 0.43 ms
Whole-body RRT  : 1500.00 ms
Frontend check  : skipped
Initialization  : skipped
Optimization    : skipped
Safety check    : skipped
Time scaling    : skipped
Safety recheck  : skipped
Total           : 1500.58 ms
[33m[WARN] [1786947738.317734342]: KinoAstar: switching to whole-body RRT after 31 failures. start=(-5.00,0.00) goal=(3.80,-1.10)[0m
[33m[WARN] [1786947739.818209979]: KinoAstar: whole-body RRT failed. start=(-5.00,0.00) goal=(3.80,-1.10)[0m
[47;30m
[replan 31]==============================================[0m
[0m[INFO] [1786947738.317605001]: continous_failures_count: 31[0m
[PLAN TIME] (frontend failed)
Hybrid A*       : skipped
Manipulator     : 0.41 ms
Whole-body RRT  : 1500.01 ms
Frontend check  : skipped
Initialization  : skipped
Optimization    : skipped
Safety check    : skipped
Time scaling    : skipped
Safety recheck  : skipped
Total           : 1500.66 ms
[PLAN TIME] (frontend failed)
Hybrid A*       : skipped
Manipulator     : 0.44 ms
Whole-body RRT  : 1500.01 ms
Frontend check  : skipped
Initialization  : skipped
Optimization    : skipped
Safety check    : skipped
Time scaling    : skipped
Safety recheck  : skipped
Total           : 1500.59 ms
[33m[WARN] [1786947741.319038298]: KinoAstar: switching to whole-body RRT after 33 failures. start=(-5.00,0.00) goal=(3.80,-1.10)[0m
[33m[WARN] [1786947742.819529931]: KinoAstar: whole-body RRT failed. start=(-5.00,0.00) goal=(3.80,-1.10)[0m
[47;30m
[replan 33]==============================================[0m
[0m[INFO] [1786947741.318893564]: continous_failures_count: 33[0m
[PLAN TIME] (frontend failed)
Hybrid A*       : skipped
Manipulator     : 0.42 ms
Whole-body RRT  : 1500.01 ms
Frontend check  : skipped
Initialization  : skipped
Optimization    : skipped
Safety check    : skipped
Time scaling    : skipped
Safety recheck  : skipped
Total           : 1500.69 ms
[PLAN TIME] (frontend failed)
Hybrid A*       : skipped
Manipulator     : 0.46 ms
Whole-body RRT  : 1500.01 ms
Frontend check  : skipped
Initialization  : skipped
Optimization    : skipped
Safety check    : skipped
Time scaling    : skipped
Safety recheck  : skipped
Total           : 1500.61 ms
[33m[WARN] [1786947744.320438824]: KinoAstar: switching to whole-body RRT after 35 failures. start=(-5.00,0.00) goal=(3.80,-1.10)[0m
[33m[WARN] [1786947745.821011847]: KinoAstar: whole-body RRT failed. start=(-5.00,0.00) goal=(3.80,-1.10)[0m
[47;30m
[replan 35]==============================================[0m
[0m[INFO] [1786947744.320251163]: continous_failures_count: 35[0m
[PLAN TIME] (frontend failed)
Hybrid A*       : skipped
Manipulator     : 0.51 ms
Whole-body RRT  : 1500.00 ms
Frontend check  : skipped
Initialization  : skipped
Optimization    : skipped
Safety check    : skipped
Time scaling    : skipped
Safety recheck  : skipped
Total           : 1500.83 ms
[PLAN TIME] (frontend failed)
Hybrid A*       : skipped
Manipulator     : 0.43 ms
Whole-body RRT  : 1500.01 ms
Frontend check  : skipped
Initialization  : skipped
Optimization    : skipped
Safety check    : skipped
Time scaling    : skipped
Safety recheck  : skipped
Total           : 1500.58 ms
[33m[WARN] [1786947747.321819211]: KinoAstar: switching to whole-body RRT after 37 failures. start=(-5.00,0.00) goal=(3.80,-1.10)[0m
[33m[WARN] [1786947748.822311246]: KinoAstar: whole-body RRT failed. start=(-5.00,0.00) goal=(3.80,-1.10)[0m
[47;30m
[replan 37]==============================================[0m
[0m[INFO] [1786947747.321689197]: continous_failures_count: 37[0m
[PLAN TIME] (frontend failed)
Hybrid A*       : skipped
Manipulator     : 0.43 ms
Whole-body RRT  : 1500.00 ms
Frontend check  : skipped
Initialization  : skipped
Optimization    : skipped
Safety check    : skipped
Time scaling    : skipped
Safety recheck  : skipped
Total           : 1500.67 ms
[PLAN TIME] (frontend failed)
Hybrid A*       : skipped
Manipulator     : 0.41 ms
Whole-body RRT  : 1500.00 ms
Frontend check  : skipped
Initialization  : skipped
Optimization    : skipped
Safety check    : skipped
Time scaling    : skipped
Safety recheck  : skipped
Total           : 1500.54 ms
[33m[WARN] [1786947750.323066815]: KinoAstar: switching to whole-body RRT after 39 failures. start=(-5.00,0.00) goal=(3.80,-1.10)[0m
[33m[WARN] [1786947751.823546485]: KinoAstar: whole-body RRT failed. start=(-5.00,0.00) goal=(3.80,-1.10)[0m
[47;30m
[replan 39]==============================================[0m
[0m[INFO] [1786947750.322937173]: continous_failures_count: 39[0m
[PLAN TIME] (frontend failed)
Hybrid A*       : skipped
Manipulator     : 0.42 ms
Whole-body RRT  : 1500.01 ms
Frontend check  : skipped
Initialization  : skipped
Optimization    : skipped
Safety check    : skipped
Time scaling    : skipped
Safety recheck  : skipped
Total           : 1500.66 ms
[0m[INFO] [1786947751.823591736]: [FSM]: stay in GEN_NEW_TRAJ (x5)[0m
[PLAN TIME] (frontend failed)
Hybrid A*       : skipped
Manipulator     : 0.43 ms
Whole-body RRT  : 1500.00 ms
Frontend check  : skipped
Initialization  : skipped
Optimization    : skipped
Safety check    : skipped
Time scaling    : skipped
Safety recheck  : skipped
Total           : 1500.6 ms
[33m[WARN] [1786947753.334646342]: KinoAstar: switching to whole-body RRT after 41 failures. start=(-5.00,0.00) goal=(3.80,-1.10)[0m
[33m[WARN] [1786947754.835114596]: KinoAstar: whole-body RRT failed. start=(-5.00,0.00) goal=(3.80,-1.10)[0m
[47;30m
[replan 41]==============================================[0m
[0m[INFO] [1786947753.334517211]: continous_failures_count: 41[0m
[PLAN TIME] (frontend failed)
Hybrid A*       : skipped
Manipulator     : 0.41 ms
Whole-body RRT  : 1500.00 ms
Frontend check  : skipped
Initialization  : skipped
Optimization    : skipped
Safety check    : skipped
Time scaling    : skipped
Safety recheck  : skipped
Total           : 1500.65 ms
[PLAN TIME] (frontend failed)
Hybrid A*       : skipped
Manipulator     : 0.44 ms
Whole-body RRT  : 1500.00 ms
Frontend check  : skipped
Initialization  : skipped
Optimization    : skipped
Safety check    : skipped
Time scaling    : skipped
Safety recheck  : skipped
Total           : 1500.57 ms
[33m[WARN] [1786947756.335887160]: KinoAstar: switching to whole-body RRT after 43 failures. start=(-5.00,0.00) goal=(3.80,-1.10)[0m
[33m[WARN] [1786947757.836368483]: KinoAstar: whole-body RRT failed. start=(-5.00,0.00) goal=(3.80,-1.10)[0m
[47;30m
[replan 43]==============================================[0m
[0m[INFO] [1786947756.335763898]: continous_failures_count: 43[0m
[PLAN TIME] (frontend failed)
Hybrid A*       : skipped
Manipulator     : 0.42 ms
Whole-body RRT  : 1500.00 ms
Frontend check  : skipped
Initialization  : skipped
Optimization    : skipped
Safety check    : skipped
Time scaling    : skipped
Safety recheck  : skipped
Total           : 1500.65 ms
[PLAN TIME] (frontend failed)
Hybrid A*       : skipped
Manipulator     : 0.45 ms
Whole-body RRT  : 1500.01 ms
Frontend check  : skipped
Initialization  : skipped
Optimization    : skipped
Safety check    : skipped
Time scaling    : skipped
Safety recheck  : skipped
Total           : 1500.64 ms
[33m[WARN] [1786947759.337278482]: KinoAstar: switching to whole-body RRT after 45 failures. start=(-5.00,0.00) goal=(3.80,-1.10)[0m
[33m[WARN] [1786947760.837797017]: KinoAstar: whole-body RRT failed. start=(-5.00,0.00) goal=(3.80,-1.10)[0m
[47;30m
[replan 45]==============================================[0m
[0m[INFO] [1786947759.337127888]: continous_failures_count: 45[0m
[PLAN TIME] (frontend failed)
Hybrid A*       : skipped
Manipulator     : 0.42 ms
Whole-body RRT  : 1500.00 ms
Frontend check  : skipped
Initialization  : skipped
Optimization    : skipped
Safety check    : skipped
Time scaling    : skipped
Safety recheck  : skipped
Total           : 1500.76 ms
[PLAN TIME] (frontend failed)
Hybrid A*       : skipped
Manipulator     : 0.48 ms
Whole-body RRT  : 1500.01 ms
Frontend check  : skipped
Initialization  : skipped
Optimization    : skipped
Safety check    : skipped
Time scaling    : skipped
Safety recheck  : skipped
Total           : 1500.68 ms
[33m[WARN] [1786947762.338749358]: KinoAstar: switching to whole-body RRT after 47 failures. start=(-5.00,0.00) goal=(3.80,-1.10)[0m
[33m[WARN] [1786947763.839282037]: KinoAstar: whole-body RRT failed. start=(-5.00,0.00) goal=(3.80,-1.10)[0m
[47;30m
[replan 47]==============================================[0m
[0m[INFO] [1786947762.338607489]: continous_failures_count: 47[0m
[PLAN TIME] (frontend failed)
Hybrid A*       : skipped
Manipulator     : 0.45 ms
Whole-body RRT  : 1500.01 ms
Frontend check  : skipped
Initialization  : skipped
Optimization    : skipped
Safety check    : skipped
Time scaling    : skipped
Safety recheck  : skipped
Total           : 1500.72 ms
[PLAN TIME] (frontend failed)
Hybrid A*       : skipped
Manipulator     : 0.47 ms
Whole-body RRT  : 1500.01 ms
Frontend check  : skipped
Initialization  : skipped
Optimization    : skipped
Safety check    : skipped
Time scaling    : skipped
Safety recheck  : skipped
Total           : 1500.63 ms
[33m[WARN] [1786947765.340221567]: KinoAstar: switching to whole-body RRT after 49 failures. start=(-5.00,0.00) goal=(3.80,-1.10)[0m
[33m[WARN] [1786947766.840733666]: KinoAstar: whole-body RRT failed. start=(-5.00,0.00) goal=(3.80,-1.10)[0m
[47;30m
[replan 49]==============================================[0m
[0m[INFO] [1786947765.340031165]: continous_failures_count: 49[0m
[PLAN TIME] (frontend failed)
Hybrid A*       : skipped
Manipulator     : 0.46 ms
Whole-body RRT  : 1500.01 ms
Frontend check  : skipped
Initialization  : skipped
Optimization    : skipped
Safety check    : skipped
Time scaling    : skipped
Safety recheck  : skipped
Total           : 1500.76 ms
[0m[INFO] [1786947766.840771296]: [FSM]: stay in GEN_NEW_TRAJ (x6)[0m
[PLAN TIME] (frontend failed)
Hybrid A*       : skipped
Manipulator     : 0.46 ms
Whole-body RRT  : 1500.01 ms
Frontend check  : skipped
Initialization  : skipped
Optimization    : skipped
Safety check    : skipped
Time scaling    : skipped
Safety recheck  : skipped
Total           : 1500.63 ms
[33m[WARN] [1786947768.351772314]: KinoAstar: switching to whole-body RRT after 51 failures. start=(-5.00,0.00) goal=(3.80,-1.10)[0m
[33m[WARN] [1786947769.852270116]: KinoAstar: whole-body RRT failed. start=(-5.00,0.00) goal=(3.80,-1.10)[0m
[47;30m
[replan 51]==============================================[0m
[0m[INFO] [1786947768.351602825]: continous_failures_count: 51[0m
[PLAN TIME] (frontend failed)
Hybrid A*       : skipped
Manipulator     : 0.44 ms
Whole-body RRT  : 1500.00 ms
Frontend check  : skipped
Initialization  : skipped
Optimization    : skipped
Safety check    : skipped
Time scaling    : skipped
Safety recheck  : skipped
Total           : 1500.75 ms
[PLAN TIME] (frontend failed)
Hybrid A*       : skipped
Manipulator     : 0.43 ms
Whole-body RRT  : 1500.00 ms
Frontend check  : skipped
Initialization  : skipped
Optimization    : skipped
Safety check    : skipped
Time scaling    : skipped
Safety recheck  : skipped
Total           : 1500.6 ms
[33m[WARN] [1786947771.353106906]: KinoAstar: switching to whole-body RRT after 53 failures. start=(-5.00,0.00) goal=(3.80,-1.10)[0m
[33m[WARN] [1786947772.853588664]: KinoAstar: whole-body RRT failed. start=(-5.00,0.00) goal=(3.80,-1.10)[0m
[47;30m
[replan 53]==============================================[0m
[0m[INFO] [1786947771.352974186]: continous_failures_count: 53[0m
[PLAN TIME] (frontend failed)
Hybrid A*       : skipped
Manipulator     : 0.42 ms
Whole-body RRT  : 1500.01 ms
Frontend check  : skipped
Initialization  : skipped
Optimization    : skipped
Safety check    : skipped
Time scaling    : skipped
Safety recheck  : skipped
Total           : 1500.67 ms
[PLAN TIME] (frontend failed)
Hybrid A*       : skipped
Manipulator     : 0.43 ms
Whole-body RRT  : 1500.00 ms
Frontend check  : skipped
Initialization  : skipped
Optimization    : skipped
Safety check    : skipped
Time scaling    : skipped
Safety recheck  : skipped
Total           : 1500.56 ms
[33m[WARN] [1786947774.354358938]: KinoAstar: switching to whole-body RRT after 55 failures. start=(-5.00,0.00) goal=(3.80,-1.10)[0m
[33m[WARN] [1786947775.854829245]: KinoAstar: whole-body RRT failed. start=(-5.00,0.00) goal=(3.80,-1.10)[0m
[47;30m
[replan 55]==============================================[0m
[0m[INFO] [1786947774.354235592]: continous_failures_count: 55[0m
[PLAN TIME] (frontend failed)
Hybrid A*       : skipped
Manipulator     : 0.39 ms
Whole-body RRT  : 1500.01 ms
Frontend check  : skipped
Initialization  : skipped
Optimization    : skipped
Safety check    : skipped
Time scaling    : skipped
Safety recheck  : skipped
Total           : 1500.66 ms
[PLAN TIME] (frontend failed)
Hybrid A*       : skipped
Manipulator     : 0.58 ms
Whole-body RRT  : 1500.00 ms
Frontend check  : skipped
Initialization  : skipped
Optimization    : skipped
Safety check    : skipped
Time scaling    : skipped
Safety recheck  : skipped
Total           : 1500.78 ms
[33m[WARN] [1786947777.355847018]: KinoAstar: switching to whole-body RRT after 57 failures. start=(-5.00,0.00) goal=(3.80,-1.10)[0m
[33m[WARN] [1786947778.856341753]: KinoAstar: whole-body RRT failed. start=(-5.00,0.00) goal=(3.80,-1.10)[0m
[47;30m
[replan 57]==============================================[0m
[0m[INFO] [1786947777.355714271]: continous_failures_count: 57[0m
[PLAN TIME] (frontend failed)
Hybrid A*       : skipped
Manipulator     : 0.43 ms
Whole-body RRT  : 1500.00 ms
Frontend check  : skipped
Initialization  : skipped
Optimization    : skipped
Safety check    : skipped
Time scaling    : skipped
Safety recheck  : skipped
Total           : 1500.68 ms
[PLAN TIME] (frontend failed)
Hybrid A*       : skipped
Manipulator     : 0.45 ms
Whole-body RRT  : 1500.01 ms
Frontend check  : skipped
Initialization  : skipped
Optimization    : skipped
Safety check    : skipped
Time scaling    : skipped
Safety recheck  : skipped
Total           : 1500.64 ms
[33m[WARN] [1786947780.357321732]: KinoAstar: switching to whole-body RRT after 59 failures. start=(-5.00,0.00) goal=(3.80,-1.10)[0m
[33m[WARN] [1786947781.857881577]: KinoAstar: whole-body RRT failed. start=(-5.00,0.00) goal=(3.80,-1.10)[0m
[47;30m
[replan 59]==============================================[0m
[0m[INFO] [1786947780.357122816]: continous_failures_count: 59[0m
[PLAN TIME] (frontend failed)
Hybrid A*       : skipped
Manipulator     : 0.49 ms
Whole-body RRT  : 1500.01 ms
Frontend check  : skipped
Initialization  : skipped
Optimization    : skipped
Safety check    : skipped
Time scaling    : skipped
Safety recheck  : skipped
Total           : 1500.83 ms
[0m[INFO] [1786947781.857926977]: [FSM]: stay in GEN_NEW_TRAJ (x7)[0m
[PLAN TIME] (frontend failed)
Hybrid A*       : skipped
Manipulator     : 0.48 ms
Whole-body RRT  : 1500.00 ms
Frontend check  : skipped
Initialization  : skipped
Optimization    : skipped
Safety check    : skipped
Time scaling    : skipped
Safety recheck  : skipped
Total           : 1500.72 ms
[33m[WARN] [1786947783.369285193]: KinoAstar: switching to whole-body RRT after 61 failures. start=(-5.00,0.00) goal=(3.80,-1.10)[0m
[33m[WARN] [1786947784.869846669]: KinoAstar: whole-body RRT failed. start=(-5.00,0.00) goal=(3.80,-1.10)[0m
[47;30m
[replan 61]==============================================[0m
[0m[INFO] [1786947783.369087410]: continous_failures_count: 61[0m
[PLAN TIME] (frontend failed)
Hybrid A*       : skipped
Manipulator     : 0.46 ms
Whole-body RRT  : 1500.01 ms
Frontend check  : skipped
Initialization  : skipped
Optimization    : skipped
Safety check    : skipped
Time scaling    : skipped
Safety recheck  : skipped
Total           : 1500.85 ms
[PLAN TIME] (frontend failed)
Hybrid A*       : skipped
Manipulator     : 0.44 ms
Whole-body RRT  : 1500.01 ms
Frontend check  : skipped
Initialization  : skipped
Optimization    : skipped
Safety check    : skipped
Time scaling    : skipped
Safety recheck  : skipped
Total           : 1500.65 ms
[33m[WARN] [1786947786.370785703]: KinoAstar: switching to whole-body RRT after 63 failures. start=(-5.00,0.00) goal=(3.80,-1.10)[0m
[33m[WARN] [1786947787.871291731]: KinoAstar: whole-body RRT failed. start=(-5.00,0.00) goal=(3.80,-1.10)[0m
[47;30m
[replan 63]==============================================[0m
[0m[INFO] [1786947786.370623077]: continous_failures_count: 63[0m
[PLAN TIME] (frontend failed)
Hybrid A*       : skipped
Manipulator     : 0.44 ms
Whole-body RRT  : 1500.00 ms
Frontend check  : skipped
Initialization  : skipped
Optimization    : skipped
Safety check    : skipped
Time scaling    : skipped
Safety recheck  : skipped
Total           : 1500.74 ms
[PLAN TIME] (frontend failed)
Hybrid A*       : skipped
Manipulator     : 0.44 ms
Whole-body RRT  : 1500.00 ms
Frontend check  : skipped
Initialization  : skipped
Optimization    : skipped
Safety check    : skipped
Time scaling    : skipped
Safety recheck  : skipped
Total           : 1500.6 ms
[33m[WARN] [1786947789.372157279]: KinoAstar: switching to whole-body RRT after 65 failures. start=(-5.00,0.00) goal=(3.80,-1.10)[0m
[33m[WARN] [1786947790.872652778]: KinoAstar: whole-body RRT failed. start=(-5.00,0.00) goal=(3.80,-1.10)[0m
[47;30m
[replan 65]==============================================[0m
[0m[INFO] [1786947789.371997109]: continous_failures_count: 65[0m
[PLAN TIME] (frontend failed)
Hybrid A*       : skipped
Manipulator     : 0.44 ms
Whole-body RRT  : 1500.01 ms
Frontend check  : skipped
Initialization  : skipped
Optimization    : skipped
Safety check    : skipped
Time scaling    : skipped
Safety recheck  : skipped
Total           : 1500.71 ms
