... logging to /home/gzz/.ros/log/93b2ba16-965f-11f1-bbbd-e12b9177415c/roslaunch-GZZ-1298800.log
Checking log directory for disk usage. This may take a while.
Press Ctrl-C to interrupt
Done checking log file disk usage. Usage is <1GB.
]2;/home/gzz/Codes/wbc/remani_planner/src/REMANI-Planner/remani_planner/plan_manage/launch/remani_sim.launch
[1mstarted roslaunch server http://GZZ:38473/[0m

SUMMARY
========

PARAMETERS
 * /fake_mm/fake_mm/pub_urdf_joint_states: True
 * /fake_mm/fsm/init_gripper_close: False
 * /fake_mm/fsm/init_state: [-5.0, 0.0, 0.0, ...
 * /fake_mm/fsm/init_yaw: 0.0
 * /fake_mm/fsm/waypoint0: [0.0, 0.0, 0.0, 0...
 * /fake_mm/fsm/waypoint0_gripper_close: True
 * /fake_mm/fsm/waypoint0_yaw: 0.0
 * /fake_mm/fsm/waypoint1: [5.0, 0.0, 0.0, 0...
 * /fake_mm/fsm/waypoint1_gripper_close: False
 * /fake_mm/fsm/waypoint1_yaw: 0.0
 * /fake_mm/fsm/waypoint_num: 2
 * /fake_mm/map/map_type: 0
 * /fake_mm/mm/base_mani_fixed_joint_xyz_ypr: [0.2462, 0.0, 0.1...
 * /fake_mm/mm/manipulator_config: [0.1765, 0.607, 0...
 * /fake_mm/mm/manipulator_dof: 6
 * /fake_mm/mm/manipulator_max_acc: 1.57
 * /fake_mm/mm/manipulator_max_pos: [3.0, 1.5, 2.8, 3...
 * /fake_mm/mm/manipulator_max_vel: 0.8
 * /fake_mm/mm/manipulator_min_pos: [-3.0, -1.5, -2.8...
 * /fake_mm/mm/manipulator_self_thickness: 0.045
 * /fake_mm/mm/manipulator_thickness: 0.1
 * /fake_mm/mm/manipulator_type: cr10
 * /fake_mm/mm/mobile_base_check_radius: 0.1
 * /fake_mm/mm/mobile_base_dof: 2
 * /fake_mm/mm/mobile_base_height: 0.15
 * /fake_mm/mm/mobile_base_length: 1.1
 * /fake_mm/mm/mobile_base_max_wheel_alpha: 8.0
 * /fake_mm/mm/mobile_base_max_wheel_omega: 4.0
 * /fake_mm/mm/mobile_base_non_singul_vel: 0.05
 * /fake_mm/mm/mobile_base_wheel_base: 0.56
 * /fake_mm/mm/mobile_base_wheel_radius: 0.125
 * /fake_mm/mm/mobile_base_width: 0.9
 * /fsm/target_type: 1
 * /map_generator/bridges: [[0.0, 0.0, 1.0, ...
 * /map_generator/clear_centers: [[-5.0, 0.0], [-2...
 * /map_generator/clear_radius: 3.0
 * /map_generator/fsm/init_gripper_close: False
 * /map_generator/fsm/init_state: [-5.0, 0.0, 0.0, ...
 * /map_generator/fsm/init_yaw: 0.0
 * /map_generator/fsm/waypoint0: [0.0, 0.0, 0.0, 0...
 * /map_generator/fsm/waypoint0_gripper_close: True
 * /map_generator/fsm/waypoint0_yaw: 0.0
 * /map_generator/fsm/waypoint1: [5.0, 0.0, 0.0, 0...
 * /map_generator/fsm/waypoint1_gripper_close: False
 * /map_generator/fsm/waypoint1_yaw: 0.0
 * /map_generator/fsm/waypoint_num: 2
 * /map_generator/map/float_obs_num: 2
 * /map_generator/map/map_type: 0
 * /map_generator/map/obs_num: 4
 * /map_generator/map/resolution: 0.05
 * /map_generator/map/seed: 30
 * /map_generator/map/x_size: 16
 * /map_generator/map/y_size: 12
 * /map_generator/map/z_size: 3
 * /map_generator/min_distance: 2.5
 * /map_generator/mm/base_mani_fixed_joint_xyz_ypr: [0.2462, 0.0, 0.1...
 * /map_generator/mm/manipulator_config: [0.1765, 0.607, 0...
 * /map_generator/mm/manipulator_dof: 6
 * /map_generator/mm/manipulator_max_acc: 1.57
 * /map_generator/mm/manipulator_max_pos: [3.0, 1.5, 2.8, 3...
 * /map_generator/mm/manipulator_max_vel: 0.8
 * /map_generator/mm/manipulator_min_pos: [-3.0, -1.5, -2.8...
 * /map_generator/mm/manipulator_self_thickness: 0.045
 * /map_generator/mm/manipulator_thickness: 0.1
 * /map_generator/mm/manipulator_type: cr10
 * /map_generator/mm/mobile_base_check_radius: 0.1
 * /map_generator/mm/mobile_base_dof: 2
 * /map_generator/mm/mobile_base_height: 0.15
 * /map_generator/mm/mobile_base_length: 1.1
 * /map_generator/mm/mobile_base_max_wheel_alpha: 8.0
 * /map_generator/mm/mobile_base_max_wheel_omega: 4.0
 * /map_generator/mm/mobile_base_non_singul_vel: 0.05
 * /map_generator/mm/mobile_base_wheel_base: 0.56
 * /map_generator/mm/mobile_base_wheel_radius: 0.125
 * /map_generator/mm/mobile_base_width: 0.9
 * /map_generator/pub_rate: 1.0
 * /mm_controller_node/fsm/emergency_time: 1.5
 * /mm_controller_node/fsm/global_plan: True
 * /mm_controller_node/fsm/init_gripper_close: False
 * /mm_controller_node/fsm/init_state: [-5.0, 0.0, 0.0, ...
 * /mm_controller_node/fsm/init_yaw: 0.0
 * /mm_controller_node/fsm/planning_horizon: 5.0
 * /mm_controller_node/fsm/replan_trajectory_time: 1.7
 * /mm_controller_node/fsm/target_type: 2
 * /mm_controller_node/fsm/thresh_replan_time: 2.5
 * /mm_controller_node/fsm/time_for_gripper: 0.05
 * /mm_controller_node/fsm/waypoint0: [0.0, 0.0, 0.0, 0...
 * /mm_controller_node/fsm/waypoint0_gripper_close: True
 * /mm_controller_node/fsm/waypoint0_yaw: 0.0
 * /mm_controller_node/fsm/waypoint1: [5.0, 0.0, 0.0, 0...
 * /mm_controller_node/fsm/waypoint1_gripper_close: False
 * /mm_controller_node/fsm/waypoint1_yaw: 0.0
 * /mm_controller_node/fsm/waypoint_num: 2
 * /mm_controller_node/grid_map/use_global_map: False
 * /mm_controller_node/grid_map/use_load_map: True
 * /mm_controller_node/map/map_type: 0
 * /mm_controller_node/mm/base_mani_fixed_joint_xyz_ypr: [0.2462, 0.0, 0.1...
 * /mm_controller_node/mm/manipulator_config: [0.1765, 0.607, 0...
 * /mm_controller_node/mm/manipulator_dof: 6
 * /mm_controller_node/mm/manipulator_max_acc: 1.57
 * /mm_controller_node/mm/manipulator_max_pos: [3.0, 1.5, 2.8, 3...
 * /mm_controller_node/mm/manipulator_max_vel: 0.8
 * /mm_controller_node/mm/manipulator_min_pos: [-3.0, -1.5, -2.8...
 * /mm_controller_node/mm/manipulator_self_thickness: 0.045
 * /mm_controller_node/mm/manipulator_thickness: 0.1
 * /mm_controller_node/mm/manipulator_type: cr10
 * /mm_controller_node/mm/mobile_base_check_radius: 0.1
 * /mm_controller_node/mm/mobile_base_dof: 2
 * /mm_controller_node/mm/mobile_base_height: 0.15
 * /mm_controller_node/mm/mobile_base_length: 1.1
 * /mm_controller_node/mm/mobile_base_max_wheel_alpha: 8.0
 * /mm_controller_node/mm/mobile_base_max_wheel_omega: 4.0
 * /mm_controller_node/mm/mobile_base_non_singul_vel: 0.05
 * /mm_controller_node/mm/mobile_base_wheel_base: 0.56
 * /mm_controller_node/mm/mobile_base_wheel_radius: 0.125
 * /mm_controller_node/mm/mobile_base_width: 0.9
 * /mm_controller_node/optimization/constrain_points_perPiece: 16
 * /mm_controller_node/optimization/dense_sample_resolution: 16
 * /mm_controller_node/optimization/ground_safe_dis: 0.03
 * /mm_controller_node/optimization/ground_safe_margin: 0.03
 * /mm_controller_node/optimization/mobile_base_opt_gear: True
 * /mm_controller_node/optimization/safe_margin: 0.1
 * /mm_controller_node/optimization/safe_margin_mani: 0.15
 * /mm_controller_node/optimization/self_safe_margin: 0.1
 * /mm_controller_node/optimization/weight_base_feasibility: 100.0
 * /mm_controller_node/optimization/weight_manipulator_feasibility: 100.0
 * /mm_controller_node/optimization/weight_manipulator_obstacle: 80000.0
 * /mm_controller_node/optimization/weight_manipulator_self: 1000.0
 * /mm_controller_node/optimization/weight_obstacle: 50000.0
 * /mm_controller_node/optimization/weight_time: 1.0
 * /mm_controller_node/search/allocate_num: 100000
 * /mm_controller_node/search/check_num: 16
 * /mm_controller_node/search/curvatureDisCoe: 0.4
 * /mm_controller_node/search/dist_resolution: 0.6
 * /mm_controller_node/search/goal_rate: 0.4
 * /mm_controller_node/search/lambda_heu: 1
 * /mm_controller_node/search/max_arc: 0.4
 * /mm_controller_node/search/max_loop_num: 5000
 * /mm_controller_node/search/max_mani_search_time: 0.3
 * /mm_controller_node/search/max_sample_time: 1.5
 * /mm_controller_node/search/max_seach_time: 3.0
 * /mm_controller_node/search/min_turning_radius: 0.2
 * /mm_controller_node/search/oneshot_check_len: 0.02
 * /mm_controller_node/search/oneshot_range: 1.0
 * /mm_controller_node/search/sample_time: 0.1
 * /mm_controller_node/search/traj_back_penalty: 3.0
 * /mm_controller_node/search/traj_forward_penalty: 1.0
 * /mm_controller_node/search/traj_gear_switch_penalty: 10.0
 * /mm_controller_node/search/traj_steer_change_penalty: 2.0
 * /mm_controller_node/search/traj_steer_penalty: 5.0
 * /mm_controller_node/search/try_astar_times: 5
 * /mm_controller_node/search/yaw_resolution: 0.35
 * /mm_controller_node/visualization/enable_debug_vis: False
 * /mm_controller_node/visualization/enable_traj_mesh_vis: True
 * /mm_controller_node/visualization/his_traj_max_points: 500
 * /mm_controller_node/visualization/mesh_vis_stride: 3
 * /mm_controller_node/visualization/tf_rate_hz: 20.0
 * /mm_controller_node/visualization/vis_rate_hz: 15.0
 * /model_vis/fsm/emergency_time: 1.5
 * /model_vis/fsm/global_plan: True
 * /model_vis/fsm/init_gripper_close: False
 * /model_vis/fsm/init_state: [-5.0, 0.0, 0.0, ...
 * /model_vis/fsm/init_yaw: 0.0
 * /model_vis/fsm/planning_horizon: 5.0
 * /model_vis/fsm/replan_trajectory_time: 1.7
 * /model_vis/fsm/target_type: 2
 * /model_vis/fsm/thresh_replan_time: 2.5
 * /model_vis/fsm/time_for_gripper: 0.05
 * /model_vis/fsm/waypoint0: [0.0, 0.0, 0.0, 0...
 * /model_vis/fsm/waypoint0_gripper_close: True
 * /model_vis/fsm/waypoint0_yaw: 0.0
 * /model_vis/fsm/waypoint1: [5.0, 0.0, 0.0, 0...
 * /model_vis/fsm/waypoint1_gripper_close: False
 * /model_vis/fsm/waypoint1_yaw: 0.0
 * /model_vis/fsm/waypoint_num: 2
 * /model_vis/grid_map/use_global_map: False
 * /model_vis/grid_map/use_load_map: True
 * /model_vis/map/map_type: 0
 * /model_vis/mm/base_mani_fixed_joint_xyz_ypr: [0.2462, 0.0, 0.1...
 * /model_vis/mm/manipulator_config: [0.1765, 0.607, 0...
 * /model_vis/mm/manipulator_dof: 6
 * /model_vis/mm/manipulator_max_acc: 1.57
 * /model_vis/mm/manipulator_max_pos: [3.0, 1.5, 2.8, 3...
 * /model_vis/mm/manipulator_max_vel: 0.8
 * /model_vis/mm/manipulator_min_pos: [-3.0, -1.5, -2.8...
 * /model_vis/mm/manipulator_self_thickness: 0.045
 * /model_vis/mm/manipulator_thickness: 0.1
 * /model_vis/mm/manipulator_type: cr10
 * /model_vis/mm/mobile_base_check_radius: 0.1
 * /model_vis/mm/mobile_base_dof: 2
 * /model_vis/mm/mobile_base_height: 0.15
 * /model_vis/mm/mobile_base_length: 1.1
 * /model_vis/mm/mobile_base_max_wheel_alpha: 8.0
 * /model_vis/mm/mobile_base_max_wheel_omega: 4.0
 * /model_vis/mm/mobile_base_non_singul_vel: 0.05
 * /model_vis/mm/mobile_base_wheel_base: 0.56
 * /model_vis/mm/mobile_base_wheel_radius: 0.125
 * /model_vis/mm/mobile_base_width: 0.9
 * /model_vis/optimization/constrain_points_perPiece: 16
 * /model_vis/optimization/dense_sample_resolution: 16
 * /model_vis/optimization/ground_safe_dis: 0.03
 * /model_vis/optimization/ground_safe_margin: 0.03
 * /model_vis/optimization/mobile_base_opt_gear: True
 * /model_vis/optimization/safe_margin: 0.1
 * /model_vis/optimization/safe_margin_mani: 0.15
 * /model_vis/optimization/self_safe_margin: 0.1
 * /model_vis/optimization/weight_base_feasibility: 100.0
 * /model_vis/optimization/weight_manipulator_feasibility: 100.0
 * /model_vis/optimization/weight_manipulator_obstacle: 80000.0
 * /model_vis/optimization/weight_manipulator_self: 1000.0
 * /model_vis/optimization/weight_obstacle: 50000.0
 * /model_vis/optimization/weight_time: 1.0
 * /model_vis/search/allocate_num: 100000
 * /model_vis/search/check_num: 16
 * /model_vis/search/curvatureDisCoe: 0.4
 * /model_vis/search/dist_resolution: 0.6
 * /model_vis/search/goal_rate: 0.4
 * /model_vis/search/lambda_heu: 1
 * /model_vis/search/max_arc: 0.4
 * /model_vis/search/max_loop_num: 5000
 * /model_vis/search/max_mani_search_time: 0.3
 * /model_vis/search/max_sample_time: 1.5
 * /model_vis/search/max_seach_time: 3.0
 * /model_vis/search/min_turning_radius: 0.2
 * /model_vis/search/oneshot_check_len: 0.02
 * /model_vis/search/oneshot_range: 1.0
 * /model_vis/search/sample_time: 0.1
 * /model_vis/search/traj_back_penalty: 3.0
 * /model_vis/search/traj_forward_penalty: 1.0
 * /model_vis/search/traj_gear_switch_penalty: 10.0
 * /model_vis/search/traj_steer_change_penalty: 2.0
 * /model_vis/search/traj_steer_penalty: 5.0
 * /model_vis/search/try_astar_times: 5
 * /model_vis/search/yaw_resolution: 0.35
 * /model_vis/visualization/enable_debug_vis: False
 * /model_vis/visualization/enable_traj_mesh_vis: True
 * /model_vis/visualization/his_traj_max_points: 500
 * /model_vis/visualization/mesh_vis_stride: 3
 * /model_vis/visualization/tf_rate_hz: 20.0
 * /model_vis/visualization/vis_rate_hz: 15.0
 * /remani_planner_node/fsm/emergency_time: 1.5
 * /remani_planner_node/fsm/fail_safe: True
 * /remani_planner_node/fsm/global_plan: True
 * /remani_planner_node/fsm/init_gripper_close: False
 * /remani_planner_node/fsm/init_state: [-5.0, 0.0, 0.0, ...
 * /remani_planner_node/fsm/init_yaw: 0.0
 * /remani_planner_node/fsm/planning_horizon: 5.0
 * /remani_planner_node/fsm/replan_trajectory_time: 1.7
 * /remani_planner_node/fsm/target_type: 1
 * /remani_planner_node/fsm/thresh_no_replan_meter: 2.5
 * /remani_planner_node/fsm/thresh_replan_time: 2.5
 * /remani_planner_node/fsm/time_for_gripper: 0.05
 * /remani_planner_node/fsm/waypoint0: [0.0, 0.0, 0.0, 0...
 * /remani_planner_node/fsm/waypoint0_gripper_close: True
 * /remani_planner_node/fsm/waypoint0_yaw: 0.0
 * /remani_planner_node/fsm/waypoint1: [5.0, 0.0, 0.0, 0...
 * /remani_planner_node/fsm/waypoint1_gripper_close: False
 * /remani_planner_node/fsm/waypoint1_yaw: 0.0
 * /remani_planner_node/fsm/waypoint_num: 2
 * /remani_planner_node/grid_map/cx: 321.04638671875
 * /remani_planner_node/grid_map/cy: 243.44969177246094
 * /remani_planner_node/grid_map/depth_filter_margin: 2
 * /remani_planner_node/grid_map/depth_filter_maxdist: 5.0
 * /remani_planner_node/grid_map/depth_filter_mindist: 0.2
 * /remani_planner_node/grid_map/depth_filter_tolerance: 0.15
 * /remani_planner_node/grid_map/esdf_slice_height: -0.1
 * /remani_planner_node/grid_map/frame_id: world
 * /remani_planner_node/grid_map/fx: 387.229248046875
 * /remani_planner_node/grid_map/fy: 387.229248046875
 * /remani_planner_node/grid_map/ground_height: -0.01
 * /remani_planner_node/grid_map/k_depth_scaling_factor: 1000.0
 * /remani_planner_node/grid_map/local_bound_inflate: 0.0
 * /remani_planner_node/grid_map/local_map_margin: 15
 * /remani_planner_node/grid_map/local_update_range_x: 17
 * /remani_planner_node/grid_map/local_update_range_y: 17
 * /remani_planner_node/grid_map/local_update_range_z: 3.0
 * /remani_planner_node/grid_map/map_size_x: 16.0
 * /remani_planner_node/grid_map/map_size_y: 12.0
 * /remani_planner_node/grid_map/map_size_z: 3.0
 * /remani_planner_node/grid_map/max_ray_length: 4.5
 * /remani_planner_node/grid_map/min_ray_length: 0.1
 * /remani_planner_node/grid_map/obstacles_inflation: 0.08
 * /remani_planner_node/grid_map/p_hit: 0.65
 * /remani_planner_node/grid_map/p_max: 0.9
 * /remani_planner_node/grid_map/p_min: 0.12
 * /remani_planner_node/grid_map/p_miss: 0.35
 * /remani_planner_node/grid_map/p_occ: 0.8
 * /remani_planner_node/grid_map/pose_type: 1
 * /remani_planner_node/grid_map/resolution: 0.05
 * /remani_planner_node/grid_map/show_esdf_time: False
 * /remani_planner_node/grid_map/show_occ_time: False
 * /remani_planner_node/grid_map/skip_pixel: 2
 * /remani_planner_node/grid_map/use_depth_filter: True
 * /remani_planner_node/grid_map/use_global_map: False
 * /remani_planner_node/grid_map/use_load_map: True
 * /remani_planner_node/grid_map/virtual_ceil_height: 4.0
 * /remani_planner_node/grid_map/visualization_truncate_height: 2.8
 * /remani_planner_node/grid_map/z_length: 0.0
 * /remani_planner_node/manager/control_points_distance: 0.4
 * /remani_planner_node/manager/feasibility_tolerance: 0.05
 * /remani_planner_node/manager/polyTraj_piece_length: 2.0
 * /remani_planner_node/map/map_type: 0
 * /remani_planner_node/mm/base_mani_fixed_joint_xyz_ypr: [0.2462, 0.0, 0.1...
 * /remani_planner_node/mm/manipulator_config: [0.1765, 0.607, 0...
 * /remani_planner_node/mm/manipulator_dof: 6
 * /remani_planner_node/mm/manipulator_max_acc: 1.57
 * /remani_planner_node/mm/manipulator_max_pos: [3.0, 1.5, 2.8, 3...
 * /remani_planner_node/mm/manipulator_max_vel: 0.8
 * /remani_planner_node/mm/manipulator_min_pos: [-3.0, -1.5, -2.8...
 * /remani_planner_node/mm/manipulator_self_thickness: 0.045
 * /remani_planner_node/mm/manipulator_thickness: 0.1
 * /remani_planner_node/mm/manipulator_type: cr10
 * /remani_planner_node/mm/mobile_base_check_radius: 0.1
 * /remani_planner_node/mm/mobile_base_dof: 2
 * /remani_planner_node/mm/mobile_base_height: 0.15
 * /remani_planner_node/mm/mobile_base_length: 1.1
 * /remani_planner_node/mm/mobile_base_max_wheel_alpha: 8.0
 * /remani_planner_node/mm/mobile_base_max_wheel_omega: 4.0
 * /remani_planner_node/mm/mobile_base_non_singul_vel: 0.05
 * /remani_planner_node/mm/mobile_base_wheel_base: 0.56
 * /remani_planner_node/mm/mobile_base_wheel_radius: 0.125
 * /remani_planner_node/mm/mobile_base_width: 0.9
 * /remani_planner_node/optimization/constrain_points_perPiece: 16
 * /remani_planner_node/optimization/dense_sample_resolution: 16
 * /remani_planner_node/optimization/ground_safe_dis: 0.03
 * /remani_planner_node/optimization/ground_safe_margin: 0.03
 * /remani_planner_node/optimization/mobile_base_opt_gear: True
 * /remani_planner_node/optimization/safe_margin: 0.1
 * /remani_planner_node/optimization/safe_margin_mani: 0.15
 * /remani_planner_node/optimization/self_safe_margin: 0.1
 * /remani_planner_node/optimization/weight_base_feasibility: 100.0
 * /remani_planner_node/optimization/weight_manipulator_feasibility: 100.0
 * /remani_planner_node/optimization/weight_manipulator_obstacle: 80000.0
 * /remani_planner_node/optimization/weight_manipulator_self: 1000.0
 * /remani_planner_node/optimization/weight_obstacle: 50000.0
 * /remani_planner_node/optimization/weight_time: 1.0
 * /remani_planner_node/search/allocate_num: 100000
 * /remani_planner_node/search/check_num: 16
 * /remani_planner_node/search/curvatureDisCoe: 0.4
 * /remani_planner_node/search/dist_resolution: 0.6
 * /remani_planner_node/search/goal_rate: 0.4
 * /remani_planner_node/search/lambda_heu: 1
 * /remani_planner_node/search/max_arc: 0.4
 * /remani_planner_node/search/max_loop_num: 5000
 * /remani_planner_node/search/max_mani_search_time: 0.3
 * /remani_planner_node/search/max_sample_time: 1.5
 * /remani_planner_node/search/max_seach_time: 3.0
 * /remani_planner_node/search/min_turning_radius: 0.5
 * /remani_planner_node/search/oneshot_check_len: 0.02
 * /remani_planner_node/search/oneshot_range: 1.0
 * /remani_planner_node/search/sample_time: 0.1
 * /remani_planner_node/search/traj_back_penalty: 3.0
 * /remani_planner_node/search/traj_forward_penalty: 1.0
 * /remani_planner_node/search/traj_gear_switch_penalty: 10.0
 * /remani_planner_node/search/traj_steer_change_penalty: 2.0
 * /remani_planner_node/search/traj_steer_penalty: 5.0
 * /remani_planner_node/search/try_astar_times: 5
 * /remani_planner_node/search/yaw_resolution: 0.35
 * /remani_planner_node/visualization/enable_debug_vis: False
 * /remani_planner_node/visualization/enable_traj_mesh_vis: True
 * /remani_planner_node/visualization/his_traj_max_points: 500
 * /remani_planner_node/visualization/mesh_vis_stride: 3
 * /remani_planner_node/visualization/tf_rate_hz: 20.0
 * /remani_planner_node/visualization/vis_rate_hz: 15.0
 * /robot_description: <?xml version='1....
 * /rosdistro: noetic
 * /rosversion: 1.17.4
 * /search/max_seach_time: 3.0
 * /search/min_turning_radius: 0.5

NODES
  /
    fake_mm (fake_mm/fake_mm)
    map_generator (map_generator/map_generator)
    mm_controller_node (mm_controller/mm_controller_node)
    model_vis (fake_mm/model_vis)
    remani_planner_node (remani_planner/remani_planner_node)
    robot_state_publisher (robot_state_publisher/robot_state_publisher)
    rviz (rviz/rviz)
[33m[WARN] [1786547267.631512102]: The root link base_link has an inertia specified in the URDF, but KDL does not support a root link with an inertia.  As a workaround, you can add an extra dummy link to your URDF.[0m
[33m[WARN] [1786547267.691780092]: Finished generate Cuboids Map [0m
[0m[INFO] [1786547267.785576215]: MMConfig: type=cr10 thickness=0.100 self_thickness=0.045[0m
[0m[INFO] [1786547267.805665633]: KinoAstar: max_seach_time=3.000 s min_turning_radius=0.500[0m
[FSM]: from INIT to WAIT_TARGET
[rospack] Error: failed to parse command-line options: too many positional options have been specified on the command line
[librospack]: error while executing command
[rospack] Error: failed to parse command-line options: too many positional options have been specified on the command line
[librospack]: error while executing command
[rospack] Error: failed to parse command-line options: too many positional options have been specified on the command line
[librospack]: error while executing command
Triggered! traget type: 1
[0m[INFO] [1786547283.925444777]: FSM new goal: reset continous_failures_count to 0[0m
[0m[INFO] [1786547283.925570556]: FSM goal click: goal_xy=(6.053, -3.982) start_xy=(-5.000, 0.000) yaw=0.0 deg[0m
[FSM]: from WAIT_TARGET to GEN_NEW_TRAJ
[31m[ERROR] [1786547285.237718799]: The optimization result is : The line-search step became smaller than lbfgs_parameter_t::min_step.[0m
[33m[WARN] [1786547285.239530705]: 4.220355 max left wheel omega is not feasible at relative time 0.740000! opt failed[0m
[47;30m
[replan 0]==============================================[0m
[0m[INFO] [1786547283.944230682]: continous_failures_count: 0[0m
[PLAN TIME] (opt/safety failed)
Hybrid A*       : 914.38 ms
Manipulator     : 300.52 ms
Whole-body RRT  : skipped
Frontend check  : 0.76 ms
Initialization  : 0.037653 ms
Optimization    : 55.2966 ms
Safety check    : 1.79175 ms
Total           : 1295.39 ms
[31m[ERROR] [1786547286.978900270]: The optimization result is : The line-search step became smaller than lbfgs_parameter_t::min_step.[0m
[33m[WARN] [1786547286.980698230]: 4.220355 max left wheel omega is not feasible at relative time 0.740000! opt failed[0m
[PLAN TIME] (opt/safety failed)
Hybrid A*       : 898.95 ms
Manipulator     : 300.62 ms
Whole-body RRT  : skipped
Frontend check  : 0.77 ms
Initialization  : 0.031123 ms
Optimization    : 54.377 ms
Safety check    : 1.77748 ms
Total           : 1738.86 ms
[31m[ERROR] [1786547288.254682186]: The optimization result is : The line-search step became smaller than lbfgs_parameter_t::min_step.[0m
[33m[WARN] [1786547288.256485790]: 4.220355 max left wheel omega is not feasible at relative time 0.740000! opt failed[0m
[47;30m
[replan 2]==============================================[0m
[0m[INFO] [1786547286.984080384]: continous_failures_count: 2[0m
[PLAN TIME] (opt/safety failed)
Hybrid A*       : 894.19 ms
Manipulator     : 300.29 ms
Whole-body RRT  : skipped
Frontend check  : 0.75 ms
Initialization  : 0.03187 ms
Optimization    : 55.0438 ms
Safety check    : 1.78152 ms
Total           : 1273.48 ms
[31m[ERROR] [1786547290.030951760]: The optimization result is : The line-search step became smaller than lbfgs_parameter_t::min_step.[0m
[33m[WARN] [1786547290.032769356]: 4.220355 max left wheel omega is not feasible at relative time 0.740000! opt failed[0m
[PLAN TIME] (opt/safety failed)
Hybrid A*       : 897.03 ms
Manipulator     : 300.75 ms
Whole-body RRT  : skipped
Frontend check  : 0.76 ms
Initialization  : 0.031652 ms
Optimization    : 54.7314 ms
Safety check    : 1.79283 ms
Total           : 1773.99 ms
[31m[ERROR] [1786547291.796586468]: The optimization result is : The line-search step became smaller than lbfgs_parameter_t::min_step.[0m
[33m[WARN] [1786547291.798393118]: 4.220355 max left wheel omega is not feasible at relative time 0.740000! opt failed[0m
[47;30m
[replan 4]==============================================[0m
[0m[INFO] [1786547290.036483207]: continous_failures_count: 4[0m
[PLAN TIME] (opt/safety failed)
Hybrid A*       : 895.99 ms
Manipulator     : 302.64 ms
Whole-body RRT  : skipped
Frontend check  : 0.76 ms
Initialization  : 0.031358 ms
Optimization    : 54.1931 ms
Safety check    : 1.78604 ms
Total           : 1763.34 ms
[33m[WARN] [1786547291.802007407]: KinoAstar: switching to whole-body RRT after 5 failures. start=(-5.00,0.00) goal=(6.05,-3.98)[0m
[33m[WARN] [1786547296.921664036]: car collision at time 15.050000![0m
[0m[INFO] [1786547296.884408305]: The optimization result is : Success: met stopping criteria (delta).[0m
[PLAN TIME] (opt/safety failed)
Hybrid A*       : skipped
Manipulator     : 0.55 ms
Whole-body RRT  : 3125.23 ms
Frontend check  : 0.63 ms
Initialization  : 0.025869 ms
Optimization    : 1955.39 ms
Safety check    : 37.2469 ms
Total           : 5120.99 ms
[33m[WARN] [1786547296.924878716]: KinoAstar: switching to whole-body RRT after 6 failures. start=(-5.00,0.00) goal=(6.05,-3.98)[0m
[33m[WARN] [1786547300.607568254]: car collision at time 16.430000![0m
[47;30m
[replan 6]==============================================[0m
[0m[INFO] [1786547296.924761299]: continous_failures_count: 6[0m
[0m[INFO] [1786547300.566960534]: The optimization result is : Success: met stopping criteria (delta).[0m
[PLAN TIME] (opt/safety failed)
Hybrid A*       : skipped
Manipulator     : 0.38 ms
Whole-body RRT  : 2766.65 ms
Frontend check  : 0.63 ms
Initialization  : 0.025283 ms
Optimization    : 874.245 ms
Safety check    : 40.5964 ms
Total           : 3682.85 ms
[33m[WARN] [1786547300.610136040]: KinoAstar: switching to whole-body RRT after 7 failures. start=(-5.00,0.00) goal=(6.05,-3.98)[0m
[33m[WARN] [1786547304.500493130]: car collision at time 17.020000![0m
[47;30m
[replan 7]==============================================[0m
[0m[INFO] [1786547300.610031410]: continous_failures_count: 7[0m
[0m[INFO] [1786547304.457930343]: The optimization result is : Success: met stopping criteria (delta).[0m
[PLAN TIME] (opt/safety failed)
Hybrid A*       : skipped
Manipulator     : 0.38 ms
Whole-body RRT  : 2427.92 ms
Frontend check  : 0.53 ms
Initialization  : 0.023083 ms
Optimization    : 1418.8 ms
Safety check    : 42.5543 ms
Total           : 3890.51 ms
[33m[WARN] [1786547304.502962711]: KinoAstar: switching to whole-body RRT after 8 failures. start=(-5.00,0.00) goal=(6.05,-3.98)[0m
[33m[WARN] [1786547308.676369414]: car collision at time 16.130000![0m
[47;30m
[replan 8]==============================================[0m
[0m[INFO] [1786547304.502856042]: continous_failures_count: 8[0m
[0m[INFO] [1786547308.636420856]: The optimization result is : Success: met stopping criteria (delta).[0m
[PLAN TIME] (opt/safety failed)
Hybrid A*       : skipped
Manipulator     : 0.37 ms
Whole-body RRT  : 2520.28 ms
Frontend check  : 0.55 ms
Initialization  : 0.024491 ms
Optimization    : 1612.1 ms
Safety check    : 39.9382 ms
Total           : 4173.56 ms
[33m[WARN] [1786547308.678749687]: KinoAstar: switching to whole-body RRT after 9 failures. start=(-5.00,0.00) goal=(6.05,-3.98)[0m
[33m[WARN] [1786547312.411225592]: car collision at time 16.280000![0m
[47;30m
[replan 9]==============================================[0m
[0m[INFO] [1786547308.678644351]: continous_failures_count: 9[0m
[0m[INFO] [1786547312.370777437]: The optimization result is : Success: met stopping criteria (delta).[0m
[PLAN TIME] (opt/safety failed)
Hybrid A*       : skipped
Manipulator     : 0.39 ms
Whole-body RRT  : 2960.19 ms
Frontend check  : 0.56 ms
Initialization  : 0.023791 ms
Optimization    : 730.714 ms
Safety check    : 40.4354 ms
Total           : 3732.63 ms
[33m[WARN] [1786547312.423934699]: KinoAstar: switching to whole-body RRT after 10 failures. start=(-5.00,0.00) goal=(6.05,-3.98)[0m
[33m[WARN] [1786547317.367813785]: car collision at time 16.130000![0m
[0m[INFO] [1786547312.413635277]: [FSM]: stay in GEN_NEW_TRAJ (x2)[0m
[47;30m
[replan 10]==============================================[0m
[0m[INFO] [1786547312.423815650]: continous_failures_count: 10[0m
[0m[INFO] [1786547317.327870340]: The optimization result is : Success: met stopping criteria (delta).[0m
[PLAN TIME] (opt/safety failed)
Hybrid A*       : skipped
Manipulator     : 0.39 ms
Whole-body RRT  : 3045.34 ms
Frontend check  : 0.56 ms
Initialization  : 0.022815 ms
Optimization    : 1857.49 ms
Safety check    : 39.938 ms
Total           : 4944.08 ms
[33m[WARN] [1786547317.370254217]: KinoAstar: switching to whole-body RRT after 11 failures. start=(-5.00,0.00) goal=(6.05,-3.98)[0m
[33m[WARN] [1786547321.115995805]: car collision at time 16.860000![0m
[47;30m
[replan 11]==============================================[0m
[0m[INFO] [1786547317.370149463]: continous_failures_count: 11[0m
[0m[INFO] [1786547321.074109255]: The optimization result is : Success: met stopping criteria (delta).[0m
[PLAN TIME] (opt/safety failed)
Hybrid A*       : skipped
Manipulator     : 0.38 ms
Whole-body RRT  : 2366.85 ms
Frontend check  : 0.55 ms
Initialization  : 0.024307 ms
Optimization    : 1335.9 ms
Safety check    : 41.8768 ms
Total           : 3745.9 ms
[33m[WARN] [1786547321.118416919]: KinoAstar: switching to whole-body RRT after 12 failures. start=(-5.00,0.00) goal=(6.05,-3.98)[0m
[33m[WARN] [1786547326.440568762]: car collision at time 16.040000![0m
[47;30m
[replan 12]==============================================[0m
[0m[INFO] [1786547321.118312411]: continous_failures_count: 12[0m
[0m[INFO] [1786547326.400833191]: The optimization result is : Success: met stopping criteria (delta).[0m
[PLAN TIME] (opt/safety failed)
Hybrid A*       : skipped
Manipulator     : 0.39 ms
Whole-body RRT  : 2979.69 ms
Frontend check  : 0.60 ms
Initialization  : 0.026247 ms
Optimization    : 2301.56 ms
Safety check    : 39.7253 ms
Total           : 5322.31 ms
[33m[WARN] [1786547326.443606830]: KinoAstar: switching to whole-body RRT after 13 failures. start=(-5.00,0.00) goal=(6.05,-3.98)[0m
[33m[WARN] [1786547329.968650065]: car collision at time 17.200000![0m
[47;30m
[replan 13]==============================================[0m
[0m[INFO] [1786547326.443502201]: continous_failures_count: 13[0m
[0m[INFO] [1786547329.926053655]: The optimization result is : Success: met stopping criteria (delta).[0m
[PLAN TIME] (opt/safety failed)
Hybrid A*       : skipped
Manipulator     : 0.39 ms
Whole-body RRT  : 2479.25 ms
Frontend check  : 0.54 ms
Initialization  : 0.023588 ms
Optimization    : 1002.1 ms
Safety check    : 42.589 ms
Total           : 3525.2 ms
[33m[WARN] [1786547329.971110254]: KinoAstar: switching to whole-body RRT after 14 failures. start=(-5.00,0.00) goal=(6.05,-3.98)[0m
[33m[WARN] [1786547333.953336979]: car collision at time 17.500000![0m
[47;30m
[replan 14]==============================================[0m
[0m[INFO] [1786547329.971003787]: continous_failures_count: 14[0m
[0m[INFO] [1786547333.910026359]: The optimization result is : Success: met stopping criteria (delta).[0m
[PLAN TIME] (opt/safety failed)
Hybrid A*       : skipped
Manipulator     : 0.38 ms
Whole-body RRT  : 2405.15 ms
Frontend check  : 0.58 ms
Initialization  : 0.024992 ms
Optimization    : 1532.64 ms
Safety check    : 43.3021 ms
Total           : 3982.38 ms
[33m[WARN] [1786547333.955810286]: KinoAstar: switching to whole-body RRT after 15 failures. start=(-5.00,0.00) goal=(6.05,-3.98)[0m
[33m[WARN] [1786547337.064786089]: car collision at time 16.500000![0m
[47;30m
[replan 15]==============================================[0m
[0m[INFO] [1786547333.955703154]: continous_failures_count: 15[0m
[0m[INFO] [1786547337.023664892]: The optimization result is : Success: met stopping criteria (delta).[0m
[PLAN TIME] (opt/safety failed)
Hybrid A*       : skipped
Manipulator     : 0.38 ms
Whole-body RRT  : 2398.15 ms
Frontend check  : 0.56 ms
Initialization  : 0.023666 ms
Optimization    : 668.596 ms
Safety check    : 41.1152 ms
Total           : 3109.14 ms
[33m[WARN] [1786547337.067251941]: KinoAstar: switching to whole-body RRT after 16 failures. start=(-5.00,0.00) goal=(6.05,-3.98)[0m
[33m[WARN] [1786547342.183981035]: mani collision at time 13.070000![0m
[47;30m
[replan 16]==============================================[0m
[0m[INFO] [1786547337.067147428]: continous_failures_count: 16[0m
[0m[INFO] [1786547342.151529922]: The optimization result is : Success: met stopping criteria (delta).[0m
[PLAN TIME] (opt/safety failed)
Hybrid A*       : skipped
Manipulator     : 0.39 ms
Whole-body RRT  : 3567.94 ms
Frontend check  : 0.64 ms
Initialization  : 0.025617 ms
Optimization    : 1515.12 ms
Safety check    : 32.4431 ms
Total           : 5116.88 ms
[33m[WARN] [1786547342.187124817]: KinoAstar: switching to whole-body RRT after 17 failures. start=(-5.00,0.00) goal=(6.05,-3.98)[0m
